[gate] candidate=consult/artifacts/2026-05-31-scratch-improve/gate-harness/true_noop_candidate.zip sha=e4b4a8f11f80 run_dir=consult/artifacts/2026-05-31-scratch-improve/gate-harness/runs/floor_truenoop_40seed
[gate] Stage 1 SKIPPED (--skip-stage1)
[gate] Stage 2 SKIPPED (--skip-stage2)
[gate:candidate] hero=consult/artifacts/2026-05-31-scratch-improve/gate-harness/true_noop_candidate.zip comps=C0,C1 hands=400 seeds=142..181 jobs=1 pending=80 resumed=0
[gate:candidate] C0 seed=142 hands=247/400 delta=-10000 bust=1 hero_err=0/93 p99_ms=1.890 dur=0.65s
[gate:candidate] C0 seed=143 hands=256/400 delta=-10000 bust=1 hero_err=0/180 p99_ms=0.966 dur=0.67s
[gate:candidate] C0 seed=144 hands=400/400 delta=-10000 bust=1 hero_err=0/122 p99_ms=0.986 dur=0.93s
[gate:candidate] C0 seed=145 hands=400/400 delta=-10000 bust=1 hero_err=0/58 p99_ms=1.217 dur=1.01s
[gate:candidate] C0 seed=146 hands=400/400 delta=+17800 bust=0 hero_err=0/473 p99_ms=1.144 dur=0.99s
[gate:candidate] C0 seed=147 hands=400/400 delta=-10000 bust=1 hero_err=0/86 p99_ms=1.259 dur=1.0s
[gate:candidate] C0 seed=148 hands=321/400 delta=-10000 bust=1 hero_err=0/3 p99_ms=0.452 dur=0.64s
[gate:candidate] C0 seed=149 hands=400/400 delta=-10000 bust=1 hero_err=0/47 p99_ms=3.266 dur=0.88s
[gate:candidate] C0 seed=150 hands=400/400 delta=-10000 bust=1 hero_err=0/64 p99_ms=3.817 dur=1.01s
[gate:candidate] C0 seed=151 hands=315/400 delta=-10000 bust=1 hero_err=0/94 p99_ms=0.877 dur=0.75s
[gate:candidate] C0 seed=152 hands=400/400 delta=-10000 bust=1 hero_err=0/97 p99_ms=0.976 dur=0.93s
[gate:candidate] C0 seed=153 hands=400/400 delta=+197 bust=0 hero_err=0/466 p99_ms=1.016 dur=1.05s
[gate:candidate] C0 seed=154 hands=400/400 delta=-10000 bust=1 hero_err=0/79 p99_ms=1.439 dur=1.03s
[gate:candidate] C0 seed=155 hands=400/400 delta=+1470 bust=0 hero_err=0/482 p99_ms=1.047 dur=1.05s
[gate:candidate] C0 seed=156 hands=400/400 delta=+13203 bust=0 hero_err=0/474 p99_ms=1.006 dur=1.01s
[gate:candidate] C0 seed=157 hands=400/400 delta=-10000 bust=1 hero_err=0/54 p99_ms=1.291 dur=0.81s
[gate:candidate] C0 seed=158 hands=400/400 delta=-10000 bust=1 hero_err=0/104 p99_ms=1.005 dur=0.94s
[gate:candidate] C0 seed=159 hands=400/400 delta=-10000 bust=1 hero_err=0/124 p99_ms=1.117 dur=1.03s
[gate:candidate] C0 seed=160 hands=400/400 delta=-10000 bust=1 hero_err=0/123 p99_ms=1.059 dur=1.04s
[gate:candidate] C0 seed=161 hands=400/400 delta=-10000 bust=1 hero_err=0/96 p99_ms=1.132 dur=0.95s
[gate:candidate] C0 seed=162 hands=400/400 delta=-10000 bust=1 hero_err=0/91 p99_ms=1.222 dur=1.01s
[gate:candidate] C0 seed=163 hands=373/400 delta=-10000 bust=1 hero_err=0/181 p99_ms=1.043 dur=0.94s
[gate:candidate] C0 seed=164 hands=303/400 delta=-10000 bust=1 hero_err=0/78 p99_ms=1.301 dur=0.74s
[gate:candidate] C0 seed=165 hands=400/400 delta=-10000 bust=1 hero_err=0/70 p99_ms=3.767 dur=0.95s
[gate:candidate] C0 seed=166 hands=400/400 delta=+6235 bust=0 hero_err=0/482 p99_ms=1.068 dur=1.01s
[gate:candidate] C0 seed=167 hands=400/400 delta=+5434 bust=0 hero_err=0/475 p99_ms=0.964 dur=1.04s
[gate:candidate] C0 seed=168 hands=400/400 delta=-10000 bust=1 hero_err=0/112 p99_ms=1.148 dur=1.03s
[gate:candidate] C0 seed=169 hands=400/400 delta=+6202 bust=0 hero_err=0/486 p99_ms=1.270 dur=1.01s
[gate:candidate] C0 seed=170 hands=400/400 delta=-10000 bust=1 hero_err=0/79 p99_ms=3.262 dur=0.78s
[gate:candidate] C0 seed=171 hands=400/400 delta=-10000 bust=1 hero_err=0/60 p99_ms=1.867 dur=1.01s
[gate:candidate] C0 seed=172 hands=400/400 delta=+15250 bust=0 hero_err=0/475 p99_ms=1.070 dur=0.99s
[gate:candidate] C0 seed=173 hands=400/400 delta=-10000 bust=1 hero_err=0/61 p99_ms=1.629 dur=0.99s
[gate:candidate] C0 seed=174 hands=400/400 delta=-10000 bust=1 hero_err=0/44 p99_ms=1.142 dur=0.85s
[gate:candidate] C0 seed=175 hands=400/400 delta=-10000 bust=1 hero_err=0/6 p99_ms=0.223 dur=0.97s
[gate:candidate] C0 seed=176 hands=400/400 delta=+11950 bust=0 hero_err=0/468 p99_ms=1.033 dur=0.98s
[gate:candidate] C0 seed=177 hands=400/400 delta=-10000 bust=1 hero_err=0/29 p99_ms=0.773 dur=0.73s
[gate:candidate] C0 seed=178 hands=294/400 delta=-10000 bust=1 hero_err=0/62 p99_ms=1.804 dur=0.75s
[gate:candidate] C0 seed=179 hands=400/400 delta=-10000 bust=1 hero_err=0/128 p99_ms=1.018 dur=1.03s
[gate:candidate] C0 seed=180 hands=400/400 delta=-10000 bust=1 hero_err=0/60 p99_ms=2.338 dur=1.01s
[gate:candidate] C0 seed=181 hands=400/400 delta=+260 bust=0 hero_err=0/475 p99_ms=0.996 dur=1.06s
[gate:candidate] C1 seed=142 hands=400/400 delta=-10000 bust=1 hero_err=0/126 p99_ms=0.737 dur=3.85s
[gate:candidate] C1 seed=143 hands=400/400 delta=+45971 bust=0 hero_err=0/439 p99_ms=0.784 dur=1.72s
[gate:candidate] C1 seed=144 hands=400/400 delta=-250 bust=0 hero_err=0/551 p99_ms=0.999 dur=2.6s
[gate:candidate] C1 seed=145 hands=400/400 delta=-10000 bust=1 hero_err=0/333 p99_ms=0.509 dur=2.31s
[gate:candidate] C1 seed=146 hands=400/400 delta=+6995 bust=0 hero_err=0/541 p99_ms=0.501 dur=2.44s
[gate:candidate] C1 seed=147 hands=400/400 delta=-10000 bust=1 hero_err=0/99 p99_ms=0.734 dur=3.19s
[gate:candidate] C1 seed=148 hands=400/400 delta=-9908 bust=0 hero_err=0/528 p99_ms=0.495 dur=2.18s
[gate:candidate] C1 seed=149 hands=400/400 delta=-10000 bust=1 hero_err=0/21 p99_ms=1.570 dur=3.52s
[gate:candidate] C1 seed=150 hands=400/400 delta=+773 bust=0 hero_err=0/523 p99_ms=0.476 dur=2.73s
[gate:candidate] C1 seed=151 hands=400/400 delta=-10000 bust=1 hero_err=0/132 p99_ms=0.690 dur=3.31s
[gate:candidate] C1 seed=152 hands=400/400 delta=+23828 bust=0 hero_err=0/474 p99_ms=0.577 dur=1.07s
[gate:candidate] C1 seed=153 hands=400/400 delta=-10000 bust=1 hero_err=0/368 p99_ms=0.671 dur=2.35s
[gate:candidate] C1 seed=154 hands=400/400 delta=-6265 bust=0 hero_err=0/584 p99_ms=0.558 dur=2.25s
[gate:candidate] C1 seed=155 hands=400/400 delta=-10000 bust=1 hero_err=0/292 p99_ms=0.671 dur=3.15s
[gate:candidate] C1 seed=156 hands=400/400 delta=-10000 bust=1 hero_err=0/36 p99_ms=0.846 dur=4.05s
[gate:candidate] C1 seed=157 hands=400/400 delta=-5222 bust=0 hero_err=0/554 p99_ms=0.632 dur=2.28s
[gate:candidate] C1 seed=158 hands=400/400 delta=-10000 bust=1 hero_err=0/3 p99_ms=0.399 dur=3.82s
[gate:candidate] C1 seed=159 hands=400/400 delta=+26445 bust=0 hero_err=0/388 p99_ms=1.622 dur=1.27s
[gate:candidate] C1 seed=160 hands=400/400 delta=+11860 bust=0 hero_err=0/404 p99_ms=0.687 dur=1.5s
[gate:candidate] C1 seed=161 hands=400/400 delta=-10000 bust=1 hero_err=0/88 p99_ms=0.757 dur=3.47s
[gate:candidate] C1 seed=162 hands=400/400 delta=+29642 bust=0 hero_err=0/643 p99_ms=0.679 dur=2.79s
[gate:candidate] C1 seed=163 hands=400/400 delta=-10000 bust=1 hero_err=0/80 p99_ms=2.332 dur=3.35s
[gate:candidate] C1 seed=164 hands=400/400 delta=+47310 bust=0 hero_err=0/507 p99_ms=0.636 dur=2.21s
[gate:candidate] C1 seed=165 hands=400/400 delta=-10000 bust=1 hero_err=0/35 p99_ms=0.896 dur=3.49s
[gate:candidate] C1 seed=166 hands=400/400 delta=-10000 bust=1 hero_err=0/218 p99_ms=0.703 dur=3.33s
[gate:candidate] C1 seed=167 hands=400/400 delta=+30672 bust=0 hero_err=0/515 p99_ms=0.628 dur=2.12s
[gate:candidate] C1 seed=168 hands=400/400 delta=+27712 bust=0 hero_err=0/551 p99_ms=0.687 dur=2.39s
[gate:candidate] C1 seed=169 hands=400/400 delta=-4950 bust=0 hero_err=0/656 p99_ms=0.587 dur=2.83s
[gate:candidate] C1 seed=170 hands=400/400 delta=+38780 bust=0 hero_err=0/380 p99_ms=0.566 dur=1.18s
[gate:candidate] C1 seed=171 hands=400/400 delta=+28649 bust=0 hero_err=0/474 p99_ms=0.588 dur=0.97s
[gate:candidate] C1 seed=172 hands=393/400 delta=-10000 bust=1 hero_err=0/605 p99_ms=0.789 dur=2.6s
[gate:candidate] C1 seed=173 hands=400/400 delta=+44279 bust=0 hero_err=0/513 p99_ms=0.803 dur=1.38s
[gate:candidate] C1 seed=174 hands=400/400 delta=+12266 bust=0 hero_err=0/490 p99_ms=0.638 dur=1.39s
[gate:candidate] C1 seed=175 hands=400/400 delta=-10000 bust=1 hero_err=0/233 p99_ms=0.640 dur=2.5s
[gate:candidate] C1 seed=176 hands=400/400 delta=+46046 bust=0 hero_err=0/436 p99_ms=2.393 dur=1.95s
[gate:candidate] C1 seed=177 hands=400/400 delta=+3340 bust=0 hero_err=0/553 p99_ms=0.667 dur=2.36s
[gate:candidate] C1 seed=178 hands=400/400 delta=+24717 bust=0 hero_err=0/479 p99_ms=0.748 dur=1.5s
[gate:candidate] C1 seed=179 hands=400/400 delta=+2420 bust=0 hero_err=0/476 p99_ms=0.568 dur=1.17s
[gate:candidate] C1 seed=180 hands=400/400 delta=+7036 bust=0 hero_err=0/479 p99_ms=0.706 dur=1.12s
[gate:candidate] C1 seed=181 hands=400/400 delta=+15091 bust=0 hero_err=0/469 p99_ms=0.623 dur=1.18s
[gate:locked] hero=submissions/v_final.zip comps=C0,C1 hands=400 seeds=142..181 jobs=1 pending=80 resumed=0
[gate:locked] C0 seed=142 hands=179/400 delta=-10000 bust=1 hero_err=0/103 p99_ms=1.578 dur=0.56s
[gate:locked] C0 seed=143 hands=400/400 delta=-10000 bust=1 hero_err=0/208 p99_ms=1.022 dur=1.01s
[gate:locked] C0 seed=144 hands=400/400 delta=-10000 bust=1 hero_err=0/118 p99_ms=1.992 dur=0.97s
[gate:locked] C0 seed=145 hands=400/400 delta=-10000 bust=1 hero_err=0/77 p99_ms=1.487 dur=1.02s
[gate:locked] C0 seed=146 hands=400/400 delta=+17268 bust=0 hero_err=0/474 p99_ms=0.990 dur=1.0s
[gate:locked] C0 seed=147 hands=255/400 delta=-10000 bust=1 hero_err=0/69 p99_ms=1.562 dur=0.71s
[gate:locked] C0 seed=148 hands=400/400 delta=-10000 bust=1 hero_err=0/301 p99_ms=1.020 dur=0.9s
[gate:locked] C0 seed=149 hands=400/400 delta=-10000 bust=1 hero_err=0/58 p99_ms=1.164 dur=0.91s
[gate:locked] C0 seed=150 hands=400/400 delta=-10000 bust=1 hero_err=0/62 p99_ms=2.730 dur=0.99s
[gate:locked] C0 seed=151 hands=400/400 delta=+10850 bust=0 hero_err=0/468 p99_ms=1.142 dur=0.98s
[gate:locked] C0 seed=152 hands=400/400 delta=-10000 bust=1 hero_err=0/98 p99_ms=1.107 dur=0.87s
[gate:locked] C0 seed=153 hands=400/400 delta=+2150 bust=0 hero_err=0/462 p99_ms=1.048 dur=1.0s
[gate:locked] C0 seed=154 hands=400/400 delta=+5903 bust=0 hero_err=0/487 p99_ms=1.201 dur=1.09s
[gate:locked] C0 seed=155 hands=400/400 delta=+5721 bust=0 hero_err=0/472 p99_ms=1.115 dur=1.0s
[gate:locked] C0 seed=156 hands=400/400 delta=+11707 bust=0 hero_err=0/480 p99_ms=0.999 dur=0.98s
[gate:locked] C0 seed=157 hands=400/400 delta=-10000 bust=1 hero_err=0/55 p99_ms=1.134 dur=0.81s
[gate:locked] C0 seed=158 hands=329/400 delta=-10000 bust=1 hero_err=0/72 p99_ms=1.174 dur=0.81s
[gate:locked] C0 seed=159 hands=400/400 delta=-10000 bust=1 hero_err=0/119 p99_ms=1.153 dur=1.06s
[gate:locked] C0 seed=160 hands=400/400 delta=+4974 bust=0 hero_err=0/527 p99_ms=1.048 dur=0.88s
[gate:locked] C0 seed=161 hands=305/400 delta=-10000 bust=1 hero_err=0/121 p99_ms=1.956 dur=0.78s
[gate:locked] C0 seed=162 hands=400/400 delta=-10000 bust=1 hero_err=0/205 p99_ms=1.051 dur=0.89s
[gate:locked] C0 seed=163 hands=347/400 delta=-10000 bust=1 hero_err=0/156 p99_ms=1.027 dur=0.9s
[gate:locked] C0 seed=164 hands=303/400 delta=-10000 bust=1 hero_err=0/105 p99_ms=1.105 dur=0.69s
[gate:locked] C0 seed=165 hands=400/400 delta=-10000 bust=1 hero_err=0/106 p99_ms=2.648 dur=1.48s
[gate:locked] C0 seed=166 hands=400/400 delta=-10000 bust=1 hero_err=0/17 p99_ms=0.703 dur=1.17s
[gate:locked] C0 seed=167 hands=400/400 delta=-10000 bust=1 hero_err=0/130 p99_ms=5.090 dur=1.4s
[gate:locked] C0 seed=168 hands=400/400 delta=-10000 bust=1 hero_err=0/112 p99_ms=1.948 dur=1.24s
[gate:locked] C0 seed=169 hands=400/400 delta=+7140 bust=0 hero_err=0/483 p99_ms=1.796 dur=1.37s
[gate:locked] C0 seed=170 hands=400/400 delta=-10000 bust=1 hero_err=0/17 p99_ms=9.079 dur=1.15s
[gate:locked] C0 seed=171 hands=400/400 delta=+17250 bust=0 hero_err=0/471 p99_ms=1.068 dur=1.23s
[gate:locked] C0 seed=172 hands=400/400 delta=+26951 bust=0 hero_err=0/478 p99_ms=1.136 dur=1.26s
[gate:locked] C0 seed=173 hands=254/400 delta=-10000 bust=1 hero_err=0/137 p99_ms=1.189 dur=0.79s
[gate:locked] C0 seed=174 hands=269/400 delta=-10000 bust=1 hero_err=0/44 p99_ms=1.502 dur=0.8s
[gate:locked] C0 seed=175 hands=400/400 delta=-10000 bust=1 hero_err=0/7 p99_ms=0.514 dur=1.05s
[gate:locked] C0 seed=176 hands=400/400 delta=-10000 bust=1 hero_err=0/56 p99_ms=5.798 dur=1.05s
[gate:locked] C0 seed=177 hands=400/400 delta=-10000 bust=1 hero_err=0/62 p99_ms=15.234 dur=0.9s
[gate:locked] C0 seed=178 hands=286/400 delta=-10000 bust=1 hero_err=0/63 p99_ms=1.042 dur=1.0s
[gate:locked] C0 seed=179 hands=400/400 delta=-10000 bust=1 hero_err=0/94 p99_ms=1.226 dur=1.29s
[gate:locked] C0 seed=180 hands=400/400 delta=+10063 bust=0 hero_err=0/481 p99_ms=1.275 dur=1.21s
[gate:locked] C0 seed=181 hands=400/400 delta=-10000 bust=1 hero_err=0/108 p99_ms=1.219 dur=1.15s
[gate:locked] C1 seed=142 hands=400/400 delta=+2371 bust=0 hero_err=0/469 p99_ms=1.213 dur=1.4s
[gate:locked] C1 seed=143 hands=352/400 delta=+50000 bust=0 hero_err=0/393 p99_ms=1.134 dur=2.05s
[gate:locked] C1 seed=144 hands=400/400 delta=+10413 bust=0 hero_err=0/564 p99_ms=1.165 dur=2.51s
[gate:locked] C1 seed=145 hands=400/400 delta=+896 bust=0 hero_err=0/553 p99_ms=1.244 dur=3.17s
[gate:locked] C1 seed=146 hands=400/400 delta=+26868 bust=0 hero_err=0/364 p99_ms=1.279 dur=1.51s
[gate:locked] C1 seed=147 hands=357/400 delta=-10000 bust=1 hero_err=0/276 p99_ms=2.130 dur=2.9s
[gate:locked] C1 seed=148 hands=400/400 delta=+20650 bust=0 hero_err=0/470 p99_ms=1.150 dur=1.18s
[gate:locked] C1 seed=149 hands=400/400 delta=-10000 bust=1 hero_err=0/21 p99_ms=0.620 dur=4.28s
[gate:locked] C1 seed=150 hands=400/400 delta=+21619 bust=0 hero_err=0/522 p99_ms=1.483 dur=2.86s
[gate:locked] C1 seed=151 hands=400/400 delta=-10000 bust=1 hero_err=0/132 p99_ms=2.017 dur=3.46s
[gate:locked] C1 seed=152 hands=270/400 delta=+50000 bust=0 hero_err=0/296 p99_ms=1.322 dur=1.61s
[gate:locked] C1 seed=153 hands=400/400 delta=-10000 bust=1 hero_err=0/510 p99_ms=0.926 dur=2.47s
[gate:locked] C1 seed=154 hands=371/400 delta=-10000 bust=1 hero_err=0/709 p99_ms=1.018 dur=2.96s
[gate:locked] C1 seed=155 hands=400/400 delta=-10000 bust=1 hero_err=0/138 p99_ms=0.786 dur=3.99s
[gate:locked] C1 seed=156 hands=400/400 delta=+17506 bust=0 hero_err=0/487 p99_ms=1.146 dur=1.53s
[gate:locked] C1 seed=157 hands=400/400 delta=+2780 bust=0 hero_err=0/561 p99_ms=0.965 dur=2.47s
[gate:locked] C1 seed=158 hands=400/400 delta=+4414 bust=0 hero_err=0/598 p99_ms=0.639 dur=2.69s
[gate:locked] C1 seed=159 hands=400/400 delta=+20059 bust=0 hero_err=0/510 p99_ms=0.690 dur=2.14s
[gate:locked] C1 seed=160 hands=400/400 delta=+6541 bust=0 hero_err=0/428 p99_ms=1.083 dur=1.83s
[gate:locked] C1 seed=161 hands=400/400 delta=-10000 bust=1 hero_err=0/87 p99_ms=0.623 dur=3.67s
[gate:locked] C1 seed=162 hands=400/400 delta=+33986 bust=0 hero_err=0/489 p99_ms=0.770 dur=1.33s
[gate:locked] C1 seed=163 hands=400/400 delta=-10000 bust=1 hero_err=0/83 p99_ms=0.694 dur=3.88s
[gate:locked] C1 seed=164 hands=400/400 delta=+16551 bust=0 hero_err=0/530 p99_ms=0.998 dur=2.58s
[gate:locked] C1 seed=165 hands=400/400 delta=+19817 bust=0 hero_err=0/481 p99_ms=1.151 dur=1.28s
[gate:locked] C1 seed=166 hands=400/400 delta=+26777 bust=0 hero_err=0/551 p99_ms=0.698 dur=2.44s
[gate:locked] C1 seed=167 hands=385/400 delta=-10000 bust=1 hero_err=0/590 p99_ms=1.291 dur=2.79s
[gate:locked] C1 seed=168 hands=400/400 delta=+16370 bust=0 hero_err=0/475 p99_ms=0.787 dur=1.02s
[gate:locked] C1 seed=169 hands=400/400 delta=+23090 bust=0 hero_err=0/576 p99_ms=1.044 dur=2.89s
[gate:locked] C1 seed=170 hands=400/400 delta=+36030 bust=0 hero_err=0/357 p99_ms=1.282 dur=1.26s
[gate:locked] C1 seed=171 hands=400/400 delta=+33308 bust=0 hero_err=0/469 p99_ms=0.826 dur=0.95s
[gate:locked] C1 seed=172 hands=400/400 delta=-10000 bust=1 hero_err=0/67 p99_ms=2.227 dur=3.94s
[gate:locked] C1 seed=173 hands=400/400 delta=+29535 bust=0 hero_err=0/488 p99_ms=0.804 dur=1.04s
[gate:locked] C1 seed=174 hands=400/400 delta=+41795 bust=0 hero_err=0/420 p99_ms=1.156 dur=2.04s
[gate:locked] C1 seed=175 hands=361/400 delta=-10000 bust=1 hero_err=0/604 p99_ms=1.327 dur=2.58s
[gate:locked] C1 seed=176 hands=400/400 delta=+35816 bust=0 hero_err=0/483 p99_ms=1.121 dur=1.41s
[gate:locked] C1 seed=177 hands=400/400 delta=+11571 bust=0 hero_err=0/546 p99_ms=1.085 dur=2.57s
[gate:locked] C1 seed=178 hands=400/400 delta=+24717 bust=0 hero_err=0/479 p99_ms=0.718 dur=1.48s
[gate:locked] C1 seed=179 hands=400/400 delta=+3012 bust=0 hero_err=0/479 p99_ms=1.019 dur=1.45s
[gate:locked] C1 seed=180 hands=400/400 delta=+13749 bust=0 hero_err=0/480 p99_ms=0.517 dur=1.09s
[gate:locked] C1 seed=181 hands=400/400 delta=+23035 bust=0 hero_err=0/487 p99_ms=0.710 dur=1.34s
[gate] wrote /Users/farhad/Code/PokerBot/consult/artifacts/2026-05-31-scratch-improve/gate-harness/runs/floor_truenoop_40seed/gate_summary.json
[gate] wrote /Users/farhad/Code/PokerBot/consult/artifacts/2026-05-31-scratch-improve/gate-harness/runs/floor_truenoop_40seed/GATE_RESULTS.md
[gate] verdict=GATE_FAIL_POD_REGRESSION protected_sha_ok=True
[gate] C0 paired_n=40 paired_diff p50=0 mean=-1299.4 stdev=9115.3 min=-27250 max=21950 cand_bust=75.0% lock_bust=72.5% PASS=False
[gate] C1 paired_n=40 paired_diff p50=-2310 mean=-5401.0 stdev=15988.6 min=-36777 max=40672 cand_bust=37.5% lock_bust=27.5% PASS=False
