[gate] candidate=consult/artifacts/2026-05-31-scratch-improve/gate-harness/scaffold_candidate.zip sha=8266cb49fd6c run_dir=consult/artifacts/2026-05-31-scratch-improve/gate-harness/runs/positive_control_scaffold_40seed
[gate] Stage 1 SKIPPED (--skip-stage1)
[gate] Stage 2 SKIPPED (--skip-stage2)
[gate:candidate] hero=consult/artifacts/2026-05-31-scratch-improve/gate-harness/scaffold_candidate.zip comps=C0,C1 hands=400 seeds=142..181 jobs=1 pending=80 resumed=0
[gate:candidate] C0 seed=142 hands=400/400 delta=-10000 bust=1 hero_err=0/401 p99_ms=0.311 dur=0.66s
[gate:candidate] C0 seed=143 hands=400/400 delta=-7250 bust=0 hero_err=0/648 p99_ms=0.732 dur=0.95s
[gate:candidate] C0 seed=144 hands=400/400 delta=-6450 bust=0 hero_err=0/550 p99_ms=0.947 dur=1.03s
[gate:candidate] C0 seed=145 hands=400/400 delta=-5450 bust=0 hero_err=0/587 p99_ms=1.713 dur=1.26s
[gate:candidate] C0 seed=146 hands=400/400 delta=-4150 bust=0 hero_err=0/605 p99_ms=0.855 dur=1.03s
[gate:candidate] C0 seed=147 hands=400/400 delta=-6400 bust=0 hero_err=0/586 p99_ms=0.689 dur=0.99s
[gate:candidate] C0 seed=148 hands=400/400 delta=-10000 bust=1 hero_err=0/388 p99_ms=0.862 dur=0.88s
[gate:candidate] C0 seed=149 hands=400/400 delta=-5000 bust=0 hero_err=0/608 p99_ms=0.761 dur=1.05s
[gate:candidate] C0 seed=150 hands=400/400 delta=-4900 bust=0 hero_err=0/592 p99_ms=0.899 dur=1.04s
[gate:candidate] C0 seed=151 hands=400/400 delta=-8150 bust=0 hero_err=0/537 p99_ms=0.928 dur=0.92s
[gate:candidate] C0 seed=152 hands=400/400 delta=-6250 bust=0 hero_err=0/552 p99_ms=0.866 dur=1.05s
[gate:candidate] C0 seed=153 hands=400/400 delta=-5300 bust=0 hero_err=0/619 p99_ms=0.888 dur=1.02s
[gate:candidate] C0 seed=154 hands=400/400 delta=-5800 bust=0 hero_err=0/581 p99_ms=0.869 dur=1.15s
[gate:candidate] C0 seed=155 hands=400/400 delta=-4200 bust=0 hero_err=0/598 p99_ms=0.832 dur=1.04s
[gate:candidate] C0 seed=156 hands=400/400 delta=-5200 bust=0 hero_err=0/623 p99_ms=0.815 dur=1.02s
[gate:candidate] C0 seed=157 hands=400/400 delta=-5800 bust=0 hero_err=0/598 p99_ms=0.875 dur=1.03s
[gate:candidate] C0 seed=158 hands=400/400 delta=-8700 bust=0 hero_err=0/492 p99_ms=0.850 dur=1.05s
[gate:candidate] C0 seed=159 hands=400/400 delta=-3450 bust=0 hero_err=0/583 p99_ms=0.881 dur=1.05s
[gate:candidate] C0 seed=160 hands=400/400 delta=-8200 bust=0 hero_err=0/603 p99_ms=0.854 dur=1.03s
[gate:candidate] C0 seed=161 hands=400/400 delta=-7900 bust=0 hero_err=0/491 p99_ms=0.850 dur=1.06s
[gate:candidate] C0 seed=162 hands=400/400 delta=-10000 bust=1 hero_err=0/391 p99_ms=0.946 dur=0.92s
[gate:candidate] C0 seed=163 hands=400/400 delta=-10000 bust=1 hero_err=0/398 p99_ms=0.876 dur=0.95s
[gate:candidate] C0 seed=164 hands=362/400 delta=-10000 bust=1 hero_err=0/415 p99_ms=0.915 dur=0.89s
[gate:candidate] C0 seed=165 hands=400/400 delta=-4400 bust=0 hero_err=0/610 p99_ms=0.911 dur=1.05s
[gate:candidate] C0 seed=166 hands=400/400 delta=-4950 bust=0 hero_err=0/601 p99_ms=0.920 dur=1.03s
[gate:candidate] C0 seed=167 hands=400/400 delta=-5350 bust=0 hero_err=0/595 p99_ms=0.826 dur=1.05s
[gate:candidate] C0 seed=168 hands=400/400 delta=-6350 bust=0 hero_err=0/567 p99_ms=0.799 dur=1.05s
[gate:candidate] C0 seed=169 hands=400/400 delta=-5500 bust=0 hero_err=0/634 p99_ms=0.877 dur=1.13s
[gate:candidate] C0 seed=170 hands=400/400 delta=-10000 bust=1 hero_err=0/384 p99_ms=0.342 dur=0.68s
[gate:candidate] C0 seed=171 hands=400/400 delta=-5450 bust=0 hero_err=0/583 p99_ms=0.775 dur=1.01s
[gate:candidate] C0 seed=172 hands=400/400 delta=-5000 bust=0 hero_err=0/631 p99_ms=0.881 dur=1.19s
[gate:candidate] C0 seed=173 hands=306/400 delta=-10000 bust=1 hero_err=0/370 p99_ms=0.888 dur=0.78s
[gate:candidate] C0 seed=174 hands=400/400 delta=-4750 bust=0 hero_err=0/591 p99_ms=0.869 dur=1.01s
[gate:candidate] C0 seed=175 hands=400/400 delta=-3300 bust=0 hero_err=0/614 p99_ms=0.946 dur=1.05s
[gate:candidate] C0 seed=176 hands=400/400 delta=-5900 bust=0 hero_err=0/542 p99_ms=0.864 dur=1.05s
[gate:candidate] C0 seed=177 hands=326/400 delta=-10000 bust=1 hero_err=0/374 p99_ms=0.341 dur=0.65s
[gate:candidate] C0 seed=178 hands=400/400 delta=-10000 bust=1 hero_err=0/438 p99_ms=0.333 dur=0.88s
[gate:candidate] C0 seed=179 hands=400/400 delta=-6850 bust=0 hero_err=0/589 p99_ms=0.336 dur=0.82s
[gate:candidate] C0 seed=180 hands=376/400 delta=-10000 bust=1 hero_err=0/388 p99_ms=0.331 dur=0.72s
[gate:candidate] C0 seed=181 hands=400/400 delta=-4650 bust=0 hero_err=0/582 p99_ms=0.849 dur=1.03s
[gate:candidate] C1 seed=142 hands=400/400 delta=-9950 bust=0 hero_err=0/512 p99_ms=0.898 dur=2.79s
[gate:candidate] C1 seed=143 hands=400/400 delta=-9450 bust=0 hero_err=0/526 p99_ms=0.824 dur=2.71s
[gate:candidate] C1 seed=144 hands=400/400 delta=-9300 bust=0 hero_err=0/520 p99_ms=0.751 dur=2.67s
[gate:candidate] C1 seed=145 hands=400/400 delta=-8900 bust=0 hero_err=0/506 p99_ms=0.555 dur=2.62s
[gate:candidate] C1 seed=146 hands=400/400 delta=-9950 bust=0 hero_err=0/520 p99_ms=0.784 dur=2.75s
[gate:candidate] C1 seed=147 hands=400/400 delta=-9750 bust=0 hero_err=0/505 p99_ms=0.596 dur=2.71s
[gate:candidate] C1 seed=148 hands=400/400 delta=-9450 bust=0 hero_err=0/526 p99_ms=0.754 dur=2.78s
[gate:candidate] C1 seed=149 hands=400/400 delta=-9850 bust=0 hero_err=0/536 p99_ms=0.777 dur=2.55s
[gate:candidate] C1 seed=150 hands=400/400 delta=-9650 bust=0 hero_err=0/525 p99_ms=0.881 dur=2.8s
[gate:candidate] C1 seed=151 hands=400/400 delta=-10000 bust=1 hero_err=0/510 p99_ms=0.921 dur=2.62s
[gate:candidate] C1 seed=152 hands=400/400 delta=-8950 bust=0 hero_err=0/524 p99_ms=0.796 dur=2.55s
[gate:candidate] C1 seed=153 hands=400/400 delta=-9000 bust=0 hero_err=0/514 p99_ms=0.417 dur=2.5s
[gate:candidate] C1 seed=154 hands=400/400 delta=-10000 bust=1 hero_err=0/523 p99_ms=0.471 dur=2.7s
[gate:candidate] C1 seed=155 hands=400/400 delta=-9150 bust=0 hero_err=0/522 p99_ms=0.751 dur=2.86s
[gate:candidate] C1 seed=156 hands=400/400 delta=-10000 bust=1 hero_err=0/491 p99_ms=0.911 dur=2.77s
[gate:candidate] C1 seed=157 hands=400/400 delta=-9650 bust=0 hero_err=0/520 p99_ms=0.913 dur=2.64s
[gate:candidate] C1 seed=158 hands=400/400 delta=-10000 bust=1 hero_err=0/533 p99_ms=0.903 dur=2.92s
[gate:candidate] C1 seed=159 hands=400/400 delta=-10000 bust=1 hero_err=0/512 p99_ms=0.348 dur=2.72s
[gate:candidate] C1 seed=160 hands=400/400 delta=-9300 bust=0 hero_err=0/541 p99_ms=0.769 dur=2.86s
[gate:candidate] C1 seed=161 hands=400/400 delta=-9450 bust=0 hero_err=0/520 p99_ms=0.364 dur=2.47s
[gate:candidate] C1 seed=162 hands=400/400 delta=-9050 bust=0 hero_err=0/536 p99_ms=0.879 dur=3.15s
[gate:candidate] C1 seed=163 hands=400/400 delta=-9000 bust=0 hero_err=0/510 p99_ms=0.341 dur=2.47s
[gate:candidate] C1 seed=164 hands=400/400 delta=-8950 bust=0 hero_err=0/541 p99_ms=0.769 dur=2.69s
[gate:candidate] C1 seed=165 hands=400/400 delta=-10000 bust=1 hero_err=0/518 p99_ms=0.789 dur=2.46s
[gate:candidate] C1 seed=166 hands=400/400 delta=-10000 bust=1 hero_err=0/461 p99_ms=0.773 dur=2.69s
[gate:candidate] C1 seed=167 hands=400/400 delta=-9750 bust=0 hero_err=0/508 p99_ms=0.768 dur=2.73s
[gate:candidate] C1 seed=168 hands=400/400 delta=-10000 bust=1 hero_err=0/512 p99_ms=1.067 dur=2.86s
[gate:candidate] C1 seed=169 hands=400/400 delta=-8450 bust=0 hero_err=0/543 p99_ms=0.853 dur=2.99s
[gate:candidate] C1 seed=170 hands=400/400 delta=-10000 bust=1 hero_err=0/514 p99_ms=0.888 dur=2.89s
[gate:candidate] C1 seed=171 hands=400/400 delta=-10000 bust=1 hero_err=0/468 p99_ms=0.843 dur=2.69s
[gate:candidate] C1 seed=172 hands=400/400 delta=-9950 bust=0 hero_err=0/504 p99_ms=2.001 dur=2.83s
[gate:candidate] C1 seed=173 hands=400/400 delta=-9150 bust=0 hero_err=0/514 p99_ms=0.797 dur=2.84s
[gate:candidate] C1 seed=174 hands=400/400 delta=-9150 bust=0 hero_err=0/514 p99_ms=0.829 dur=2.85s
[gate:candidate] C1 seed=175 hands=400/400 delta=-8300 bust=0 hero_err=0/583 p99_ms=0.861 dur=3.26s
[gate:candidate] C1 seed=176 hands=400/400 delta=-10000 bust=1 hero_err=0/510 p99_ms=1.130 dur=3.22s
[gate:candidate] C1 seed=177 hands=400/400 delta=-9650 bust=0 hero_err=0/506 p99_ms=1.041 dur=3.07s
[gate:candidate] C1 seed=178 hands=400/400 delta=-3200 bust=0 hero_err=0/631 p99_ms=0.867 dur=1.71s
[gate:candidate] C1 seed=179 hands=400/400 delta=-9300 bust=0 hero_err=0/536 p99_ms=0.977 dur=3.15s
[gate:candidate] C1 seed=180 hands=400/400 delta=-7850 bust=0 hero_err=0/535 p99_ms=1.818 dur=3.2s
[gate:candidate] C1 seed=181 hands=400/400 delta=-8650 bust=0 hero_err=0/558 p99_ms=1.705 dur=3.59s
[gate:locked] hero=submissions/v_final.zip comps=C0,C1 hands=400 seeds=142..181 jobs=1 pending=80 resumed=0
[gate:locked] C0 seed=142 hands=400/400 delta=+32606 bust=0 hero_err=0/469 p99_ms=1.070 dur=0.67s
[gate:locked] C0 seed=143 hands=229/400 delta=-10000 bust=1 hero_err=0/144 p99_ms=1.001 dur=0.88s
[gate:locked] C0 seed=144 hands=400/400 delta=-10000 bust=1 hero_err=0/117 p99_ms=4.253 dur=1.18s
[gate:locked] C0 seed=145 hands=238/400 delta=-10000 bust=1 hero_err=0/118 p99_ms=1.503 dur=0.63s
[gate:locked] C0 seed=146 hands=400/400 delta=-10000 bust=1 hero_err=0/121 p99_ms=5.890 dur=1.21s
[gate:locked] C0 seed=147 hands=250/400 delta=-10000 bust=1 hero_err=0/65 p99_ms=2.205 dur=0.92s
[gate:locked] C0 seed=148 hands=300/400 delta=-10000 bust=1 hero_err=0/3 p99_ms=0.686 dur=0.65s
[gate:locked] C0 seed=149 hands=400/400 delta=+4367 bust=0 hero_err=0/483 p99_ms=1.294 dur=1.21s
[gate:locked] C0 seed=150 hands=400/400 delta=-10000 bust=1 hero_err=0/52 p99_ms=2.207 dur=1.15s
[gate:locked] C0 seed=151 hands=276/400 delta=-10000 bust=1 hero_err=0/111 p99_ms=1.638 dur=0.86s
[gate:locked] C0 seed=152 hands=400/400 delta=+1902 bust=0 hero_err=0/483 p99_ms=1.171 dur=1.24s
[gate:locked] C0 seed=153 hands=313/400 delta=-10000 bust=1 hero_err=0/50 p99_ms=1.533 dur=0.98s
[gate:locked] C0 seed=154 hands=400/400 delta=-10000 bust=1 hero_err=0/101 p99_ms=1.105 dur=1.05s
[gate:locked] C0 seed=155 hands=400/400 delta=-460 bust=0 hero_err=0/484 p99_ms=0.877 dur=1.12s
[gate:locked] C0 seed=156 hands=400/400 delta=+7269 bust=0 hero_err=0/476 p99_ms=1.430 dur=1.31s
[gate:locked] C0 seed=157 hands=400/400 delta=-10000 bust=1 hero_err=0/55 p99_ms=1.213 dur=1.21s
[gate:locked] C0 seed=158 hands=400/400 delta=-10000 bust=1 hero_err=0/83 p99_ms=1.005 dur=1.19s
[gate:locked] C0 seed=159 hands=400/400 delta=+5454 bust=0 hero_err=0/492 p99_ms=1.371 dur=1.24s
[gate:locked] C0 seed=160 hands=400/400 delta=-10000 bust=1 hero_err=0/127 p99_ms=1.124 dur=1.21s
[gate:locked] C0 seed=161 hands=400/400 delta=-10000 bust=1 hero_err=0/186 p99_ms=1.236 dur=1.21s
[gate:locked] C0 seed=162 hands=400/400 delta=-10000 bust=1 hero_err=0/53 p99_ms=1.000 dur=1.0s
[gate:locked] C0 seed=163 hands=370/400 delta=-10000 bust=1 hero_err=0/183 p99_ms=2.836 dur=1.18s
[gate:locked] C0 seed=164 hands=400/400 delta=+22350 bust=0 hero_err=0/478 p99_ms=1.330 dur=0.98s
[gate:locked] C0 seed=165 hands=400/400 delta=-10000 bust=1 hero_err=0/70 p99_ms=2.039 dur=1.18s
[gate:locked] C0 seed=166 hands=400/400 delta=-10000 bust=1 hero_err=0/16 p99_ms=0.594 dur=0.98s
[gate:locked] C0 seed=167 hands=400/400 delta=+14417 bust=0 hero_err=0/476 p99_ms=0.966 dur=1.0s
[gate:locked] C0 seed=168 hands=399/400 delta=-10000 bust=1 hero_err=0/129 p99_ms=1.233 dur=0.88s
[gate:locked] C0 seed=169 hands=400/400 delta=+6584 bust=0 hero_err=0/484 p99_ms=0.886 dur=1.09s
[gate:locked] C0 seed=170 hands=400/400 delta=-10000 bust=1 hero_err=0/56 p99_ms=1.151 dur=1.16s
[gate:locked] C0 seed=171 hands=317/400 delta=-10000 bust=1 hero_err=0/85 p99_ms=1.197 dur=0.79s
[gate:locked] C0 seed=172 hands=400/400 delta=+15250 bust=0 hero_err=0/475 p99_ms=1.158 dur=0.97s
[gate:locked] C0 seed=173 hands=400/400 delta=+12383 bust=0 hero_err=0/486 p99_ms=1.241 dur=1.15s
[gate:locked] C0 seed=174 hands=400/400 delta=+18669 bust=0 hero_err=0/480 p99_ms=1.438 dur=1.21s
[gate:locked] C0 seed=175 hands=400/400 delta=-10000 bust=1 hero_err=0/6 p99_ms=0.760 dur=0.96s
[gate:locked] C0 seed=176 hands=400/400 delta=+8100 bust=0 hero_err=0/467 p99_ms=0.999 dur=0.96s
[gate:locked] C0 seed=177 hands=400/400 delta=-10000 bust=1 hero_err=0/11 p99_ms=0.660 dur=0.73s
[gate:locked] C0 seed=178 hands=268/400 delta=-10000 bust=1 hero_err=0/48 p99_ms=0.996 dur=0.75s
[gate:locked] C0 seed=179 hands=400/400 delta=-10000 bust=1 hero_err=0/42 p99_ms=1.586 dur=1.12s
[gate:locked] C0 seed=180 hands=400/400 delta=-10000 bust=1 hero_err=0/134 p99_ms=1.327 dur=1.05s
[gate:locked] C0 seed=181 hands=400/400 delta=+534 bust=0 hero_err=0/466 p99_ms=1.164 dur=1.2s
[gate:locked] C1 seed=142 hands=400/400 delta=-10000 bust=1 hero_err=0/45 p99_ms=0.816 dur=3.15s
[gate:locked] C1 seed=143 hands=400/400 delta=+40060 bust=0 hero_err=0/443 p99_ms=1.102 dur=1.97s
[gate:locked] C1 seed=144 hands=400/400 delta=+1182 bust=0 hero_err=0/558 p99_ms=1.038 dur=2.56s
[gate:locked] C1 seed=145 hands=400/400 delta=-10000 bust=1 hero_err=0/155 p99_ms=0.634 dur=3.53s
[gate:locked] C1 seed=146 hands=400/400 delta=+36932 bust=0 hero_err=0/344 p99_ms=0.771 dur=1.07s
[gate:locked] C1 seed=147 hands=400/400 delta=+22743 bust=0 hero_err=0/550 p99_ms=1.055 dur=2.56s
[gate:locked] C1 seed=148 hands=318/400 delta=-10000 bust=1 hero_err=0/383 p99_ms=1.049 dur=2.14s
[gate:locked] C1 seed=149 hands=400/400 delta=-10000 bust=1 hero_err=0/18 p99_ms=0.669 dur=3.58s
[gate:locked] C1 seed=150 hands=400/400 delta=-10000 bust=1 hero_err=0/240 p99_ms=0.619 dur=3.46s
[gate:locked] C1 seed=151 hands=400/400 delta=-10000 bust=1 hero_err=0/131 p99_ms=1.949 dur=3.39s
[gate:locked] C1 seed=152 hands=400/400 delta=+2412 bust=0 hero_err=0/562 p99_ms=1.172 dur=3.0s
[gate:locked] C1 seed=153 hands=400/400 delta=+10348 bust=0 hero_err=0/510 p99_ms=0.668 dur=2.19s
[gate:locked] C1 seed=154 hands=400/400 delta=+2563 bust=0 hero_err=0/528 p99_ms=0.987 dur=2.24s
[gate:locked] C1 seed=155 hands=400/400 delta=+45894 bust=0 hero_err=0/426 p99_ms=1.089 dur=1.89s
[gate:locked] C1 seed=156 hands=400/400 delta=-10000 bust=1 hero_err=0/36 p99_ms=1.021 dur=4.4s
[gate:locked] C1 seed=157 hands=400/400 delta=+24795 bust=0 hero_err=0/591 p99_ms=1.344 dur=2.93s
[gate:locked] C1 seed=158 hands=331/400 delta=-10000 bust=1 hero_err=0/7 p99_ms=2.818 dur=2.99s
[gate:locked] C1 seed=159 hands=400/400 delta=+7275 bust=0 hero_err=0/527 p99_ms=1.468 dur=2.47s
[gate:locked] C1 seed=160 hands=400/400 delta=+13673 bust=0 hero_err=0/429 p99_ms=0.568 dur=1.61s
[gate:locked] C1 seed=161 hands=400/400 delta=-10000 bust=1 hero_err=0/87 p99_ms=0.962 dur=3.9s
[gate:locked] C1 seed=162 hands=400/400 delta=+28916 bust=0 hero_err=0/489 p99_ms=1.088 dur=1.53s
[gate:locked] C1 seed=163 hands=400/400 delta=-56 bust=0 hero_err=0/503 p99_ms=1.205 dur=2.71s
[gate:locked] C1 seed=164 hands=400/400 delta=+41542 bust=0 hero_err=0/403 p99_ms=1.013 dur=1.75s
[gate:locked] C1 seed=165 hands=400/400 delta=-10000 bust=1 hero_err=0/140 p99_ms=0.811 dur=3.8s
[gate:locked] C1 seed=166 hands=400/400 delta=-10000 bust=1 hero_err=0/173 p99_ms=5.749 dur=3.67s
[gate:locked] C1 seed=167 hands=400/400 delta=+1535 bust=0 hero_err=0/612 p99_ms=0.481 dur=2.55s
[gate:locked] C1 seed=168 hands=400/400 delta=+35585 bust=0 hero_err=0/413 p99_ms=0.707 dur=1.3s
[gate:locked] C1 seed=169 hands=315/400 delta=-10000 bust=1 hero_err=0/305 p99_ms=2.066 dur=1.99s
[gate:locked] C1 seed=170 hands=400/400 delta=+23966 bust=0 hero_err=0/494 p99_ms=0.513 dur=1.17s
[gate:locked] C1 seed=171 hands=337/400 delta=-10000 bust=1 hero_err=0/83 p99_ms=1.514 dur=2.14s
[gate:locked] C1 seed=172 hands=400/400 delta=-10000 bust=1 hero_err=0/59 p99_ms=0.676 dur=3.66s
[gate:locked] C1 seed=173 hands=400/400 delta=+37166 bust=0 hero_err=0/383 p99_ms=0.795 dur=1.1s
[gate:locked] C1 seed=174 hands=400/400 delta=+27318 bust=0 hero_err=0/448 p99_ms=0.622 dur=1.25s
[gate:locked] C1 seed=175 hands=400/400 delta=+4700 bust=0 hero_err=0/582 p99_ms=0.667 dur=2.33s
[gate:locked] C1 seed=176 hands=376/400 delta=-10000 bust=1 hero_err=0/543 p99_ms=0.670 dur=2.22s
[gate:locked] C1 seed=177 hands=400/400 delta=+10127 bust=0 hero_err=0/535 p99_ms=0.568 dur=2.11s
[gate:locked] C1 seed=178 hands=400/400 delta=+23969 bust=0 hero_err=0/478 p99_ms=0.623 dur=1.43s
[gate:locked] C1 seed=179 hands=400/400 delta=-10000 bust=1 hero_err=0/58 p99_ms=0.800 dur=3.73s
[gate:locked] C1 seed=180 hands=400/400 delta=+15406 bust=0 hero_err=0/482 p99_ms=0.754 dur=1.09s
[gate:locked] C1 seed=181 hands=400/400 delta=+11018 bust=0 hero_err=0/481 p99_ms=0.671 dur=1.23s
[gate] wrote /Users/farhad/Code/PokerBot/consult/artifacts/2026-05-31-scratch-improve/gate-harness/runs/positive_control_scaffold_40seed/gate_summary.json
[gate] wrote /Users/farhad/Code/PokerBot/consult/artifacts/2026-05-31-scratch-improve/gate-harness/runs/positive_control_scaffold_40seed/GATE_RESULTS.md
[gate] verdict=GATE_FAIL_POD_REGRESSION protected_sha_ok=True
[gate] C0 paired_n=40 paired_diff p50=0 mean=-4010.6 stdev=11514.0 min=-42606 max=6700 cand_bust=25.0% lock_bust=65.0% PASS=True
[gate] C1 paired_n=40 paired_diff p50=-11962 mean=-17030.5 stdev=18294.5 min=-55044 max=1550 cand_bust=27.5% lock_bust=40.0% PASS=False
