# label=benchmark_all_templates
# cwd=/Users/farhad/Code/PokerBot-gauntlet
# started_utc=2026-05-28T02:14:34Z
# command=/Users/farhad/Code/PokerBot-gauntlet/.venv/bin/python tools/benchmark.py --all-templates --hands 10000 --bot submissions/v_final.zip --paired-seed-base 42

# bot artifact: submissions/v_final.zip
# zip sha256: e4b4a8f11f801ecef2eca53629241e83cc9bace8ec74004f19368375f22d9598
{
  "min_bb": 15.0,
  "results": [
    {
      "bb_per_100": 71.82,
      "bot_errors": {},
      "chip_delta": 718200,
      "ci_high": 72.67,
      "ci_low": 70.945,
      "duration_s": 23.85,
      "hands": 10000,
      "requested_hands": 10000,
      "seeds": [
        42,
        1000045,
        2000048,
        3000051,
        4000054,
        5000057,
        6000060,
        7000063,
        43,
        1000046,
        2000049,
        3000052,
        4000055,
        5000058,
        6000061,
        7000064,
        44,
        1000047,
        2000050,
        3000053,
        4000056,
        5000059,
        6000062,
        7000065,
        45,
        1000048,
        2000051,
        3000054,
        4000057,
        5000060,
        6000063,
        7000066,
        46,
        1000049,
        2000052,
        3000055,
        4000058,
        5000061,
        6000064,
        7000067,
        47,
        1000050,
        2000053,
        3000056,
        4000059,
        5000062,
        6000065,
        7000068,
        48,
        1000051,
        2000054,
        3000057,
        4000060,
        5000063,
        6000066,
        7000069,
        49,
        1000052,
        2000055,
        3000058,
        4000061,
        5000064,
        6000067,
        7000070,
        50,
        1000053,
        2000056,
        3000059,
        4000062,
        5000065,
        6000068,
        7000071,
        51,
        1000054,
        2000057,
        3000060,
        4000063,
        5000066,
        6000069,
        7000072
      ],
      "target": "template"
    },
    {
      "bb_per_100": 101.2064,
      "bot_errors": {},
      "chip_delta": 1012064,
      "ci_high": 147.8397,
      "ci_low": 54.8875,
      "duration_s": 96.98,
      "hands": 10000,
      "requested_hands": 10000,
      "seeds": [
        42,
        1000045,
        2000048,
        3000051,
        4000054,
        5000057,
        6000060,
        7000063,
        8000066,
        9000069,
        10000072,
        11000075,
        12000078,
        13000081,
        14000084,
        15000087,
        16000090,
        17000093,
        18000096,
        19000099,
        20000102,
        21000105,
        22000108,
        23000111,
        24000114,
        25000117,
        26000120,
        27000123,
        28000126,
        29000129,
        30000132,
        31000135,
        32000138,
        33000141,
        34000144,
        35000147,
        36000150,
        37000153,
        38000156,
        39000159,
        40000162,
        41000165,
        42000168,
        43000171,
        44000174,
        45000177,
        46000180,
        47000183,
        48000186,
        49000189,
        50000192,
        51000195,
        52000198,
        53000201,
        54000204,
        55000207,
        56000210,
        57000213,
        58000216,
        59000219,
        60000222,
        61000225,
        62000228,
        63000231,
        64000234,
        65000237,
        66000240,
        67000243,
        68000246,
        69000249,
        70000252,
        71000255,
        72000258,
        73000261,
        74000264,
        75000267,
        76000270,
        77000273,
        43,
        1000046,
        2000049,
        3000052,
        4000055,
        5000058,
        6000061,
        7000064,
        8000067,
        9000070,
        10000073,
        11000076,
        12000079,
        13000082,
        14000085,
        15000088,
        16000091,
        17000094,
        18000097,
        19000100,
        20000103,
        21000106,
        22000109,
        23000112,
        24000115,
        25000118,
        26000121,
        27000124,
        28000127,
        29000130,
        30000133,
        31000136,
        32000139,
        33000142,
        34000145,
        35000148,
        36000151,
        37000154,
        38000157,
        39000160,
        40000163,
        41000166,
        42000169,
        43000172,
        44000175,
        45000178,
        46000181,
        47000184,
        48000187,
        49000190,
        50000193,
        51000196,
        52000199,
        53000202,
        54000205,
        55000208,
        56000211,
        57000214,
        58000217,
        59000220,
        60000223,
        61000226,
        62000229,
        44,
        1000047,
        2000050,
        3000053,
        4000056,
        5000059,
        6000062,
        7000065,
        8000068,
        9000071,
        10000074,
        11000077,
        12000080,
        13000083,
        14000086,
        15000089,
        16000092,
        17000095,
        18000098,
        19000101,
        20000104,
        21000107,
        22000110,
        23000113,
        24000116,
        25000119,
        26000122,
        27000125,
        28000128,
        29000131,
        30000134,
        31000137,
        32000140,
        33000143,
        34000146,
        35000149,
        36000152,
        37000155,
        38000158,
        39000161,
        40000164,
        41000167,
        42000170,
        43000173,
        44000176,
        45000179,
        46000182,
        47000185,
        48000188,
        49000191,
        50000194,
        51000197,
        52000200,
        53000203,
        54000206,
        55000209,
        56000212,
        57000215,
        58000218,
        59000221,
        60000224,
        61000227,
        62000230,
        63000233,
        64000236,
        65000239,
        66000242,
        67000245,
        68000248,
        45,
        1000048,
        2000051,
        3000054,
        4000057,
        5000060,
        6000063,
        7000066,
        8000069,
        9000072,
        10000075,
        11000078,
        12000081,
        13000084,
        14000087,
        15000090,
        16000093,
        17000096,
        18000099,
        19000102,
        20000105,
        21000108,
        22000111,
        23000114,
        24000117,
        25000120,
        26000123,
        27000126,
        28000129,
        29000132,
        30000135,
        31000138,
        32000141,
        33000144,
        34000147,
        35000150,
        36000153,
        37000156,
        38000159,
        39000162,
        40000165,
        41000168,
        42000171,
        43000174,
        44000177,
        45000180,
        46000183,
        47000186,
        48000189,
        49000192,
        50000195,
        51000198,
        52000201,
        53000204,
        54000207,
        55000210,
        46,
        1000049,
        2000052,
        3000055,
        4000058,
        5000061,
        6000064,
        7000067,
        8000070,
        9000073,
        10000076,
        11000079,
        12000082,
        13000085,
        14000088,
        15000091,
        16000094,
        17000097,
        18000100,
        19000103,
        20000106,
        21000109,
        22000112,
        23000115,
        24000118,
        25000121,
        26000124,
        27000127,
        28000130,
        29000133,
        30000136,
        31000139,
        32000142,
        33000145,
        34000148,
        35000151,
        36000154,
        37000157,
        38000160,
        39000163,
        40000166,
        41000169,
        42000172,
        43000175,
        44000178,
        45000181,
        46000184,
        47000187,
        48000190,
        49000193,
        50000196,
        51000199,
        52000202,
        53000205,
        54000208,
        55000211,
        56000214,
        57000217,
        58000220,
        59000223,
        60000226,
        47,
        1000050,
        2000053,
        3000056,
        4000059,
        5000062,
        6000065,
        7000068,
        8000071,
        9000074,
        10000077,
        11000080,
        12000083,
        13000086,
        14000089,
        15000092,
        16000095,
        17000098,
        18000101,
        19000104,
        20000107,
        21000110,
        22000113,
        23000116,
        24000119,
        25000122,
        26000125,
        27000128,
        28000131,
        29000134,
        30000137,
        31000140,
        32000143,
        33000146,
        34000149,
        35000152,
        36000155,
        37000158,
        38000161,
        39000164,
        40000167,
        41000170,
        42000173,
        43000176,
        44000179,
        45000182,
        46000185,
        47000188,
        48000191,
        49000194,
        50000197,
        51000200,
        52000203,
        53000206,
        54000209,
        55000212,
        56000215,
        57000218,
        58000221,
        59000224,
        48,
        1000051,
        2000054,
        3000057,
        4000060,
        5000063,
        6000066,
        7000069,
        8000072,
        9000075,
        10000078,
        11000081,
        12000084,
        13000087,
        14000090,
        15000093,
        16000096,
        17000099,
        18000102,
        19000105,
        20000108,
        21000111,
        22000114,
        23000117,
        24000120,
        25000123,
        26000126,
        27000129,
        28000132,
        29000135,
        30000138,
        31000141,
        32000144,
        33000147,
        34000150,
        35000153,
        36000156,
        37000159,
        38000162,
        39000165,
        40000168,
        41000171,
        42000174,
        43000177,
        44000180,
        45000183,
        46000186,
        47000189,
        48000192,
        49000195,
        50000198,
        51000201,
        52000204,
        53000207,
        54000210,
        55000213,
        56000216,
        57000219,
        58000222,
        59000225,
        60000228,
        61000231,
        49,
        1000052,
        2000055,
        3000058,
        4000061,
        5000064,
        6000067,
        7000070,
        8000073,
        9000076,
        10000079,
        11000082,
        12000085,
        13000088,
        14000091,
        15000094,
        16000097,
        17000100,
        18000103,
        19000106,
        20000109,
        21000112,
        22000115,
        23000118,
        24000121,
        25000124,
        26000127,
        27000130,
        28000133,
        29000136,
        30000139,
        31000142,
        32000145,
        33000148,
        34000151,
        35000154,
        36000157,
        37000160,
        38000163,
        39000166,
        40000169,
        41000172,
        42000175,
        43000178,
        44000181,
        45000184,
        46000187,
        47000190,
        48000193,
        49000196,
        50000199,
        51000202,
        52000205,
        53000208,
        54000211,
        55000214,
        56000217,
        57000220,
        58000223,
        59000226,
        50,
        1000053,
        2000056,
        3000059,
        4000062,
        5000065,
        6000068,
        7000071,
        8000074,
        9000077,
        10000080,
        11000083,
        12000086,
        13000089,
        14000092,
        15000095,
        16000098,
        17000101,
        18000104,
        19000107,
        20000110,
        21000113,
        22000116,
        23000119,
        24000122,
        25000125,
        26000128,
        27000131,
        28000134,
        29000137,
        30000140,
        31000143,
        32000146,
        33000149,
        34000152,
        35000155,
        36000158,
        37000161,
        38000164,
        39000167,
        40000170,
        41000173,
        42000176,
        43000179,
        44000182,
        45000185,
        46000188,
        47000191,
        48000194,
        49000197,
        50000200,
        51000203,
        52000206,
        53000209,
        54000212,
        55000215,
        51,
        1000054,
        2000057,
        3000060,
        4000063,
        5000066,
        6000069,
        7000072,
        8000075,
        9000078,
        10000081,
        11000084,
        12000087,
        13000090,
        14000093,
        15000096,
        16000099,
        17000102,
        18000105,
        19000108,
        20000111,
        21000114,
        22000117,
        23000120,
        24000123,
        25000126,
        26000129,
        27000132,
        28000135,
        29000138,
        30000141,
        31000144,
        32000147,
        33000150,
        34000153,
        35000156,
        36000159,
        37000162,
        38000165,
        39000168,
        40000171,
        41000174,
        42000177,
        43000180,
        44000183,
        45000186,
        46000189,
        47000192,
        48000195,
        49000198,
        50000201
      ],
      "target": "aggressor"
    },
    {
      "bb_per_100": 144.6,
      "bot_errors": {},
      "chip_delta": 1446000,
      "ci_high": 145.76,
      "ci_low": 143.41,
      "duration_s": 45.11,
      "hands": 10000,
      "requested_hands": 10000,
      "seeds": [
        42,
        1000045,
        2000048,
        3000051,
        4000054,
        5000057,
        6000060,
        7000063,
        8000066,
        9000069,
        10000072,
        11000075,
        12000078,
        13000081,
        14000084,
        43,
        1000046,
        2000049,
        3000052,
        4000055,
        5000058,
        6000061,
        7000064,
        8000067,
        9000070,
        10000073,
        11000076,
        12000079,
        13000082,
        14000085,
        44,
        1000047,
        2000050,
        3000053,
        4000056,
        5000059,
        6000062,
        7000065,
        8000068,
        9000071,
        10000074,
        11000077,
        12000080,
        13000083,
        14000086,
        45,
        1000048,
        2000051,
        3000054,
        4000057,
        5000060,
        6000063,
        7000066,
        8000069,
        9000072,
        10000075,
        11000078,
        12000081,
        13000084,
        14000087,
        46,
        1000049,
        2000052,
        3000055,
        4000058,
        5000061,
        6000064,
        7000067,
        8000070,
        9000073,
        10000076,
        11000079,
        12000082,
        13000085,
        14000088,
        47,
        1000050,
        2000053,
        3000056,
        4000059,
        5000062,
        6000065,
        7000068,
        8000071,
        9000074,
        10000077,
        11000080,
        12000083,
        13000086,
        14000089,
        48,
        1000051,
        2000054,
        3000057,
        4000060,
        5000063,
        6000066,
        7000069,
        8000072,
        9000075,
        10000078,
        11000081,
        12000084,
        13000087,
        14000090,
        49,
        1000052,
        2000055,
        3000058,
        4000061,
        5000064,
        6000067,
        7000070,
        8000073,
        9000076,
        10000079,
        11000082,
        12000085,
        13000088,
        14000091,
        50,
        1000053,
        2000056,
        3000059,
        4000062,
        5000065,
        6000068,
        7000071,
        8000074,
        9000077,
        10000080,
        11000083,
        12000086,
        13000089,
        14000092,
        51,
        1000054,
        2000057,
        3000060,
        4000063,
        5000066,
        6000069,
        7000072,
        8000075,
        9000078,
        10000081,
        11000084,
        12000087,
        13000090,
        14000093
      ],
      "target": "mathematician"
    },
    {
      "bb_per_100": 70.27,
      "bot_errors": {},
      "chip_delta": 702700,
      "ci_high": 71.3,
      "ci_low": 69.185,
      "duration_s": 18.8,
      "hands": 10000,
      "requested_hands": 10000,
      "seeds": [
        42,
        1000045,
        2000048,
        3000051,
        4000054,
        5000057,
        6000060,
        7000063,
        43,
        1000046,
        2000049,
        3000052,
        4000055,
        5000058,
        6000061,
        44,
        1000047,
        2000050,
        3000053,
        4000056,
        5000059,
        6000062,
        7000065,
        45,
        1000048,
        2000051,
        3000054,
        4000057,
        5000060,
        6000063,
        46,
        1000049,
        2000052,
        3000055,
        4000058,
        5000061,
        6000064,
        47,
        1000050,
        2000053,
        3000056,
        4000059,
        5000062,
        6000065,
        48,
        1000051,
        2000054,
        3000057,
        4000060,
        5000063,
        6000066,
        7000069,
        49,
        1000052,
        2000055,
        3000058,
        4000061,
        5000064,
        6000067,
        7000070,
        50,
        1000053,
        2000056,
        3000059,
        4000062,
        5000065,
        6000068,
        7000071,
        51,
        1000054,
        2000057,
        3000060,
        4000063,
        5000066,
        6000069,
        7000072
      ],
      "target": "shark"
    },
    {
      "bb_per_100": 144.6,
      "bot_errors": {},
      "chip_delta": 1446000,
      "ci_high": 145.76,
      "ci_low": 143.41,
      "duration_s": 45.0,
      "hands": 10000,
      "requested_hands": 10000,
      "seeds": [
        42,
        1000045,
        2000048,
        3000051,
        4000054,
        5000057,
        6000060,
        7000063,
        8000066,
        9000069,
        10000072,
        11000075,
        12000078,
        13000081,
        14000084,
        43,
        1000046,
        2000049,
        3000052,
        4000055,
        5000058,
        6000061,
        7000064,
        8000067,
        9000070,
        10000073,
        11000076,
        12000079,
        13000082,
        14000085,
        44,
        1000047,
        2000050,
        3000053,
        4000056,
        5000059,
        6000062,
        7000065,
        8000068,
        9000071,
        10000074,
        11000077,
        12000080,
        13000083,
        14000086,
        45,
        1000048,
        2000051,
        3000054,
        4000057,
        5000060,
        6000063,
        7000066,
        8000069,
        9000072,
        10000075,
        11000078,
        12000081,
        13000084,
        14000087,
        46,
        1000049,
        2000052,
        3000055,
        4000058,
        5000061,
        6000064,
        7000067,
        8000070,
        9000073,
        10000076,
        11000079,
        12000082,
        13000085,
        14000088,
        47,
        1000050,
        2000053,
        3000056,
        4000059,
        5000062,
        6000065,
        7000068,
        8000071,
        9000074,
        10000077,
        11000080,
        12000083,
        13000086,
        14000089,
        48,
        1000051,
        2000054,
        3000057,
        4000060,
        5000063,
        6000066,
        7000069,
        8000072,
        9000075,
        10000078,
        11000081,
        12000084,
        13000087,
        14000090,
        49,
        1000052,
        2000055,
        3000058,
        4000061,
        5000064,
        6000067,
        7000070,
        8000073,
        9000076,
        10000079,
        11000082,
        12000085,
        13000088,
        14000091,
        50,
        1000053,
        2000056,
        3000059,
        4000062,
        5000065,
        6000068,
        7000071,
        8000074,
        9000077,
        10000080,
        11000083,
        12000086,
        13000089,
        14000092,
        51,
        1000054,
        2000057,
        3000060,
        4000063,
        5000066,
        6000069,
        7000072,
        8000075,
        9000078,
        10000081,
        11000084,
        12000087,
        13000090,
        14000093
      ],
      "target": "ref_bot_2"
    }
  ]
}
benchmark template: bb/100=+71.82 ci95=[+70.94, +72.67] hands=10000 chip_delta=718200 seeds=[42, 1000045, 2000048, 3000051, 4000054, 5000057, 6000060, 7000063, 43, 1000046, 2000049, 3000052, 4000055, 5000058, 6000061, 7000064, 44, 1000047, 2000050, 3000053, 4000056, 5000059, 6000062, 7000065, 45, 1000048, 2000051, 3000054, 4000057, 5000060, 6000063, 7000066, 46, 1000049, 2000052, 3000055, 4000058, 5000061, 6000064, 7000067, 47, 1000050, 2000053, 3000056, 4000059, 5000062, 6000065, 7000068, 48, 1000051, 2000054, 3000057, 4000060, 5000063, 6000066, 7000069, 49, 1000052, 2000055, 3000058, 4000061, 5000064, 6000067, 7000070, 50, 1000053, 2000056, 3000059, 4000062, 5000065, 6000068, 7000071, 51, 1000054, 2000057, 3000060, 4000063, 5000066, 6000069, 7000072]
benchmark aggressor: bb/100=+101.21 ci95=[+54.89, +147.84] hands=10000 chip_delta=1012064 seeds=[42, 1000045, 2000048, 3000051, 4000054, 5000057, 6000060, 7000063, 8000066, 9000069, 10000072, 11000075, 12000078, 13000081, 14000084, 15000087, 16000090, 17000093, 18000096, 19000099, 20000102, 21000105, 22000108, 23000111, 24000114, 25000117, 26000120, 27000123, 28000126, 29000129, 30000132, 31000135, 32000138, 33000141, 34000144, 35000147, 36000150, 37000153, 38000156, 39000159, 40000162, 41000165, 42000168, 43000171, 44000174, 45000177, 46000180, 47000183, 48000186, 49000189, 50000192, 51000195, 52000198, 53000201, 54000204, 55000207, 56000210, 57000213, 58000216, 59000219, 60000222, 61000225, 62000228, 63000231, 64000234, 65000237, 66000240, 67000243, 68000246, 69000249, 70000252, 71000255, 72000258, 73000261, 74000264, 75000267, 76000270, 77000273, 43, 1000046, 2000049, 3000052, 4000055, 5000058, 6000061, 7000064, 8000067, 9000070, 10000073, 11000076, 12000079, 13000082, 14000085, 15000088, 16000091, 17000094, 18000097, 19000100, 20000103, 21000106, 22000109, 23000112, 24000115, 25000118, 26000121, 27000124, 28000127, 29000130, 30000133, 31000136, 32000139, 33000142, 34000145, 35000148, 36000151, 37000154, 38000157, 39000160, 40000163, 41000166, 42000169, 43000172, 44000175, 45000178, 46000181, 47000184, 48000187, 49000190, 50000193, 51000196, 52000199, 53000202, 54000205, 55000208, 56000211, 57000214, 58000217, 59000220, 60000223, 61000226, 62000229, 44, 1000047, 2000050, 3000053, 4000056, 5000059, 6000062, 7000065, 8000068, 9000071, 10000074, 11000077, 12000080, 13000083, 14000086, 15000089, 16000092, 17000095, 18000098, 19000101, 20000104, 21000107, 22000110, 23000113, 24000116, 25000119, 26000122, 27000125, 28000128, 29000131, 30000134, 31000137, 32000140, 33000143, 34000146, 35000149, 36000152, 37000155, 38000158, 39000161, 40000164, 41000167, 42000170, 43000173, 44000176, 45000179, 46000182, 47000185, 48000188, 49000191, 50000194, 51000197, 52000200, 53000203, 54000206, 55000209, 56000212, 57000215, 58000218, 59000221, 60000224, 61000227, 62000230, 63000233, 64000236, 65000239, 66000242, 67000245, 68000248, 45, 1000048, 2000051, 3000054, 4000057, 5000060, 6000063, 7000066, 8000069, 9000072, 10000075, 11000078, 12000081, 13000084, 14000087, 15000090, 16000093, 17000096, 18000099, 19000102, 20000105, 21000108, 22000111, 23000114, 24000117, 25000120, 26000123, 27000126, 28000129, 29000132, 30000135, 31000138, 32000141, 33000144, 34000147, 35000150, 36000153, 37000156, 38000159, 39000162, 40000165, 41000168, 42000171, 43000174, 44000177, 45000180, 46000183, 47000186, 48000189, 49000192, 50000195, 51000198, 52000201, 53000204, 54000207, 55000210, 46, 1000049, 2000052, 3000055, 4000058, 5000061, 6000064, 7000067, 8000070, 9000073, 10000076, 11000079, 12000082, 13000085, 14000088, 15000091, 16000094, 17000097, 18000100, 19000103, 20000106, 21000109, 22000112, 23000115, 24000118, 25000121, 26000124, 27000127, 28000130, 29000133, 30000136, 31000139, 32000142, 33000145, 34000148, 35000151, 36000154, 37000157, 38000160, 39000163, 40000166, 41000169, 42000172, 43000175, 44000178, 45000181, 46000184, 47000187, 48000190, 49000193, 50000196, 51000199, 52000202, 53000205, 54000208, 55000211, 56000214, 57000217, 58000220, 59000223, 60000226, 47, 1000050, 2000053, 3000056, 4000059, 5000062, 6000065, 7000068, 8000071, 9000074, 10000077, 11000080, 12000083, 13000086, 14000089, 15000092, 16000095, 17000098, 18000101, 19000104, 20000107, 21000110, 22000113, 23000116, 24000119, 25000122, 26000125, 27000128, 28000131, 29000134, 30000137, 31000140, 32000143, 33000146, 34000149, 35000152, 36000155, 37000158, 38000161, 39000164, 40000167, 41000170, 42000173, 43000176, 44000179, 45000182, 46000185, 47000188, 48000191, 49000194, 50000197, 51000200, 52000203, 53000206, 54000209, 55000212, 56000215, 57000218, 58000221, 59000224, 48, 1000051, 2000054, 3000057, 4000060, 5000063, 6000066, 7000069, 8000072, 9000075, 10000078, 11000081, 12000084, 13000087, 14000090, 15000093, 16000096, 17000099, 18000102, 19000105, 20000108, 21000111, 22000114, 23000117, 24000120, 25000123, 26000126, 27000129, 28000132, 29000135, 30000138, 31000141, 32000144, 33000147, 34000150, 35000153, 36000156, 37000159, 38000162, 39000165, 40000168, 41000171, 42000174, 43000177, 44000180, 45000183, 46000186, 47000189, 48000192, 49000195, 50000198, 51000201, 52000204, 53000207, 54000210, 55000213, 56000216, 57000219, 58000222, 59000225, 60000228, 61000231, 49, 1000052, 2000055, 3000058, 4000061, 5000064, 6000067, 7000070, 8000073, 9000076, 10000079, 11000082, 12000085, 13000088, 14000091, 15000094, 16000097, 17000100, 18000103, 19000106, 20000109, 21000112, 22000115, 23000118, 24000121, 25000124, 26000127, 27000130, 28000133, 29000136, 30000139, 31000142, 32000145, 33000148, 34000151, 35000154, 36000157, 37000160, 38000163, 39000166, 40000169, 41000172, 42000175, 43000178, 44000181, 45000184, 46000187, 47000190, 48000193, 49000196, 50000199, 51000202, 52000205, 53000208, 54000211, 55000214, 56000217, 57000220, 58000223, 59000226, 50, 1000053, 2000056, 3000059, 4000062, 5000065, 6000068, 7000071, 8000074, 9000077, 10000080, 11000083, 12000086, 13000089, 14000092, 15000095, 16000098, 17000101, 18000104, 19000107, 20000110, 21000113, 22000116, 23000119, 24000122, 25000125, 26000128, 27000131, 28000134, 29000137, 30000140, 31000143, 32000146, 33000149, 34000152, 35000155, 36000158, 37000161, 38000164, 39000167, 40000170, 41000173, 42000176, 43000179, 44000182, 45000185, 46000188, 47000191, 48000194, 49000197, 50000200, 51000203, 52000206, 53000209, 54000212, 55000215, 51, 1000054, 2000057, 3000060, 4000063, 5000066, 6000069, 7000072, 8000075, 9000078, 10000081, 11000084, 12000087, 13000090, 14000093, 15000096, 16000099, 17000102, 18000105, 19000108, 20000111, 21000114, 22000117, 23000120, 24000123, 25000126, 26000129, 27000132, 28000135, 29000138, 30000141, 31000144, 32000147, 33000150, 34000153, 35000156, 36000159, 37000162, 38000165, 39000168, 40000171, 41000174, 42000177, 43000180, 44000183, 45000186, 46000189, 47000192, 48000195, 49000198, 50000201]
benchmark mathematician: bb/100=+144.60 ci95=[+143.41, +145.76] hands=10000 chip_delta=1446000 seeds=[42, 1000045, 2000048, 3000051, 4000054, 5000057, 6000060, 7000063, 8000066, 9000069, 10000072, 11000075, 12000078, 13000081, 14000084, 43, 1000046, 2000049, 3000052, 4000055, 5000058, 6000061, 7000064, 8000067, 9000070, 10000073, 11000076, 12000079, 13000082, 14000085, 44, 1000047, 2000050, 3000053, 4000056, 5000059, 6000062, 7000065, 8000068, 9000071, 10000074, 11000077, 12000080, 13000083, 14000086, 45, 1000048, 2000051, 3000054, 4000057, 5000060, 6000063, 7000066, 8000069, 9000072, 10000075, 11000078, 12000081, 13000084, 14000087, 46, 1000049, 2000052, 3000055, 4000058, 5000061, 6000064, 7000067, 8000070, 9000073, 10000076, 11000079, 12000082, 13000085, 14000088, 47, 1000050, 2000053, 3000056, 4000059, 5000062, 6000065, 7000068, 8000071, 9000074, 10000077, 11000080, 12000083, 13000086, 14000089, 48, 1000051, 2000054, 3000057, 4000060, 5000063, 6000066, 7000069, 8000072, 9000075, 10000078, 11000081, 12000084, 13000087, 14000090, 49, 1000052, 2000055, 3000058, 4000061, 5000064, 6000067, 7000070, 8000073, 9000076, 10000079, 11000082, 12000085, 13000088, 14000091, 50, 1000053, 2000056, 3000059, 4000062, 5000065, 6000068, 7000071, 8000074, 9000077, 10000080, 11000083, 12000086, 13000089, 14000092, 51, 1000054, 2000057, 3000060, 4000063, 5000066, 6000069, 7000072, 8000075, 9000078, 10000081, 11000084, 12000087, 13000090, 14000093]
benchmark shark: bb/100=+70.27 ci95=[+69.19, +71.30] hands=10000 chip_delta=702700 seeds=[42, 1000045, 2000048, 3000051, 4000054, 5000057, 6000060, 7000063, 43, 1000046, 2000049, 3000052, 4000055, 5000058, 6000061, 44, 1000047, 2000050, 3000053, 4000056, 5000059, 6000062, 7000065, 45, 1000048, 2000051, 3000054, 4000057, 5000060, 6000063, 46, 1000049, 2000052, 3000055, 4000058, 5000061, 6000064, 47, 1000050, 2000053, 3000056, 4000059, 5000062, 6000065, 48, 1000051, 2000054, 3000057, 4000060, 5000063, 6000066, 7000069, 49, 1000052, 2000055, 3000058, 4000061, 5000064, 6000067, 7000070, 50, 1000053, 2000056, 3000059, 4000062, 5000065, 6000068, 7000071, 51, 1000054, 2000057, 3000060, 4000063, 5000066, 6000069, 7000072]
benchmark ref_bot_2: bb/100=+144.60 ci95=[+143.41, +145.76] hands=10000 chip_delta=1446000 seeds=[42, 1000045, 2000048, 3000051, 4000054, 5000057, 6000060, 7000063, 8000066, 9000069, 10000072, 11000075, 12000078, 13000081, 14000084, 43, 1000046, 2000049, 3000052, 4000055, 5000058, 6000061, 7000064, 8000067, 9000070, 10000073, 11000076, 12000079, 13000082, 14000085, 44, 1000047, 2000050, 3000053, 4000056, 5000059, 6000062, 7000065, 8000068, 9000071, 10000074, 11000077, 12000080, 13000083, 14000086, 45, 1000048, 2000051, 3000054, 4000057, 5000060, 6000063, 7000066, 8000069, 9000072, 10000075, 11000078, 12000081, 13000084, 14000087, 46, 1000049, 2000052, 3000055, 4000058, 5000061, 6000064, 7000067, 8000070, 9000073, 10000076, 11000079, 12000082, 13000085, 14000088, 47, 1000050, 2000053, 3000056, 4000059, 5000062, 6000065, 7000068, 8000071, 9000074, 10000077, 11000080, 12000083, 13000086, 14000089, 48, 1000051, 2000054, 3000057, 4000060, 5000063, 6000066, 7000069, 8000072, 9000075, 10000078, 11000081, 12000084, 13000087, 14000090, 49, 1000052, 2000055, 3000058, 4000061, 5000064, 6000067, 7000070, 8000073, 9000076, 10000079, 11000082, 12000085, 13000088, 14000091, 50, 1000053, 2000056, 3000059, 4000062, 5000065, 6000068, 7000071, 8000074, 9000077, 10000080, 11000083, 12000086, 13000089, 14000092, 51, 1000054, 2000057, 3000060, 4000063, 5000066, 6000069, 7000072, 8000075, 9000078, 10000081, 11000084, 12000087, 13000090, 14000093]
benchmark PASS

# finished_utc=2026-05-28T02:18:39Z
# returncode=0
# duration_s=245.750
