# label=smoke_timed
# cwd=/Users/farhad/Code/PokerBot-gauntlet
# started_utc=2026-05-28T02:14:28Z
# command=/Users/farhad/Code/PokerBot-gauntlet/.venv/bin/python /Users/farhad/Code/PokerBot/consult/artifacts/2026-05-28-gauntlet-variance/timed_smoke.py --repo /Users/farhad/Code/PokerBot-gauntlet --zip submissions/v_final.zip --hands 200 --seed 42

{
  "chip_delta": {
    "template": -10000,
    "v_final": 10000
  },
  "duration_s": 2.54,
  "errors": {},
  "expected_hands": 200,
  "measurement_only": true,
  "n_hands": 136,
  "passed": true,
  "sandbox_image": "fullhouse-sandbox:latest",
  "seed": 42,
  "short_hands": true,
  "timings_ms": {
    "template": {
      "count": 135,
      "max_ms": 20.699125016108155,
      "mean_ms": 8.705364234952462,
      "p50_ms": 9.991458151489496,
      "p95_ms": 17.573375022038817,
      "p99_ms": 18.155416008085012
    },
    "v_final": {
      "count": 71,
      "max_ms": 18.306750105693936,
      "mean_ms": 9.287527598388179,
      "p50_ms": 14.82124999165535,
      "p95_ms": 17.771791899576783,
      "p99_ms": 18.22245796211064
    }
  },
  "use_docker": true
}
timed_smoke PASS

# finished_utc=2026-05-28T02:14:31Z
# returncode=0
# duration_s=3.011
