PUBLIC REPO DRIFT H2H 2026-05-29T00:30:21Z
name=dominic_live_master_100k_b142 repo=TobyCoad/fullhouse-engine head_sha=93516f33675d32beaeb3228a554c1323926cd71d bot_path=bots/master/bot.py
hero=/Users/farhad/Code/PokerBot/submissions/v_final.zip sha256=e4b4a8f11f801ecef2eca53629241e83cc9bace8ec74004f19368375f22d9598
opponent_src=consult/artifacts/2026-05-29-public-repo-drift/_clones/TobyCoad_fullhouse-engine/bots/master
opponent_zip=/Users/farhad/Code/PokerBot/consult/artifacts/2026-05-29-public-repo-drift/opponent_zips/dominic_live_master_100k_b142.zip sha256=d09ad23f6f76a3f8e05cc57561af6a75bd554da73c67c476307689842f8b3508
target_scheduled_hands=100000 match_len=500 seed_stride=1000
seed schedule: seed = base + k * seed_stride; each seed runs two seat orientations

seed=142 o=0 hands=  61/500 hero_chip= -10000 hero_bb100_sched=  -20.00 hero_bb100_actual= -163.93 hero_err=0 opp_err=0 dur=0.95s
seed=142 o=1 hands=  46/500 hero_chip= -10000 hero_bb100_sched=  -20.00 hero_bb100_actual= -217.39 hero_err=0 opp_err=0 dur=0.85s
seed=1142 o=0 hands=  13/500 hero_chip= -10000 hero_bb100_sched=  -20.00 hero_bb100_actual= -769.23 hero_err=0 opp_err=0 dur=0.39s
seed=1142 o=1 hands=  24/500 hero_chip= -10000 hero_bb100_sched=  -20.00 hero_bb100_actual= -416.67 hero_err=0 opp_err=0 dur=0.50s
seed=2142 o=0 hands=  12/500 hero_chip= -10000 hero_bb100_sched=  -20.00 hero_bb100_actual= -833.33 hero_err=0 opp_err=0 dur=0.37s
seed=2142 o=1 hands=   6/500 hero_chip= -10000 hero_bb100_sched=  -20.00 hero_bb100_actual=-1666.67 hero_err=0 opp_err=0 dur=0.31s
seed=3142 o=0 hands=  65/500 hero_chip= +10000 hero_bb100_sched=  +20.00 hero_bb100_actual= +153.85 hero_err=0 opp_err=0 dur=1.10s
seed=3142 o=1 hands=  14/500 hero_chip= -10000 hero_bb100_sched=  -20.00 hero_bb100_actual= -714.29 hero_err=0 opp_err=0 dur=0.42s
seed=4142 o=0 hands=  11/500 hero_chip= +10000 hero_bb100_sched=  +20.00 hero_bb100_actual= +909.09 hero_err=0 opp_err=0 dur=0.35s
seed=4142 o=1 hands=  10/500 hero_chip= -10000 hero_bb100_sched=  -20.00 hero_bb100_actual=-1000.00 hero_err=0 opp_err=0 dur=0.33s
seed=5142 o=0 hands=  20/500 hero_chip= -10000 hero_bb100_sched=  -20.00 hero_bb100_actual= -500.00 hero_err=0 opp_err=0 dur=0.44s
seed=5142 o=1 hands=  28/500 hero_chip= -10000 hero_bb100_sched=  -20.00 hero_bb100_actual= -357.14 hero_err=0 opp_err=0 dur=0.57s
seed=6142 o=0 hands=  43/500 hero_chip= +10000 hero_bb100_sched=  +20.00 hero_bb100_actual= +232.56 hero_err=0 opp_err=0 dur=0.76s
seed=6142 o=1 hands=  43/500 hero_chip= -10000 hero_bb100_sched=  -20.00 hero_bb100_actual= -232.56 hero_err=0 opp_err=0 dur=0.72s
seed=7142 o=0 hands=  21/500 hero_chip= -10000 hero_bb100_sched=  -20.00 hero_bb100_actual= -476.19 hero_err=0 opp_err=0 dur=0.47s
seed=7142 o=1 hands=  24/500 hero_chip= -10000 hero_bb100_sched=  -20.00 hero_bb100_actual= -416.67 hero_err=0 opp_err=0 dur=0.50s
seed=8142 o=0 hands=   8/500 hero_chip= +10000 hero_bb100_sched=  +20.00 hero_bb100_actual=+1250.00 hero_err=0 opp_err=0 dur=0.34s
seed=8142 o=1 hands=   9/500 hero_chip= -10000 hero_bb100_sched=  -20.00 hero_bb100_actual=-1111.11 hero_err=0 opp_err=0 dur=0.31s
seed=9142 o=0 hands=  33/500 hero_chip= -10000 hero_bb100_sched=  -20.00 hero_bb100_actual= -303.03 hero_err=0 opp_err=0 dur=0.63s
seed=9142 o=1 hands=  18/500 hero_chip= +10000 hero_bb100_sched=  +20.00 hero_bb100_actual= +555.56 hero_err=0 opp_err=0 dur=0.43s
seed=10142 o=0 hands=  13/500 hero_chip= -10000 hero_bb100_sched=  -20.00 hero_bb100_actual= -769.23 hero_err=0 opp_err=0 dur=0.44s
seed=10142 o=1 hands=  14/500 hero_chip= -10000 hero_bb100_sched=  -20.00 hero_bb100_actual= -714.29 hero_err=0 opp_err=0 dur=0.37s
seed=11142 o=0 hands=  19/500 hero_chip= -10000 hero_bb100_sched=  -20.00 hero_bb100_actual= -526.32 hero_err=0 opp_err=0 dur=0.49s
seed=11142 o=1 hands=  26/500 hero_chip= -10000 hero_bb100_sched=  -20.00 hero_bb100_actual= -384.62 hero_err=0 opp_err=0 dur=0.51s
seed=12142 o=0 hands=  45/500 hero_chip= +10000 hero_bb100_sched=  +20.00 hero_bb100_actual= +222.22 hero_err=0 opp_err=0 dur=0.75s
seed=12142 o=1 hands=   4/500 hero_chip= +10000 hero_bb100_sched=  +20.00 hero_bb100_actual=+2500.00 hero_err=0 opp_err=0 dur=0.22s
seed=13142 o=0 hands=  19/500 hero_chip= -10000 hero_bb100_sched=  -20.00 hero_bb100_actual= -526.32 hero_err=0 opp_err=0 dur=0.48s
seed=13142 o=1 hands=  21/500 hero_chip= -10000 hero_bb100_sched=  -20.00 hero_bb100_actual= -476.19 hero_err=0 opp_err=0 dur=0.57s
seed=14142 o=0 hands=  44/500 hero_chip= -10000 hero_bb100_sched=  -20.00 hero_bb100_actual= -227.27 hero_err=0 opp_err=0 dur=0.71s
seed=14142 o=1 hands=  21/500 hero_chip= -10000 hero_bb100_sched=  -20.00 hero_bb100_actual= -476.19 hero_err=0 opp_err=0 dur=0.43s
seed=15142 o=0 hands=  60/500 hero_chip= -10000 hero_bb100_sched=  -20.00 hero_bb100_actual= -166.67 hero_err=0 opp_err=0 dur=0.94s
seed=15142 o=1 hands=  30/500 hero_chip= -10000 hero_bb100_sched=  -20.00 hero_bb100_actual= -333.33 hero_err=0 opp_err=0 dur=0.63s
seed=16142 o=0 hands=  33/500 hero_chip= +10000 hero_bb100_sched=  +20.00 hero_bb100_actual= +303.03 hero_err=0 opp_err=0 dur=0.58s
seed=16142 o=1 hands=  16/500 hero_chip= -10000 hero_bb100_sched=  -20.00 hero_bb100_actual= -625.00 hero_err=0 opp_err=0 dur=0.39s
seed=17142 o=0 hands=  31/500 hero_chip= -10000 hero_bb100_sched=  -20.00 hero_bb100_actual= -322.58 hero_err=0 opp_err=0 dur=0.57s
seed=17142 o=1 hands=  16/500 hero_chip= -10000 hero_bb100_sched=  -20.00 hero_bb100_actual= -625.00 hero_err=0 opp_err=0 dur=0.38s
seed=18142 o=0 hands=  21/500 hero_chip= -10000 hero_bb100_sched=  -20.00 hero_bb100_actual= -476.19 hero_err=0 opp_err=0 dur=0.45s
seed=18142 o=1 hands=  30/500 hero_chip= -10000 hero_bb100_sched=  -20.00 hero_bb100_actual= -333.33 hero_err=0 opp_err=0 dur=0.59s
seed=19142 o=0 hands=  17/500 hero_chip= -10000 hero_bb100_sched=  -20.00 hero_bb100_actual= -588.24 hero_err=0 opp_err=0 dur=0.45s
seed=19142 o=1 hands=  37/500 hero_chip= -10000 hero_bb100_sched=  -20.00 hero_bb100_actual= -270.27 hero_err=0 opp_err=0 dur=0.68s
seed=20142 o=0 hands=  29/500 hero_chip= -10000 hero_bb100_sched=  -20.00 hero_bb100_actual= -344.83 hero_err=0 opp_err=0 dur=0.56s
seed=20142 o=1 hands=  54/500 hero_chip= -10000 hero_bb100_sched=  -20.00 hero_bb100_actual= -185.19 hero_err=0 opp_err=0 dur=0.81s
seed=21142 o=0 hands=  38/500 hero_chip= -10000 hero_bb100_sched=  -20.00 hero_bb100_actual= -263.16 hero_err=0 opp_err=0 dur=0.64s
seed=21142 o=1 hands=  17/500 hero_chip= -10000 hero_bb100_sched=  -20.00 hero_bb100_actual= -588.24 hero_err=0 opp_err=0 dur=0.44s
seed=22142 o=0 hands=  12/500 hero_chip= -10000 hero_bb100_sched=  -20.00 hero_bb100_actual= -833.33 hero_err=0 opp_err=0 dur=0.36s
seed=22142 o=1 hands=  46/500 hero_chip= -10000 hero_bb100_sched=  -20.00 hero_bb100_actual= -217.39 hero_err=0 opp_err=0 dur=0.68s
seed=23142 o=0 hands=  59/500 hero_chip= -10000 hero_bb100_sched=  -20.00 hero_bb100_actual= -169.49 hero_err=0 opp_err=0 dur=0.93s
seed=23142 o=1 hands=  20/500 hero_chip= -10000 hero_bb100_sched=  -20.00 hero_bb100_actual= -500.00 hero_err=0 opp_err=0 dur=0.48s
seed=24142 o=0 hands=   3/500 hero_chip= -10000 hero_bb100_sched=  -20.00 hero_bb100_actual=-3333.33 hero_err=0 opp_err=0 dur=0.26s
seed=24142 o=1 hands=  81/500 hero_chip= -10000 hero_bb100_sched=  -20.00 hero_bb100_actual= -123.46 hero_err=0 opp_err=0 dur=1.11s
seed=25142 o=0 hands=   5/500 hero_chip= +10000 hero_bb100_sched=  +20.00 hero_bb100_actual=+2000.00 hero_err=0 opp_err=0 dur=0.28s
seed=25142 o=1 hands=   5/500 hero_chip= -10000 hero_bb100_sched=  -20.00 hero_bb100_actual=-2000.00 hero_err=0 opp_err=0 dur=0.27s
seed=26142 o=0 hands=  29/500 hero_chip= -10000 hero_bb100_sched=  -20.00 hero_bb100_actual= -344.83 hero_err=0 opp_err=0 dur=0.59s
seed=26142 o=1 hands=  44/500 hero_chip= -10000 hero_bb100_sched=  -20.00 hero_bb100_actual= -227.27 hero_err=0 opp_err=0 dur=0.81s
seed=27142 o=0 hands=  19/500 hero_chip= +10000 hero_bb100_sched=  +20.00 hero_bb100_actual= +526.32 hero_err=0 opp_err=0 dur=0.45s
seed=27142 o=1 hands=  16/500 hero_chip= -10000 hero_bb100_sched=  -20.00 hero_bb100_actual= -625.00 hero_err=0 opp_err=0 dur=0.42s
seed=28142 o=0 hands=  53/500 hero_chip= -10000 hero_bb100_sched=  -20.00 hero_bb100_actual= -188.68 hero_err=0 opp_err=0 dur=0.93s
seed=28142 o=1 hands=  25/500 hero_chip= -10000 hero_bb100_sched=  -20.00 hero_bb100_actual= -400.00 hero_err=0 opp_err=0 dur=0.50s
seed=29142 o=0 hands=  18/500 hero_chip= -10000 hero_bb100_sched=  -20.00 hero_bb100_actual= -555.56 hero_err=0 opp_err=0 dur=0.42s
seed=29142 o=1 hands=  25/500 hero_chip= -10000 hero_bb100_sched=  -20.00 hero_bb100_actual= -400.00 hero_err=0 opp_err=0 dur=0.51s
seed=30142 o=0 hands=  16/500 hero_chip= -10000 hero_bb100_sched=  -20.00 hero_bb100_actual= -625.00 hero_err=0 opp_err=0 dur=0.40s
seed=30142 o=1 hands=  32/500 hero_chip= -10000 hero_bb100_sched=  -20.00 hero_bb100_actual= -312.50 hero_err=0 opp_err=0 dur=0.59s
seed=31142 o=0 hands=  11/500 hero_chip= -10000 hero_bb100_sched=  -20.00 hero_bb100_actual= -909.09 hero_err=0 opp_err=0 dur=0.39s
seed=31142 o=1 hands=  39/500 hero_chip= -10000 hero_bb100_sched=  -20.00 hero_bb100_actual= -256.41 hero_err=0 opp_err=0 dur=0.71s
seed=32142 o=0 hands=  52/500 hero_chip= -10000 hero_bb100_sched=  -20.00 hero_bb100_actual= -192.31 hero_err=0 opp_err=0 dur=0.76s
seed=32142 o=1 hands=  24/500 hero_chip= -10000 hero_bb100_sched=  -20.00 hero_bb100_actual= -416.67 hero_err=0 opp_err=0 dur=0.56s
seed=33142 o=0 hands=  13/500 hero_chip= -10000 hero_bb100_sched=  -20.00 hero_bb100_actual= -769.23 hero_err=0 opp_err=0 dur=0.37s
seed=33142 o=1 hands=  30/500 hero_chip= -10000 hero_bb100_sched=  -20.00 hero_bb100_actual= -333.33 hero_err=0 opp_err=0 dur=0.59s
seed=34142 o=0 hands=  29/500 hero_chip= -10000 hero_bb100_sched=  -20.00 hero_bb100_actual= -344.83 hero_err=0 opp_err=0 dur=0.62s
seed=34142 o=1 hands=   6/500 hero_chip= -10000 hero_bb100_sched=  -20.00 hero_bb100_actual=-1666.67 hero_err=0 opp_err=0 dur=0.35s
seed=35142 o=0 hands=  14/500 hero_chip= -10000 hero_bb100_sched=  -20.00 hero_bb100_actual= -714.29 hero_err=0 opp_err=0 dur=0.42s
seed=35142 o=1 hands=  17/500 hero_chip= -10000 hero_bb100_sched=  -20.00 hero_bb100_actual= -588.24 hero_err=0 opp_err=0 dur=0.42s
seed=36142 o=0 hands=  53/500 hero_chip= -10000 hero_bb100_sched=  -20.00 hero_bb100_actual= -188.68 hero_err=0 opp_err=0 dur=0.86s
seed=36142 o=1 hands=  14/500 hero_chip= -10000 hero_bb100_sched=  -20.00 hero_bb100_actual= -714.29 hero_err=0 opp_err=0 dur=0.41s
seed=37142 o=0 hands=  32/500 hero_chip= -10000 hero_bb100_sched=  -20.00 hero_bb100_actual= -312.50 hero_err=0 opp_err=0 dur=0.63s
seed=37142 o=1 hands=  52/500 hero_chip= -10000 hero_bb100_sched=  -20.00 hero_bb100_actual= -192.31 hero_err=0 opp_err=0 dur=0.76s
seed=38142 o=0 hands=  10/500 hero_chip= -10000 hero_bb100_sched=  -20.00 hero_bb100_actual=-1000.00 hero_err=0 opp_err=0 dur=0.38s
seed=38142 o=1 hands=  30/500 hero_chip= -10000 hero_bb100_sched=  -20.00 hero_bb100_actual= -333.33 hero_err=0 opp_err=0 dur=0.53s
seed=39142 o=0 hands=  27/500 hero_chip= -10000 hero_bb100_sched=  -20.00 hero_bb100_actual= -370.37 hero_err=0 opp_err=0 dur=0.56s
seed=39142 o=1 hands=  10/500 hero_chip= -10000 hero_bb100_sched=  -20.00 hero_bb100_actual=-1000.00 hero_err=0 opp_err=0 dur=0.32s
seed=40142 o=0 hands=  35/500 hero_chip= -10000 hero_bb100_sched=  -20.00 hero_bb100_actual= -285.71 hero_err=0 opp_err=0 dur=0.64s
seed=40142 o=1 hands=  25/500 hero_chip= -10000 hero_bb100_sched=  -20.00 hero_bb100_actual= -400.00 hero_err=0 opp_err=0 dur=0.52s
seed=41142 o=0 hands=  16/500 hero_chip= -10000 hero_bb100_sched=  -20.00 hero_bb100_actual= -625.00 hero_err=0 opp_err=0 dur=0.36s
seed=41142 o=1 hands=  10/500 hero_chip= -10000 hero_bb100_sched=  -20.00 hero_bb100_actual=-1000.00 hero_err=0 opp_err=0 dur=0.39s
seed=42142 o=0 hands=  25/500 hero_chip= -10000 hero_bb100_sched=  -20.00 hero_bb100_actual= -400.00 hero_err=0 opp_err=0 dur=0.45s
seed=42142 o=1 hands=  11/500 hero_chip= -10000 hero_bb100_sched=  -20.00 hero_bb100_actual= -909.09 hero_err=0 opp_err=0 dur=0.35s
seed=43142 o=0 hands=  26/500 hero_chip= -10000 hero_bb100_sched=  -20.00 hero_bb100_actual= -384.62 hero_err=0 opp_err=0 dur=0.53s
seed=43142 o=1 hands=  32/500 hero_chip= +10000 hero_bb100_sched=  +20.00 hero_bb100_actual= +312.50 hero_err=0 opp_err=0 dur=0.63s
seed=44142 o=0 hands=  20/500 hero_chip= -10000 hero_bb100_sched=  -20.00 hero_bb100_actual= -500.00 hero_err=0 opp_err=0 dur=0.49s
seed=44142 o=1 hands=  12/500 hero_chip= -10000 hero_bb100_sched=  -20.00 hero_bb100_actual= -833.33 hero_err=0 opp_err=0 dur=0.38s
seed=45142 o=0 hands=  21/500 hero_chip= -10000 hero_bb100_sched=  -20.00 hero_bb100_actual= -476.19 hero_err=0 opp_err=0 dur=0.46s
seed=45142 o=1 hands=  32/500 hero_chip= -10000 hero_bb100_sched=  -20.00 hero_bb100_actual= -312.50 hero_err=0 opp_err=0 dur=0.59s
seed=46142 o=0 hands=  35/500 hero_chip= -10000 hero_bb100_sched=  -20.00 hero_bb100_actual= -285.71 hero_err=0 opp_err=0 dur=0.65s
seed=46142 o=1 hands=   9/500 hero_chip= -10000 hero_bb100_sched=  -20.00 hero_bb100_actual=-1111.11 hero_err=0 opp_err=0 dur=0.33s
seed=47142 o=0 hands=  49/500 hero_chip= +10000 hero_bb100_sched=  +20.00 hero_bb100_actual= +204.08 hero_err=0 opp_err=0 dur=0.81s
seed=47142 o=1 hands=  18/500 hero_chip= -10000 hero_bb100_sched=  -20.00 hero_bb100_actual= -555.56 hero_err=0 opp_err=0 dur=0.45s
seed=48142 o=0 hands=  25/500 hero_chip= +10000 hero_bb100_sched=  +20.00 hero_bb100_actual= +400.00 hero_err=0 opp_err=0 dur=0.55s
seed=48142 o=1 hands=  17/500 hero_chip= -10000 hero_bb100_sched=  -20.00 hero_bb100_actual= -588.24 hero_err=0 opp_err=0 dur=0.41s
seed=49142 o=0 hands=  41/500 hero_chip= +10000 hero_bb100_sched=  +20.00 hero_bb100_actual= +243.90 hero_err=0 opp_err=0 dur=0.66s
seed=49142 o=1 hands=  17/500 hero_chip= -10000 hero_bb100_sched=  -20.00 hero_bb100_actual= -588.24 hero_err=0 opp_err=0 dur=0.44s
seed=50142 o=0 hands=  44/500 hero_chip= -10000 hero_bb100_sched=  -20.00 hero_bb100_actual= -227.27 hero_err=0 opp_err=0 dur=0.71s
seed=50142 o=1 hands=  23/500 hero_chip= -10000 hero_bb100_sched=  -20.00 hero_bb100_actual= -434.78 hero_err=0 opp_err=0 dur=0.48s
seed=51142 o=0 hands=  29/500 hero_chip= -10000 hero_bb100_sched=  -20.00 hero_bb100_actual= -344.83 hero_err=0 opp_err=0 dur=0.61s
seed=51142 o=1 hands=  25/500 hero_chip= -10000 hero_bb100_sched=  -20.00 hero_bb100_actual= -400.00 hero_err=0 opp_err=0 dur=0.48s
seed=52142 o=0 hands=  57/500 hero_chip= -10000 hero_bb100_sched=  -20.00 hero_bb100_actual= -175.44 hero_err=0 opp_err=0 dur=0.85s
seed=52142 o=1 hands=  34/500 hero_chip= -10000 hero_bb100_sched=  -20.00 hero_bb100_actual= -294.12 hero_err=0 opp_err=0 dur=0.64s
seed=53142 o=0 hands=  57/500 hero_chip= -10000 hero_bb100_sched=  -20.00 hero_bb100_actual= -175.44 hero_err=0 opp_err=0 dur=0.89s
seed=53142 o=1 hands=  54/500 hero_chip= -10000 hero_bb100_sched=  -20.00 hero_bb100_actual= -185.19 hero_err=0 opp_err=0 dur=0.86s
seed=54142 o=0 hands=   4/500 hero_chip= +10000 hero_bb100_sched=  +20.00 hero_bb100_actual=+2500.00 hero_err=0 opp_err=0 dur=0.18s
seed=54142 o=1 hands=  28/500 hero_chip= -10000 hero_bb100_sched=  -20.00 hero_bb100_actual= -357.14 hero_err=0 opp_err=0 dur=0.47s
seed=55142 o=0 hands=  96/500 hero_chip= -10000 hero_bb100_sched=  -20.00 hero_bb100_actual= -104.17 hero_err=0 opp_err=0 dur=1.39s
seed=55142 o=1 hands=  18/500 hero_chip= -10000 hero_bb100_sched=  -20.00 hero_bb100_actual= -555.56 hero_err=0 opp_err=0 dur=0.38s
seed=56142 o=0 hands=  15/500 hero_chip= -10000 hero_bb100_sched=  -20.00 hero_bb100_actual= -666.67 hero_err=0 opp_err=0 dur=0.39s
seed=56142 o=1 hands=  16/500 hero_chip= -10000 hero_bb100_sched=  -20.00 hero_bb100_actual= -625.00 hero_err=0 opp_err=0 dur=0.39s
seed=57142 o=0 hands=  27/500 hero_chip= -10000 hero_bb100_sched=  -20.00 hero_bb100_actual= -370.37 hero_err=0 opp_err=0 dur=0.55s
seed=57142 o=1 hands=  52/500 hero_chip= -10000 hero_bb100_sched=  -20.00 hero_bb100_actual= -192.31 hero_err=0 opp_err=0 dur=0.85s
seed=58142 o=0 hands=  18/500 hero_chip= +10000 hero_bb100_sched=  +20.00 hero_bb100_actual= +555.56 hero_err=0 opp_err=0 dur=0.44s
seed=58142 o=1 hands=  17/500 hero_chip= -10000 hero_bb100_sched=  -20.00 hero_bb100_actual= -588.24 hero_err=0 opp_err=0 dur=0.40s
seed=59142 o=0 hands=   9/500 hero_chip= -10000 hero_bb100_sched=  -20.00 hero_bb100_actual=-1111.11 hero_err=0 opp_err=0 dur=0.33s
seed=59142 o=1 hands=  15/500 hero_chip= +10000 hero_bb100_sched=  +20.00 hero_bb100_actual= +666.67 hero_err=0 opp_err=0 dur=0.40s
seed=60142 o=0 hands=  19/500 hero_chip= -10000 hero_bb100_sched=  -20.00 hero_bb100_actual= -526.32 hero_err=0 opp_err=0 dur=0.49s
seed=60142 o=1 hands=  37/500 hero_chip= -10000 hero_bb100_sched=  -20.00 hero_bb100_actual= -270.27 hero_err=0 opp_err=0 dur=0.71s
seed=61142 o=0 hands=  44/500 hero_chip= -10000 hero_bb100_sched=  -20.00 hero_bb100_actual= -227.27 hero_err=0 opp_err=0 dur=0.82s
seed=61142 o=1 hands=  19/500 hero_chip= -10000 hero_bb100_sched=  -20.00 hero_bb100_actual= -526.32 hero_err=0 opp_err=0 dur=0.41s
seed=62142 o=0 hands=  49/500 hero_chip= -10000 hero_bb100_sched=  -20.00 hero_bb100_actual= -204.08 hero_err=0 opp_err=0 dur=0.73s
seed=62142 o=1 hands=  11/500 hero_chip= -10000 hero_bb100_sched=  -20.00 hero_bb100_actual= -909.09 hero_err=0 opp_err=0 dur=0.37s
seed=63142 o=0 hands=  59/500 hero_chip= +10000 hero_bb100_sched=  +20.00 hero_bb100_actual= +169.49 hero_err=0 opp_err=0 dur=0.92s
seed=63142 o=1 hands=  10/500 hero_chip= -10000 hero_bb100_sched=  -20.00 hero_bb100_actual=-1000.00 hero_err=0 opp_err=0 dur=0.37s
seed=64142 o=0 hands=  13/500 hero_chip= -10000 hero_bb100_sched=  -20.00 hero_bb100_actual= -769.23 hero_err=0 opp_err=0 dur=0.41s
seed=64142 o=1 hands=  28/500 hero_chip= -10000 hero_bb100_sched=  -20.00 hero_bb100_actual= -357.14 hero_err=0 opp_err=0 dur=0.58s
seed=65142 o=0 hands=  11/500 hero_chip= -10000 hero_bb100_sched=  -20.00 hero_bb100_actual= -909.09 hero_err=0 opp_err=0 dur=0.36s
seed=65142 o=1 hands=  30/500 hero_chip= -10000 hero_bb100_sched=  -20.00 hero_bb100_actual= -333.33 hero_err=0 opp_err=0 dur=0.55s
seed=66142 o=0 hands=  24/500 hero_chip= -10000 hero_bb100_sched=  -20.00 hero_bb100_actual= -416.67 hero_err=0 opp_err=0 dur=0.51s
seed=66142 o=1 hands=  28/500 hero_chip= -10000 hero_bb100_sched=  -20.00 hero_bb100_actual= -357.14 hero_err=0 opp_err=0 dur=0.54s
seed=67142 o=0 hands=  37/500 hero_chip= +10000 hero_bb100_sched=  +20.00 hero_bb100_actual= +270.27 hero_err=0 opp_err=0 dur=0.67s
seed=67142 o=1 hands=  35/500 hero_chip= -10000 hero_bb100_sched=  -20.00 hero_bb100_actual= -285.71 hero_err=0 opp_err=0 dur=0.66s
seed=68142 o=0 hands=  17/500 hero_chip= -10000 hero_bb100_sched=  -20.00 hero_bb100_actual= -588.24 hero_err=0 opp_err=0 dur=0.38s
seed=68142 o=1 hands=  48/500 hero_chip= +10000 hero_bb100_sched=  +20.00 hero_bb100_actual= +208.33 hero_err=0 opp_err=0 dur=0.79s
seed=69142 o=0 hands=  12/500 hero_chip= -10000 hero_bb100_sched=  -20.00 hero_bb100_actual= -833.33 hero_err=0 opp_err=0 dur=0.40s
seed=69142 o=1 hands=  10/500 hero_chip= -10000 hero_bb100_sched=  -20.00 hero_bb100_actual=-1000.00 hero_err=0 opp_err=0 dur=0.38s
seed=70142 o=0 hands=  33/500 hero_chip= -10000 hero_bb100_sched=  -20.00 hero_bb100_actual= -303.03 hero_err=0 opp_err=0 dur=0.60s
seed=70142 o=1 hands=  17/500 hero_chip= -10000 hero_bb100_sched=  -20.00 hero_bb100_actual= -588.24 hero_err=0 opp_err=0 dur=0.43s
seed=71142 o=0 hands=  24/500 hero_chip= +10000 hero_bb100_sched=  +20.00 hero_bb100_actual= +416.67 hero_err=0 opp_err=0 dur=0.49s
seed=71142 o=1 hands=   9/500 hero_chip= -10000 hero_bb100_sched=  -20.00 hero_bb100_actual=-1111.11 hero_err=0 opp_err=0 dur=0.34s
seed=72142 o=0 hands=  29/500 hero_chip= -10000 hero_bb100_sched=  -20.00 hero_bb100_actual= -344.83 hero_err=0 opp_err=0 dur=0.59s
seed=72142 o=1 hands=  25/500 hero_chip= -10000 hero_bb100_sched=  -20.00 hero_bb100_actual= -400.00 hero_err=0 opp_err=0 dur=0.54s
seed=73142 o=0 hands= 105/500 hero_chip= -10000 hero_bb100_sched=  -20.00 hero_bb100_actual=  -95.24 hero_err=0 opp_err=0 dur=1.47s
seed=73142 o=1 hands=  28/500 hero_chip= -10000 hero_bb100_sched=  -20.00 hero_bb100_actual= -357.14 hero_err=0 opp_err=0 dur=0.56s
seed=74142 o=0 hands=  13/500 hero_chip= -10000 hero_bb100_sched=  -20.00 hero_bb100_actual= -769.23 hero_err=0 opp_err=0 dur=0.40s
seed=74142 o=1 hands=  40/500 hero_chip= -10000 hero_bb100_sched=  -20.00 hero_bb100_actual= -250.00 hero_err=0 opp_err=0 dur=0.62s
seed=75142 o=0 hands=  17/500 hero_chip= -10000 hero_bb100_sched=  -20.00 hero_bb100_actual= -588.24 hero_err=0 opp_err=0 dur=0.44s
seed=75142 o=1 hands=  13/500 hero_chip= -10000 hero_bb100_sched=  -20.00 hero_bb100_actual= -769.23 hero_err=0 opp_err=0 dur=0.36s
seed=76142 o=0 hands=  27/500 hero_chip= -10000 hero_bb100_sched=  -20.00 hero_bb100_actual= -370.37 hero_err=0 opp_err=0 dur=0.47s
seed=76142 o=1 hands=  14/500 hero_chip= +10000 hero_bb100_sched=  +20.00 hero_bb100_actual= +714.29 hero_err=0 opp_err=0 dur=0.44s
seed=77142 o=0 hands=  17/500 hero_chip= -10000 hero_bb100_sched=  -20.00 hero_bb100_actual= -588.24 hero_err=0 opp_err=0 dur=0.41s
seed=77142 o=1 hands=  20/500 hero_chip= -10000 hero_bb100_sched=  -20.00 hero_bb100_actual= -500.00 hero_err=0 opp_err=0 dur=0.51s
seed=78142 o=0 hands=  29/500 hero_chip= -10000 hero_bb100_sched=  -20.00 hero_bb100_actual= -344.83 hero_err=0 opp_err=0 dur=0.60s
seed=78142 o=1 hands=  33/500 hero_chip= -10000 hero_bb100_sched=  -20.00 hero_bb100_actual= -303.03 hero_err=0 opp_err=0 dur=0.58s
seed=79142 o=0 hands=  17/500 hero_chip= -10000 hero_bb100_sched=  -20.00 hero_bb100_actual= -588.24 hero_err=0 opp_err=0 dur=0.40s
seed=79142 o=1 hands=  29/500 hero_chip= -10000 hero_bb100_sched=  -20.00 hero_bb100_actual= -344.83 hero_err=0 opp_err=0 dur=0.57s
seed=80142 o=0 hands=  22/500 hero_chip= -10000 hero_bb100_sched=  -20.00 hero_bb100_actual= -454.55 hero_err=0 opp_err=0 dur=0.47s
seed=80142 o=1 hands=  11/500 hero_chip= -10000 hero_bb100_sched=  -20.00 hero_bb100_actual= -909.09 hero_err=0 opp_err=0 dur=0.34s
seed=81142 o=0 hands=  13/500 hero_chip= -10000 hero_bb100_sched=  -20.00 hero_bb100_actual= -769.23 hero_err=0 opp_err=0 dur=0.38s
seed=81142 o=1 hands=  43/500 hero_chip= -10000 hero_bb100_sched=  -20.00 hero_bb100_actual= -232.56 hero_err=0 opp_err=0 dur=0.72s
seed=82142 o=0 hands=  89/500 hero_chip= -10000 hero_bb100_sched=  -20.00 hero_bb100_actual= -112.36 hero_err=0 opp_err=0 dur=1.26s
seed=82142 o=1 hands=  54/500 hero_chip= -10000 hero_bb100_sched=  -20.00 hero_bb100_actual= -185.19 hero_err=0 opp_err=0 dur=0.82s
seed=83142 o=0 hands=  27/500 hero_chip= -10000 hero_bb100_sched=  -20.00 hero_bb100_actual= -370.37 hero_err=0 opp_err=0 dur=0.55s
seed=83142 o=1 hands=  38/500 hero_chip= -10000 hero_bb100_sched=  -20.00 hero_bb100_actual= -263.16 hero_err=0 opp_err=0 dur=0.64s
seed=84142 o=0 hands=  27/500 hero_chip= -10000 hero_bb100_sched=  -20.00 hero_bb100_actual= -370.37 hero_err=0 opp_err=0 dur=0.54s
seed=84142 o=1 hands=  28/500 hero_chip= -10000 hero_bb100_sched=  -20.00 hero_bb100_actual= -357.14 hero_err=0 opp_err=0 dur=0.52s
seed=85142 o=0 hands=  14/500 hero_chip= -10000 hero_bb100_sched=  -20.00 hero_bb100_actual= -714.29 hero_err=0 opp_err=0 dur=0.35s
seed=85142 o=1 hands=  43/500 hero_chip= +10000 hero_bb100_sched=  +20.00 hero_bb100_actual= +232.56 hero_err=0 opp_err=0 dur=0.79s
seed=86142 o=0 hands=  11/500 hero_chip= +10000 hero_bb100_sched=  +20.00 hero_bb100_actual= +909.09 hero_err=0 opp_err=0 dur=0.38s
seed=86142 o=1 hands=  16/500 hero_chip= -10000 hero_bb100_sched=  -20.00 hero_bb100_actual= -625.00 hero_err=0 opp_err=0 dur=0.43s
seed=87142 o=0 hands=   9/500 hero_chip= +10000 hero_bb100_sched=  +20.00 hero_bb100_actual=+1111.11 hero_err=0 opp_err=0 dur=0.36s
seed=87142 o=1 hands=  24/500 hero_chip= -10000 hero_bb100_sched=  -20.00 hero_bb100_actual= -416.67 hero_err=0 opp_err=0 dur=0.58s
seed=88142 o=0 hands=  17/500 hero_chip= -10000 hero_bb100_sched=  -20.00 hero_bb100_actual= -588.24 hero_err=0 opp_err=0 dur=0.41s
seed=88142 o=1 hands=  34/500 hero_chip= -10000 hero_bb100_sched=  -20.00 hero_bb100_actual= -294.12 hero_err=0 opp_err=0 dur=0.60s
seed=89142 o=0 hands=  13/500 hero_chip= +10000 hero_bb100_sched=  +20.00 hero_bb100_actual= +769.23 hero_err=0 opp_err=0 dur=0.34s
seed=89142 o=1 hands=   5/500 hero_chip= +10000 hero_bb100_sched=  +20.00 hero_bb100_actual=+2000.00 hero_err=0 opp_err=0 dur=0.20s
seed=90142 o=0 hands=  11/500 hero_chip= -10000 hero_bb100_sched=  -20.00 hero_bb100_actual= -909.09 hero_err=0 opp_err=0 dur=0.35s
seed=90142 o=1 hands=  26/500 hero_chip= -10000 hero_bb100_sched=  -20.00 hero_bb100_actual= -384.62 hero_err=0 opp_err=0 dur=0.56s
seed=91142 o=0 hands=  34/500 hero_chip= -10000 hero_bb100_sched=  -20.00 hero_bb100_actual= -294.12 hero_err=0 opp_err=0 dur=0.64s
seed=91142 o=1 hands=  27/500 hero_chip= -10000 hero_bb100_sched=  -20.00 hero_bb100_actual= -370.37 hero_err=0 opp_err=0 dur=0.53s
seed=92142 o=0 hands=  37/500 hero_chip= -10000 hero_bb100_sched=  -20.00 hero_bb100_actual= -270.27 hero_err=0 opp_err=0 dur=0.73s
seed=92142 o=1 hands=  24/500 hero_chip= -10000 hero_bb100_sched=  -20.00 hero_bb100_actual= -416.67 hero_err=0 opp_err=0 dur=0.56s
seed=93142 o=0 hands=  43/500 hero_chip= -10000 hero_bb100_sched=  -20.00 hero_bb100_actual= -232.56 hero_err=0 opp_err=0 dur=0.79s
seed=93142 o=1 hands=  28/500 hero_chip= -10000 hero_bb100_sched=  -20.00 hero_bb100_actual= -357.14 hero_err=0 opp_err=0 dur=0.51s
seed=94142 o=0 hands=  23/500 hero_chip= +10000 hero_bb100_sched=  +20.00 hero_bb100_actual= +434.78 hero_err=0 opp_err=0 dur=0.55s
seed=94142 o=1 hands=   7/500 hero_chip= -10000 hero_bb100_sched=  -20.00 hero_bb100_actual=-1428.57 hero_err=0 opp_err=0 dur=0.31s
seed=95142 o=0 hands=  26/500 hero_chip= -10000 hero_bb100_sched=  -20.00 hero_bb100_actual= -384.62 hero_err=0 opp_err=0 dur=0.54s
seed=95142 o=1 hands=  23/500 hero_chip= -10000 hero_bb100_sched=  -20.00 hero_bb100_actual= -434.78 hero_err=0 opp_err=0 dur=0.53s
seed=96142 o=0 hands=  39/500 hero_chip= -10000 hero_bb100_sched=  -20.00 hero_bb100_actual= -256.41 hero_err=0 opp_err=0 dur=0.70s
seed=96142 o=1 hands=  10/500 hero_chip= -10000 hero_bb100_sched=  -20.00 hero_bb100_actual=-1000.00 hero_err=0 opp_err=0 dur=0.37s
seed=97142 o=0 hands=  29/500 hero_chip= -10000 hero_bb100_sched=  -20.00 hero_bb100_actual= -344.83 hero_err=0 opp_err=0 dur=0.55s
seed=97142 o=1 hands=  40/500 hero_chip= -10000 hero_bb100_sched=  -20.00 hero_bb100_actual= -250.00 hero_err=0 opp_err=0 dur=0.72s
seed=98142 o=0 hands=  25/500 hero_chip= -10000 hero_bb100_sched=  -20.00 hero_bb100_actual= -400.00 hero_err=0 opp_err=0 dur=0.56s
seed=98142 o=1 hands=  31/500 hero_chip= +10000 hero_bb100_sched=  +20.00 hero_bb100_actual= +322.58 hero_err=0 opp_err=0 dur=0.57s
seed=99142 o=0 hands=  13/500 hero_chip= -10000 hero_bb100_sched=  -20.00 hero_bb100_actual= -769.23 hero_err=0 opp_err=0 dur=0.39s
seed=99142 o=1 hands=  31/500 hero_chip= +10000 hero_bb100_sched=  +20.00 hero_bb100_actual= +322.58 hero_err=0 opp_err=0 dur=0.56s

SUMMARY_JSON {"attempted_hands": 100000, "base": 142, "bot_path": "bots/master/bot.py", "ci_half_width": 2.0, "ci_high": -12.0, "ci_low": -16.0, "created_at": "2026-05-29T00:32:12Z", "early_bust_matches": 200, "early_bust_rate": 1.0, "hands_played": 5394, "head_sha": "93516f33675d32beaeb3228a554c1323926cd71d", "hero_actual_bb_per_100": -259.5476455320727, "hero_bb_per_100": -14.0, "hero_chip_delta": -1400000, "hero_errors": 0, "hero_max_decide_latency_s": 0.03169162501581013, "hero_p99_decide_latency_s": 0.003369749989360571, "hero_zip": {"data_bytes": 19758, "has_root_bot_py": true, "path": "/Users/farhad/Code/PokerBot/submissions/v_final.zip", "sha256": "e4b4a8f11f801ecef2eca53629241e83cc9bace8ec74004f19368375f22d9598", "size_bytes": 28208}, "json_path": "/Users/farhad/Code/PokerBot/consult/artifacts/2026-05-29-public-repo-drift/logs/dominic_live_master_100k_b142_s142.json", "log_path": "/Users/farhad/Code/PokerBot/consult/artifacts/2026-05-29-public-repo-drift/logs/dominic_live_master_100k_b142_s142.log", "match_len": 500, "matches": 200, "name": "dominic_live_master_100k_b142", "opponent_errors": 0, "opponent_p99_decide_latency_s": 0.011484416201710701, "opponent_zip": {"data_bytes": 0, "has_root_bot_py": true, "path": "/Users/farhad/Code/PokerBot/consult/artifacts/2026-05-29-public-repo-drift/opponent_zips/dominic_live_master_100k_b142.zip", "sha256": "d09ad23f6f76a3f8e05cc57561af6a75bd554da73c67c476307689842f8b3508", "size_bytes": 4880}, "repo": "TobyCoad/fullhouse-engine", "seed_pairs": 100, "seed_stride": 1000, "stdout_noise": {}, "stdout_noise_examples": {}, "target_scheduled_hands": 100000, "verdict": "RED"}
SUMMARY name=dominic_live_master_100k_b142 base=142 verdict=RED bb100=-14.00 ci=[-16.00,-12.00] half_width=2.00 scheduled=100000 actual_hands=5394 early_bust_rate=1.000 hero_errors=0 opp_errors=0 hero_p99_latency_s=0.0034
