PUBLIC SATURATION 2026-05-28T01:08:38Z
opponent=dominic base=142
hero=/Users/farhad/Code/PokerBot/submissions/v_final.zip sha256=e4b4a8f11f801ecef2eca53629241e83cc9bace8ec74004f19368375f22d9598
opponent_zip=/Users/farhad/Code/PokerBot/consult/artifacts/2026-05-28-public-saturation/opponent_zips/dominic.zip sha256=4d96cf393962e6c5ff45b8cf95ba45dbfb64153aaeeb75bd5ccdebc0649aa950
target_scheduled_hands=100000 match_len=500 seed_stride=1000
seed schedule: seed = base + k * seed_stride; each seed runs two seat orientations

seed=142 o=0 hands= 284/500 hero_chip= +10000 hero_bb100_sched=  +20.00 hero_bb100_actual=  +35.21 hero_err=0 opp_err=0 dur=5.24s
seed=142 o=1 hands= 121/500 hero_chip= -10000 hero_bb100_sched=  -20.00 hero_bb100_actual=  -82.64 hero_err=0 opp_err=0 dur=2.00s
seed=1142 o=0 hands=  64/500 hero_chip= +10000 hero_bb100_sched=  +20.00 hero_bb100_actual= +156.25 hero_err=0 opp_err=0 dur=1.17s
seed=1142 o=1 hands= 147/500 hero_chip= +10000 hero_bb100_sched=  +20.00 hero_bb100_actual=  +68.03 hero_err=0 opp_err=0 dur=1.95s
seed=2142 o=0 hands= 119/500 hero_chip= -10000 hero_bb100_sched=  -20.00 hero_bb100_actual=  -84.03 hero_err=0 opp_err=0 dur=1.86s
seed=2142 o=1 hands=  94/500 hero_chip= +10000 hero_bb100_sched=  +20.00 hero_bb100_actual= +106.38 hero_err=0 opp_err=0 dur=1.81s
seed=3142 o=0 hands= 234/500 hero_chip= +10000 hero_bb100_sched=  +20.00 hero_bb100_actual=  +42.74 hero_err=0 opp_err=0 dur=4.23s
seed=3142 o=1 hands= 208/500 hero_chip= +10000 hero_bb100_sched=  +20.00 hero_bb100_actual=  +48.08 hero_err=0 opp_err=0 dur=2.82s
seed=4142 o=0 hands= 252/500 hero_chip= +10000 hero_bb100_sched=  +20.00 hero_bb100_actual=  +39.68 hero_err=0 opp_err=0 dur=3.12s
seed=4142 o=1 hands= 137/500 hero_chip= -10000 hero_bb100_sched=  -20.00 hero_bb100_actual=  -72.99 hero_err=0 opp_err=0 dur=3.00s
seed=5142 o=0 hands=  60/500 hero_chip= +10000 hero_bb100_sched=  +20.00 hero_bb100_actual= +166.67 hero_err=0 opp_err=0 dur=1.46s
seed=5142 o=1 hands= 135/500 hero_chip= -10000 hero_bb100_sched=  -20.00 hero_bb100_actual=  -74.07 hero_err=0 opp_err=0 dur=3.27s
seed=6142 o=0 hands= 500/500 hero_chip=  +3603 hero_bb100_sched=   +7.21 hero_bb100_actual=   +7.21 hero_err=0 opp_err=0 dur=9.11s
seed=6142 o=1 hands=  64/500 hero_chip= -10000 hero_bb100_sched=  -20.00 hero_bb100_actual= -156.25 hero_err=0 opp_err=0 dur=1.80s
seed=7142 o=0 hands=  59/500 hero_chip= -10000 hero_bb100_sched=  -20.00 hero_bb100_actual= -169.49 hero_err=0 opp_err=0 dur=1.73s
seed=7142 o=1 hands= 430/500 hero_chip= -10000 hero_bb100_sched=  -20.00 hero_bb100_actual=  -23.26 hero_err=0 opp_err=0 dur=7.80s
seed=8142 o=0 hands= 331/500 hero_chip= +10000 hero_bb100_sched=  +20.00 hero_bb100_actual=  +30.21 hero_err=0 opp_err=0 dur=5.04s
seed=8142 o=1 hands= 229/500 hero_chip= -10000 hero_bb100_sched=  -20.00 hero_bb100_actual=  -43.67 hero_err=0 opp_err=0 dur=4.31s
seed=9142 o=0 hands=  46/500 hero_chip= -10000 hero_bb100_sched=  -20.00 hero_bb100_actual= -217.39 hero_err=0 opp_err=0 dur=1.11s
seed=9142 o=1 hands= 106/500 hero_chip= -10000 hero_bb100_sched=  -20.00 hero_bb100_actual=  -94.34 hero_err=0 opp_err=0 dur=2.11s
seed=10142 o=0 hands= 494/500 hero_chip= -10000 hero_bb100_sched=  -20.00 hero_bb100_actual=  -20.24 hero_err=0 opp_err=0 dur=8.50s
seed=10142 o=1 hands= 126/500 hero_chip= +10000 hero_bb100_sched=  +20.00 hero_bb100_actual=  +79.37 hero_err=0 opp_err=0 dur=2.59s
seed=11142 o=0 hands= 117/500 hero_chip= -10000 hero_bb100_sched=  -20.00 hero_bb100_actual=  -85.47 hero_err=0 opp_err=0 dur=3.13s
seed=11142 o=1 hands= 253/500 hero_chip= -10000 hero_bb100_sched=  -20.00 hero_bb100_actual=  -39.53 hero_err=0 opp_err=0 dur=4.19s
seed=12142 o=0 hands=  29/500 hero_chip= -10000 hero_bb100_sched=  -20.00 hero_bb100_actual= -344.83 hero_err=0 opp_err=0 dur=1.71s
seed=12142 o=1 hands= 168/500 hero_chip= -10000 hero_bb100_sched=  -20.00 hero_bb100_actual=  -59.52 hero_err=0 opp_err=0 dur=3.11s
seed=13142 o=0 hands= 103/500 hero_chip= -10000 hero_bb100_sched=  -20.00 hero_bb100_actual=  -97.09 hero_err=0 opp_err=0 dur=2.29s
seed=13142 o=1 hands= 169/500 hero_chip= +10000 hero_bb100_sched=  +20.00 hero_bb100_actual=  +59.17 hero_err=0 opp_err=0 dur=3.09s
seed=14142 o=0 hands= 163/500 hero_chip= +10000 hero_bb100_sched=  +20.00 hero_bb100_actual=  +61.35 hero_err=0 opp_err=0 dur=3.23s
seed=14142 o=1 hands= 161/500 hero_chip= -10000 hero_bb100_sched=  -20.00 hero_bb100_actual=  -62.11 hero_err=0 opp_err=0 dur=3.50s
seed=15142 o=0 hands= 129/500 hero_chip= -10000 hero_bb100_sched=  -20.00 hero_bb100_actual=  -77.52 hero_err=0 opp_err=0 dur=2.98s
seed=15142 o=1 hands=  79/500 hero_chip= -10000 hero_bb100_sched=  -20.00 hero_bb100_actual= -126.58 hero_err=0 opp_err=0 dur=2.14s
seed=16142 o=0 hands=  53/500 hero_chip= -10000 hero_bb100_sched=  -20.00 hero_bb100_actual= -188.68 hero_err=0 opp_err=0 dur=1.57s
seed=16142 o=1 hands= 115/500 hero_chip= -10000 hero_bb100_sched=  -20.00 hero_bb100_actual=  -86.96 hero_err=0 opp_err=0 dur=2.19s
seed=17142 o=0 hands= 109/500 hero_chip= -10000 hero_bb100_sched=  -20.00 hero_bb100_actual=  -91.74 hero_err=0 opp_err=0 dur=2.90s
seed=17142 o=1 hands=  80/500 hero_chip= -10000 hero_bb100_sched=  -20.00 hero_bb100_actual= -125.00 hero_err=0 opp_err=0 dur=1.54s
seed=18142 o=0 hands= 147/500 hero_chip= -10000 hero_bb100_sched=  -20.00 hero_bb100_actual=  -68.03 hero_err=0 opp_err=0 dur=4.46s
seed=18142 o=1 hands=  83/500 hero_chip= -10000 hero_bb100_sched=  -20.00 hero_bb100_actual= -120.48 hero_err=0 opp_err=0 dur=2.74s
seed=19142 o=0 hands= 352/500 hero_chip= -10000 hero_bb100_sched=  -20.00 hero_bb100_actual=  -28.41 hero_err=0 opp_err=0 dur=6.87s
seed=19142 o=1 hands= 434/500 hero_chip= +10000 hero_bb100_sched=  +20.00 hero_bb100_actual=  +23.04 hero_err=0 opp_err=0 dur=5.61s
seed=20142 o=0 hands= 120/500 hero_chip= +10000 hero_bb100_sched=  +20.00 hero_bb100_actual=  +83.33 hero_err=0 opp_err=0 dur=3.46s
seed=20142 o=1 hands=  96/500 hero_chip= +10000 hero_bb100_sched=  +20.00 hero_bb100_actual= +104.17 hero_err=0 opp_err=0 dur=3.30s
seed=21142 o=0 hands=  67/500 hero_chip= +10000 hero_bb100_sched=  +20.00 hero_bb100_actual= +149.25 hero_err=0 opp_err=0 dur=2.20s
seed=21142 o=1 hands= 188/500 hero_chip= -10000 hero_bb100_sched=  -20.00 hero_bb100_actual=  -53.19 hero_err=0 opp_err=0 dur=3.98s
seed=22142 o=0 hands= 359/500 hero_chip= +10000 hero_bb100_sched=  +20.00 hero_bb100_actual=  +27.86 hero_err=0 opp_err=0 dur=3.39s
seed=22142 o=1 hands=  76/500 hero_chip= -10000 hero_bb100_sched=  -20.00 hero_bb100_actual= -131.58 hero_err=0 opp_err=0 dur=2.90s
seed=23142 o=0 hands= 300/500 hero_chip= +10000 hero_bb100_sched=  +20.00 hero_bb100_actual=  +33.33 hero_err=0 opp_err=0 dur=4.84s
seed=23142 o=1 hands= 135/500 hero_chip= -10000 hero_bb100_sched=  -20.00 hero_bb100_actual=  -74.07 hero_err=0 opp_err=0 dur=3.29s
seed=24142 o=0 hands= 127/500 hero_chip= +10000 hero_bb100_sched=  +20.00 hero_bb100_actual=  +78.74 hero_err=0 opp_err=0 dur=2.82s
seed=24142 o=1 hands= 394/500 hero_chip= +10000 hero_bb100_sched=  +20.00 hero_bb100_actual=  +25.38 hero_err=0 opp_err=0 dur=7.48s
seed=25142 o=0 hands= 118/500 hero_chip= +10000 hero_bb100_sched=  +20.00 hero_bb100_actual=  +84.75 hero_err=0 opp_err=0 dur=2.26s
seed=25142 o=1 hands= 221/500 hero_chip= -10000 hero_bb100_sched=  -20.00 hero_bb100_actual=  -45.25 hero_err=0 opp_err=0 dur=2.53s
seed=26142 o=0 hands= 429/500 hero_chip= +10000 hero_bb100_sched=  +20.00 hero_bb100_actual=  +23.31 hero_err=0 opp_err=0 dur=7.35s
seed=26142 o=1 hands= 324/500 hero_chip= -10000 hero_bb100_sched=  -20.00 hero_bb100_actual=  -30.86 hero_err=0 opp_err=0 dur=4.83s
seed=27142 o=0 hands= 170/500 hero_chip= +10000 hero_bb100_sched=  +20.00 hero_bb100_actual=  +58.82 hero_err=0 opp_err=0 dur=2.26s
seed=27142 o=1 hands= 390/500 hero_chip= +10000 hero_bb100_sched=  +20.00 hero_bb100_actual=  +25.64 hero_err=0 opp_err=0 dur=5.38s
seed=28142 o=0 hands= 108/500 hero_chip= +10000 hero_bb100_sched=  +20.00 hero_bb100_actual=  +92.59 hero_err=0 opp_err=0 dur=1.97s
seed=28142 o=1 hands=  54/500 hero_chip= +10000 hero_bb100_sched=  +20.00 hero_bb100_actual= +185.19 hero_err=0 opp_err=0 dur=1.27s
seed=29142 o=0 hands= 112/500 hero_chip= +10000 hero_bb100_sched=  +20.00 hero_bb100_actual=  +89.29 hero_err=0 opp_err=0 dur=1.57s
seed=29142 o=1 hands= 135/500 hero_chip= +10000 hero_bb100_sched=  +20.00 hero_bb100_actual=  +74.07 hero_err=0 opp_err=0 dur=3.51s
seed=30142 o=0 hands= 500/500 hero_chip=  +1873 hero_bb100_sched=   +3.75 hero_bb100_actual=   +3.75 hero_err=0 opp_err=0 dur=7.52s
seed=30142 o=1 hands=  99/500 hero_chip= -10000 hero_bb100_sched=  -20.00 hero_bb100_actual= -101.01 hero_err=0 opp_err=0 dur=1.89s
seed=31142 o=0 hands= 335/500 hero_chip= -10000 hero_bb100_sched=  -20.00 hero_bb100_actual=  -29.85 hero_err=0 opp_err=0 dur=4.23s
seed=31142 o=1 hands= 269/500 hero_chip= -10000 hero_bb100_sched=  -20.00 hero_bb100_actual=  -37.17 hero_err=0 opp_err=0 dur=3.76s
seed=32142 o=0 hands= 400/500 hero_chip= +10000 hero_bb100_sched=  +20.00 hero_bb100_actual=  +25.00 hero_err=0 opp_err=0 dur=4.90s
seed=32142 o=1 hands=  91/500 hero_chip= -10000 hero_bb100_sched=  -20.00 hero_bb100_actual= -109.89 hero_err=0 opp_err=0 dur=1.73s
seed=33142 o=0 hands= 265/500 hero_chip= +10000 hero_bb100_sched=  +20.00 hero_bb100_actual=  +37.74 hero_err=0 opp_err=0 dur=3.95s
seed=33142 o=1 hands= 500/500 hero_chip=  -1890 hero_bb100_sched=   -3.78 hero_bb100_actual=   -3.78 hero_err=0 opp_err=0 dur=4.44s
seed=34142 o=0 hands=  99/500 hero_chip= +10000 hero_bb100_sched=  +20.00 hero_bb100_actual= +101.01 hero_err=0 opp_err=0 dur=1.24s
seed=34142 o=1 hands= 362/500 hero_chip= +10000 hero_bb100_sched=  +20.00 hero_bb100_actual=  +27.62 hero_err=0 opp_err=0 dur=4.49s
seed=35142 o=0 hands= 299/500 hero_chip= +10000 hero_bb100_sched=  +20.00 hero_bb100_actual=  +33.44 hero_err=0 opp_err=0 dur=3.52s
seed=35142 o=1 hands= 294/500 hero_chip= -10000 hero_bb100_sched=  -20.00 hero_bb100_actual=  -34.01 hero_err=0 opp_err=0 dur=4.34s
seed=36142 o=0 hands=  57/500 hero_chip= +10000 hero_bb100_sched=  +20.00 hero_bb100_actual= +175.44 hero_err=0 opp_err=0 dur=0.99s
seed=36142 o=1 hands= 406/500 hero_chip= -10000 hero_bb100_sched=  -20.00 hero_bb100_actual=  -24.63 hero_err=0 opp_err=0 dur=4.91s
seed=37142 o=0 hands= 239/500 hero_chip= -10000 hero_bb100_sched=  -20.00 hero_bb100_actual=  -41.84 hero_err=0 opp_err=0 dur=3.16s
seed=37142 o=1 hands=  48/500 hero_chip= -10000 hero_bb100_sched=  -20.00 hero_bb100_actual= -208.33 hero_err=0 opp_err=0 dur=1.10s
seed=38142 o=0 hands= 245/500 hero_chip= -10000 hero_bb100_sched=  -20.00 hero_bb100_actual=  -40.82 hero_err=0 opp_err=0 dur=3.28s
seed=38142 o=1 hands= 500/500 hero_chip=  -6042 hero_bb100_sched=  -12.08 hero_bb100_actual=  -12.08 hero_err=0 opp_err=0 dur=5.40s
seed=39142 o=0 hands= 210/500 hero_chip= +10000 hero_bb100_sched=  +20.00 hero_bb100_actual=  +47.62 hero_err=0 opp_err=0 dur=2.47s
seed=39142 o=1 hands= 153/500 hero_chip= -10000 hero_bb100_sched=  -20.00 hero_bb100_actual=  -65.36 hero_err=0 opp_err=0 dur=2.43s
seed=40142 o=0 hands= 362/500 hero_chip= +10000 hero_bb100_sched=  +20.00 hero_bb100_actual=  +27.62 hero_err=0 opp_err=0 dur=4.15s
seed=40142 o=1 hands=  81/500 hero_chip= +10000 hero_bb100_sched=  +20.00 hero_bb100_actual= +123.46 hero_err=0 opp_err=0 dur=1.68s
seed=41142 o=0 hands= 314/500 hero_chip= +10000 hero_bb100_sched=  +20.00 hero_bb100_actual=  +31.85 hero_err=0 opp_err=0 dur=3.60s
seed=41142 o=1 hands= 141/500 hero_chip= +10000 hero_bb100_sched=  +20.00 hero_bb100_actual=  +70.92 hero_err=0 opp_err=0 dur=1.94s
seed=42142 o=0 hands= 500/500 hero_chip=  +2169 hero_bb100_sched=   +4.34 hero_bb100_actual=   +4.34 hero_err=0 opp_err=0 dur=4.97s
seed=42142 o=1 hands= 240/500 hero_chip= +10000 hero_bb100_sched=  +20.00 hero_bb100_actual=  +41.67 hero_err=0 opp_err=0 dur=2.95s
seed=43142 o=0 hands=  87/500 hero_chip= -10000 hero_bb100_sched=  -20.00 hero_bb100_actual= -114.94 hero_err=0 opp_err=0 dur=1.30s
seed=43142 o=1 hands= 500/500 hero_chip=   -781 hero_bb100_sched=   -1.56 hero_bb100_actual=   -1.56 hero_err=0 opp_err=0 dur=5.67s
seed=44142 o=0 hands= 276/500 hero_chip= +10000 hero_bb100_sched=  +20.00 hero_bb100_actual=  +36.23 hero_err=0 opp_err=0 dur=3.53s
seed=44142 o=1 hands= 157/500 hero_chip= +10000 hero_bb100_sched=  +20.00 hero_bb100_actual=  +63.69 hero_err=0 opp_err=0 dur=1.90s
seed=45142 o=0 hands= 201/500 hero_chip= -10000 hero_bb100_sched=  -20.00 hero_bb100_actual=  -49.75 hero_err=0 opp_err=0 dur=2.93s
seed=45142 o=1 hands= 289/500 hero_chip= -10000 hero_bb100_sched=  -20.00 hero_bb100_actual=  -34.60 hero_err=0 opp_err=0 dur=3.26s
seed=46142 o=0 hands= 423/500 hero_chip= +10000 hero_bb100_sched=  +20.00 hero_bb100_actual=  +23.64 hero_err=0 opp_err=0 dur=3.91s
seed=46142 o=1 hands=  91/500 hero_chip= -10000 hero_bb100_sched=  -20.00 hero_bb100_actual= -109.89 hero_err=0 opp_err=0 dur=1.29s
seed=47142 o=0 hands= 153/500 hero_chip= +10000 hero_bb100_sched=  +20.00 hero_bb100_actual=  +65.36 hero_err=0 opp_err=0 dur=1.85s
seed=47142 o=1 hands= 313/500 hero_chip= +10000 hero_bb100_sched=  +20.00 hero_bb100_actual=  +31.95 hero_err=0 opp_err=0 dur=2.89s
seed=48142 o=0 hands= 167/500 hero_chip= +10000 hero_bb100_sched=  +20.00 hero_bb100_actual=  +59.88 hero_err=0 opp_err=0 dur=1.65s
seed=48142 o=1 hands= 226/500 hero_chip= +10000 hero_bb100_sched=  +20.00 hero_bb100_actual=  +44.25 hero_err=0 opp_err=0 dur=1.88s
seed=49142 o=0 hands= 336/500 hero_chip= +10000 hero_bb100_sched=  +20.00 hero_bb100_actual=  +29.76 hero_err=0 opp_err=0 dur=3.39s
seed=49142 o=1 hands= 206/500 hero_chip= +10000 hero_bb100_sched=  +20.00 hero_bb100_actual=  +48.54 hero_err=0 opp_err=0 dur=2.67s
seed=50142 o=0 hands= 298/500 hero_chip= +10000 hero_bb100_sched=  +20.00 hero_bb100_actual=  +33.56 hero_err=0 opp_err=0 dur=3.64s
seed=50142 o=1 hands= 372/500 hero_chip= +10000 hero_bb100_sched=  +20.00 hero_bb100_actual=  +26.88 hero_err=0 opp_err=0 dur=3.53s
seed=51142 o=0 hands= 187/500 hero_chip= -10000 hero_bb100_sched=  -20.00 hero_bb100_actual=  -53.48 hero_err=0 opp_err=0 dur=2.36s
seed=51142 o=1 hands= 105/500 hero_chip= +10000 hero_bb100_sched=  +20.00 hero_bb100_actual=  +95.24 hero_err=0 opp_err=0 dur=1.49s
seed=52142 o=0 hands= 365/500 hero_chip= -10000 hero_bb100_sched=  -20.00 hero_bb100_actual=  -27.40 hero_err=0 opp_err=0 dur=4.35s
seed=52142 o=1 hands= 255/500 hero_chip= +10000 hero_bb100_sched=  +20.00 hero_bb100_actual=  +39.22 hero_err=0 opp_err=0 dur=3.17s
seed=53142 o=0 hands= 182/500 hero_chip= -10000 hero_bb100_sched=  -20.00 hero_bb100_actual=  -54.95 hero_err=0 opp_err=0 dur=2.47s
seed=53142 o=1 hands= 159/500 hero_chip= -10000 hero_bb100_sched=  -20.00 hero_bb100_actual=  -62.89 hero_err=0 opp_err=0 dur=2.49s
seed=54142 o=0 hands= 148/500 hero_chip= -10000 hero_bb100_sched=  -20.00 hero_bb100_actual=  -67.57 hero_err=0 opp_err=0 dur=2.16s
seed=54142 o=1 hands= 191/500 hero_chip= +10000 hero_bb100_sched=  +20.00 hero_bb100_actual=  +52.36 hero_err=0 opp_err=0 dur=2.59s
seed=55142 o=0 hands= 140/500 hero_chip= +10000 hero_bb100_sched=  +20.00 hero_bb100_actual=  +71.43 hero_err=0 opp_err=0 dur=1.88s
seed=55142 o=1 hands= 264/500 hero_chip= -10000 hero_bb100_sched=  -20.00 hero_bb100_actual=  -37.88 hero_err=0 opp_err=0 dur=3.53s
seed=56142 o=0 hands=  45/500 hero_chip= +10000 hero_bb100_sched=  +20.00 hero_bb100_actual= +222.22 hero_err=0 opp_err=0 dur=1.35s
seed=56142 o=1 hands=  31/500 hero_chip= +10000 hero_bb100_sched=  +20.00 hero_bb100_actual= +322.58 hero_err=0 opp_err=0 dur=0.54s
seed=57142 o=0 hands=  54/500 hero_chip= +10000 hero_bb100_sched=  +20.00 hero_bb100_actual= +185.19 hero_err=0 opp_err=0 dur=1.37s
seed=57142 o=1 hands=  91/500 hero_chip= +10000 hero_bb100_sched=  +20.00 hero_bb100_actual= +109.89 hero_err=0 opp_err=0 dur=1.60s
seed=58142 o=0 hands=  60/500 hero_chip= +10000 hero_bb100_sched=  +20.00 hero_bb100_actual= +166.67 hero_err=0 opp_err=0 dur=1.47s
seed=58142 o=1 hands= 115/500 hero_chip= +10000 hero_bb100_sched=  +20.00 hero_bb100_actual=  +86.96 hero_err=0 opp_err=0 dur=2.02s
seed=59142 o=0 hands= 281/500 hero_chip= -10000 hero_bb100_sched=  -20.00 hero_bb100_actual=  -35.59 hero_err=0 opp_err=0 dur=4.16s
seed=59142 o=1 hands= 141/500 hero_chip= -10000 hero_bb100_sched=  -20.00 hero_bb100_actual=  -70.92 hero_err=0 opp_err=0 dur=2.60s
seed=60142 o=0 hands= 317/500 hero_chip= +10000 hero_bb100_sched=  +20.00 hero_bb100_actual=  +31.55 hero_err=0 opp_err=0 dur=3.85s
seed=60142 o=1 hands= 177/500 hero_chip= +10000 hero_bb100_sched=  +20.00 hero_bb100_actual=  +56.50 hero_err=0 opp_err=0 dur=2.81s
seed=61142 o=0 hands= 126/500 hero_chip= -10000 hero_bb100_sched=  -20.00 hero_bb100_actual=  -79.37 hero_err=0 opp_err=0 dur=2.10s
seed=61142 o=1 hands= 129/500 hero_chip= -10000 hero_bb100_sched=  -20.00 hero_bb100_actual=  -77.52 hero_err=0 opp_err=0 dur=1.76s
seed=62142 o=0 hands=  32/500 hero_chip= +10000 hero_bb100_sched=  +20.00 hero_bb100_actual= +312.50 hero_err=0 opp_err=0 dur=1.69s
seed=62142 o=1 hands=  30/500 hero_chip= -10000 hero_bb100_sched=  -20.00 hero_bb100_actual= -333.33 hero_err=0 opp_err=0 dur=1.17s
seed=63142 o=0 hands= 345/500 hero_chip= +10000 hero_bb100_sched=  +20.00 hero_bb100_actual=  +28.99 hero_err=0 opp_err=0 dur=4.00s
seed=63142 o=1 hands= 373/500 hero_chip= -10000 hero_bb100_sched=  -20.00 hero_bb100_actual=  -26.81 hero_err=0 opp_err=0 dur=4.47s
seed=64142 o=0 hands= 264/500 hero_chip= -10000 hero_bb100_sched=  -20.00 hero_bb100_actual=  -37.88 hero_err=0 opp_err=0 dur=4.10s
seed=64142 o=1 hands= 500/500 hero_chip=   +717 hero_bb100_sched=   +1.43 hero_bb100_actual=   +1.43 hero_err=0 opp_err=0 dur=7.48s
seed=65142 o=0 hands= 182/500 hero_chip= +10000 hero_bb100_sched=  +20.00 hero_bb100_actual=  +54.95 hero_err=0 opp_err=0 dur=3.20s
seed=65142 o=1 hands= 164/500 hero_chip= +10000 hero_bb100_sched=  +20.00 hero_bb100_actual=  +60.98 hero_err=0 opp_err=0 dur=3.40s
seed=66142 o=0 hands=  42/500 hero_chip= -10000 hero_bb100_sched=  -20.00 hero_bb100_actual= -238.10 hero_err=0 opp_err=0 dur=1.52s
seed=66142 o=1 hands= 187/500 hero_chip= -10000 hero_bb100_sched=  -20.00 hero_bb100_actual=  -53.48 hero_err=0 opp_err=0 dur=3.79s
seed=67142 o=0 hands= 321/500 hero_chip= -10000 hero_bb100_sched=  -20.00 hero_bb100_actual=  -31.15 hero_err=0 opp_err=0 dur=5.08s
seed=67142 o=1 hands=  71/500 hero_chip= -10000 hero_bb100_sched=  -20.00 hero_bb100_actual= -140.85 hero_err=0 opp_err=0 dur=1.47s
seed=68142 o=0 hands= 154/500 hero_chip= -10000 hero_bb100_sched=  -20.00 hero_bb100_actual=  -64.94 hero_err=0 opp_err=0 dur=4.28s
seed=68142 o=1 hands= 132/500 hero_chip= -10000 hero_bb100_sched=  -20.00 hero_bb100_actual=  -75.76 hero_err=0 opp_err=0 dur=2.72s
seed=69142 o=0 hands= 339/500 hero_chip= +10000 hero_bb100_sched=  +20.00 hero_bb100_actual=  +29.50 hero_err=0 opp_err=0 dur=4.35s
seed=69142 o=1 hands= 130/500 hero_chip= -10000 hero_bb100_sched=  -20.00 hero_bb100_actual=  -76.92 hero_err=0 opp_err=0 dur=2.53s
seed=70142 o=0 hands= 413/500 hero_chip= -10000 hero_bb100_sched=  -20.00 hero_bb100_actual=  -24.21 hero_err=0 opp_err=0 dur=6.80s
seed=70142 o=1 hands= 152/500 hero_chip= +10000 hero_bb100_sched=  +20.00 hero_bb100_actual=  +65.79 hero_err=0 opp_err=0 dur=2.70s
seed=71142 o=0 hands= 237/500 hero_chip= -10000 hero_bb100_sched=  -20.00 hero_bb100_actual=  -42.19 hero_err=0 opp_err=0 dur=4.79s
seed=71142 o=1 hands= 138/500 hero_chip= -10000 hero_bb100_sched=  -20.00 hero_bb100_actual=  -72.46 hero_err=0 opp_err=0 dur=2.38s
seed=72142 o=0 hands=  30/500 hero_chip= +10000 hero_bb100_sched=  +20.00 hero_bb100_actual= +333.33 hero_err=0 opp_err=0 dur=1.32s
seed=72142 o=1 hands= 281/500 hero_chip= +10000 hero_bb100_sched=  +20.00 hero_bb100_actual=  +35.59 hero_err=0 opp_err=0 dur=3.25s
seed=73142 o=0 hands=  63/500 hero_chip= +10000 hero_bb100_sched=  +20.00 hero_bb100_actual= +158.73 hero_err=0 opp_err=0 dur=1.82s
seed=73142 o=1 hands= 188/500 hero_chip= +10000 hero_bb100_sched=  +20.00 hero_bb100_actual=  +53.19 hero_err=0 opp_err=0 dur=3.30s
seed=74142 o=0 hands= 500/500 hero_chip=  -1114 hero_bb100_sched=   -2.23 hero_bb100_actual=   -2.23 hero_err=0 opp_err=0 dur=7.98s
seed=74142 o=1 hands= 392/500 hero_chip= +10000 hero_bb100_sched=  +20.00 hero_bb100_actual=  +25.51 hero_err=0 opp_err=0 dur=5.95s
seed=75142 o=0 hands= 130/500 hero_chip= -10000 hero_bb100_sched=  -20.00 hero_bb100_actual=  -76.92 hero_err=0 opp_err=0 dur=2.49s
seed=75142 o=1 hands= 106/500 hero_chip= -10000 hero_bb100_sched=  -20.00 hero_bb100_actual=  -94.34 hero_err=0 opp_err=0 dur=2.66s
seed=76142 o=0 hands= 155/500 hero_chip= -10000 hero_bb100_sched=  -20.00 hero_bb100_actual=  -64.52 hero_err=0 opp_err=0 dur=2.94s
seed=76142 o=1 hands= 100/500 hero_chip= -10000 hero_bb100_sched=  -20.00 hero_bb100_actual= -100.00 hero_err=0 opp_err=0 dur=2.75s
seed=77142 o=0 hands= 385/500 hero_chip= +10000 hero_bb100_sched=  +20.00 hero_bb100_actual=  +25.97 hero_err=0 opp_err=0 dur=5.04s
seed=77142 o=1 hands= 500/500 hero_chip=  -5911 hero_bb100_sched=  -11.82 hero_bb100_actual=  -11.82 hero_err=0 opp_err=0 dur=6.42s
seed=78142 o=0 hands= 347/500 hero_chip= -10000 hero_bb100_sched=  -20.00 hero_bb100_actual=  -28.82 hero_err=0 opp_err=0 dur=7.43s
seed=78142 o=1 hands=  73/500 hero_chip= -10000 hero_bb100_sched=  -20.00 hero_bb100_actual= -136.99 hero_err=0 opp_err=0 dur=1.80s
seed=79142 o=0 hands=  73/500 hero_chip= +10000 hero_bb100_sched=  +20.00 hero_bb100_actual= +136.99 hero_err=0 opp_err=0 dur=3.59s
seed=79142 o=1 hands= 391/500 hero_chip= +10000 hero_bb100_sched=  +20.00 hero_bb100_actual=  +25.58 hero_err=0 opp_err=0 dur=7.82s
seed=80142 o=0 hands= 173/500 hero_chip= +10000 hero_bb100_sched=  +20.00 hero_bb100_actual=  +57.80 hero_err=0 opp_err=0 dur=3.78s
seed=80142 o=1 hands= 189/500 hero_chip= -10000 hero_bb100_sched=  -20.00 hero_bb100_actual=  -52.91 hero_err=0 opp_err=0 dur=4.54s
seed=81142 o=0 hands= 272/500 hero_chip= -10000 hero_bb100_sched=  -20.00 hero_bb100_actual=  -36.76 hero_err=0 opp_err=0 dur=4.42s
seed=81142 o=1 hands=  99/500 hero_chip= -10000 hero_bb100_sched=  -20.00 hero_bb100_actual= -101.01 hero_err=0 opp_err=0 dur=2.64s
seed=82142 o=0 hands=  72/500 hero_chip= -10000 hero_bb100_sched=  -20.00 hero_bb100_actual= -138.89 hero_err=0 opp_err=0 dur=1.63s
seed=82142 o=1 hands= 128/500 hero_chip= -10000 hero_bb100_sched=  -20.00 hero_bb100_actual=  -78.12 hero_err=0 opp_err=0 dur=5.63s
seed=83142 o=0 hands= 156/500 hero_chip= -10000 hero_bb100_sched=  -20.00 hero_bb100_actual=  -64.10 hero_err=0 opp_err=0 dur=3.23s
seed=83142 o=1 hands= 120/500 hero_chip= +10000 hero_bb100_sched=  +20.00 hero_bb100_actual=  +83.33 hero_err=0 opp_err=0 dur=3.31s
seed=84142 o=0 hands=  75/500 hero_chip= -10000 hero_bb100_sched=  -20.00 hero_bb100_actual= -133.33 hero_err=0 opp_err=0 dur=2.07s
seed=84142 o=1 hands= 362/500 hero_chip= -10000 hero_bb100_sched=  -20.00 hero_bb100_actual=  -27.62 hero_err=0 opp_err=0 dur=6.58s
seed=85142 o=0 hands=  90/500 hero_chip= -10000 hero_bb100_sched=  -20.00 hero_bb100_actual= -111.11 hero_err=0 opp_err=0 dur=3.98s
seed=85142 o=1 hands=  66/500 hero_chip= +10000 hero_bb100_sched=  +20.00 hero_bb100_actual= +151.52 hero_err=0 opp_err=0 dur=1.65s
seed=86142 o=0 hands= 110/500 hero_chip= -10000 hero_bb100_sched=  -20.00 hero_bb100_actual=  -90.91 hero_err=0 opp_err=0 dur=2.96s
seed=86142 o=1 hands= 210/500 hero_chip= +10000 hero_bb100_sched=  +20.00 hero_bb100_actual=  +47.62 hero_err=0 opp_err=0 dur=4.92s
seed=87142 o=0 hands=  49/500 hero_chip= +10000 hero_bb100_sched=  +20.00 hero_bb100_actual= +204.08 hero_err=0 opp_err=0 dur=1.62s
seed=87142 o=1 hands= 154/500 hero_chip= -10000 hero_bb100_sched=  -20.00 hero_bb100_actual=  -64.94 hero_err=0 opp_err=0 dur=4.44s
seed=88142 o=0 hands=  45/500 hero_chip= -10000 hero_bb100_sched=  -20.00 hero_bb100_actual= -222.22 hero_err=0 opp_err=0 dur=1.61s
seed=88142 o=1 hands=  75/500 hero_chip= +10000 hero_bb100_sched=  +20.00 hero_bb100_actual= +133.33 hero_err=0 opp_err=0 dur=2.62s
seed=89142 o=0 hands= 316/500 hero_chip= -10000 hero_bb100_sched=  -20.00 hero_bb100_actual=  -31.65 hero_err=0 opp_err=0 dur=5.72s
seed=89142 o=1 hands= 249/500 hero_chip= -10000 hero_bb100_sched=  -20.00 hero_bb100_actual=  -40.16 hero_err=0 opp_err=0 dur=4.61s
seed=90142 o=0 hands=  48/500 hero_chip= +10000 hero_bb100_sched=  +20.00 hero_bb100_actual= +208.33 hero_err=0 opp_err=0 dur=2.20s
seed=90142 o=1 hands= 321/500 hero_chip= -10000 hero_bb100_sched=  -20.00 hero_bb100_actual=  -31.15 hero_err=0 opp_err=0 dur=8.53s
seed=91142 o=0 hands=  48/500 hero_chip= +10000 hero_bb100_sched=  +20.00 hero_bb100_actual= +208.33 hero_err=0 opp_err=0 dur=1.32s
seed=91142 o=1 hands=  68/500 hero_chip= +10000 hero_bb100_sched=  +20.00 hero_bb100_actual= +147.06 hero_err=0 opp_err=0 dur=2.40s
seed=92142 o=0 hands=  61/500 hero_chip= +10000 hero_bb100_sched=  +20.00 hero_bb100_actual= +163.93 hero_err=0 opp_err=0 dur=2.14s
seed=92142 o=1 hands= 245/500 hero_chip= -10000 hero_bb100_sched=  -20.00 hero_bb100_actual=  -40.82 hero_err=0 opp_err=0 dur=6.23s
seed=93142 o=0 hands= 134/500 hero_chip= +10000 hero_bb100_sched=  +20.00 hero_bb100_actual=  +74.63 hero_err=0 opp_err=0 dur=2.78s
seed=93142 o=1 hands=  41/500 hero_chip= -10000 hero_bb100_sched=  -20.00 hero_bb100_actual= -243.90 hero_err=0 opp_err=0 dur=1.18s
seed=94142 o=0 hands= 126/500 hero_chip= -10000 hero_bb100_sched=  -20.00 hero_bb100_actual=  -79.37 hero_err=0 opp_err=0 dur=1.95s
seed=94142 o=1 hands= 296/500 hero_chip= +10000 hero_bb100_sched=  +20.00 hero_bb100_actual=  +33.78 hero_err=0 opp_err=0 dur=3.92s
seed=95142 o=0 hands= 204/500 hero_chip= -10000 hero_bb100_sched=  -20.00 hero_bb100_actual=  -49.02 hero_err=0 opp_err=0 dur=3.86s
seed=95142 o=1 hands=  43/500 hero_chip= -10000 hero_bb100_sched=  -20.00 hero_bb100_actual= -232.56 hero_err=0 opp_err=0 dur=2.29s
seed=96142 o=0 hands= 395/500 hero_chip= -10000 hero_bb100_sched=  -20.00 hero_bb100_actual=  -25.32 hero_err=0 opp_err=0 dur=7.76s
seed=96142 o=1 hands= 329/500 hero_chip= +10000 hero_bb100_sched=  +20.00 hero_bb100_actual=  +30.40 hero_err=0 opp_err=0 dur=5.73s
seed=97142 o=0 hands= 500/500 hero_chip=   -748 hero_bb100_sched=   -1.50 hero_bb100_actual=   -1.50 hero_err=0 opp_err=0 dur=8.92s
seed=97142 o=1 hands= 147/500 hero_chip= +10000 hero_bb100_sched=  +20.00 hero_bb100_actual=  +68.03 hero_err=0 opp_err=0 dur=2.83s
seed=98142 o=0 hands= 209/500 hero_chip= -10000 hero_bb100_sched=  -20.00 hero_bb100_actual=  -47.85 hero_err=0 opp_err=0 dur=3.80s
seed=98142 o=1 hands=  31/500 hero_chip= +10000 hero_bb100_sched=  +20.00 hero_bb100_actual= +322.58 hero_err=0 opp_err=0 dur=1.25s
seed=99142 o=0 hands= 172/500 hero_chip= +10000 hero_bb100_sched=  +20.00 hero_bb100_actual=  +58.14 hero_err=0 opp_err=0 dur=2.86s
seed=99142 o=1 hands=  84/500 hero_chip= +10000 hero_bb100_sched=  +20.00 hero_bb100_actual= +119.05 hero_err=0 opp_err=0 dur=2.43s

SUMMARY_JSON {"attempted_hands": 100000, "base": 142, "ci_half_width": 2.8589599999999997, "ci_high": 2.49682, "ci_low": -3.2211, "created_at": "2026-05-28T01:20:02Z", "early_bust_matches": 190, "early_bust_rate": 0.95, "hands_played": 40006, "hero_actual_bb_per_100": -0.7029945508173774, "hero_bb_per_100": -0.28124, "hero_chip_delta": -28124, "hero_errors": 0, "hero_max_decide_latency_s": 0.4411321252118796, "hero_p99_decide_latency_s": 0.07138120802119374, "hero_zip": {"data_bytes": 19758, "has_root_bot_py": true, "path": "/Users/farhad/Code/PokerBot/submissions/v_final.zip", "sha256": "e4b4a8f11f801ecef2eca53629241e83cc9bace8ec74004f19368375f22d9598", "size_bytes": 28208}, "json_path": "/Users/farhad/Code/PokerBot/consult/artifacts/2026-05-28-public-saturation/dominic_s142.json", "log_path": "/Users/farhad/Code/PokerBot/consult/artifacts/2026-05-28-public-saturation/dominic_s142.log", "match_len": 500, "matches": 200, "opponent": "dominic", "opponent_errors": 0, "opponent_p99_decide_latency_s": 0.05757950013503432, "opponent_zip": {"data_bytes": 39381, "has_root_bot_py": true, "path": "/Users/farhad/Code/PokerBot/consult/artifacts/2026-05-28-public-saturation/opponent_zips/dominic.zip", "sha256": "4d96cf393962e6c5ff45b8cf95ba45dbfb64153aaeeb75bd5ccdebc0649aa950", "size_bytes": 8493}, "seed_pairs": 100, "seed_stride": 1000, "stdout_noise": {}, "stdout_noise_examples": {}, "target_scheduled_hands": 100000, "verdict": "AMBER"}
SUMMARY opponent=dominic base=142 verdict=AMBER bb100=-0.28 ci=[-3.22,+2.50] half_width=2.86 scheduled=100000 actual_hands=40006 early_bust_rate=0.950 hero_errors=0 hero_p99_latency_s=0.0714
