PUBLIC SATURATION 2026-05-28T01:20:02Z
opponent=dominic base=242
hero=/Users/farhad/Code/PokerBot/submissions/v_final.zip sha256=e4b4a8f11f801ecef2eca53629241e83cc9bace8ec74004f19368375f22d9598
opponent_zip=/Users/farhad/Code/PokerBot/consult/artifacts/2026-05-28-public-saturation/opponent_zips/dominic.zip sha256=4d96cf393962e6c5ff45b8cf95ba45dbfb64153aaeeb75bd5ccdebc0649aa950
target_scheduled_hands=100000 match_len=500 seed_stride=1000
seed schedule: seed = base + k * seed_stride; each seed runs two seat orientations

seed=242 o=0 hands= 140/500 hero_chip= +10000 hero_bb100_sched=  +20.00 hero_bb100_actual=  +71.43 hero_err=0 opp_err=0 dur=1.87s
seed=242 o=1 hands= 217/500 hero_chip= +10000 hero_bb100_sched=  +20.00 hero_bb100_actual=  +46.08 hero_err=0 opp_err=0 dur=4.44s
seed=1242 o=0 hands=  77/500 hero_chip= -10000 hero_bb100_sched=  -20.00 hero_bb100_actual= -129.87 hero_err=0 opp_err=0 dur=1.92s
seed=1242 o=1 hands= 162/500 hero_chip= -10000 hero_bb100_sched=  -20.00 hero_bb100_actual=  -61.73 hero_err=0 opp_err=0 dur=3.44s
seed=2242 o=0 hands= 287/500 hero_chip= +10000 hero_bb100_sched=  +20.00 hero_bb100_actual=  +34.84 hero_err=0 opp_err=0 dur=6.47s
seed=2242 o=1 hands= 343/500 hero_chip= -10000 hero_bb100_sched=  -20.00 hero_bb100_actual=  -29.15 hero_err=0 opp_err=0 dur=6.29s
seed=3242 o=0 hands= 135/500 hero_chip= +10000 hero_bb100_sched=  +20.00 hero_bb100_actual=  +74.07 hero_err=0 opp_err=0 dur=2.64s
seed=3242 o=1 hands= 340/500 hero_chip= -10000 hero_bb100_sched=  -20.00 hero_bb100_actual=  -29.41 hero_err=0 opp_err=0 dur=6.60s
seed=4242 o=0 hands= 429/500 hero_chip= -10000 hero_bb100_sched=  -20.00 hero_bb100_actual=  -23.31 hero_err=0 opp_err=0 dur=8.07s
seed=4242 o=1 hands= 258/500 hero_chip= +10000 hero_bb100_sched=  +20.00 hero_bb100_actual=  +38.76 hero_err=0 opp_err=0 dur=4.84s
seed=5242 o=0 hands= 113/500 hero_chip= -10000 hero_bb100_sched=  -20.00 hero_bb100_actual=  -88.50 hero_err=0 opp_err=0 dur=3.78s
seed=5242 o=1 hands=  85/500 hero_chip= -10000 hero_bb100_sched=  -20.00 hero_bb100_actual= -117.65 hero_err=0 opp_err=0 dur=2.50s
seed=6242 o=0 hands= 314/500 hero_chip= +10000 hero_bb100_sched=  +20.00 hero_bb100_actual=  +31.85 hero_err=0 opp_err=0 dur=7.21s
seed=6242 o=1 hands= 104/500 hero_chip= -10000 hero_bb100_sched=  -20.00 hero_bb100_actual=  -96.15 hero_err=0 opp_err=0 dur=2.37s
seed=7242 o=0 hands=  93/500 hero_chip= +10000 hero_bb100_sched=  +20.00 hero_bb100_actual= +107.53 hero_err=0 opp_err=0 dur=2.21s
seed=7242 o=1 hands=  94/500 hero_chip= -10000 hero_bb100_sched=  -20.00 hero_bb100_actual= -106.38 hero_err=0 opp_err=0 dur=2.29s
seed=8242 o=0 hands=  48/500 hero_chip= -10000 hero_bb100_sched=  -20.00 hero_bb100_actual= -208.33 hero_err=0 opp_err=0 dur=2.10s
seed=8242 o=1 hands=  48/500 hero_chip= +10000 hero_bb100_sched=  +20.00 hero_bb100_actual= +208.33 hero_err=0 opp_err=0 dur=1.71s
seed=9242 o=0 hands= 129/500 hero_chip= -10000 hero_bb100_sched=  -20.00 hero_bb100_actual=  -77.52 hero_err=0 opp_err=0 dur=3.03s
seed=9242 o=1 hands= 422/500 hero_chip= -10000 hero_bb100_sched=  -20.00 hero_bb100_actual=  -23.70 hero_err=0 opp_err=0 dur=6.11s
seed=10242 o=0 hands= 205/500 hero_chip= +10000 hero_bb100_sched=  +20.00 hero_bb100_actual=  +48.78 hero_err=0 opp_err=0 dur=4.64s
seed=10242 o=1 hands= 106/500 hero_chip= -10000 hero_bb100_sched=  -20.00 hero_bb100_actual=  -94.34 hero_err=0 opp_err=0 dur=2.88s
seed=11242 o=0 hands= 429/500 hero_chip= -10000 hero_bb100_sched=  -20.00 hero_bb100_actual=  -23.31 hero_err=0 opp_err=0 dur=7.77s
seed=11242 o=1 hands= 226/500 hero_chip= -10000 hero_bb100_sched=  -20.00 hero_bb100_actual=  -44.25 hero_err=0 opp_err=0 dur=4.85s
seed=12242 o=0 hands= 135/500 hero_chip= +10000 hero_bb100_sched=  +20.00 hero_bb100_actual=  +74.07 hero_err=0 opp_err=0 dur=3.48s
seed=12242 o=1 hands=  93/500 hero_chip= -10000 hero_bb100_sched=  -20.00 hero_bb100_actual= -107.53 hero_err=0 opp_err=0 dur=1.65s
seed=13242 o=0 hands= 232/500 hero_chip= +10000 hero_bb100_sched=  +20.00 hero_bb100_actual=  +43.10 hero_err=0 opp_err=0 dur=4.62s
seed=13242 o=1 hands= 152/500 hero_chip= -10000 hero_bb100_sched=  -20.00 hero_bb100_actual=  -65.79 hero_err=0 opp_err=0 dur=2.60s
seed=14242 o=0 hands= 118/500 hero_chip= +10000 hero_bb100_sched=  +20.00 hero_bb100_actual=  +84.75 hero_err=0 opp_err=0 dur=3.82s
seed=14242 o=1 hands= 221/500 hero_chip= -10000 hero_bb100_sched=  -20.00 hero_bb100_actual=  -45.25 hero_err=0 opp_err=0 dur=4.42s
seed=15242 o=0 hands=  45/500 hero_chip= -10000 hero_bb100_sched=  -20.00 hero_bb100_actual= -222.22 hero_err=0 opp_err=0 dur=2.33s
seed=15242 o=1 hands=  90/500 hero_chip= -10000 hero_bb100_sched=  -20.00 hero_bb100_actual= -111.11 hero_err=0 opp_err=0 dur=2.99s
seed=16242 o=0 hands= 282/500 hero_chip= -10000 hero_bb100_sched=  -20.00 hero_bb100_actual=  -35.46 hero_err=0 opp_err=0 dur=4.78s
seed=16242 o=1 hands= 190/500 hero_chip= -10000 hero_bb100_sched=  -20.00 hero_bb100_actual=  -52.63 hero_err=0 opp_err=0 dur=4.82s
seed=17242 o=0 hands=  13/500 hero_chip= +10000 hero_bb100_sched=  +20.00 hero_bb100_actual= +769.23 hero_err=0 opp_err=0 dur=1.51s
seed=17242 o=1 hands= 229/500 hero_chip= +10000 hero_bb100_sched=  +20.00 hero_bb100_actual=  +43.67 hero_err=0 opp_err=0 dur=4.38s
seed=18242 o=0 hands=  90/500 hero_chip= -10000 hero_bb100_sched=  -20.00 hero_bb100_actual= -111.11 hero_err=0 opp_err=0 dur=1.95s
seed=18242 o=1 hands=  46/500 hero_chip= -10000 hero_bb100_sched=  -20.00 hero_bb100_actual= -217.39 hero_err=0 opp_err=0 dur=2.11s
seed=19242 o=0 hands=  29/500 hero_chip= -10000 hero_bb100_sched=  -20.00 hero_bb100_actual= -344.83 hero_err=0 opp_err=0 dur=1.48s
seed=19242 o=1 hands=  44/500 hero_chip= -10000 hero_bb100_sched=  -20.00 hero_bb100_actual= -227.27 hero_err=0 opp_err=0 dur=1.93s
seed=20242 o=0 hands=  73/500 hero_chip= +10000 hero_bb100_sched=  +20.00 hero_bb100_actual= +136.99 hero_err=0 opp_err=0 dur=2.14s
seed=20242 o=1 hands= 139/500 hero_chip= +10000 hero_bb100_sched=  +20.00 hero_bb100_actual=  +71.94 hero_err=0 opp_err=0 dur=2.99s
seed=21242 o=0 hands= 133/500 hero_chip= -10000 hero_bb100_sched=  -20.00 hero_bb100_actual=  -75.19 hero_err=0 opp_err=0 dur=4.08s
seed=21242 o=1 hands= 500/500 hero_chip=   -750 hero_bb100_sched=   -1.50 hero_bb100_actual=   -1.50 hero_err=0 opp_err=0 dur=8.32s
seed=22242 o=0 hands= 223/500 hero_chip= -10000 hero_bb100_sched=  -20.00 hero_bb100_actual=  -44.84 hero_err=0 opp_err=0 dur=6.06s
seed=22242 o=1 hands= 500/500 hero_chip=  -6512 hero_bb100_sched=  -13.02 hero_bb100_actual=  -13.02 hero_err=0 opp_err=0 dur=9.45s
seed=23242 o=0 hands= 164/500 hero_chip= -10000 hero_bb100_sched=  -20.00 hero_bb100_actual=  -60.98 hero_err=0 opp_err=0 dur=3.59s
seed=23242 o=1 hands=  49/500 hero_chip= +10000 hero_bb100_sched=  +20.00 hero_bb100_actual= +204.08 hero_err=0 opp_err=0 dur=1.67s
seed=24242 o=0 hands= 152/500 hero_chip= +10000 hero_bb100_sched=  +20.00 hero_bb100_actual=  +65.79 hero_err=0 opp_err=0 dur=3.37s
seed=24242 o=1 hands= 334/500 hero_chip= -10000 hero_bb100_sched=  -20.00 hero_bb100_actual=  -29.94 hero_err=0 opp_err=0 dur=6.42s
seed=25242 o=0 hands= 109/500 hero_chip= +10000 hero_bb100_sched=  +20.00 hero_bb100_actual=  +91.74 hero_err=0 opp_err=0 dur=2.33s
seed=25242 o=1 hands= 500/500 hero_chip=  +2352 hero_bb100_sched=   +4.70 hero_bb100_actual=   +4.70 hero_err=0 opp_err=0 dur=8.83s
seed=26242 o=0 hands= 102/500 hero_chip= -10000 hero_bb100_sched=  -20.00 hero_bb100_actual=  -98.04 hero_err=0 opp_err=0 dur=2.76s
seed=26242 o=1 hands=  17/500 hero_chip= -10000 hero_bb100_sched=  -20.00 hero_bb100_actual= -588.24 hero_err=0 opp_err=0 dur=1.09s
seed=27242 o=0 hands=  65/500 hero_chip= -10000 hero_bb100_sched=  -20.00 hero_bb100_actual= -153.85 hero_err=0 opp_err=0 dur=1.11s
seed=27242 o=1 hands= 294/500 hero_chip= -10000 hero_bb100_sched=  -20.00 hero_bb100_actual=  -34.01 hero_err=0 opp_err=0 dur=4.66s
seed=28242 o=0 hands= 219/500 hero_chip= -10000 hero_bb100_sched=  -20.00 hero_bb100_actual=  -45.66 hero_err=0 opp_err=0 dur=3.46s
seed=28242 o=1 hands= 158/500 hero_chip= +10000 hero_bb100_sched=  +20.00 hero_bb100_actual=  +63.29 hero_err=0 opp_err=0 dur=3.63s
seed=29242 o=0 hands=  62/500 hero_chip= -10000 hero_bb100_sched=  -20.00 hero_bb100_actual= -161.29 hero_err=0 opp_err=0 dur=1.79s
seed=29242 o=1 hands= 214/500 hero_chip= -10000 hero_bb100_sched=  -20.00 hero_bb100_actual=  -46.73 hero_err=0 opp_err=0 dur=4.71s
seed=30242 o=0 hands= 133/500 hero_chip= -10000 hero_bb100_sched=  -20.00 hero_bb100_actual=  -75.19 hero_err=0 opp_err=0 dur=2.12s
seed=30242 o=1 hands=  31/500 hero_chip= -10000 hero_bb100_sched=  -20.00 hero_bb100_actual= -322.58 hero_err=0 opp_err=0 dur=1.16s
seed=31242 o=0 hands= 451/500 hero_chip= -10000 hero_bb100_sched=  -20.00 hero_bb100_actual=  -22.17 hero_err=0 opp_err=0 dur=8.57s
seed=31242 o=1 hands=  50/500 hero_chip= +10000 hero_bb100_sched=  +20.00 hero_bb100_actual= +200.00 hero_err=0 opp_err=0 dur=2.20s
seed=32242 o=0 hands= 115/500 hero_chip= -10000 hero_bb100_sched=  -20.00 hero_bb100_actual=  -86.96 hero_err=0 opp_err=0 dur=2.16s
seed=32242 o=1 hands= 107/500 hero_chip= +10000 hero_bb100_sched=  +20.00 hero_bb100_actual=  +93.46 hero_err=0 opp_err=0 dur=2.29s
seed=33242 o=0 hands= 167/500 hero_chip= +10000 hero_bb100_sched=  +20.00 hero_bb100_actual=  +59.88 hero_err=0 opp_err=0 dur=2.86s
seed=33242 o=1 hands= 140/500 hero_chip= -10000 hero_bb100_sched=  -20.00 hero_bb100_actual=  -71.43 hero_err=0 opp_err=0 dur=2.96s
seed=34242 o=0 hands= 102/500 hero_chip= +10000 hero_bb100_sched=  +20.00 hero_bb100_actual=  +98.04 hero_err=0 opp_err=0 dur=2.14s
seed=34242 o=1 hands= 101/500 hero_chip= -10000 hero_bb100_sched=  -20.00 hero_bb100_actual=  -99.01 hero_err=0 opp_err=0 dur=2.31s
seed=35242 o=0 hands= 125/500 hero_chip= +10000 hero_bb100_sched=  +20.00 hero_bb100_actual=  +80.00 hero_err=0 opp_err=0 dur=2.48s
seed=35242 o=1 hands= 293/500 hero_chip= -10000 hero_bb100_sched=  -20.00 hero_bb100_actual=  -34.13 hero_err=0 opp_err=0 dur=5.12s
seed=36242 o=0 hands= 500/500 hero_chip=  -1849 hero_bb100_sched=   -3.70 hero_bb100_actual=   -3.70 hero_err=0 opp_err=0 dur=8.02s
seed=36242 o=1 hands= 164/500 hero_chip= -10000 hero_bb100_sched=  -20.00 hero_bb100_actual=  -60.98 hero_err=0 opp_err=0 dur=2.76s
seed=37242 o=0 hands= 213/500 hero_chip= -10000 hero_bb100_sched=  -20.00 hero_bb100_actual=  -46.95 hero_err=0 opp_err=0 dur=3.81s
seed=37242 o=1 hands= 211/500 hero_chip= +10000 hero_bb100_sched=  +20.00 hero_bb100_actual=  +47.39 hero_err=0 opp_err=0 dur=3.27s
seed=38242 o=0 hands= 102/500 hero_chip= -10000 hero_bb100_sched=  -20.00 hero_bb100_actual=  -98.04 hero_err=0 opp_err=0 dur=2.51s
seed=38242 o=1 hands= 370/500 hero_chip= -10000 hero_bb100_sched=  -20.00 hero_bb100_actual=  -27.03 hero_err=0 opp_err=0 dur=6.46s
seed=39242 o=0 hands= 176/500 hero_chip= -10000 hero_bb100_sched=  -20.00 hero_bb100_actual=  -56.82 hero_err=0 opp_err=0 dur=2.83s
seed=39242 o=1 hands= 260/500 hero_chip= -10000 hero_bb100_sched=  -20.00 hero_bb100_actual=  -38.46 hero_err=0 opp_err=0 dur=5.89s
seed=40242 o=0 hands=  94/500 hero_chip= +10000 hero_bb100_sched=  +20.00 hero_bb100_actual= +106.38 hero_err=0 opp_err=0 dur=2.12s
seed=40242 o=1 hands= 114/500 hero_chip= -10000 hero_bb100_sched=  -20.00 hero_bb100_actual=  -87.72 hero_err=0 opp_err=0 dur=2.61s
seed=41242 o=0 hands= 267/500 hero_chip= +10000 hero_bb100_sched=  +20.00 hero_bb100_actual=  +37.45 hero_err=0 opp_err=0 dur=4.96s
seed=41242 o=1 hands=  22/500 hero_chip= -10000 hero_bb100_sched=  -20.00 hero_bb100_actual= -454.55 hero_err=0 opp_err=0 dur=1.41s
seed=42242 o=0 hands= 277/500 hero_chip= -10000 hero_bb100_sched=  -20.00 hero_bb100_actual=  -36.10 hero_err=0 opp_err=0 dur=5.16s
seed=42242 o=1 hands= 176/500 hero_chip= +10000 hero_bb100_sched=  +20.00 hero_bb100_actual=  +56.82 hero_err=0 opp_err=0 dur=3.21s
seed=43242 o=0 hands= 312/500 hero_chip= +10000 hero_bb100_sched=  +20.00 hero_bb100_actual=  +32.05 hero_err=0 opp_err=0 dur=4.29s
seed=43242 o=1 hands= 218/500 hero_chip= -10000 hero_bb100_sched=  -20.00 hero_bb100_actual=  -45.87 hero_err=0 opp_err=0 dur=3.98s
seed=44242 o=0 hands= 116/500 hero_chip= +10000 hero_bb100_sched=  +20.00 hero_bb100_actual=  +86.21 hero_err=0 opp_err=0 dur=2.85s
seed=44242 o=1 hands= 139/500 hero_chip= +10000 hero_bb100_sched=  +20.00 hero_bb100_actual=  +71.94 hero_err=0 opp_err=0 dur=2.67s
seed=45242 o=0 hands= 135/500 hero_chip= -10000 hero_bb100_sched=  -20.00 hero_bb100_actual=  -74.07 hero_err=0 opp_err=0 dur=2.54s
seed=45242 o=1 hands= 133/500 hero_chip= +10000 hero_bb100_sched=  +20.00 hero_bb100_actual=  +75.19 hero_err=0 opp_err=0 dur=2.60s
seed=46242 o=0 hands=  49/500 hero_chip= -10000 hero_bb100_sched=  -20.00 hero_bb100_actual= -204.08 hero_err=0 opp_err=0 dur=3.05s
seed=46242 o=1 hands= 324/500 hero_chip= -10000 hero_bb100_sched=  -20.00 hero_bb100_actual=  -30.86 hero_err=0 opp_err=0 dur=6.11s
seed=47242 o=0 hands= 141/500 hero_chip= +10000 hero_bb100_sched=  +20.00 hero_bb100_actual=  +70.92 hero_err=0 opp_err=0 dur=3.26s
seed=47242 o=1 hands=  44/500 hero_chip= -10000 hero_bb100_sched=  -20.00 hero_bb100_actual= -227.27 hero_err=0 opp_err=0 dur=1.81s
seed=48242 o=0 hands=  79/500 hero_chip= +10000 hero_bb100_sched=  +20.00 hero_bb100_actual= +126.58 hero_err=0 opp_err=0 dur=2.08s
seed=48242 o=1 hands= 404/500 hero_chip= -10000 hero_bb100_sched=  -20.00 hero_bb100_actual=  -24.75 hero_err=0 opp_err=0 dur=6.97s
seed=49242 o=0 hands= 120/500 hero_chip= +10000 hero_bb100_sched=  +20.00 hero_bb100_actual=  +83.33 hero_err=0 opp_err=0 dur=3.10s
seed=49242 o=1 hands=  68/500 hero_chip= +10000 hero_bb100_sched=  +20.00 hero_bb100_actual= +147.06 hero_err=0 opp_err=0 dur=2.05s
seed=50242 o=0 hands= 113/500 hero_chip= -10000 hero_bb100_sched=  -20.00 hero_bb100_actual=  -88.50 hero_err=0 opp_err=0 dur=3.52s
seed=50242 o=1 hands= 140/500 hero_chip= +10000 hero_bb100_sched=  +20.00 hero_bb100_actual=  +71.43 hero_err=0 opp_err=0 dur=2.76s
seed=51242 o=0 hands= 159/500 hero_chip= +10000 hero_bb100_sched=  +20.00 hero_bb100_actual=  +62.89 hero_err=0 opp_err=0 dur=3.34s
seed=51242 o=1 hands= 138/500 hero_chip= +10000 hero_bb100_sched=  +20.00 hero_bb100_actual=  +72.46 hero_err=0 opp_err=0 dur=2.62s
seed=52242 o=0 hands= 114/500 hero_chip= +10000 hero_bb100_sched=  +20.00 hero_bb100_actual=  +87.72 hero_err=0 opp_err=0 dur=2.03s
seed=52242 o=1 hands= 173/500 hero_chip= -10000 hero_bb100_sched=  -20.00 hero_bb100_actual=  -57.80 hero_err=0 opp_err=0 dur=3.44s
seed=53242 o=0 hands= 112/500 hero_chip= -10000 hero_bb100_sched=  -20.00 hero_bb100_actual=  -89.29 hero_err=0 opp_err=0 dur=2.39s
seed=53242 o=1 hands= 443/500 hero_chip= +10000 hero_bb100_sched=  +20.00 hero_bb100_actual=  +22.57 hero_err=0 opp_err=0 dur=7.14s
seed=54242 o=0 hands= 260/500 hero_chip= +10000 hero_bb100_sched=  +20.00 hero_bb100_actual=  +38.46 hero_err=0 opp_err=0 dur=4.38s
seed=54242 o=1 hands=  53/500 hero_chip= +10000 hero_bb100_sched=  +20.00 hero_bb100_actual= +188.68 hero_err=0 opp_err=0 dur=1.44s
seed=55242 o=0 hands=  68/500 hero_chip= +10000 hero_bb100_sched=  +20.00 hero_bb100_actual= +147.06 hero_err=0 opp_err=0 dur=1.96s
seed=55242 o=1 hands=  50/500 hero_chip= +10000 hero_bb100_sched=  +20.00 hero_bb100_actual= +200.00 hero_err=0 opp_err=0 dur=1.68s
seed=56242 o=0 hands= 267/500 hero_chip= +10000 hero_bb100_sched=  +20.00 hero_bb100_actual=  +37.45 hero_err=0 opp_err=0 dur=4.88s
seed=56242 o=1 hands= 409/500 hero_chip= -10000 hero_bb100_sched=  -20.00 hero_bb100_actual=  -24.45 hero_err=0 opp_err=0 dur=6.80s
seed=57242 o=0 hands= 439/500 hero_chip= -10000 hero_bb100_sched=  -20.00 hero_bb100_actual=  -22.78 hero_err=0 opp_err=0 dur=6.72s
seed=57242 o=1 hands=  96/500 hero_chip= +10000 hero_bb100_sched=  +20.00 hero_bb100_actual= +104.17 hero_err=0 opp_err=0 dur=1.65s
seed=58242 o=0 hands= 132/500 hero_chip= +10000 hero_bb100_sched=  +20.00 hero_bb100_actual=  +75.76 hero_err=0 opp_err=0 dur=2.37s
seed=58242 o=1 hands= 337/500 hero_chip= -10000 hero_bb100_sched=  -20.00 hero_bb100_actual=  -29.67 hero_err=0 opp_err=0 dur=6.08s
seed=59242 o=0 hands= 108/500 hero_chip= +10000 hero_bb100_sched=  +20.00 hero_bb100_actual=  +92.59 hero_err=0 opp_err=0 dur=2.16s
seed=59242 o=1 hands=  24/500 hero_chip= +10000 hero_bb100_sched=  +20.00 hero_bb100_actual= +416.67 hero_err=0 opp_err=0 dur=1.38s
seed=60242 o=0 hands= 276/500 hero_chip= +10000 hero_bb100_sched=  +20.00 hero_bb100_actual=  +36.23 hero_err=0 opp_err=0 dur=4.45s
seed=60242 o=1 hands= 108/500 hero_chip= +10000 hero_bb100_sched=  +20.00 hero_bb100_actual=  +92.59 hero_err=0 opp_err=0 dur=2.06s
seed=61242 o=0 hands= 500/500 hero_chip=  -6312 hero_bb100_sched=  -12.62 hero_bb100_actual=  -12.62 hero_err=0 opp_err=0 dur=7.72s
seed=61242 o=1 hands=  87/500 hero_chip= -10000 hero_bb100_sched=  -20.00 hero_bb100_actual= -114.94 hero_err=0 opp_err=0 dur=2.19s
seed=62242 o=0 hands=  82/500 hero_chip= +10000 hero_bb100_sched=  +20.00 hero_bb100_actual= +121.95 hero_err=0 opp_err=0 dur=1.61s
seed=62242 o=1 hands= 246/500 hero_chip= -10000 hero_bb100_sched=  -20.00 hero_bb100_actual=  -40.65 hero_err=0 opp_err=0 dur=4.50s
seed=63242 o=0 hands=  66/500 hero_chip= +10000 hero_bb100_sched=  +20.00 hero_bb100_actual= +151.52 hero_err=0 opp_err=0 dur=1.20s
seed=63242 o=1 hands= 194/500 hero_chip= +10000 hero_bb100_sched=  +20.00 hero_bb100_actual=  +51.55 hero_err=0 opp_err=0 dur=2.42s
seed=64242 o=0 hands= 385/500 hero_chip= +10000 hero_bb100_sched=  +20.00 hero_bb100_actual=  +25.97 hero_err=0 opp_err=0 dur=5.68s
seed=64242 o=1 hands= 500/500 hero_chip=  -3245 hero_bb100_sched=   -6.49 hero_bb100_actual=   -6.49 hero_err=0 opp_err=0 dur=8.88s
seed=65242 o=0 hands= 168/500 hero_chip= -10000 hero_bb100_sched=  -20.00 hero_bb100_actual=  -59.52 hero_err=0 opp_err=0 dur=3.31s
seed=65242 o=1 hands= 100/500 hero_chip= -10000 hero_bb100_sched=  -20.00 hero_bb100_actual= -100.00 hero_err=0 opp_err=0 dur=2.49s
seed=66242 o=0 hands=  86/500 hero_chip= +10000 hero_bb100_sched=  +20.00 hero_bb100_actual= +116.28 hero_err=0 opp_err=0 dur=2.28s
seed=66242 o=1 hands=  56/500 hero_chip= -10000 hero_bb100_sched=  -20.00 hero_bb100_actual= -178.57 hero_err=0 opp_err=0 dur=1.63s
seed=67242 o=0 hands= 332/500 hero_chip= -10000 hero_bb100_sched=  -20.00 hero_bb100_actual=  -30.12 hero_err=0 opp_err=0 dur=6.31s
seed=67242 o=1 hands=  82/500 hero_chip= +10000 hero_bb100_sched=  +20.00 hero_bb100_actual= +121.95 hero_err=0 opp_err=0 dur=2.43s
seed=68242 o=0 hands= 216/500 hero_chip= -10000 hero_bb100_sched=  -20.00 hero_bb100_actual=  -46.30 hero_err=0 opp_err=0 dur=3.29s
seed=68242 o=1 hands=  34/500 hero_chip= -10000 hero_bb100_sched=  -20.00 hero_bb100_actual= -294.12 hero_err=0 opp_err=0 dur=0.94s
seed=69242 o=0 hands= 223/500 hero_chip= -10000 hero_bb100_sched=  -20.00 hero_bb100_actual=  -44.84 hero_err=0 opp_err=0 dur=3.68s
seed=69242 o=1 hands=  14/500 hero_chip= -10000 hero_bb100_sched=  -20.00 hero_bb100_actual= -714.29 hero_err=0 opp_err=0 dur=1.07s
seed=70242 o=0 hands=  16/500 hero_chip= -10000 hero_bb100_sched=  -20.00 hero_bb100_actual= -625.00 hero_err=0 opp_err=0 dur=0.92s
seed=70242 o=1 hands=  41/500 hero_chip= -10000 hero_bb100_sched=  -20.00 hero_bb100_actual= -243.90 hero_err=0 opp_err=0 dur=1.67s
seed=71242 o=0 hands= 187/500 hero_chip= +10000 hero_bb100_sched=  +20.00 hero_bb100_actual=  +53.48 hero_err=0 opp_err=0 dur=3.82s
seed=71242 o=1 hands= 254/500 hero_chip= +10000 hero_bb100_sched=  +20.00 hero_bb100_actual=  +39.37 hero_err=0 opp_err=0 dur=4.47s
seed=72242 o=0 hands=  76/500 hero_chip= -10000 hero_bb100_sched=  -20.00 hero_bb100_actual= -131.58 hero_err=0 opp_err=0 dur=1.55s
seed=72242 o=1 hands= 245/500 hero_chip= -10000 hero_bb100_sched=  -20.00 hero_bb100_actual=  -40.82 hero_err=0 opp_err=0 dur=3.92s
seed=73242 o=0 hands= 186/500 hero_chip= +10000 hero_bb100_sched=  +20.00 hero_bb100_actual=  +53.76 hero_err=0 opp_err=0 dur=3.35s
seed=73242 o=1 hands= 162/500 hero_chip= +10000 hero_bb100_sched=  +20.00 hero_bb100_actual=  +61.73 hero_err=0 opp_err=0 dur=3.51s
seed=74242 o=0 hands=  93/500 hero_chip= +10000 hero_bb100_sched=  +20.00 hero_bb100_actual= +107.53 hero_err=0 opp_err=0 dur=2.33s
seed=74242 o=1 hands= 128/500 hero_chip= +10000 hero_bb100_sched=  +20.00 hero_bb100_actual=  +78.12 hero_err=0 opp_err=0 dur=3.55s
seed=75242 o=0 hands=  77/500 hero_chip= -10000 hero_bb100_sched=  -20.00 hero_bb100_actual= -129.87 hero_err=0 opp_err=0 dur=2.33s
seed=75242 o=1 hands= 170/500 hero_chip= -10000 hero_bb100_sched=  -20.00 hero_bb100_actual=  -58.82 hero_err=0 opp_err=0 dur=4.15s
seed=76242 o=0 hands=  75/500 hero_chip= +10000 hero_bb100_sched=  +20.00 hero_bb100_actual= +133.33 hero_err=0 opp_err=0 dur=1.83s
seed=76242 o=1 hands=  42/500 hero_chip= -10000 hero_bb100_sched=  -20.00 hero_bb100_actual= -238.10 hero_err=0 opp_err=0 dur=1.41s
seed=77242 o=0 hands= 184/500 hero_chip= +10000 hero_bb100_sched=  +20.00 hero_bb100_actual=  +54.35 hero_err=0 opp_err=0 dur=3.34s
seed=77242 o=1 hands= 165/500 hero_chip= -10000 hero_bb100_sched=  -20.00 hero_bb100_actual=  -60.61 hero_err=0 opp_err=0 dur=3.49s
seed=78242 o=0 hands=  19/500 hero_chip= -10000 hero_bb100_sched=  -20.00 hero_bb100_actual= -526.32 hero_err=0 opp_err=0 dur=1.24s
seed=78242 o=1 hands= 297/500 hero_chip= -10000 hero_bb100_sched=  -20.00 hero_bb100_actual=  -33.67 hero_err=0 opp_err=0 dur=5.18s
seed=79242 o=0 hands= 143/500 hero_chip= -10000 hero_bb100_sched=  -20.00 hero_bb100_actual=  -69.93 hero_err=0 opp_err=0 dur=3.34s
seed=79242 o=1 hands= 288/500 hero_chip= +10000 hero_bb100_sched=  +20.00 hero_bb100_actual=  +34.72 hero_err=0 opp_err=0 dur=5.77s
seed=80242 o=0 hands= 165/500 hero_chip= +10000 hero_bb100_sched=  +20.00 hero_bb100_actual=  +60.61 hero_err=0 opp_err=0 dur=3.07s
seed=80242 o=1 hands=  80/500 hero_chip= -10000 hero_bb100_sched=  -20.00 hero_bb100_actual= -125.00 hero_err=0 opp_err=0 dur=1.78s
seed=81242 o=0 hands= 491/500 hero_chip= +10000 hero_bb100_sched=  +20.00 hero_bb100_actual=  +20.37 hero_err=0 opp_err=0 dur=8.78s
seed=81242 o=1 hands= 125/500 hero_chip= +10000 hero_bb100_sched=  +20.00 hero_bb100_actual=  +80.00 hero_err=0 opp_err=0 dur=2.79s
seed=82242 o=0 hands= 107/500 hero_chip= +10000 hero_bb100_sched=  +20.00 hero_bb100_actual=  +93.46 hero_err=0 opp_err=0 dur=2.30s
seed=82242 o=1 hands= 120/500 hero_chip= -10000 hero_bb100_sched=  -20.00 hero_bb100_actual=  -83.33 hero_err=0 opp_err=0 dur=2.96s
seed=83242 o=0 hands= 220/500 hero_chip= -10000 hero_bb100_sched=  -20.00 hero_bb100_actual=  -45.45 hero_err=0 opp_err=0 dur=4.88s
seed=83242 o=1 hands= 135/500 hero_chip= -10000 hero_bb100_sched=  -20.00 hero_bb100_actual=  -74.07 hero_err=0 opp_err=0 dur=3.09s
seed=84242 o=0 hands= 435/500 hero_chip= -10000 hero_bb100_sched=  -20.00 hero_bb100_actual=  -22.99 hero_err=0 opp_err=0 dur=7.42s
seed=84242 o=1 hands= 411/500 hero_chip= -10000 hero_bb100_sched=  -20.00 hero_bb100_actual=  -24.33 hero_err=0 opp_err=0 dur=6.90s
seed=85242 o=0 hands= 187/500 hero_chip= -10000 hero_bb100_sched=  -20.00 hero_bb100_actual=  -53.48 hero_err=0 opp_err=0 dur=4.14s
seed=85242 o=1 hands= 307/500 hero_chip= +10000 hero_bb100_sched=  +20.00 hero_bb100_actual=  +32.57 hero_err=0 opp_err=0 dur=5.59s
seed=86242 o=0 hands= 235/500 hero_chip= -10000 hero_bb100_sched=  -20.00 hero_bb100_actual=  -42.55 hero_err=0 opp_err=0 dur=3.72s
seed=86242 o=1 hands= 123/500 hero_chip= -10000 hero_bb100_sched=  -20.00 hero_bb100_actual=  -81.30 hero_err=0 opp_err=0 dur=2.27s
seed=87242 o=0 hands= 232/500 hero_chip= +10000 hero_bb100_sched=  +20.00 hero_bb100_actual=  +43.10 hero_err=0 opp_err=0 dur=4.00s
seed=87242 o=1 hands= 500/500 hero_chip=  +1749 hero_bb100_sched=   +3.50 hero_bb100_actual=   +3.50 hero_err=0 opp_err=0 dur=9.10s
seed=88242 o=0 hands= 360/500 hero_chip= -10000 hero_bb100_sched=  -20.00 hero_bb100_actual=  -27.78 hero_err=0 opp_err=0 dur=6.09s
seed=88242 o=1 hands=  21/500 hero_chip= -10000 hero_bb100_sched=  -20.00 hero_bb100_actual= -476.19 hero_err=0 opp_err=0 dur=0.95s
seed=89242 o=0 hands= 500/500 hero_chip=  -6114 hero_bb100_sched=  -12.23 hero_bb100_actual=  -12.23 hero_err=0 opp_err=0 dur=7.80s
seed=89242 o=1 hands= 306/500 hero_chip= +10000 hero_bb100_sched=  +20.00 hero_bb100_actual=  +32.68 hero_err=0 opp_err=0 dur=5.01s
seed=90242 o=0 hands= 169/500 hero_chip= +10000 hero_bb100_sched=  +20.00 hero_bb100_actual=  +59.17 hero_err=0 opp_err=0 dur=3.23s
seed=90242 o=1 hands= 271/500 hero_chip= +10000 hero_bb100_sched=  +20.00 hero_bb100_actual=  +36.90 hero_err=0 opp_err=0 dur=4.49s
seed=91242 o=0 hands= 108/500 hero_chip= +10000 hero_bb100_sched=  +20.00 hero_bb100_actual=  +92.59 hero_err=0 opp_err=0 dur=2.04s
seed=91242 o=1 hands= 500/500 hero_chip=  -8091 hero_bb100_sched=  -16.18 hero_bb100_actual=  -16.18 hero_err=0 opp_err=0 dur=8.66s
seed=92242 o=0 hands= 156/500 hero_chip= +10000 hero_bb100_sched=  +20.00 hero_bb100_actual=  +64.10 hero_err=0 opp_err=0 dur=3.27s
seed=92242 o=1 hands= 239/500 hero_chip= +10000 hero_bb100_sched=  +20.00 hero_bb100_actual=  +41.84 hero_err=0 opp_err=0 dur=3.84s
seed=93242 o=0 hands= 353/500 hero_chip= +10000 hero_bb100_sched=  +20.00 hero_bb100_actual=  +28.33 hero_err=0 opp_err=0 dur=6.40s
seed=93242 o=1 hands= 122/500 hero_chip= -10000 hero_bb100_sched=  -20.00 hero_bb100_actual=  -81.97 hero_err=0 opp_err=0 dur=2.83s
seed=94242 o=0 hands= 444/500 hero_chip= -10000 hero_bb100_sched=  -20.00 hero_bb100_actual=  -22.52 hero_err=0 opp_err=0 dur=7.64s
seed=94242 o=1 hands= 500/500 hero_chip=  -6517 hero_bb100_sched=  -13.03 hero_bb100_actual=  -13.03 hero_err=0 opp_err=0 dur=7.40s
seed=95242 o=0 hands=  54/500 hero_chip= +10000 hero_bb100_sched=  +20.00 hero_bb100_actual= +185.19 hero_err=0 opp_err=0 dur=1.32s
seed=95242 o=1 hands= 278/500 hero_chip= -10000 hero_bb100_sched=  -20.00 hero_bb100_actual=  -35.97 hero_err=0 opp_err=0 dur=5.51s
seed=96242 o=0 hands= 150/500 hero_chip= +10000 hero_bb100_sched=  +20.00 hero_bb100_actual=  +66.67 hero_err=0 opp_err=0 dur=3.27s
seed=96242 o=1 hands=  52/500 hero_chip= -10000 hero_bb100_sched=  -20.00 hero_bb100_actual= -192.31 hero_err=0 opp_err=0 dur=1.62s
seed=97242 o=0 hands=  55/500 hero_chip= -10000 hero_bb100_sched=  -20.00 hero_bb100_actual= -181.82 hero_err=0 opp_err=0 dur=1.58s
seed=97242 o=1 hands= 183/500 hero_chip= -10000 hero_bb100_sched=  -20.00 hero_bb100_actual=  -54.64 hero_err=0 opp_err=0 dur=3.91s
seed=98242 o=0 hands= 173/500 hero_chip= +10000 hero_bb100_sched=  +20.00 hero_bb100_actual=  +57.80 hero_err=0 opp_err=0 dur=2.72s
seed=98242 o=1 hands=  65/500 hero_chip= +10000 hero_bb100_sched=  +20.00 hero_bb100_actual= +153.85 hero_err=0 opp_err=0 dur=1.64s
seed=99242 o=0 hands= 132/500 hero_chip= -10000 hero_bb100_sched=  -20.00 hero_bb100_actual=  -75.76 hero_err=0 opp_err=0 dur=2.65s
seed=99242 o=1 hands= 166/500 hero_chip= +10000 hero_bb100_sched=  +20.00 hero_bb100_actual=  +60.24 hero_err=0 opp_err=0 dur=2.90s

SUMMARY_JSON {"attempted_hands": 100000, "base": 242, "ci_half_width": 2.71418, "ci_high": 0.5654199999999999, "ci_low": -4.86294, "created_at": "2026-05-28T01:32:29Z", "early_bust_matches": 190, "early_bust_rate": 0.95, "hands_played": 37331, "hero_actual_bb_per_100": -5.767030082237282, "hero_bb_per_100": -2.1528899999999997, "hero_chip_delta": -215289, "hero_errors": 0, "hero_max_decide_latency_s": 0.36073512490838766, "hero_p99_decide_latency_s": 0.07643979205749929, "hero_zip": {"data_bytes": 19758, "has_root_bot_py": true, "path": "/Users/farhad/Code/PokerBot/submissions/v_final.zip", "sha256": "e4b4a8f11f801ecef2eca53629241e83cc9bace8ec74004f19368375f22d9598", "size_bytes": 28208}, "json_path": "/Users/farhad/Code/PokerBot/consult/artifacts/2026-05-28-public-saturation/dominic_s242.json", "log_path": "/Users/farhad/Code/PokerBot/consult/artifacts/2026-05-28-public-saturation/dominic_s242.log", "match_len": 500, "matches": 200, "opponent": "dominic", "opponent_errors": 0, "opponent_p99_decide_latency_s": 0.06741608399897814, "opponent_zip": {"data_bytes": 39381, "has_root_bot_py": true, "path": "/Users/farhad/Code/PokerBot/consult/artifacts/2026-05-28-public-saturation/opponent_zips/dominic.zip", "sha256": "4d96cf393962e6c5ff45b8cf95ba45dbfb64153aaeeb75bd5ccdebc0649aa950", "size_bytes": 8493}, "seed_pairs": 100, "seed_stride": 1000, "stdout_noise": {}, "stdout_noise_examples": {}, "target_scheduled_hands": 100000, "verdict": "AMBER"}
SUMMARY opponent=dominic base=242 verdict=AMBER bb100=-2.15 ci=[-4.86,+0.57] half_width=2.71 scheduled=100000 actual_hands=37331 early_bust_rate=0.950 hero_errors=0 hero_p99_latency_s=0.0764
