PUBLIC SATURATION 2026-05-28T01:08:38Z
opponent=famadeo base=142
hero=/Users/farhad/Code/PokerBot/submissions/v_final.zip sha256=e4b4a8f11f801ecef2eca53629241e83cc9bace8ec74004f19368375f22d9598
opponent_zip=/Users/farhad/Code/PokerBot/consult/artifacts/2026-05-28-public-saturation/opponent_zips/famadeo.zip sha256=aa14124b4b7456155a8528573d653d0fa2e5c5816ca08b127bfef7af8fd3a531
target_scheduled_hands=100000 match_len=500 seed_stride=1000
seed schedule: seed = base + k * seed_stride; each seed runs two seat orientations

seed=142 o=0 hands=  46/500 hero_chip= +10000 hero_bb100_sched=  +20.00 hero_bb100_actual= +217.39 hero_err=0 opp_err=0 dur=3.36s
seed=142 o=1 hands= 152/500 hero_chip= -10000 hero_bb100_sched=  -20.00 hero_bb100_actual=  -65.79 hero_err=0 opp_err=0 dur=5.03s
seed=1142 o=0 hands= 465/500 hero_chip= -10000 hero_bb100_sched=  -20.00 hero_bb100_actual=  -21.51 hero_err=0 opp_err=0 dur=14.13s
seed=1142 o=1 hands= 106/500 hero_chip= -10000 hero_bb100_sched=  -20.00 hero_bb100_actual=  -94.34 hero_err=0 opp_err=0 dur=3.80s
seed=2142 o=0 hands= 248/500 hero_chip= +10000 hero_bb100_sched=  +20.00 hero_bb100_actual=  +40.32 hero_err=0 opp_err=0 dur=11.74s
seed=2142 o=1 hands= 153/500 hero_chip= +10000 hero_bb100_sched=  +20.00 hero_bb100_actual=  +65.36 hero_err=0 opp_err=0 dur=7.61s
seed=3142 o=0 hands=  46/500 hero_chip= +10000 hero_bb100_sched=  +20.00 hero_bb100_actual= +217.39 hero_err=0 opp_err=0 dur=2.81s
seed=3142 o=1 hands= 434/500 hero_chip= +10000 hero_bb100_sched=  +20.00 hero_bb100_actual=  +23.04 hero_err=0 opp_err=0 dur=17.56s
seed=4142 o=0 hands=  45/500 hero_chip= +10000 hero_bb100_sched=  +20.00 hero_bb100_actual= +222.22 hero_err=0 opp_err=0 dur=2.37s
seed=4142 o=1 hands=  96/500 hero_chip= -10000 hero_bb100_sched=  -20.00 hero_bb100_actual= -104.17 hero_err=0 opp_err=0 dur=4.40s
seed=5142 o=0 hands=  81/500 hero_chip= -10000 hero_bb100_sched=  -20.00 hero_bb100_actual= -123.46 hero_err=0 opp_err=0 dur=3.67s
seed=5142 o=1 hands=  70/500 hero_chip= -10000 hero_bb100_sched=  -20.00 hero_bb100_actual= -142.86 hero_err=0 opp_err=0 dur=3.72s
seed=6142 o=0 hands= 225/500 hero_chip= +10000 hero_bb100_sched=  +20.00 hero_bb100_actual=  +44.44 hero_err=0 opp_err=0 dur=8.11s
seed=6142 o=1 hands= 203/500 hero_chip= -10000 hero_bb100_sched=  -20.00 hero_bb100_actual=  -49.26 hero_err=0 opp_err=0 dur=8.56s
seed=7142 o=0 hands= 162/500 hero_chip= +10000 hero_bb100_sched=  +20.00 hero_bb100_actual=  +61.73 hero_err=0 opp_err=0 dur=7.57s
seed=7142 o=1 hands=  24/500 hero_chip= -10000 hero_bb100_sched=  -20.00 hero_bb100_actual= -416.67 hero_err=0 opp_err=0 dur=1.71s
seed=8142 o=0 hands=   9/500 hero_chip= +10000 hero_bb100_sched=  +20.00 hero_bb100_actual=+1111.11 hero_err=0 opp_err=0 dur=1.79s
seed=8142 o=1 hands=  40/500 hero_chip= -10000 hero_bb100_sched=  -20.00 hero_bb100_actual= -250.00 hero_err=0 opp_err=0 dur=2.71s
seed=9142 o=0 hands=  11/500 hero_chip= +10000 hero_bb100_sched=  +20.00 hero_bb100_actual= +909.09 hero_err=0 opp_err=0 dur=1.61s
seed=9142 o=1 hands= 110/500 hero_chip= +10000 hero_bb100_sched=  +20.00 hero_bb100_actual=  +90.91 hero_err=0 opp_err=0 dur=6.48s
seed=10142 o=0 hands=  41/500 hero_chip= -10000 hero_bb100_sched=  -20.00 hero_bb100_actual= -243.90 hero_err=0 opp_err=0 dur=6.33s
seed=10142 o=1 hands=  90/500 hero_chip= +10000 hero_bb100_sched=  +20.00 hero_bb100_actual= +111.11 hero_err=0 opp_err=0 dur=5.66s
seed=11142 o=0 hands= 114/500 hero_chip= -10000 hero_bb100_sched=  -20.00 hero_bb100_actual=  -87.72 hero_err=0 opp_err=0 dur=4.52s
seed=11142 o=1 hands=  80/500 hero_chip= +10000 hero_bb100_sched=  +20.00 hero_bb100_actual= +125.00 hero_err=0 opp_err=0 dur=4.72s
seed=12142 o=0 hands= 257/500 hero_chip= +10000 hero_bb100_sched=  +20.00 hero_bb100_actual=  +38.91 hero_err=0 opp_err=0 dur=9.98s
seed=12142 o=1 hands= 138/500 hero_chip= -10000 hero_bb100_sched=  -20.00 hero_bb100_actual=  -72.46 hero_err=0 opp_err=0 dur=6.17s
seed=13142 o=0 hands= 275/500 hero_chip= -10000 hero_bb100_sched=  -20.00 hero_bb100_actual=  -36.36 hero_err=0 opp_err=0 dur=11.90s
seed=13142 o=1 hands=  64/500 hero_chip= +10000 hero_bb100_sched=  +20.00 hero_bb100_actual= +156.25 hero_err=0 opp_err=0 dur=3.97s
seed=14142 o=0 hands= 134/500 hero_chip= +10000 hero_bb100_sched=  +20.00 hero_bb100_actual=  +74.63 hero_err=0 opp_err=0 dur=4.75s
seed=14142 o=1 hands= 157/500 hero_chip= -10000 hero_bb100_sched=  -20.00 hero_bb100_actual=  -63.69 hero_err=0 opp_err=0 dur=7.03s
seed=15142 o=0 hands=  99/500 hero_chip= +10000 hero_bb100_sched=  +20.00 hero_bb100_actual= +101.01 hero_err=0 opp_err=0 dur=4.28s
seed=15142 o=1 hands= 149/500 hero_chip= +10000 hero_bb100_sched=  +20.00 hero_bb100_actual=  +67.11 hero_err=0 opp_err=0 dur=5.76s
seed=16142 o=0 hands= 109/500 hero_chip= -10000 hero_bb100_sched=  -20.00 hero_bb100_actual=  -91.74 hero_err=0 opp_err=0 dur=3.74s
seed=16142 o=1 hands=  94/500 hero_chip= +10000 hero_bb100_sched=  +20.00 hero_bb100_actual= +106.38 hero_err=0 opp_err=0 dur=3.13s
seed=17142 o=0 hands=  85/500 hero_chip= -10000 hero_bb100_sched=  -20.00 hero_bb100_actual= -117.65 hero_err=0 opp_err=0 dur=3.79s
seed=17142 o=1 hands= 121/500 hero_chip= +10000 hero_bb100_sched=  +20.00 hero_bb100_actual=  +82.64 hero_err=0 opp_err=0 dur=5.39s
seed=18142 o=0 hands= 285/500 hero_chip= -10000 hero_bb100_sched=  -20.00 hero_bb100_actual=  -35.09 hero_err=0 opp_err=0 dur=9.26s
seed=18142 o=1 hands=  57/500 hero_chip= -10000 hero_bb100_sched=  -20.00 hero_bb100_actual= -175.44 hero_err=0 opp_err=0 dur=2.42s
seed=19142 o=0 hands=  92/500 hero_chip= -10000 hero_bb100_sched=  -20.00 hero_bb100_actual= -108.70 hero_err=0 opp_err=0 dur=2.92s
seed=19142 o=1 hands=  93/500 hero_chip= +10000 hero_bb100_sched=  +20.00 hero_bb100_actual= +107.53 hero_err=0 opp_err=0 dur=2.99s
seed=20142 o=0 hands=  94/500 hero_chip= +10000 hero_bb100_sched=  +20.00 hero_bb100_actual= +106.38 hero_err=0 opp_err=0 dur=2.91s
seed=20142 o=1 hands=  97/500 hero_chip= -10000 hero_bb100_sched=  -20.00 hero_bb100_actual= -103.09 hero_err=0 opp_err=0 dur=3.32s
seed=21142 o=0 hands= 426/500 hero_chip= +10000 hero_bb100_sched=  +20.00 hero_bb100_actual=  +23.47 hero_err=0 opp_err=0 dur=11.92s
seed=21142 o=1 hands=  31/500 hero_chip= -10000 hero_bb100_sched=  -20.00 hero_bb100_actual= -322.58 hero_err=0 opp_err=0 dur=2.53s
seed=22142 o=0 hands=  55/500 hero_chip= -10000 hero_bb100_sched=  -20.00 hero_bb100_actual= -181.82 hero_err=0 opp_err=0 dur=2.53s
seed=22142 o=1 hands=  76/500 hero_chip= -10000 hero_bb100_sched=  -20.00 hero_bb100_actual= -131.58 hero_err=0 opp_err=0 dur=2.68s
seed=23142 o=0 hands= 155/500 hero_chip= +10000 hero_bb100_sched=  +20.00 hero_bb100_actual=  +64.52 hero_err=0 opp_err=0 dur=3.55s
seed=23142 o=1 hands=  30/500 hero_chip= -10000 hero_bb100_sched=  -20.00 hero_bb100_actual= -333.33 hero_err=0 opp_err=0 dur=1.10s
seed=24142 o=0 hands=  44/500 hero_chip= +10000 hero_bb100_sched=  +20.00 hero_bb100_actual= +227.27 hero_err=0 opp_err=0 dur=1.93s
seed=24142 o=1 hands= 147/500 hero_chip= +10000 hero_bb100_sched=  +20.00 hero_bb100_actual=  +68.03 hero_err=0 opp_err=0 dur=4.31s
seed=25142 o=0 hands=   7/500 hero_chip= +10000 hero_bb100_sched=  +20.00 hero_bb100_actual=+1428.57 hero_err=0 opp_err=0 dur=1.21s
seed=25142 o=1 hands=  76/500 hero_chip= +10000 hero_bb100_sched=  +20.00 hero_bb100_actual= +131.58 hero_err=0 opp_err=0 dur=2.89s
seed=26142 o=0 hands=  59/500 hero_chip= +10000 hero_bb100_sched=  +20.00 hero_bb100_actual= +169.49 hero_err=0 opp_err=0 dur=2.09s
seed=26142 o=1 hands=  34/500 hero_chip= +10000 hero_bb100_sched=  +20.00 hero_bb100_actual= +294.12 hero_err=0 opp_err=0 dur=1.43s
seed=27142 o=0 hands=  19/500 hero_chip= +10000 hero_bb100_sched=  +20.00 hero_bb100_actual= +526.32 hero_err=0 opp_err=0 dur=1.86s
seed=27142 o=1 hands= 118/500 hero_chip= -10000 hero_bb100_sched=  -20.00 hero_bb100_actual=  -84.75 hero_err=0 opp_err=0 dur=4.24s
seed=28142 o=0 hands= 301/500 hero_chip= -10000 hero_bb100_sched=  -20.00 hero_bb100_actual=  -33.22 hero_err=0 opp_err=0 dur=8.55s
seed=28142 o=1 hands=  74/500 hero_chip= -10000 hero_bb100_sched=  -20.00 hero_bb100_actual= -135.14 hero_err=0 opp_err=0 dur=2.50s
seed=29142 o=0 hands=  57/500 hero_chip= -10000 hero_bb100_sched=  -20.00 hero_bb100_actual= -175.44 hero_err=0 opp_err=0 dur=1.90s
seed=29142 o=1 hands= 213/500 hero_chip= -10000 hero_bb100_sched=  -20.00 hero_bb100_actual=  -46.95 hero_err=0 opp_err=0 dur=6.57s
seed=30142 o=0 hands=  39/500 hero_chip= -10000 hero_bb100_sched=  -20.00 hero_bb100_actual= -256.41 hero_err=0 opp_err=0 dur=2.09s
seed=30142 o=1 hands=  23/500 hero_chip= +10000 hero_bb100_sched=  +20.00 hero_bb100_actual= +434.78 hero_err=0 opp_err=0 dur=1.03s
seed=31142 o=0 hands=  71/500 hero_chip= -10000 hero_bb100_sched=  -20.00 hero_bb100_actual= -140.85 hero_err=0 opp_err=0 dur=2.46s
seed=31142 o=1 hands=  65/500 hero_chip= +10000 hero_bb100_sched=  +20.00 hero_bb100_actual= +153.85 hero_err=0 opp_err=0 dur=2.42s
seed=32142 o=0 hands=  54/500 hero_chip= +10000 hero_bb100_sched=  +20.00 hero_bb100_actual= +185.19 hero_err=0 opp_err=0 dur=2.29s
seed=32142 o=1 hands=  73/500 hero_chip= -10000 hero_bb100_sched=  -20.00 hero_bb100_actual= -136.99 hero_err=0 opp_err=0 dur=2.74s
seed=33142 o=0 hands= 129/500 hero_chip= +10000 hero_bb100_sched=  +20.00 hero_bb100_actual=  +77.52 hero_err=0 opp_err=0 dur=3.50s
seed=33142 o=1 hands=  66/500 hero_chip= +10000 hero_bb100_sched=  +20.00 hero_bb100_actual= +151.52 hero_err=0 opp_err=0 dur=1.56s
seed=34142 o=0 hands=  33/500 hero_chip= +10000 hero_bb100_sched=  +20.00 hero_bb100_actual= +303.03 hero_err=0 opp_err=0 dur=1.44s
seed=34142 o=1 hands=  18/500 hero_chip= -10000 hero_bb100_sched=  -20.00 hero_bb100_actual= -555.56 hero_err=0 opp_err=0 dur=0.81s
seed=35142 o=0 hands= 161/500 hero_chip= -10000 hero_bb100_sched=  -20.00 hero_bb100_actual=  -62.11 hero_err=0 opp_err=0 dur=4.02s
seed=35142 o=1 hands= 147/500 hero_chip= -10000 hero_bb100_sched=  -20.00 hero_bb100_actual=  -68.03 hero_err=0 opp_err=0 dur=3.35s
seed=36142 o=0 hands=  27/500 hero_chip= +10000 hero_bb100_sched=  +20.00 hero_bb100_actual= +370.37 hero_err=0 opp_err=0 dur=1.15s
seed=36142 o=1 hands=  27/500 hero_chip= -10000 hero_bb100_sched=  -20.00 hero_bb100_actual= -370.37 hero_err=0 opp_err=0 dur=1.15s
seed=37142 o=0 hands= 162/500 hero_chip= -10000 hero_bb100_sched=  -20.00 hero_bb100_actual=  -61.73 hero_err=0 opp_err=0 dur=3.94s
seed=37142 o=1 hands= 134/500 hero_chip= +10000 hero_bb100_sched=  +20.00 hero_bb100_actual=  +74.63 hero_err=0 opp_err=0 dur=4.00s
seed=38142 o=0 hands=  89/500 hero_chip= +10000 hero_bb100_sched=  +20.00 hero_bb100_actual= +112.36 hero_err=0 opp_err=0 dur=2.73s
seed=38142 o=1 hands=  68/500 hero_chip= +10000 hero_bb100_sched=  +20.00 hero_bb100_actual= +147.06 hero_err=0 opp_err=0 dur=2.38s
seed=39142 o=0 hands=  36/500 hero_chip= +10000 hero_bb100_sched=  +20.00 hero_bb100_actual= +277.78 hero_err=0 opp_err=0 dur=2.34s
seed=39142 o=1 hands= 144/500 hero_chip= -10000 hero_bb100_sched=  -20.00 hero_bb100_actual=  -69.44 hero_err=0 opp_err=0 dur=4.02s
seed=40142 o=0 hands= 101/500 hero_chip= -10000 hero_bb100_sched=  -20.00 hero_bb100_actual=  -99.01 hero_err=0 opp_err=0 dur=2.90s
seed=40142 o=1 hands= 121/500 hero_chip= +10000 hero_bb100_sched=  +20.00 hero_bb100_actual=  +82.64 hero_err=0 opp_err=0 dur=4.78s
seed=41142 o=0 hands=  37/500 hero_chip= -10000 hero_bb100_sched=  -20.00 hero_bb100_actual= -270.27 hero_err=0 opp_err=0 dur=1.42s
seed=41142 o=1 hands=  34/500 hero_chip= -10000 hero_bb100_sched=  -20.00 hero_bb100_actual= -294.12 hero_err=0 opp_err=0 dur=1.47s
seed=42142 o=0 hands= 116/500 hero_chip= -10000 hero_bb100_sched=  -20.00 hero_bb100_actual=  -86.21 hero_err=0 opp_err=0 dur=3.68s
seed=42142 o=1 hands= 276/500 hero_chip= +10000 hero_bb100_sched=  +20.00 hero_bb100_actual=  +36.23 hero_err=0 opp_err=0 dur=7.17s
seed=43142 o=0 hands=  40/500 hero_chip= +10000 hero_bb100_sched=  +20.00 hero_bb100_actual= +250.00 hero_err=0 opp_err=0 dur=1.59s
seed=43142 o=1 hands= 123/500 hero_chip= +10000 hero_bb100_sched=  +20.00 hero_bb100_actual=  +81.30 hero_err=0 opp_err=0 dur=3.79s
seed=44142 o=0 hands= 164/500 hero_chip= -10000 hero_bb100_sched=  -20.00 hero_bb100_actual=  -60.98 hero_err=0 opp_err=0 dur=4.86s
seed=44142 o=1 hands= 180/500 hero_chip= +10000 hero_bb100_sched=  +20.00 hero_bb100_actual=  +55.56 hero_err=0 opp_err=0 dur=5.37s
seed=45142 o=0 hands= 181/500 hero_chip= -10000 hero_bb100_sched=  -20.00 hero_bb100_actual=  -55.25 hero_err=0 opp_err=0 dur=6.27s
seed=45142 o=1 hands=  54/500 hero_chip= -10000 hero_bb100_sched=  -20.00 hero_bb100_actual= -185.19 hero_err=0 opp_err=0 dur=1.76s
seed=46142 o=0 hands=  50/500 hero_chip= +10000 hero_bb100_sched=  +20.00 hero_bb100_actual= +200.00 hero_err=0 opp_err=0 dur=2.39s
seed=46142 o=1 hands=  26/500 hero_chip= -10000 hero_bb100_sched=  -20.00 hero_bb100_actual= -384.62 hero_err=0 opp_err=0 dur=0.95s
seed=47142 o=0 hands= 103/500 hero_chip= +10000 hero_bb100_sched=  +20.00 hero_bb100_actual=  +97.09 hero_err=0 opp_err=0 dur=3.34s
seed=47142 o=1 hands=  40/500 hero_chip= -10000 hero_bb100_sched=  -20.00 hero_bb100_actual= -250.00 hero_err=0 opp_err=0 dur=1.72s
seed=48142 o=0 hands=  32/500 hero_chip= +10000 hero_bb100_sched=  +20.00 hero_bb100_actual= +312.50 hero_err=0 opp_err=0 dur=1.51s
seed=48142 o=1 hands= 140/500 hero_chip= -10000 hero_bb100_sched=  -20.00 hero_bb100_actual=  -71.43 hero_err=0 opp_err=0 dur=4.36s
seed=49142 o=0 hands=  41/500 hero_chip= +10000 hero_bb100_sched=  +20.00 hero_bb100_actual= +243.90 hero_err=0 opp_err=0 dur=2.15s
seed=49142 o=1 hands= 242/500 hero_chip= -10000 hero_bb100_sched=  -20.00 hero_bb100_actual=  -41.32 hero_err=0 opp_err=0 dur=9.11s
seed=50142 o=0 hands=  23/500 hero_chip= +10000 hero_bb100_sched=  +20.00 hero_bb100_actual= +434.78 hero_err=0 opp_err=0 dur=2.12s
seed=50142 o=1 hands=  74/500 hero_chip= +10000 hero_bb100_sched=  +20.00 hero_bb100_actual= +135.14 hero_err=0 opp_err=0 dur=4.00s
seed=51142 o=0 hands=  71/500 hero_chip= -10000 hero_bb100_sched=  -20.00 hero_bb100_actual= -140.85 hero_err=0 opp_err=0 dur=3.58s
seed=51142 o=1 hands= 110/500 hero_chip= +10000 hero_bb100_sched=  +20.00 hero_bb100_actual=  +90.91 hero_err=0 opp_err=0 dur=5.89s
seed=52142 o=0 hands=  54/500 hero_chip= -10000 hero_bb100_sched=  -20.00 hero_bb100_actual= -185.19 hero_err=0 opp_err=0 dur=3.01s
seed=52142 o=1 hands=  50/500 hero_chip= +10000 hero_bb100_sched=  +20.00 hero_bb100_actual= +200.00 hero_err=0 opp_err=0 dur=2.59s
seed=53142 o=0 hands=  55/500 hero_chip= +10000 hero_bb100_sched=  +20.00 hero_bb100_actual= +181.82 hero_err=0 opp_err=0 dur=3.96s
seed=53142 o=1 hands=  45/500 hero_chip= +10000 hero_bb100_sched=  +20.00 hero_bb100_actual= +222.22 hero_err=0 opp_err=0 dur=1.50s
seed=54142 o=0 hands=  25/500 hero_chip= +10000 hero_bb100_sched=  +20.00 hero_bb100_actual= +400.00 hero_err=0 opp_err=0 dur=1.42s
seed=54142 o=1 hands= 126/500 hero_chip= +10000 hero_bb100_sched=  +20.00 hero_bb100_actual=  +79.37 hero_err=0 opp_err=0 dur=5.48s
seed=55142 o=0 hands=  48/500 hero_chip= +10000 hero_bb100_sched=  +20.00 hero_bb100_actual= +208.33 hero_err=0 opp_err=0 dur=2.80s
seed=55142 o=1 hands=  33/500 hero_chip= -10000 hero_bb100_sched=  -20.00 hero_bb100_actual= -303.03 hero_err=0 opp_err=0 dur=2.04s
seed=56142 o=0 hands= 251/500 hero_chip= +10000 hero_bb100_sched=  +20.00 hero_bb100_actual=  +39.84 hero_err=0 opp_err=0 dur=9.32s
seed=56142 o=1 hands= 108/500 hero_chip= +10000 hero_bb100_sched=  +20.00 hero_bb100_actual=  +92.59 hero_err=0 opp_err=0 dur=4.60s
seed=57142 o=0 hands=  38/500 hero_chip= -10000 hero_bb100_sched=  -20.00 hero_bb100_actual= -263.16 hero_err=0 opp_err=0 dur=1.96s
seed=57142 o=1 hands=  58/500 hero_chip= +10000 hero_bb100_sched=  +20.00 hero_bb100_actual= +172.41 hero_err=0 opp_err=0 dur=2.59s
seed=58142 o=0 hands= 163/500 hero_chip= -10000 hero_bb100_sched=  -20.00 hero_bb100_actual=  -61.35 hero_err=0 opp_err=0 dur=8.32s
seed=58142 o=1 hands= 152/500 hero_chip= -10000 hero_bb100_sched=  -20.00 hero_bb100_actual=  -65.79 hero_err=0 opp_err=0 dur=6.19s
seed=59142 o=0 hands= 128/500 hero_chip= +10000 hero_bb100_sched=  +20.00 hero_bb100_actual=  +78.12 hero_err=0 opp_err=0 dur=5.24s
seed=59142 o=1 hands= 242/500 hero_chip= -10000 hero_bb100_sched=  -20.00 hero_bb100_actual=  -41.32 hero_err=0 opp_err=0 dur=8.99s
seed=60142 o=0 hands= 137/500 hero_chip= +10000 hero_bb100_sched=  +20.00 hero_bb100_actual=  +72.99 hero_err=0 opp_err=0 dur=4.55s
seed=60142 o=1 hands=  71/500 hero_chip= +10000 hero_bb100_sched=  +20.00 hero_bb100_actual= +140.85 hero_err=0 opp_err=0 dur=3.87s
seed=61142 o=0 hands=  22/500 hero_chip= +10000 hero_bb100_sched=  +20.00 hero_bb100_actual= +454.55 hero_err=0 opp_err=0 dur=2.33s
seed=61142 o=1 hands=  99/500 hero_chip= -10000 hero_bb100_sched=  -20.00 hero_bb100_actual= -101.01 hero_err=0 opp_err=0 dur=5.16s
seed=62142 o=0 hands=  69/500 hero_chip= -10000 hero_bb100_sched=  -20.00 hero_bb100_actual= -144.93 hero_err=0 opp_err=0 dur=5.28s
seed=62142 o=1 hands=  68/500 hero_chip= -10000 hero_bb100_sched=  -20.00 hero_bb100_actual= -147.06 hero_err=0 opp_err=0 dur=4.72s
seed=63142 o=0 hands=  33/500 hero_chip= +10000 hero_bb100_sched=  +20.00 hero_bb100_actual= +303.03 hero_err=0 opp_err=0 dur=2.06s
seed=63142 o=1 hands=  16/500 hero_chip= -10000 hero_bb100_sched=  -20.00 hero_bb100_actual= -625.00 hero_err=0 opp_err=0 dur=2.07s
seed=64142 o=0 hands=  37/500 hero_chip= -10000 hero_bb100_sched=  -20.00 hero_bb100_actual= -270.27 hero_err=0 opp_err=0 dur=2.97s
seed=64142 o=1 hands=  80/500 hero_chip= -10000 hero_bb100_sched=  -20.00 hero_bb100_actual= -125.00 hero_err=0 opp_err=0 dur=3.67s
seed=65142 o=0 hands= 268/500 hero_chip= +10000 hero_bb100_sched=  +20.00 hero_bb100_actual=  +37.31 hero_err=0 opp_err=0 dur=11.95s
seed=65142 o=1 hands=  45/500 hero_chip= +10000 hero_bb100_sched=  +20.00 hero_bb100_actual= +222.22 hero_err=0 opp_err=0 dur=2.86s
seed=66142 o=0 hands= 102/500 hero_chip= -10000 hero_bb100_sched=  -20.00 hero_bb100_actual=  -98.04 hero_err=0 opp_err=0 dur=5.09s
seed=66142 o=1 hands= 104/500 hero_chip= +10000 hero_bb100_sched=  +20.00 hero_bb100_actual=  +96.15 hero_err=0 opp_err=0 dur=5.72s
seed=67142 o=0 hands=  27/500 hero_chip= +10000 hero_bb100_sched=  +20.00 hero_bb100_actual= +370.37 hero_err=0 opp_err=0 dur=2.29s
seed=67142 o=1 hands= 126/500 hero_chip= -10000 hero_bb100_sched=  -20.00 hero_bb100_actual=  -79.37 hero_err=0 opp_err=0 dur=7.41s
seed=68142 o=0 hands=  19/500 hero_chip= -10000 hero_bb100_sched=  -20.00 hero_bb100_actual= -526.32 hero_err=0 opp_err=0 dur=1.46s
seed=68142 o=1 hands= 122/500 hero_chip= +10000 hero_bb100_sched=  +20.00 hero_bb100_actual=  +81.97 hero_err=0 opp_err=0 dur=6.50s
seed=69142 o=0 hands=  23/500 hero_chip= -10000 hero_bb100_sched=  -20.00 hero_bb100_actual= -434.78 hero_err=0 opp_err=0 dur=2.81s
seed=69142 o=1 hands= 227/500 hero_chip= +10000 hero_bb100_sched=  +20.00 hero_bb100_actual=  +44.05 hero_err=0 opp_err=0 dur=10.61s
seed=70142 o=0 hands=  76/500 hero_chip= -10000 hero_bb100_sched=  -20.00 hero_bb100_actual= -131.58 hero_err=0 opp_err=0 dur=3.89s
seed=70142 o=1 hands= 183/500 hero_chip= +10000 hero_bb100_sched=  +20.00 hero_bb100_actual=  +54.64 hero_err=0 opp_err=0 dur=10.54s
seed=71142 o=0 hands=  24/500 hero_chip= +10000 hero_bb100_sched=  +20.00 hero_bb100_actual= +416.67 hero_err=0 opp_err=0 dur=2.94s
seed=71142 o=1 hands=  42/500 hero_chip= +10000 hero_bb100_sched=  +20.00 hero_bb100_actual= +238.10 hero_err=0 opp_err=0 dur=3.68s
seed=72142 o=0 hands= 135/500 hero_chip= +10000 hero_bb100_sched=  +20.00 hero_bb100_actual=  +74.07 hero_err=0 opp_err=0 dur=6.14s
seed=72142 o=1 hands=  40/500 hero_chip= +10000 hero_bb100_sched=  +20.00 hero_bb100_actual= +250.00 hero_err=0 opp_err=0 dur=3.01s
seed=73142 o=0 hands=  35/500 hero_chip= +10000 hero_bb100_sched=  +20.00 hero_bb100_actual= +285.71 hero_err=0 opp_err=0 dur=2.25s
seed=73142 o=1 hands= 305/500 hero_chip= -10000 hero_bb100_sched=  -20.00 hero_bb100_actual=  -32.79 hero_err=0 opp_err=0 dur=12.11s
seed=74142 o=0 hands= 245/500 hero_chip= +10000 hero_bb100_sched=  +20.00 hero_bb100_actual=  +40.82 hero_err=0 opp_err=0 dur=10.99s
seed=74142 o=1 hands=  48/500 hero_chip= -10000 hero_bb100_sched=  -20.00 hero_bb100_actual= -208.33 hero_err=0 opp_err=0 dur=3.69s
seed=75142 o=0 hands=  65/500 hero_chip= -10000 hero_bb100_sched=  -20.00 hero_bb100_actual= -153.85 hero_err=0 opp_err=0 dur=4.09s
seed=75142 o=1 hands=  49/500 hero_chip= +10000 hero_bb100_sched=  +20.00 hero_bb100_actual= +204.08 hero_err=0 opp_err=0 dur=3.49s
seed=76142 o=0 hands= 119/500 hero_chip= -10000 hero_bb100_sched=  -20.00 hero_bb100_actual=  -84.03 hero_err=0 opp_err=0 dur=5.29s
seed=76142 o=1 hands= 129/500 hero_chip= +10000 hero_bb100_sched=  +20.00 hero_bb100_actual=  +77.52 hero_err=0 opp_err=0 dur=4.61s
seed=77142 o=0 hands= 167/500 hero_chip= +10000 hero_bb100_sched=  +20.00 hero_bb100_actual=  +59.88 hero_err=0 opp_err=0 dur=6.07s
seed=77142 o=1 hands=  67/500 hero_chip= -10000 hero_bb100_sched=  -20.00 hero_bb100_actual= -149.25 hero_err=0 opp_err=0 dur=3.16s
seed=78142 o=0 hands=  54/500 hero_chip= -10000 hero_bb100_sched=  -20.00 hero_bb100_actual= -185.19 hero_err=0 opp_err=0 dur=2.72s
seed=78142 o=1 hands= 176/500 hero_chip= -10000 hero_bb100_sched=  -20.00 hero_bb100_actual=  -56.82 hero_err=0 opp_err=0 dur=7.89s
seed=79142 o=0 hands=  29/500 hero_chip= +10000 hero_bb100_sched=  +20.00 hero_bb100_actual= +344.83 hero_err=0 opp_err=0 dur=2.52s
seed=79142 o=1 hands= 172/500 hero_chip= +10000 hero_bb100_sched=  +20.00 hero_bb100_actual=  +58.14 hero_err=0 opp_err=0 dur=7.51s
seed=80142 o=0 hands=  29/500 hero_chip= -10000 hero_bb100_sched=  -20.00 hero_bb100_actual= -344.83 hero_err=0 opp_err=0 dur=1.40s
seed=80142 o=1 hands=  84/500 hero_chip= -10000 hero_bb100_sched=  -20.00 hero_bb100_actual= -119.05 hero_err=0 opp_err=0 dur=3.66s
seed=81142 o=0 hands= 200/500 hero_chip= -10000 hero_bb100_sched=  -20.00 hero_bb100_actual=  -50.00 hero_err=0 opp_err=0 dur=9.10s
seed=81142 o=1 hands=  98/500 hero_chip= -10000 hero_bb100_sched=  -20.00 hero_bb100_actual= -102.04 hero_err=0 opp_err=0 dur=4.76s
seed=82142 o=0 hands=  37/500 hero_chip= +10000 hero_bb100_sched=  +20.00 hero_bb100_actual= +270.27 hero_err=0 opp_err=0 dur=2.04s
seed=82142 o=1 hands=  36/500 hero_chip= +10000 hero_bb100_sched=  +20.00 hero_bb100_actual= +277.78 hero_err=0 opp_err=0 dur=2.91s
seed=83142 o=0 hands=  62/500 hero_chip= -10000 hero_bb100_sched=  -20.00 hero_bb100_actual= -161.29 hero_err=0 opp_err=0 dur=3.99s
seed=83142 o=1 hands=  68/500 hero_chip= +10000 hero_bb100_sched=  +20.00 hero_bb100_actual= +147.06 hero_err=0 opp_err=0 dur=4.09s
seed=84142 o=0 hands=  85/500 hero_chip= +10000 hero_bb100_sched=  +20.00 hero_bb100_actual= +117.65 hero_err=0 opp_err=0 dur=4.29s
seed=84142 o=1 hands=  81/500 hero_chip= +10000 hero_bb100_sched=  +20.00 hero_bb100_actual= +123.46 hero_err=0 opp_err=0 dur=5.12s
seed=85142 o=0 hands=  24/500 hero_chip= -10000 hero_bb100_sched=  -20.00 hero_bb100_actual= -416.67 hero_err=0 opp_err=0 dur=1.80s
seed=85142 o=1 hands=  38/500 hero_chip= +10000 hero_bb100_sched=  +20.00 hero_bb100_actual= +263.16 hero_err=0 opp_err=0 dur=3.15s
seed=86142 o=0 hands=  11/500 hero_chip= +10000 hero_bb100_sched=  +20.00 hero_bb100_actual= +909.09 hero_err=0 opp_err=0 dur=1.84s
seed=86142 o=1 hands= 127/500 hero_chip= -10000 hero_bb100_sched=  -20.00 hero_bb100_actual=  -78.74 hero_err=0 opp_err=0 dur=5.74s
seed=87142 o=0 hands=  15/500 hero_chip= +10000 hero_bb100_sched=  +20.00 hero_bb100_actual= +666.67 hero_err=0 opp_err=0 dur=1.76s
seed=87142 o=1 hands=  92/500 hero_chip= -10000 hero_bb100_sched=  -20.00 hero_bb100_actual= -108.70 hero_err=0 opp_err=0 dur=5.06s
seed=88142 o=0 hands= 242/500 hero_chip= +10000 hero_bb100_sched=  +20.00 hero_bb100_actual=  +41.32 hero_err=0 opp_err=0 dur=11.42s
seed=88142 o=1 hands=  92/500 hero_chip= +10000 hero_bb100_sched=  +20.00 hero_bb100_actual= +108.70 hero_err=0 opp_err=0 dur=5.14s
seed=89142 o=0 hands=  69/500 hero_chip= +10000 hero_bb100_sched=  +20.00 hero_bb100_actual= +144.93 hero_err=0 opp_err=0 dur=3.73s
seed=89142 o=1 hands= 174/500 hero_chip= +10000 hero_bb100_sched=  +20.00 hero_bb100_actual=  +57.47 hero_err=0 opp_err=0 dur=8.00s
seed=90142 o=0 hands= 295/500 hero_chip= -10000 hero_bb100_sched=  -20.00 hero_bb100_actual=  -33.90 hero_err=0 opp_err=0 dur=14.10s
seed=90142 o=1 hands=  27/500 hero_chip= -10000 hero_bb100_sched=  -20.00 hero_bb100_actual= -370.37 hero_err=0 opp_err=0 dur=1.99s
seed=91142 o=0 hands= 191/500 hero_chip= -10000 hero_bb100_sched=  -20.00 hero_bb100_actual=  -52.36 hero_err=0 opp_err=0 dur=8.83s
seed=91142 o=1 hands=  90/500 hero_chip= -10000 hero_bb100_sched=  -20.00 hero_bb100_actual= -111.11 hero_err=0 opp_err=0 dur=4.59s
seed=92142 o=0 hands= 126/500 hero_chip= +10000 hero_bb100_sched=  +20.00 hero_bb100_actual=  +79.37 hero_err=0 opp_err=0 dur=5.86s
seed=92142 o=1 hands= 500/500 hero_chip=  +9112 hero_bb100_sched=  +18.22 hero_bb100_actual=  +18.22 hero_err=0 opp_err=0 dur=21.95s
seed=93142 o=0 hands=  65/500 hero_chip= -10000 hero_bb100_sched=  -20.00 hero_bb100_actual= -153.85 hero_err=0 opp_err=0 dur=3.72s
seed=93142 o=1 hands= 500/500 hero_chip=   +559 hero_bb100_sched=   +1.12 hero_bb100_actual=   +1.12 hero_err=0 opp_err=0 dur=22.28s
seed=94142 o=0 hands= 412/500 hero_chip= -10000 hero_bb100_sched=  -20.00 hero_bb100_actual=  -24.27 hero_err=0 opp_err=0 dur=17.88s
seed=94142 o=1 hands= 154/500 hero_chip= -10000 hero_bb100_sched=  -20.00 hero_bb100_actual=  -64.94 hero_err=0 opp_err=0 dur=6.41s
seed=95142 o=0 hands= 105/500 hero_chip= +10000 hero_bb100_sched=  +20.00 hero_bb100_actual=  +95.24 hero_err=0 opp_err=0 dur=4.36s
seed=95142 o=1 hands= 228/500 hero_chip= +10000 hero_bb100_sched=  +20.00 hero_bb100_actual=  +43.86 hero_err=0 opp_err=0 dur=9.16s
seed=96142 o=0 hands=  43/500 hero_chip= -10000 hero_bb100_sched=  -20.00 hero_bb100_actual= -232.56 hero_err=0 opp_err=0 dur=2.03s
seed=96142 o=1 hands=  14/500 hero_chip= -10000 hero_bb100_sched=  -20.00 hero_bb100_actual= -714.29 hero_err=0 opp_err=0 dur=1.33s
seed=97142 o=0 hands= 215/500 hero_chip= +10000 hero_bb100_sched=  +20.00 hero_bb100_actual=  +46.51 hero_err=0 opp_err=0 dur=10.04s
seed=97142 o=1 hands=  62/500 hero_chip= +10000 hero_bb100_sched=  +20.00 hero_bb100_actual= +161.29 hero_err=0 opp_err=0 dur=4.35s
seed=98142 o=0 hands= 327/500 hero_chip= +10000 hero_bb100_sched=  +20.00 hero_bb100_actual=  +30.58 hero_err=0 opp_err=0 dur=11.99s
seed=98142 o=1 hands=  84/500 hero_chip= -10000 hero_bb100_sched=  -20.00 hero_bb100_actual= -119.05 hero_err=0 opp_err=0 dur=3.50s
seed=99142 o=0 hands=  15/500 hero_chip= -10000 hero_bb100_sched=  -20.00 hero_bb100_actual= -666.67 hero_err=0 opp_err=0 dur=2.65s
seed=99142 o=1 hands= 106/500 hero_chip= -10000 hero_bb100_sched=  -20.00 hero_bb100_actual=  -94.34 hero_err=0 opp_err=0 dur=5.20s

SUMMARY_JSON {"attempted_hands": 100000, "base": 142, "ci_half_width": 2.68438, "ci_high": 3.78224, "ci_low": -1.58652, "created_at": "2026-05-28T01:24:41Z", "early_bust_matches": 198, "early_bust_rate": 0.99, "hands_played": 21972, "hero_actual_bb_per_100": 4.9913981430912076, "hero_bb_per_100": 1.09671, "hero_chip_delta": 109671, "hero_errors": 0, "hero_max_decide_latency_s": 1.93418616685085, "hero_p99_decide_latency_s": 0.06434812513180077, "hero_zip": {"data_bytes": 19758, "has_root_bot_py": true, "path": "/Users/farhad/Code/PokerBot/submissions/v_final.zip", "sha256": "e4b4a8f11f801ecef2eca53629241e83cc9bace8ec74004f19368375f22d9598", "size_bytes": 28208}, "json_path": "/Users/farhad/Code/PokerBot/consult/artifacts/2026-05-28-public-saturation/famadeo_s142.json", "log_path": "/Users/farhad/Code/PokerBot/consult/artifacts/2026-05-28-public-saturation/famadeo_s142.log", "match_len": 500, "matches": 200, "opponent": "famadeo", "opponent_errors": 0, "opponent_p99_decide_latency_s": 0.06357787502929568, "opponent_zip": {"data_bytes": 60987, "has_root_bot_py": true, "path": "/Users/farhad/Code/PokerBot/consult/artifacts/2026-05-28-public-saturation/opponent_zips/famadeo.zip", "sha256": "aa14124b4b7456155a8528573d653d0fa2e5c5816ca08b127bfef7af8fd3a531", "size_bytes": 29734}, "seed_pairs": 100, "seed_stride": 1000, "stdout_noise": {}, "stdout_noise_examples": {}, "target_scheduled_hands": 100000, "verdict": "GREEN"}
SUMMARY opponent=famadeo base=142 verdict=GREEN bb100=+1.10 ci=[-1.59,+3.78] half_width=2.68 scheduled=100000 actual_hands=21972 early_bust_rate=0.990 hero_errors=0 hero_p99_latency_s=0.0643
