PUBLIC SATURATION 2026-05-28T01:30:58Z
opponent=neel base=242
hero=/Users/farhad/Code/PokerBot/submissions/v_final.zip sha256=e4b4a8f11f801ecef2eca53629241e83cc9bace8ec74004f19368375f22d9598
opponent_zip=/Users/farhad/Code/PokerBot/consult/artifacts/2026-05-28-public-saturation/opponent_zips/neel.zip sha256=32ce33e28aecf2f72a41c83efbbda4b36e415f1134ae32a96c0c8a611dce4a4f
target_scheduled_hands=100000 match_len=500 seed_stride=1000
seed schedule: seed = base + k * seed_stride; each seed runs two seat orientations

seed=242 o=0 hands=  90/500 hero_chip= +10000 hero_bb100_sched=  +20.00 hero_bb100_actual= +111.11 hero_err=0 opp_err=0 dur=2.39s
seed=242 o=1 hands=  72/500 hero_chip= +10000 hero_bb100_sched=  +20.00 hero_bb100_actual= +138.89 hero_err=0 opp_err=0 dur=1.84s
seed=1242 o=0 hands= 332/500 hero_chip= +10000 hero_bb100_sched=  +20.00 hero_bb100_actual=  +30.12 hero_err=0 opp_err=0 dur=8.88s
seed=1242 o=1 hands= 113/500 hero_chip= +10000 hero_bb100_sched=  +20.00 hero_bb100_actual=  +88.50 hero_err=0 opp_err=0 dur=3.13s
seed=2242 o=0 hands= 216/500 hero_chip= -10000 hero_bb100_sched=  -20.00 hero_bb100_actual=  -46.30 hero_err=0 opp_err=0 dur=5.93s
seed=2242 o=1 hands=  87/500 hero_chip= +10000 hero_bb100_sched=  +20.00 hero_bb100_actual= +114.94 hero_err=0 opp_err=0 dur=2.21s
seed=3242 o=0 hands= 306/500 hero_chip= +10000 hero_bb100_sched=  +20.00 hero_bb100_actual=  +32.68 hero_err=0 opp_err=0 dur=8.21s
seed=3242 o=1 hands=  90/500 hero_chip= -10000 hero_bb100_sched=  -20.00 hero_bb100_actual= -111.11 hero_err=0 opp_err=0 dur=2.93s
seed=4242 o=0 hands= 175/500 hero_chip= +10000 hero_bb100_sched=  +20.00 hero_bb100_actual=  +57.14 hero_err=0 opp_err=0 dur=4.59s
seed=4242 o=1 hands= 286/500 hero_chip= +10000 hero_bb100_sched=  +20.00 hero_bb100_actual=  +34.97 hero_err=0 opp_err=0 dur=7.20s
seed=5242 o=0 hands= 345/500 hero_chip= +10000 hero_bb100_sched=  +20.00 hero_bb100_actual=  +28.99 hero_err=0 opp_err=0 dur=8.55s
seed=5242 o=1 hands= 244/500 hero_chip= +10000 hero_bb100_sched=  +20.00 hero_bb100_actual=  +40.98 hero_err=0 opp_err=0 dur=6.40s
seed=6242 o=0 hands= 150/500 hero_chip= +10000 hero_bb100_sched=  +20.00 hero_bb100_actual=  +66.67 hero_err=0 opp_err=0 dur=4.23s
seed=6242 o=1 hands= 500/500 hero_chip=  +6485 hero_bb100_sched=  +12.97 hero_bb100_actual=  +12.97 hero_err=0 opp_err=0 dur=13.16s
seed=7242 o=0 hands= 268/500 hero_chip= +10000 hero_bb100_sched=  +20.00 hero_bb100_actual=  +37.31 hero_err=0 opp_err=0 dur=6.92s
seed=7242 o=1 hands= 135/500 hero_chip= +10000 hero_bb100_sched=  +20.00 hero_bb100_actual=  +74.07 hero_err=0 opp_err=0 dur=3.17s
seed=8242 o=0 hands= 118/500 hero_chip= +10000 hero_bb100_sched=  +20.00 hero_bb100_actual=  +84.75 hero_err=0 opp_err=0 dur=3.37s
seed=8242 o=1 hands= 176/500 hero_chip= +10000 hero_bb100_sched=  +20.00 hero_bb100_actual=  +56.82 hero_err=0 opp_err=0 dur=4.04s
seed=9242 o=0 hands= 351/500 hero_chip= +10000 hero_bb100_sched=  +20.00 hero_bb100_actual=  +28.49 hero_err=0 opp_err=0 dur=8.40s
seed=9242 o=1 hands= 129/500 hero_chip= +10000 hero_bb100_sched=  +20.00 hero_bb100_actual=  +77.52 hero_err=0 opp_err=0 dur=3.54s
seed=10242 o=0 hands= 459/500 hero_chip= +10000 hero_bb100_sched=  +20.00 hero_bb100_actual=  +21.79 hero_err=0 opp_err=0 dur=10.17s
seed=10242 o=1 hands= 172/500 hero_chip= +10000 hero_bb100_sched=  +20.00 hero_bb100_actual=  +58.14 hero_err=0 opp_err=0 dur=3.69s
seed=11242 o=0 hands= 500/500 hero_chip=  +4381 hero_bb100_sched=   +8.76 hero_bb100_actual=   +8.76 hero_err=0 opp_err=0 dur=10.02s
seed=11242 o=1 hands= 171/500 hero_chip= -10000 hero_bb100_sched=  -20.00 hero_bb100_actual=  -58.48 hero_err=0 opp_err=0 dur=4.28s
seed=12242 o=0 hands= 182/500 hero_chip= +10000 hero_bb100_sched=  +20.00 hero_bb100_actual=  +54.95 hero_err=0 opp_err=0 dur=3.73s
seed=12242 o=1 hands= 263/500 hero_chip= +10000 hero_bb100_sched=  +20.00 hero_bb100_actual=  +38.02 hero_err=0 opp_err=0 dur=5.67s
seed=13242 o=0 hands= 396/500 hero_chip= +10000 hero_bb100_sched=  +20.00 hero_bb100_actual=  +25.25 hero_err=0 opp_err=0 dur=8.63s
seed=13242 o=1 hands= 500/500 hero_chip=  +1756 hero_bb100_sched=   +3.51 hero_bb100_actual=   +3.51 hero_err=0 opp_err=0 dur=12.36s
seed=14242 o=0 hands= 234/500 hero_chip= +10000 hero_bb100_sched=  +20.00 hero_bb100_actual=  +42.74 hero_err=0 opp_err=0 dur=5.02s
seed=14242 o=1 hands= 197/500 hero_chip= +10000 hero_bb100_sched=  +20.00 hero_bb100_actual=  +50.76 hero_err=0 opp_err=0 dur=5.54s
seed=15242 o=0 hands= 411/500 hero_chip= +10000 hero_bb100_sched=  +20.00 hero_bb100_actual=  +24.33 hero_err=0 opp_err=0 dur=9.46s
seed=15242 o=1 hands= 112/500 hero_chip= +10000 hero_bb100_sched=  +20.00 hero_bb100_actual=  +89.29 hero_err=0 opp_err=0 dur=2.92s
seed=16242 o=0 hands= 316/500 hero_chip= +10000 hero_bb100_sched=  +20.00 hero_bb100_actual=  +31.65 hero_err=0 opp_err=0 dur=7.47s
seed=16242 o=1 hands=  85/500 hero_chip= +10000 hero_bb100_sched=  +20.00 hero_bb100_actual= +117.65 hero_err=0 opp_err=0 dur=1.96s
seed=17242 o=0 hands= 143/500 hero_chip= +10000 hero_bb100_sched=  +20.00 hero_bb100_actual=  +69.93 hero_err=0 opp_err=0 dur=3.61s
seed=17242 o=1 hands= 269/500 hero_chip= -10000 hero_bb100_sched=  -20.00 hero_bb100_actual=  -37.17 hero_err=0 opp_err=0 dur=7.33s
seed=18242 o=0 hands= 198/500 hero_chip= +10000 hero_bb100_sched=  +20.00 hero_bb100_actual=  +50.51 hero_err=0 opp_err=0 dur=4.56s
seed=18242 o=1 hands=  84/500 hero_chip= +10000 hero_bb100_sched=  +20.00 hero_bb100_actual= +119.05 hero_err=0 opp_err=0 dur=2.05s
seed=19242 o=0 hands= 264/500 hero_chip= +10000 hero_bb100_sched=  +20.00 hero_bb100_actual=  +37.88 hero_err=0 opp_err=0 dur=6.22s
seed=19242 o=1 hands=  99/500 hero_chip= +10000 hero_bb100_sched=  +20.00 hero_bb100_actual= +101.01 hero_err=0 opp_err=0 dur=3.06s
seed=20242 o=0 hands= 500/500 hero_chip=   -200 hero_bb100_sched=   -0.40 hero_bb100_actual=   -0.40 hero_err=0 opp_err=0 dur=11.85s
seed=20242 o=1 hands= 500/500 hero_chip=  -7791 hero_bb100_sched=  -15.58 hero_bb100_actual=  -15.58 hero_err=0 opp_err=0 dur=12.12s
seed=21242 o=0 hands= 206/500 hero_chip= -10000 hero_bb100_sched=  -20.00 hero_bb100_actual=  -48.54 hero_err=0 opp_err=0 dur=5.06s
seed=21242 o=1 hands= 297/500 hero_chip= +10000 hero_bb100_sched=  +20.00 hero_bb100_actual=  +33.67 hero_err=0 opp_err=0 dur=6.72s
seed=22242 o=0 hands= 254/500 hero_chip= +10000 hero_bb100_sched=  +20.00 hero_bb100_actual=  +39.37 hero_err=0 opp_err=0 dur=5.94s
seed=22242 o=1 hands= 399/500 hero_chip= +10000 hero_bb100_sched=  +20.00 hero_bb100_actual=  +25.06 hero_err=0 opp_err=0 dur=9.74s
seed=23242 o=0 hands= 228/500 hero_chip= +10000 hero_bb100_sched=  +20.00 hero_bb100_actual=  +43.86 hero_err=0 opp_err=0 dur=5.29s
seed=23242 o=1 hands= 500/500 hero_chip=  +9021 hero_bb100_sched=  +18.04 hero_bb100_actual=  +18.04 hero_err=0 opp_err=0 dur=12.87s
seed=24242 o=0 hands= 356/500 hero_chip= -10000 hero_bb100_sched=  -20.00 hero_bb100_actual=  -28.09 hero_err=0 opp_err=0 dur=8.32s
seed=24242 o=1 hands= 299/500 hero_chip= +10000 hero_bb100_sched=  +20.00 hero_bb100_actual=  +33.44 hero_err=0 opp_err=0 dur=7.92s
seed=25242 o=0 hands= 364/500 hero_chip= -10000 hero_bb100_sched=  -20.00 hero_bb100_actual=  -27.47 hero_err=0 opp_err=0 dur=7.98s
seed=25242 o=1 hands= 239/500 hero_chip= +10000 hero_bb100_sched=  +20.00 hero_bb100_actual=  +41.84 hero_err=0 opp_err=0 dur=5.98s
seed=26242 o=0 hands= 114/500 hero_chip= +10000 hero_bb100_sched=  +20.00 hero_bb100_actual=  +87.72 hero_err=0 opp_err=0 dur=2.33s
seed=26242 o=1 hands= 500/500 hero_chip=  +6331 hero_bb100_sched=  +12.66 hero_bb100_actual=  +12.66 hero_err=0 opp_err=0 dur=12.23s
seed=27242 o=0 hands= 295/500 hero_chip= +10000 hero_bb100_sched=  +20.00 hero_bb100_actual=  +33.90 hero_err=0 opp_err=0 dur=6.83s
seed=27242 o=1 hands= 500/500 hero_chip=  +2005 hero_bb100_sched=   +4.01 hero_bb100_actual=   +4.01 hero_err=0 opp_err=0 dur=11.58s
seed=28242 o=0 hands= 267/500 hero_chip= +10000 hero_bb100_sched=  +20.00 hero_bb100_actual=  +37.45 hero_err=0 opp_err=0 dur=6.57s
seed=28242 o=1 hands= 134/500 hero_chip= +10000 hero_bb100_sched=  +20.00 hero_bb100_actual=  +74.63 hero_err=0 opp_err=0 dur=2.90s
seed=29242 o=0 hands= 180/500 hero_chip= -10000 hero_bb100_sched=  -20.00 hero_bb100_actual=  -55.56 hero_err=0 opp_err=0 dur=4.47s
seed=29242 o=1 hands= 316/500 hero_chip= +10000 hero_bb100_sched=  +20.00 hero_bb100_actual=  +31.65 hero_err=0 opp_err=0 dur=8.03s
seed=30242 o=0 hands= 106/500 hero_chip= +10000 hero_bb100_sched=  +20.00 hero_bb100_actual=  +94.34 hero_err=0 opp_err=0 dur=2.72s
seed=30242 o=1 hands= 118/500 hero_chip= +10000 hero_bb100_sched=  +20.00 hero_bb100_actual=  +84.75 hero_err=0 opp_err=0 dur=2.99s
seed=31242 o=0 hands= 470/500 hero_chip= +10000 hero_bb100_sched=  +20.00 hero_bb100_actual=  +21.28 hero_err=0 opp_err=0 dur=11.92s
seed=31242 o=1 hands= 251/500 hero_chip= +10000 hero_bb100_sched=  +20.00 hero_bb100_actual=  +39.84 hero_err=0 opp_err=0 dur=6.10s
seed=32242 o=0 hands= 206/500 hero_chip= +10000 hero_bb100_sched=  +20.00 hero_bb100_actual=  +48.54 hero_err=0 opp_err=0 dur=5.06s
seed=32242 o=1 hands= 179/500 hero_chip= +10000 hero_bb100_sched=  +20.00 hero_bb100_actual=  +55.87 hero_err=0 opp_err=0 dur=4.48s
seed=33242 o=0 hands= 140/500 hero_chip= +10000 hero_bb100_sched=  +20.00 hero_bb100_actual=  +71.43 hero_err=0 opp_err=0 dur=3.21s
seed=33242 o=1 hands= 365/500 hero_chip= +10000 hero_bb100_sched=  +20.00 hero_bb100_actual=  +27.40 hero_err=0 opp_err=0 dur=9.09s
seed=34242 o=0 hands= 231/500 hero_chip= +10000 hero_bb100_sched=  +20.00 hero_bb100_actual=  +43.29 hero_err=0 opp_err=0 dur=6.07s
seed=34242 o=1 hands= 283/500 hero_chip= +10000 hero_bb100_sched=  +20.00 hero_bb100_actual=  +35.34 hero_err=0 opp_err=0 dur=6.80s
seed=35242 o=0 hands= 164/500 hero_chip= -10000 hero_bb100_sched=  -20.00 hero_bb100_actual=  -60.98 hero_err=0 opp_err=0 dur=4.46s
seed=35242 o=1 hands= 489/500 hero_chip= +10000 hero_bb100_sched=  +20.00 hero_bb100_actual=  +20.45 hero_err=0 opp_err=0 dur=11.06s
seed=36242 o=0 hands= 500/500 hero_chip=  +9217 hero_bb100_sched=  +18.43 hero_bb100_actual=  +18.43 hero_err=0 opp_err=0 dur=11.44s
seed=36242 o=1 hands= 107/500 hero_chip= +10000 hero_bb100_sched=  +20.00 hero_bb100_actual=  +93.46 hero_err=0 opp_err=0 dur=3.09s
seed=37242 o=0 hands= 107/500 hero_chip= +10000 hero_bb100_sched=  +20.00 hero_bb100_actual=  +93.46 hero_err=0 opp_err=0 dur=2.48s
seed=37242 o=1 hands= 237/500 hero_chip= +10000 hero_bb100_sched=  +20.00 hero_bb100_actual=  +42.19 hero_err=0 opp_err=0 dur=5.44s
seed=38242 o=0 hands= 208/500 hero_chip= +10000 hero_bb100_sched=  +20.00 hero_bb100_actual=  +48.08 hero_err=0 opp_err=0 dur=4.97s
seed=38242 o=1 hands=  80/500 hero_chip= +10000 hero_bb100_sched=  +20.00 hero_bb100_actual= +125.00 hero_err=0 opp_err=0 dur=2.70s
seed=39242 o=0 hands= 288/500 hero_chip= +10000 hero_bb100_sched=  +20.00 hero_bb100_actual=  +34.72 hero_err=0 opp_err=0 dur=6.79s
seed=39242 o=1 hands= 500/500 hero_chip=  +6501 hero_bb100_sched=  +13.00 hero_bb100_actual=  +13.00 hero_err=0 opp_err=0 dur=12.13s
seed=40242 o=0 hands= 107/500 hero_chip= +10000 hero_bb100_sched=  +20.00 hero_bb100_actual=  +93.46 hero_err=0 opp_err=0 dur=2.67s
seed=40242 o=1 hands= 333/500 hero_chip= -10000 hero_bb100_sched=  -20.00 hero_bb100_actual=  -30.03 hero_err=0 opp_err=0 dur=7.85s
seed=41242 o=0 hands= 109/500 hero_chip= +10000 hero_bb100_sched=  +20.00 hero_bb100_actual=  +91.74 hero_err=0 opp_err=0 dur=3.10s
seed=41242 o=1 hands= 266/500 hero_chip= +10000 hero_bb100_sched=  +20.00 hero_bb100_actual=  +37.59 hero_err=0 opp_err=0 dur=6.11s
seed=42242 o=0 hands= 292/500 hero_chip= +10000 hero_bb100_sched=  +20.00 hero_bb100_actual=  +34.25 hero_err=0 opp_err=0 dur=6.56s
seed=42242 o=1 hands=  94/500 hero_chip= +10000 hero_bb100_sched=  +20.00 hero_bb100_actual= +106.38 hero_err=0 opp_err=0 dur=2.49s
seed=43242 o=0 hands=  95/500 hero_chip= +10000 hero_bb100_sched=  +20.00 hero_bb100_actual= +105.26 hero_err=0 opp_err=0 dur=2.20s
seed=43242 o=1 hands= 138/500 hero_chip= +10000 hero_bb100_sched=  +20.00 hero_bb100_actual=  +72.46 hero_err=0 opp_err=0 dur=3.16s
seed=44242 o=0 hands= 229/500 hero_chip= +10000 hero_bb100_sched=  +20.00 hero_bb100_actual=  +43.67 hero_err=0 opp_err=0 dur=4.91s
seed=44242 o=1 hands= 369/500 hero_chip= -10000 hero_bb100_sched=  -20.00 hero_bb100_actual=  -27.10 hero_err=0 opp_err=0 dur=9.21s
seed=45242 o=0 hands= 500/500 hero_chip=  +5418 hero_bb100_sched=  +10.84 hero_bb100_actual=  +10.84 hero_err=0 opp_err=0 dur=11.86s
seed=45242 o=1 hands= 293/500 hero_chip= +10000 hero_bb100_sched=  +20.00 hero_bb100_actual=  +34.13 hero_err=0 opp_err=0 dur=6.74s
seed=46242 o=0 hands= 156/500 hero_chip= +10000 hero_bb100_sched=  +20.00 hero_bb100_actual=  +64.10 hero_err=0 opp_err=0 dur=3.29s
seed=46242 o=1 hands= 375/500 hero_chip= +10000 hero_bb100_sched=  +20.00 hero_bb100_actual=  +26.67 hero_err=0 opp_err=0 dur=7.61s
seed=47242 o=0 hands= 121/500 hero_chip= +10000 hero_bb100_sched=  +20.00 hero_bb100_actual=  +82.64 hero_err=0 opp_err=0 dur=2.65s
seed=47242 o=1 hands= 500/500 hero_chip=  +4283 hero_bb100_sched=   +8.57 hero_bb100_actual=   +8.57 hero_err=0 opp_err=0 dur=11.18s
seed=48242 o=0 hands= 234/500 hero_chip= +10000 hero_bb100_sched=  +20.00 hero_bb100_actual=  +42.74 hero_err=0 opp_err=0 dur=5.17s
seed=48242 o=1 hands= 240/500 hero_chip= +10000 hero_bb100_sched=  +20.00 hero_bb100_actual=  +41.67 hero_err=0 opp_err=0 dur=4.86s
seed=49242 o=0 hands= 171/500 hero_chip= +10000 hero_bb100_sched=  +20.00 hero_bb100_actual=  +58.48 hero_err=0 opp_err=0 dur=3.43s
seed=49242 o=1 hands= 451/500 hero_chip= +10000 hero_bb100_sched=  +20.00 hero_bb100_actual=  +22.17 hero_err=0 opp_err=0 dur=9.32s
seed=50242 o=0 hands= 331/500 hero_chip= +10000 hero_bb100_sched=  +20.00 hero_bb100_actual=  +30.21 hero_err=0 opp_err=0 dur=6.57s
seed=50242 o=1 hands= 169/500 hero_chip= -10000 hero_bb100_sched=  -20.00 hero_bb100_actual=  -59.17 hero_err=0 opp_err=0 dur=4.16s
seed=51242 o=0 hands= 480/500 hero_chip= +10000 hero_bb100_sched=  +20.00 hero_bb100_actual=  +20.83 hero_err=0 opp_err=0 dur=10.55s
seed=51242 o=1 hands= 101/500 hero_chip= +10000 hero_bb100_sched=  +20.00 hero_bb100_actual=  +99.01 hero_err=0 opp_err=0 dur=2.36s
seed=52242 o=0 hands= 128/500 hero_chip= +10000 hero_bb100_sched=  +20.00 hero_bb100_actual=  +78.12 hero_err=0 opp_err=0 dur=2.70s
seed=52242 o=1 hands= 414/500 hero_chip= +10000 hero_bb100_sched=  +20.00 hero_bb100_actual=  +24.15 hero_err=0 opp_err=0 dur=8.56s
seed=53242 o=0 hands= 109/500 hero_chip= +10000 hero_bb100_sched=  +20.00 hero_bb100_actual=  +91.74 hero_err=0 opp_err=0 dur=2.38s
seed=53242 o=1 hands= 258/500 hero_chip= +10000 hero_bb100_sched=  +20.00 hero_bb100_actual=  +38.76 hero_err=0 opp_err=0 dur=5.15s
seed=54242 o=0 hands= 132/500 hero_chip= +10000 hero_bb100_sched=  +20.00 hero_bb100_actual=  +75.76 hero_err=0 opp_err=0 dur=2.89s
seed=54242 o=1 hands= 317/500 hero_chip= +10000 hero_bb100_sched=  +20.00 hero_bb100_actual=  +31.55 hero_err=0 opp_err=0 dur=6.88s
seed=55242 o=0 hands= 486/500 hero_chip= +10000 hero_bb100_sched=  +20.00 hero_bb100_actual=  +20.58 hero_err=0 opp_err=0 dur=10.07s
seed=55242 o=1 hands= 500/500 hero_chip=   +857 hero_bb100_sched=   +1.71 hero_bb100_actual=   +1.71 hero_err=0 opp_err=0 dur=10.60s
seed=56242 o=0 hands= 138/500 hero_chip= +10000 hero_bb100_sched=  +20.00 hero_bb100_actual=  +72.46 hero_err=0 opp_err=0 dur=2.69s
seed=56242 o=1 hands= 128/500 hero_chip= +10000 hero_bb100_sched=  +20.00 hero_bb100_actual=  +78.12 hero_err=0 opp_err=0 dur=2.49s
seed=57242 o=0 hands= 500/500 hero_chip=  +1604 hero_bb100_sched=   +3.21 hero_bb100_actual=   +3.21 hero_err=0 opp_err=0 dur=10.78s
seed=57242 o=1 hands= 125/500 hero_chip= +10000 hero_bb100_sched=  +20.00 hero_bb100_actual=  +80.00 hero_err=0 opp_err=0 dur=3.55s
seed=58242 o=0 hands=  98/500 hero_chip= +10000 hero_bb100_sched=  +20.00 hero_bb100_actual= +102.04 hero_err=0 opp_err=0 dur=2.28s
seed=58242 o=1 hands= 421/500 hero_chip= +10000 hero_bb100_sched=  +20.00 hero_bb100_actual=  +23.75 hero_err=0 opp_err=0 dur=8.36s
seed=59242 o=0 hands= 192/500 hero_chip= +10000 hero_bb100_sched=  +20.00 hero_bb100_actual=  +52.08 hero_err=0 opp_err=0 dur=4.38s
seed=59242 o=1 hands= 318/500 hero_chip= +10000 hero_bb100_sched=  +20.00 hero_bb100_actual=  +31.45 hero_err=0 opp_err=0 dur=6.47s
seed=60242 o=0 hands= 189/500 hero_chip= +10000 hero_bb100_sched=  +20.00 hero_bb100_actual=  +52.91 hero_err=0 opp_err=0 dur=4.12s
seed=60242 o=1 hands= 500/500 hero_chip=  +8930 hero_bb100_sched=  +17.86 hero_bb100_actual=  +17.86 hero_err=0 opp_err=0 dur=10.51s
seed=61242 o=0 hands= 206/500 hero_chip= +10000 hero_bb100_sched=  +20.00 hero_bb100_actual=  +48.54 hero_err=0 opp_err=0 dur=4.18s
seed=61242 o=1 hands= 258/500 hero_chip= +10000 hero_bb100_sched=  +20.00 hero_bb100_actual=  +38.76 hero_err=0 opp_err=0 dur=5.95s
seed=62242 o=0 hands= 183/500 hero_chip= +10000 hero_bb100_sched=  +20.00 hero_bb100_actual=  +54.64 hero_err=0 opp_err=0 dur=4.07s
seed=62242 o=1 hands= 126/500 hero_chip= +10000 hero_bb100_sched=  +20.00 hero_bb100_actual=  +79.37 hero_err=0 opp_err=0 dur=2.56s
seed=63242 o=0 hands= 500/500 hero_chip=  +2712 hero_bb100_sched=   +5.42 hero_bb100_actual=   +5.42 hero_err=0 opp_err=0 dur=10.18s
seed=63242 o=1 hands= 138/500 hero_chip= +10000 hero_bb100_sched=  +20.00 hero_bb100_actual=  +72.46 hero_err=0 opp_err=0 dur=2.78s
seed=64242 o=0 hands= 500/500 hero_chip=  +3445 hero_bb100_sched=   +6.89 hero_bb100_actual=   +6.89 hero_err=0 opp_err=0 dur=10.71s
seed=64242 o=1 hands=  95/500 hero_chip= +10000 hero_bb100_sched=  +20.00 hero_bb100_actual= +105.26 hero_err=0 opp_err=0 dur=2.52s
seed=65242 o=0 hands= 158/500 hero_chip= +10000 hero_bb100_sched=  +20.00 hero_bb100_actual=  +63.29 hero_err=0 opp_err=0 dur=3.90s
seed=65242 o=1 hands= 281/500 hero_chip= +10000 hero_bb100_sched=  +20.00 hero_bb100_actual=  +35.59 hero_err=0 opp_err=0 dur=7.23s
seed=66242 o=0 hands= 119/500 hero_chip= +10000 hero_bb100_sched=  +20.00 hero_bb100_actual=  +84.03 hero_err=0 opp_err=0 dur=2.82s
seed=66242 o=1 hands= 380/500 hero_chip= +10000 hero_bb100_sched=  +20.00 hero_bb100_actual=  +26.32 hero_err=0 opp_err=0 dur=8.47s
seed=67242 o=0 hands= 327/500 hero_chip= +10000 hero_bb100_sched=  +20.00 hero_bb100_actual=  +30.58 hero_err=0 opp_err=0 dur=6.14s
seed=67242 o=1 hands= 500/500 hero_chip=  -3225 hero_bb100_sched=   -6.45 hero_bb100_actual=   -6.45 hero_err=0 opp_err=0 dur=10.69s
seed=68242 o=0 hands= 121/500 hero_chip= -10000 hero_bb100_sched=  -20.00 hero_bb100_actual=  -82.64 hero_err=0 opp_err=0 dur=3.25s
seed=68242 o=1 hands= 110/500 hero_chip= +10000 hero_bb100_sched=  +20.00 hero_bb100_actual=  +90.91 hero_err=0 opp_err=0 dur=2.59s
seed=69242 o=0 hands= 163/500 hero_chip= +10000 hero_bb100_sched=  +20.00 hero_bb100_actual=  +61.35 hero_err=0 opp_err=0 dur=4.39s
seed=69242 o=1 hands= 127/500 hero_chip= +10000 hero_bb100_sched=  +20.00 hero_bb100_actual=  +78.74 hero_err=0 opp_err=0 dur=4.64s
seed=70242 o=0 hands= 500/500 hero_chip=  +3296 hero_bb100_sched=   +6.59 hero_bb100_actual=   +6.59 hero_err=0 opp_err=0 dur=13.83s
seed=70242 o=1 hands= 180/500 hero_chip= +10000 hero_bb100_sched=  +20.00 hero_bb100_actual=  +55.56 hero_err=0 opp_err=0 dur=4.32s
seed=71242 o=0 hands= 261/500 hero_chip= +10000 hero_bb100_sched=  +20.00 hero_bb100_actual=  +38.31 hero_err=0 opp_err=0 dur=7.32s
seed=71242 o=1 hands= 119/500 hero_chip= +10000 hero_bb100_sched=  +20.00 hero_bb100_actual=  +84.03 hero_err=0 opp_err=0 dur=3.71s
seed=72242 o=0 hands= 168/500 hero_chip= -10000 hero_bb100_sched=  -20.00 hero_bb100_actual=  -59.52 hero_err=0 opp_err=0 dur=7.67s
seed=72242 o=1 hands= 438/500 hero_chip= +10000 hero_bb100_sched=  +20.00 hero_bb100_actual=  +22.83 hero_err=0 opp_err=0 dur=10.54s
seed=73242 o=0 hands= 500/500 hero_chip=   +815 hero_bb100_sched=   +1.63 hero_bb100_actual=   +1.63 hero_err=0 opp_err=0 dur=11.93s
seed=73242 o=1 hands= 111/500 hero_chip= +10000 hero_bb100_sched=  +20.00 hero_bb100_actual=  +90.09 hero_err=0 opp_err=0 dur=2.73s
seed=74242 o=0 hands= 118/500 hero_chip= +10000 hero_bb100_sched=  +20.00 hero_bb100_actual=  +84.75 hero_err=0 opp_err=0 dur=3.56s
seed=74242 o=1 hands= 500/500 hero_chip=   +114 hero_bb100_sched=   +0.23 hero_bb100_actual=   +0.23 hero_err=0 opp_err=0 dur=12.17s
seed=75242 o=0 hands= 168/500 hero_chip= +10000 hero_bb100_sched=  +20.00 hero_bb100_actual=  +59.52 hero_err=0 opp_err=0 dur=4.21s
seed=75242 o=1 hands= 275/500 hero_chip= +10000 hero_bb100_sched=  +20.00 hero_bb100_actual=  +36.36 hero_err=0 opp_err=0 dur=6.53s
seed=76242 o=0 hands= 419/500 hero_chip= -10000 hero_bb100_sched=  -20.00 hero_bb100_actual=  -23.87 hero_err=0 opp_err=0 dur=10.63s
seed=76242 o=1 hands= 500/500 hero_chip=  -4642 hero_bb100_sched=   -9.28 hero_bb100_actual=   -9.28 hero_err=0 opp_err=0 dur=11.89s
seed=77242 o=0 hands= 500/500 hero_chip=  -6615 hero_bb100_sched=  -13.23 hero_bb100_actual=  -13.23 hero_err=0 opp_err=0 dur=11.00s
seed=77242 o=1 hands= 136/500 hero_chip= +10000 hero_bb100_sched=  +20.00 hero_bb100_actual=  +73.53 hero_err=0 opp_err=0 dur=3.02s
seed=78242 o=0 hands= 363/500 hero_chip= +10000 hero_bb100_sched=  +20.00 hero_bb100_actual=  +27.55 hero_err=0 opp_err=0 dur=8.22s
seed=78242 o=1 hands= 173/500 hero_chip= -10000 hero_bb100_sched=  -20.00 hero_bb100_actual=  -57.80 hero_err=0 opp_err=0 dur=3.47s
seed=79242 o=0 hands= 117/500 hero_chip= -10000 hero_bb100_sched=  -20.00 hero_bb100_actual=  -85.47 hero_err=0 opp_err=0 dur=2.89s
seed=79242 o=1 hands= 356/500 hero_chip= +10000 hero_bb100_sched=  +20.00 hero_bb100_actual=  +28.09 hero_err=0 opp_err=0 dur=7.08s
seed=80242 o=0 hands= 316/500 hero_chip= +10000 hero_bb100_sched=  +20.00 hero_bb100_actual=  +31.65 hero_err=0 opp_err=0 dur=6.04s
seed=80242 o=1 hands= 123/500 hero_chip= +10000 hero_bb100_sched=  +20.00 hero_bb100_actual=  +81.30 hero_err=0 opp_err=0 dur=2.45s
seed=81242 o=0 hands=  90/500 hero_chip= +10000 hero_bb100_sched=  +20.00 hero_bb100_actual= +111.11 hero_err=0 opp_err=0 dur=1.67s
seed=81242 o=1 hands= 101/500 hero_chip= +10000 hero_bb100_sched=  +20.00 hero_bb100_actual=  +99.01 hero_err=0 opp_err=0 dur=2.29s
seed=82242 o=0 hands= 218/500 hero_chip= +10000 hero_bb100_sched=  +20.00 hero_bb100_actual=  +45.87 hero_err=0 opp_err=0 dur=4.02s
seed=82242 o=1 hands= 134/500 hero_chip= +10000 hero_bb100_sched=  +20.00 hero_bb100_actual=  +74.63 hero_err=0 opp_err=0 dur=3.18s
seed=83242 o=0 hands=  70/500 hero_chip= +10000 hero_bb100_sched=  +20.00 hero_bb100_actual= +142.86 hero_err=0 opp_err=0 dur=1.64s
seed=83242 o=1 hands= 175/500 hero_chip= +10000 hero_bb100_sched=  +20.00 hero_bb100_actual=  +57.14 hero_err=0 opp_err=0 dur=3.24s
seed=84242 o=0 hands= 500/500 hero_chip=  +1162 hero_bb100_sched=   +2.32 hero_bb100_actual=   +2.32 hero_err=0 opp_err=0 dur=10.18s
seed=84242 o=1 hands= 388/500 hero_chip= +10000 hero_bb100_sched=  +20.00 hero_bb100_actual=  +25.77 hero_err=0 opp_err=0 dur=8.48s
seed=85242 o=0 hands= 500/500 hero_chip=   +804 hero_bb100_sched=   +1.61 hero_bb100_actual=   +1.61 hero_err=0 opp_err=0 dur=11.05s
seed=85242 o=1 hands= 468/500 hero_chip= +10000 hero_bb100_sched=  +20.00 hero_bb100_actual=  +21.37 hero_err=0 opp_err=0 dur=10.04s
seed=86242 o=0 hands= 177/500 hero_chip= +10000 hero_bb100_sched=  +20.00 hero_bb100_actual=  +56.50 hero_err=0 opp_err=0 dur=4.19s
seed=86242 o=1 hands= 162/500 hero_chip= +10000 hero_bb100_sched=  +20.00 hero_bb100_actual=  +61.73 hero_err=0 opp_err=0 dur=3.63s
seed=87242 o=0 hands= 500/500 hero_chip=   -423 hero_bb100_sched=   -0.85 hero_bb100_actual=   -0.85 hero_err=0 opp_err=0 dur=10.48s
seed=87242 o=1 hands= 424/500 hero_chip= +10000 hero_bb100_sched=  +20.00 hero_bb100_actual=  +23.58 hero_err=0 opp_err=0 dur=9.80s
seed=88242 o=0 hands= 500/500 hero_chip=  +6326 hero_bb100_sched=  +12.65 hero_bb100_actual=  +12.65 hero_err=0 opp_err=0 dur=10.51s
seed=88242 o=1 hands= 280/500 hero_chip= +10000 hero_bb100_sched=  +20.00 hero_bb100_actual=  +35.71 hero_err=0 opp_err=0 dur=5.95s
seed=89242 o=0 hands=  52/500 hero_chip= +10000 hero_bb100_sched=  +20.00 hero_bb100_actual= +192.31 hero_err=0 opp_err=0 dur=1.77s
seed=89242 o=1 hands= 240/500 hero_chip= +10000 hero_bb100_sched=  +20.00 hero_bb100_actual=  +41.67 hero_err=0 opp_err=0 dur=5.21s
seed=90242 o=0 hands= 220/500 hero_chip= +10000 hero_bb100_sched=  +20.00 hero_bb100_actual=  +45.45 hero_err=0 opp_err=0 dur=4.48s
seed=90242 o=1 hands= 328/500 hero_chip= +10000 hero_bb100_sched=  +20.00 hero_bb100_actual=  +30.49 hero_err=0 opp_err=0 dur=7.58s
seed=91242 o=0 hands= 329/500 hero_chip= +10000 hero_bb100_sched=  +20.00 hero_bb100_actual=  +30.40 hero_err=0 opp_err=0 dur=6.80s
seed=91242 o=1 hands= 154/500 hero_chip= +10000 hero_bb100_sched=  +20.00 hero_bb100_actual=  +64.94 hero_err=0 opp_err=0 dur=3.65s
seed=92242 o=0 hands=  62/500 hero_chip= +10000 hero_bb100_sched=  +20.00 hero_bb100_actual= +161.29 hero_err=0 opp_err=0 dur=1.86s
seed=92242 o=1 hands= 143/500 hero_chip= +10000 hero_bb100_sched=  +20.00 hero_bb100_actual=  +69.93 hero_err=0 opp_err=0 dur=3.00s
seed=93242 o=0 hands= 268/500 hero_chip= -10000 hero_bb100_sched=  -20.00 hero_bb100_actual=  -37.31 hero_err=0 opp_err=0 dur=5.86s
seed=93242 o=1 hands= 101/500 hero_chip= +10000 hero_bb100_sched=  +20.00 hero_bb100_actual=  +99.01 hero_err=0 opp_err=0 dur=3.03s
seed=94242 o=0 hands= 283/500 hero_chip= +10000 hero_bb100_sched=  +20.00 hero_bb100_actual=  +35.34 hero_err=0 opp_err=0 dur=6.83s
seed=94242 o=1 hands= 220/500 hero_chip= +10000 hero_bb100_sched=  +20.00 hero_bb100_actual=  +45.45 hero_err=0 opp_err=0 dur=4.46s
seed=95242 o=0 hands=  95/500 hero_chip= +10000 hero_bb100_sched=  +20.00 hero_bb100_actual= +105.26 hero_err=0 opp_err=0 dur=2.09s
seed=95242 o=1 hands=  69/500 hero_chip= +10000 hero_bb100_sched=  +20.00 hero_bb100_actual= +144.93 hero_err=0 opp_err=0 dur=1.74s
seed=96242 o=0 hands= 101/500 hero_chip= +10000 hero_bb100_sched=  +20.00 hero_bb100_actual=  +99.01 hero_err=0 opp_err=0 dur=2.46s
seed=96242 o=1 hands=  96/500 hero_chip= +10000 hero_bb100_sched=  +20.00 hero_bb100_actual= +104.17 hero_err=0 opp_err=0 dur=2.23s
seed=97242 o=0 hands= 153/500 hero_chip= +10000 hero_bb100_sched=  +20.00 hero_bb100_actual=  +65.36 hero_err=0 opp_err=0 dur=2.68s
seed=97242 o=1 hands=  73/500 hero_chip= +10000 hero_bb100_sched=  +20.00 hero_bb100_actual= +136.99 hero_err=0 opp_err=0 dur=1.58s
seed=98242 o=0 hands= 412/500 hero_chip= +10000 hero_bb100_sched=  +20.00 hero_bb100_actual=  +24.27 hero_err=0 opp_err=0 dur=7.76s
seed=98242 o=1 hands=  96/500 hero_chip= +10000 hero_bb100_sched=  +20.00 hero_bb100_actual= +104.17 hero_err=0 opp_err=0 dur=2.33s
seed=99242 o=0 hands= 167/500 hero_chip= -10000 hero_bb100_sched=  -20.00 hero_bb100_actual=  -59.88 hero_err=0 opp_err=0 dur=3.56s
seed=99242 o=1 hands=  79/500 hero_chip= +10000 hero_bb100_sched=  +20.00 hero_bb100_actual= +126.58 hero_err=0 opp_err=0 dur=1.65s

SUMMARY_JSON {"attempted_hands": 100000, "base": 242, "ci_half_width": 1.6768850000000004, "ci_high": 15.78483, "ci_low": 12.431059999999999, "created_at": "2026-05-28T01:50:47Z", "early_bust_matches": 173, "early_bust_rate": 0.865, "hands_played": 50883, "hero_actual_bb_per_100": 27.76107933887546, "hero_bb_per_100": 14.12567, "hero_chip_delta": 1412567, "hero_errors": 0, "hero_max_decide_latency_s": 0.27892379206605256, "hero_p99_decide_latency_s": 0.04932925011962652, "hero_zip": {"data_bytes": 19758, "has_root_bot_py": true, "path": "/Users/farhad/Code/PokerBot/submissions/v_final.zip", "sha256": "e4b4a8f11f801ecef2eca53629241e83cc9bace8ec74004f19368375f22d9598", "size_bytes": 28208}, "json_path": "/Users/farhad/Code/PokerBot/consult/artifacts/2026-05-28-public-saturation/neel_s242.json", "log_path": "/Users/farhad/Code/PokerBot/consult/artifacts/2026-05-28-public-saturation/neel_s242.log", "match_len": 500, "matches": 200, "opponent": "neel", "opponent_errors": 0, "opponent_p99_decide_latency_s": 0.057940041879191995, "opponent_zip": {"data_bytes": 0, "has_root_bot_py": true, "path": "/Users/farhad/Code/PokerBot/consult/artifacts/2026-05-28-public-saturation/opponent_zips/neel.zip", "sha256": "32ce33e28aecf2f72a41c83efbbda4b36e415f1134ae32a96c0c8a611dce4a4f", "size_bytes": 2737}, "seed_pairs": 100, "seed_stride": 1000, "stdout_noise": {}, "stdout_noise_examples": {}, "target_scheduled_hands": 100000, "verdict": "GREEN"}
SUMMARY opponent=neel base=242 verdict=GREEN bb100=+14.13 ci=[+12.43,+15.78] half_width=1.68 scheduled=100000 actual_hands=50883 early_bust_rate=0.865 hero_errors=0 hero_p99_latency_s=0.0493
