PUBLIC SATURATION 2026-05-28T01:08:38Z
opponent=neel base=142
hero=/Users/farhad/Code/PokerBot/submissions/v_final.zip sha256=e4b4a8f11f801ecef2eca53629241e83cc9bace8ec74004f19368375f22d9598
opponent_zip=/Users/farhad/Code/PokerBot/consult/artifacts/2026-05-28-public-saturation/opponent_zips/neel.zip sha256=32ce33e28aecf2f72a41c83efbbda4b36e415f1134ae32a96c0c8a611dce4a4f
target_scheduled_hands=100000 match_len=500 seed_stride=1000
seed schedule: seed = base + k * seed_stride; each seed runs two seat orientations

seed=142 o=0 hands=  83/500 hero_chip= +10000 hero_bb100_sched=  +20.00 hero_bb100_actual= +120.48 hero_err=0 opp_err=0 dur=2.30s
seed=142 o=1 hands= 179/500 hero_chip= +10000 hero_bb100_sched=  +20.00 hero_bb100_actual=  +55.87 hero_err=0 opp_err=0 dur=4.39s
seed=1142 o=0 hands= 110/500 hero_chip= +10000 hero_bb100_sched=  +20.00 hero_bb100_actual=  +90.91 hero_err=0 opp_err=0 dur=2.70s
seed=1142 o=1 hands= 342/500 hero_chip= +10000 hero_bb100_sched=  +20.00 hero_bb100_actual=  +29.24 hero_err=0 opp_err=0 dur=7.11s
seed=2142 o=0 hands=  16/500 hero_chip= +10000 hero_bb100_sched=  +20.00 hero_bb100_actual= +625.00 hero_err=0 opp_err=0 dur=1.22s
seed=2142 o=1 hands=  74/500 hero_chip= +10000 hero_bb100_sched=  +20.00 hero_bb100_actual= +135.14 hero_err=0 opp_err=0 dur=1.90s
seed=3142 o=0 hands= 121/500 hero_chip= +10000 hero_bb100_sched=  +20.00 hero_bb100_actual=  +82.64 hero_err=0 opp_err=0 dur=2.39s
seed=3142 o=1 hands= 198/500 hero_chip= +10000 hero_bb100_sched=  +20.00 hero_bb100_actual=  +50.51 hero_err=0 opp_err=0 dur=4.13s
seed=4142 o=0 hands= 144/500 hero_chip= +10000 hero_bb100_sched=  +20.00 hero_bb100_actual=  +69.44 hero_err=0 opp_err=0 dur=4.55s
seed=4142 o=1 hands= 311/500 hero_chip= +10000 hero_bb100_sched=  +20.00 hero_bb100_actual=  +32.15 hero_err=0 opp_err=0 dur=9.67s
seed=5142 o=0 hands= 214/500 hero_chip= +10000 hero_bb100_sched=  +20.00 hero_bb100_actual=  +46.73 hero_err=0 opp_err=0 dur=6.22s
seed=5142 o=1 hands= 500/500 hero_chip=  +4159 hero_bb100_sched=   +8.32 hero_bb100_actual=   +8.32 hero_err=0 opp_err=0 dur=14.32s
seed=6142 o=0 hands= 500/500 hero_chip=  -1918 hero_bb100_sched=   -3.84 hero_bb100_actual=   -3.84 hero_err=0 opp_err=0 dur=13.48s
seed=6142 o=1 hands= 313/500 hero_chip= +10000 hero_bb100_sched=  +20.00 hero_bb100_actual=  +31.95 hero_err=0 opp_err=0 dur=9.26s
seed=7142 o=0 hands= 142/500 hero_chip= +10000 hero_bb100_sched=  +20.00 hero_bb100_actual=  +70.42 hero_err=0 opp_err=0 dur=4.04s
seed=7142 o=1 hands=  87/500 hero_chip= +10000 hero_bb100_sched=  +20.00 hero_bb100_actual= +114.94 hero_err=0 opp_err=0 dur=2.22s
seed=8142 o=0 hands=  91/500 hero_chip= +10000 hero_bb100_sched=  +20.00 hero_bb100_actual= +109.89 hero_err=0 opp_err=0 dur=2.37s
seed=8142 o=1 hands= 500/500 hero_chip=  +2037 hero_bb100_sched=   +4.07 hero_bb100_actual=   +4.07 hero_err=0 opp_err=0 dur=14.23s
seed=9142 o=0 hands= 374/500 hero_chip= +10000 hero_bb100_sched=  +20.00 hero_bb100_actual=  +26.74 hero_err=0 opp_err=0 dur=11.12s
seed=9142 o=1 hands= 148/500 hero_chip= +10000 hero_bb100_sched=  +20.00 hero_bb100_actual=  +67.57 hero_err=0 opp_err=0 dur=2.97s
seed=10142 o=0 hands= 311/500 hero_chip= +10000 hero_bb100_sched=  +20.00 hero_bb100_actual=  +32.15 hero_err=0 opp_err=0 dur=9.88s
seed=10142 o=1 hands= 409/500 hero_chip= +10000 hero_bb100_sched=  +20.00 hero_bb100_actual=  +24.45 hero_err=0 opp_err=0 dur=14.40s
seed=11142 o=0 hands= 290/500 hero_chip= +10000 hero_bb100_sched=  +20.00 hero_bb100_actual=  +34.48 hero_err=0 opp_err=0 dur=5.74s
seed=11142 o=1 hands= 151/500 hero_chip= +10000 hero_bb100_sched=  +20.00 hero_bb100_actual=  +66.23 hero_err=0 opp_err=0 dur=4.84s
seed=12142 o=0 hands=  90/500 hero_chip= +10000 hero_bb100_sched=  +20.00 hero_bb100_actual= +111.11 hero_err=0 opp_err=0 dur=4.15s
seed=12142 o=1 hands= 500/500 hero_chip=  -3012 hero_bb100_sched=   -6.02 hero_bb100_actual=   -6.02 hero_err=0 opp_err=0 dur=13.77s
seed=13142 o=0 hands= 257/500 hero_chip= +10000 hero_bb100_sched=  +20.00 hero_bb100_actual=  +38.91 hero_err=0 opp_err=0 dur=5.58s
seed=13142 o=1 hands= 157/500 hero_chip= +10000 hero_bb100_sched=  +20.00 hero_bb100_actual=  +63.69 hero_err=0 opp_err=0 dur=4.23s
seed=14142 o=0 hands= 211/500 hero_chip= +10000 hero_bb100_sched=  +20.00 hero_bb100_actual=  +47.39 hero_err=0 opp_err=0 dur=5.51s
seed=14142 o=1 hands= 430/500 hero_chip= +10000 hero_bb100_sched=  +20.00 hero_bb100_actual=  +23.26 hero_err=0 opp_err=0 dur=9.04s
seed=15142 o=0 hands= 176/500 hero_chip= +10000 hero_bb100_sched=  +20.00 hero_bb100_actual=  +56.82 hero_err=0 opp_err=0 dur=3.43s
seed=15142 o=1 hands= 165/500 hero_chip= +10000 hero_bb100_sched=  +20.00 hero_bb100_actual=  +60.61 hero_err=0 opp_err=0 dur=5.19s
seed=16142 o=0 hands=  88/500 hero_chip= +10000 hero_bb100_sched=  +20.00 hero_bb100_actual= +113.64 hero_err=0 opp_err=0 dur=2.24s
seed=16142 o=1 hands= 167/500 hero_chip= +10000 hero_bb100_sched=  +20.00 hero_bb100_actual=  +59.88 hero_err=0 opp_err=0 dur=4.72s
seed=17142 o=0 hands= 434/500 hero_chip= +10000 hero_bb100_sched=  +20.00 hero_bb100_actual=  +23.04 hero_err=0 opp_err=0 dur=7.81s
seed=17142 o=1 hands= 131/500 hero_chip= +10000 hero_bb100_sched=  +20.00 hero_bb100_actual=  +76.34 hero_err=0 opp_err=0 dur=2.89s
seed=18142 o=0 hands= 279/500 hero_chip= +10000 hero_bb100_sched=  +20.00 hero_bb100_actual=  +35.84 hero_err=0 opp_err=0 dur=4.93s
seed=18142 o=1 hands= 194/500 hero_chip= +10000 hero_bb100_sched=  +20.00 hero_bb100_actual=  +51.55 hero_err=0 opp_err=0 dur=4.05s
seed=19142 o=0 hands= 228/500 hero_chip= +10000 hero_bb100_sched=  +20.00 hero_bb100_actual=  +43.86 hero_err=0 opp_err=0 dur=3.55s
seed=19142 o=1 hands= 296/500 hero_chip= +10000 hero_bb100_sched=  +20.00 hero_bb100_actual=  +33.78 hero_err=0 opp_err=0 dur=6.25s
seed=20142 o=0 hands= 122/500 hero_chip= +10000 hero_bb100_sched=  +20.00 hero_bb100_actual=  +81.97 hero_err=0 opp_err=0 dur=2.26s
seed=20142 o=1 hands= 500/500 hero_chip=  +9395 hero_bb100_sched=  +18.79 hero_bb100_actual=  +18.79 hero_err=0 opp_err=0 dur=9.95s
seed=21142 o=0 hands= 462/500 hero_chip= +10000 hero_bb100_sched=  +20.00 hero_bb100_actual=  +21.65 hero_err=0 opp_err=0 dur=7.72s
seed=21142 o=1 hands= 500/500 hero_chip=  +5191 hero_bb100_sched=  +10.38 hero_bb100_actual=  +10.38 hero_err=0 opp_err=0 dur=9.08s
seed=22142 o=0 hands= 206/500 hero_chip= +10000 hero_bb100_sched=  +20.00 hero_bb100_actual=  +48.54 hero_err=0 opp_err=0 dur=3.78s
seed=22142 o=1 hands=  78/500 hero_chip= +10000 hero_bb100_sched=  +20.00 hero_bb100_actual= +128.21 hero_err=0 opp_err=0 dur=1.81s
seed=23142 o=0 hands=  90/500 hero_chip= +10000 hero_bb100_sched=  +20.00 hero_bb100_actual= +111.11 hero_err=0 opp_err=0 dur=2.07s
seed=23142 o=1 hands= 500/500 hero_chip=  +2630 hero_bb100_sched=   +5.26 hero_bb100_actual=   +5.26 hero_err=0 opp_err=0 dur=8.97s
seed=24142 o=0 hands=  61/500 hero_chip= +10000 hero_bb100_sched=  +20.00 hero_bb100_actual= +163.93 hero_err=0 opp_err=0 dur=1.32s
seed=24142 o=1 hands= 500/500 hero_chip=  -3368 hero_bb100_sched=   -6.74 hero_bb100_actual=   -6.74 hero_err=0 opp_err=0 dur=9.29s
seed=25142 o=0 hands= 286/500 hero_chip= +10000 hero_bb100_sched=  +20.00 hero_bb100_actual=  +34.97 hero_err=0 opp_err=0 dur=5.56s
seed=25142 o=1 hands= 500/500 hero_chip=   +376 hero_bb100_sched=   +0.75 hero_bb100_actual=   +0.75 hero_err=0 opp_err=0 dur=9.08s
seed=26142 o=0 hands= 107/500 hero_chip= +10000 hero_bb100_sched=  +20.00 hero_bb100_actual=  +93.46 hero_err=0 opp_err=0 dur=1.89s
seed=26142 o=1 hands= 187/500 hero_chip= +10000 hero_bb100_sched=  +20.00 hero_bb100_actual=  +53.48 hero_err=0 opp_err=0 dur=2.71s
seed=27142 o=0 hands=  66/500 hero_chip= +10000 hero_bb100_sched=  +20.00 hero_bb100_actual= +151.52 hero_err=0 opp_err=0 dur=1.21s
seed=27142 o=1 hands= 201/500 hero_chip= +10000 hero_bb100_sched=  +20.00 hero_bb100_actual=  +49.75 hero_err=0 opp_err=0 dur=4.59s
seed=28142 o=0 hands= 143/500 hero_chip= +10000 hero_bb100_sched=  +20.00 hero_bb100_actual=  +69.93 hero_err=0 opp_err=0 dur=1.80s
seed=28142 o=1 hands= 500/500 hero_chip=  +2633 hero_bb100_sched=   +5.27 hero_bb100_actual=   +5.27 hero_err=0 opp_err=0 dur=7.06s
seed=29142 o=0 hands= 234/500 hero_chip= +10000 hero_bb100_sched=  +20.00 hero_bb100_actual=  +42.74 hero_err=0 opp_err=0 dur=4.35s
seed=29142 o=1 hands= 173/500 hero_chip= +10000 hero_bb100_sched=  +20.00 hero_bb100_actual=  +57.80 hero_err=0 opp_err=0 dur=2.83s
seed=30142 o=0 hands=  92/500 hero_chip= -10000 hero_bb100_sched=  -20.00 hero_bb100_actual= -108.70 hero_err=0 opp_err=0 dur=2.09s
seed=30142 o=1 hands= 500/500 hero_chip=   +213 hero_bb100_sched=   +0.43 hero_bb100_actual=   +0.43 hero_err=0 opp_err=0 dur=8.62s
seed=31142 o=0 hands= 307/500 hero_chip= +10000 hero_bb100_sched=  +20.00 hero_bb100_actual=  +32.57 hero_err=0 opp_err=0 dur=6.80s
seed=31142 o=1 hands=  93/500 hero_chip= +10000 hero_bb100_sched=  +20.00 hero_bb100_actual= +107.53 hero_err=0 opp_err=0 dur=2.08s
seed=32142 o=0 hands= 188/500 hero_chip= +10000 hero_bb100_sched=  +20.00 hero_bb100_actual=  +53.19 hero_err=0 opp_err=0 dur=3.37s
seed=32142 o=1 hands= 289/500 hero_chip= -10000 hero_bb100_sched=  -20.00 hero_bb100_actual=  -34.60 hero_err=0 opp_err=0 dur=5.64s
seed=33142 o=0 hands= 179/500 hero_chip= +10000 hero_bb100_sched=  +20.00 hero_bb100_actual=  +55.87 hero_err=0 opp_err=0 dur=3.46s
seed=33142 o=1 hands= 195/500 hero_chip= +10000 hero_bb100_sched=  +20.00 hero_bb100_actual=  +51.28 hero_err=0 opp_err=0 dur=3.82s
seed=34142 o=0 hands=  76/500 hero_chip= +10000 hero_bb100_sched=  +20.00 hero_bb100_actual= +131.58 hero_err=0 opp_err=0 dur=2.13s
seed=34142 o=1 hands= 145/500 hero_chip= +10000 hero_bb100_sched=  +20.00 hero_bb100_actual=  +68.97 hero_err=0 opp_err=0 dur=2.37s
seed=35142 o=0 hands= 291/500 hero_chip= +10000 hero_bb100_sched=  +20.00 hero_bb100_actual=  +34.36 hero_err=0 opp_err=0 dur=5.30s
seed=35142 o=1 hands= 111/500 hero_chip= +10000 hero_bb100_sched=  +20.00 hero_bb100_actual=  +90.09 hero_err=0 opp_err=0 dur=2.51s
seed=36142 o=0 hands= 182/500 hero_chip= +10000 hero_bb100_sched=  +20.00 hero_bb100_actual=  +54.95 hero_err=0 opp_err=0 dur=3.82s
seed=36142 o=1 hands= 189/500 hero_chip= +10000 hero_bb100_sched=  +20.00 hero_bb100_actual=  +52.91 hero_err=0 opp_err=0 dur=3.85s
seed=37142 o=0 hands= 151/500 hero_chip= +10000 hero_bb100_sched=  +20.00 hero_bb100_actual=  +66.23 hero_err=0 opp_err=0 dur=3.08s
seed=37142 o=1 hands= 124/500 hero_chip= +10000 hero_bb100_sched=  +20.00 hero_bb100_actual=  +80.65 hero_err=0 opp_err=0 dur=2.04s
seed=38142 o=0 hands= 280/500 hero_chip= +10000 hero_bb100_sched=  +20.00 hero_bb100_actual=  +35.71 hero_err=0 opp_err=0 dur=5.12s
seed=38142 o=1 hands= 101/500 hero_chip= +10000 hero_bb100_sched=  +20.00 hero_bb100_actual=  +99.01 hero_err=0 opp_err=0 dur=2.65s
seed=39142 o=0 hands= 148/500 hero_chip= +10000 hero_bb100_sched=  +20.00 hero_bb100_actual=  +67.57 hero_err=0 opp_err=0 dur=2.98s
seed=39142 o=1 hands= 131/500 hero_chip= +10000 hero_bb100_sched=  +20.00 hero_bb100_actual=  +76.34 hero_err=0 opp_err=0 dur=4.31s
seed=40142 o=0 hands= 345/500 hero_chip= +10000 hero_bb100_sched=  +20.00 hero_bb100_actual=  +28.99 hero_err=0 opp_err=0 dur=7.27s
seed=40142 o=1 hands= 355/500 hero_chip= +10000 hero_bb100_sched=  +20.00 hero_bb100_actual=  +28.17 hero_err=0 opp_err=0 dur=9.25s
seed=41142 o=0 hands= 136/500 hero_chip= +10000 hero_bb100_sched=  +20.00 hero_bb100_actual=  +73.53 hero_err=0 opp_err=0 dur=4.12s
seed=41142 o=1 hands= 191/500 hero_chip= +10000 hero_bb100_sched=  +20.00 hero_bb100_actual=  +52.36 hero_err=0 opp_err=0 dur=4.19s
seed=42142 o=0 hands= 242/500 hero_chip= -10000 hero_bb100_sched=  -20.00 hero_bb100_actual=  -41.32 hero_err=0 opp_err=0 dur=5.32s
seed=42142 o=1 hands=  95/500 hero_chip= +10000 hero_bb100_sched=  +20.00 hero_bb100_actual= +105.26 hero_err=0 opp_err=0 dur=3.37s
seed=43142 o=0 hands= 388/500 hero_chip= +10000 hero_bb100_sched=  +20.00 hero_bb100_actual=  +25.77 hero_err=0 opp_err=0 dur=8.55s
seed=43142 o=1 hands=  92/500 hero_chip= +10000 hero_bb100_sched=  +20.00 hero_bb100_actual= +108.70 hero_err=0 opp_err=0 dur=2.61s
seed=44142 o=0 hands= 440/500 hero_chip= +10000 hero_bb100_sched=  +20.00 hero_bb100_actual=  +22.73 hero_err=0 opp_err=0 dur=9.97s
seed=44142 o=1 hands= 103/500 hero_chip= +10000 hero_bb100_sched=  +20.00 hero_bb100_actual=  +97.09 hero_err=0 opp_err=0 dur=2.62s
seed=45142 o=0 hands= 500/500 hero_chip=  -1442 hero_bb100_sched=   -2.88 hero_bb100_actual=   -2.88 hero_err=0 opp_err=0 dur=12.44s
seed=45142 o=1 hands= 500/500 hero_chip=  +8299 hero_bb100_sched=  +16.60 hero_bb100_actual=  +16.60 hero_err=0 opp_err=0 dur=13.76s
seed=46142 o=0 hands= 136/500 hero_chip= +10000 hero_bb100_sched=  +20.00 hero_bb100_actual=  +73.53 hero_err=0 opp_err=0 dur=2.59s
seed=46142 o=1 hands= 346/500 hero_chip= +10000 hero_bb100_sched=  +20.00 hero_bb100_actual=  +28.90 hero_err=0 opp_err=0 dur=7.16s
seed=47142 o=0 hands=  72/500 hero_chip= +10000 hero_bb100_sched=  +20.00 hero_bb100_actual= +138.89 hero_err=0 opp_err=0 dur=3.25s
seed=47142 o=1 hands= 500/500 hero_chip=   +927 hero_bb100_sched=   +1.85 hero_bb100_actual=   +1.85 hero_err=0 opp_err=0 dur=15.62s
seed=48142 o=0 hands= 336/500 hero_chip= +10000 hero_bb100_sched=  +20.00 hero_bb100_actual=  +29.76 hero_err=0 opp_err=0 dur=10.20s
seed=48142 o=1 hands= 232/500 hero_chip= +10000 hero_bb100_sched=  +20.00 hero_bb100_actual=  +43.10 hero_err=0 opp_err=0 dur=6.48s
seed=49142 o=0 hands= 116/500 hero_chip= +10000 hero_bb100_sched=  +20.00 hero_bb100_actual=  +86.21 hero_err=0 opp_err=0 dur=3.81s
seed=49142 o=1 hands= 500/500 hero_chip=  +5490 hero_bb100_sched=  +10.98 hero_bb100_actual=  +10.98 hero_err=0 opp_err=0 dur=15.39s
seed=50142 o=0 hands= 320/500 hero_chip= -10000 hero_bb100_sched=  -20.00 hero_bb100_actual=  -31.25 hero_err=0 opp_err=0 dur=10.39s
seed=50142 o=1 hands= 232/500 hero_chip= +10000 hero_bb100_sched=  +20.00 hero_bb100_actual=  +43.10 hero_err=0 opp_err=0 dur=7.42s
seed=51142 o=0 hands= 443/500 hero_chip= +10000 hero_bb100_sched=  +20.00 hero_bb100_actual=  +22.57 hero_err=0 opp_err=0 dur=12.82s
seed=51142 o=1 hands= 500/500 hero_chip=  +1377 hero_bb100_sched=   +2.75 hero_bb100_actual=   +2.75 hero_err=0 opp_err=0 dur=13.81s
seed=52142 o=0 hands= 246/500 hero_chip= +10000 hero_bb100_sched=  +20.00 hero_bb100_actual=  +40.65 hero_err=0 opp_err=0 dur=10.86s
seed=52142 o=1 hands= 153/500 hero_chip= +10000 hero_bb100_sched=  +20.00 hero_bb100_actual=  +65.36 hero_err=0 opp_err=0 dur=3.15s
seed=53142 o=0 hands= 325/500 hero_chip= +10000 hero_bb100_sched=  +20.00 hero_bb100_actual=  +30.77 hero_err=0 opp_err=0 dur=9.22s
seed=53142 o=1 hands= 327/500 hero_chip= +10000 hero_bb100_sched=  +20.00 hero_bb100_actual=  +30.58 hero_err=0 opp_err=0 dur=8.95s
seed=54142 o=0 hands=  90/500 hero_chip= +10000 hero_bb100_sched=  +20.00 hero_bb100_actual= +111.11 hero_err=0 opp_err=0 dur=3.72s
seed=54142 o=1 hands= 191/500 hero_chip= +10000 hero_bb100_sched=  +20.00 hero_bb100_actual=  +52.36 hero_err=0 opp_err=0 dur=6.27s
seed=55142 o=0 hands= 120/500 hero_chip= +10000 hero_bb100_sched=  +20.00 hero_bb100_actual=  +83.33 hero_err=0 opp_err=0 dur=3.28s
seed=55142 o=1 hands= 500/500 hero_chip=  -1257 hero_bb100_sched=   -2.51 hero_bb100_actual=   -2.51 hero_err=0 opp_err=0 dur=15.65s
seed=56142 o=0 hands= 223/500 hero_chip= +10000 hero_bb100_sched=  +20.00 hero_bb100_actual=  +44.84 hero_err=0 opp_err=0 dur=5.03s
seed=56142 o=1 hands= 249/500 hero_chip= +10000 hero_bb100_sched=  +20.00 hero_bb100_actual=  +40.16 hero_err=0 opp_err=0 dur=6.46s
seed=57142 o=0 hands= 313/500 hero_chip= +10000 hero_bb100_sched=  +20.00 hero_bb100_actual=  +31.95 hero_err=0 opp_err=0 dur=8.32s
seed=57142 o=1 hands= 147/500 hero_chip= +10000 hero_bb100_sched=  +20.00 hero_bb100_actual=  +68.03 hero_err=0 opp_err=0 dur=4.75s
seed=58142 o=0 hands= 433/500 hero_chip= +10000 hero_bb100_sched=  +20.00 hero_bb100_actual=  +23.09 hero_err=0 opp_err=0 dur=11.86s
seed=58142 o=1 hands= 500/500 hero_chip=  -1767 hero_bb100_sched=   -3.53 hero_bb100_actual=   -3.53 hero_err=0 opp_err=0 dur=13.15s
seed=59142 o=0 hands= 489/500 hero_chip= +10000 hero_bb100_sched=  +20.00 hero_bb100_actual=  +20.45 hero_err=0 opp_err=0 dur=14.98s
seed=59142 o=1 hands= 470/500 hero_chip= +10000 hero_bb100_sched=  +20.00 hero_bb100_actual=  +21.28 hero_err=0 opp_err=0 dur=13.76s
seed=60142 o=0 hands= 406/500 hero_chip= -10000 hero_bb100_sched=  -20.00 hero_bb100_actual=  -24.63 hero_err=0 opp_err=0 dur=12.54s
seed=60142 o=1 hands=  77/500 hero_chip= +10000 hero_bb100_sched=  +20.00 hero_bb100_actual= +129.87 hero_err=0 opp_err=0 dur=3.40s
seed=61142 o=0 hands= 151/500 hero_chip= +10000 hero_bb100_sched=  +20.00 hero_bb100_actual=  +66.23 hero_err=0 opp_err=0 dur=5.89s
seed=61142 o=1 hands= 172/500 hero_chip= -10000 hero_bb100_sched=  -20.00 hero_bb100_actual=  -58.14 hero_err=0 opp_err=0 dur=5.52s
seed=62142 o=0 hands= 120/500 hero_chip= +10000 hero_bb100_sched=  +20.00 hero_bb100_actual=  +83.33 hero_err=0 opp_err=0 dur=3.99s
seed=62142 o=1 hands= 278/500 hero_chip= -10000 hero_bb100_sched=  -20.00 hero_bb100_actual=  -35.97 hero_err=0 opp_err=0 dur=8.87s
seed=63142 o=0 hands= 191/500 hero_chip= +10000 hero_bb100_sched=  +20.00 hero_bb100_actual=  +52.36 hero_err=0 opp_err=0 dur=5.59s
seed=63142 o=1 hands= 270/500 hero_chip= +10000 hero_bb100_sched=  +20.00 hero_bb100_actual=  +37.04 hero_err=0 opp_err=0 dur=9.22s
seed=64142 o=0 hands= 305/500 hero_chip= +10000 hero_bb100_sched=  +20.00 hero_bb100_actual=  +32.79 hero_err=0 opp_err=0 dur=9.13s
seed=64142 o=1 hands=  86/500 hero_chip= +10000 hero_bb100_sched=  +20.00 hero_bb100_actual= +116.28 hero_err=0 opp_err=0 dur=3.80s
seed=65142 o=0 hands= 134/500 hero_chip= +10000 hero_bb100_sched=  +20.00 hero_bb100_actual=  +74.63 hero_err=0 opp_err=0 dur=4.94s
seed=65142 o=1 hands= 119/500 hero_chip= +10000 hero_bb100_sched=  +20.00 hero_bb100_actual=  +84.03 hero_err=0 opp_err=0 dur=3.44s
seed=66142 o=0 hands= 298/500 hero_chip= +10000 hero_bb100_sched=  +20.00 hero_bb100_actual=  +33.56 hero_err=0 opp_err=0 dur=9.43s
seed=66142 o=1 hands= 273/500 hero_chip= +10000 hero_bb100_sched=  +20.00 hero_bb100_actual=  +36.63 hero_err=0 opp_err=0 dur=8.28s
seed=67142 o=0 hands= 500/500 hero_chip=  +8901 hero_bb100_sched=  +17.80 hero_bb100_actual=  +17.80 hero_err=0 opp_err=0 dur=13.48s
seed=67142 o=1 hands= 178/500 hero_chip= +10000 hero_bb100_sched=  +20.00 hero_bb100_actual=  +56.18 hero_err=0 opp_err=0 dur=5.81s
seed=68142 o=0 hands= 230/500 hero_chip= -10000 hero_bb100_sched=  -20.00 hero_bb100_actual=  -43.48 hero_err=0 opp_err=0 dur=7.03s
seed=68142 o=1 hands= 389/500 hero_chip= +10000 hero_bb100_sched=  +20.00 hero_bb100_actual=  +25.71 hero_err=0 opp_err=0 dur=11.84s
seed=69142 o=0 hands= 111/500 hero_chip= +10000 hero_bb100_sched=  +20.00 hero_bb100_actual=  +90.09 hero_err=0 opp_err=0 dur=3.68s
seed=69142 o=1 hands= 261/500 hero_chip= +10000 hero_bb100_sched=  +20.00 hero_bb100_actual=  +38.31 hero_err=0 opp_err=0 dur=7.37s
seed=70142 o=0 hands= 260/500 hero_chip= +10000 hero_bb100_sched=  +20.00 hero_bb100_actual=  +38.46 hero_err=0 opp_err=0 dur=6.07s
seed=70142 o=1 hands= 212/500 hero_chip= +10000 hero_bb100_sched=  +20.00 hero_bb100_actual=  +47.17 hero_err=0 opp_err=0 dur=5.56s
seed=71142 o=0 hands= 169/500 hero_chip= +10000 hero_bb100_sched=  +20.00 hero_bb100_actual=  +59.17 hero_err=0 opp_err=0 dur=4.59s
seed=71142 o=1 hands= 500/500 hero_chip=  +3320 hero_bb100_sched=   +6.64 hero_bb100_actual=   +6.64 hero_err=0 opp_err=0 dur=13.69s
seed=72142 o=0 hands= 500/500 hero_chip=  -2834 hero_bb100_sched=   -5.67 hero_bb100_actual=   -5.67 hero_err=0 opp_err=0 dur=12.75s
seed=72142 o=1 hands= 237/500 hero_chip= +10000 hero_bb100_sched=  +20.00 hero_bb100_actual=  +42.19 hero_err=0 opp_err=0 dur=5.79s
seed=73142 o=0 hands= 500/500 hero_chip=  -5044 hero_bb100_sched=  -10.09 hero_bb100_actual=  -10.09 hero_err=0 opp_err=0 dur=14.09s
seed=73142 o=1 hands= 500/500 hero_chip=  +3188 hero_bb100_sched=   +6.38 hero_bb100_actual=   +6.38 hero_err=0 opp_err=0 dur=11.78s
seed=74142 o=0 hands= 500/500 hero_chip=   -120 hero_bb100_sched=   -0.24 hero_bb100_actual=   -0.24 hero_err=0 opp_err=0 dur=13.93s
seed=74142 o=1 hands= 442/500 hero_chip= +10000 hero_bb100_sched=  +20.00 hero_bb100_actual=  +22.62 hero_err=0 opp_err=0 dur=11.82s
seed=75142 o=0 hands= 500/500 hero_chip=   +770 hero_bb100_sched=   +1.54 hero_bb100_actual=   +1.54 hero_err=0 opp_err=0 dur=13.63s
seed=75142 o=1 hands=  93/500 hero_chip= +10000 hero_bb100_sched=  +20.00 hero_bb100_actual= +107.53 hero_err=0 opp_err=0 dur=2.53s
seed=76142 o=0 hands= 220/500 hero_chip= +10000 hero_bb100_sched=  +20.00 hero_bb100_actual=  +45.45 hero_err=0 opp_err=0 dur=4.52s
seed=76142 o=1 hands= 129/500 hero_chip= +10000 hero_bb100_sched=  +20.00 hero_bb100_actual=  +77.52 hero_err=0 opp_err=0 dur=3.56s
seed=77142 o=0 hands= 304/500 hero_chip= +10000 hero_bb100_sched=  +20.00 hero_bb100_actual=  +32.89 hero_err=0 opp_err=0 dur=7.87s
seed=77142 o=1 hands= 120/500 hero_chip= +10000 hero_bb100_sched=  +20.00 hero_bb100_actual=  +83.33 hero_err=0 opp_err=0 dur=4.04s
seed=78142 o=0 hands=  57/500 hero_chip= -10000 hero_bb100_sched=  -20.00 hero_bb100_actual= -175.44 hero_err=0 opp_err=0 dur=2.55s
seed=78142 o=1 hands= 139/500 hero_chip= +10000 hero_bb100_sched=  +20.00 hero_bb100_actual=  +71.94 hero_err=0 opp_err=0 dur=3.67s
seed=79142 o=0 hands= 397/500 hero_chip= +10000 hero_bb100_sched=  +20.00 hero_bb100_actual=  +25.19 hero_err=0 opp_err=0 dur=10.82s
seed=79142 o=1 hands= 500/500 hero_chip=  +9180 hero_bb100_sched=  +18.36 hero_bb100_actual=  +18.36 hero_err=0 opp_err=0 dur=14.79s
seed=80142 o=0 hands=  98/500 hero_chip= +10000 hero_bb100_sched=  +20.00 hero_bb100_actual= +102.04 hero_err=0 opp_err=0 dur=2.89s
seed=80142 o=1 hands= 438/500 hero_chip= +10000 hero_bb100_sched=  +20.00 hero_bb100_actual=  +22.83 hero_err=0 opp_err=0 dur=11.48s
seed=81142 o=0 hands= 192/500 hero_chip= +10000 hero_bb100_sched=  +20.00 hero_bb100_actual=  +52.08 hero_err=0 opp_err=0 dur=5.34s
seed=81142 o=1 hands= 200/500 hero_chip= +10000 hero_bb100_sched=  +20.00 hero_bb100_actual=  +50.00 hero_err=0 opp_err=0 dur=4.94s
seed=82142 o=0 hands= 358/500 hero_chip= +10000 hero_bb100_sched=  +20.00 hero_bb100_actual=  +27.93 hero_err=0 opp_err=0 dur=9.83s
seed=82142 o=1 hands= 287/500 hero_chip= +10000 hero_bb100_sched=  +20.00 hero_bb100_actual=  +34.84 hero_err=0 opp_err=0 dur=7.51s
seed=83142 o=0 hands= 500/500 hero_chip=  -1866 hero_bb100_sched=   -3.73 hero_bb100_actual=   -3.73 hero_err=0 opp_err=0 dur=12.18s
seed=83142 o=1 hands=  90/500 hero_chip= +10000 hero_bb100_sched=  +20.00 hero_bb100_actual= +111.11 hero_err=0 opp_err=0 dur=2.85s
seed=84142 o=0 hands=  72/500 hero_chip= +10000 hero_bb100_sched=  +20.00 hero_bb100_actual= +138.89 hero_err=0 opp_err=0 dur=2.59s
seed=84142 o=1 hands= 248/500 hero_chip= +10000 hero_bb100_sched=  +20.00 hero_bb100_actual=  +40.32 hero_err=0 opp_err=0 dur=6.72s
seed=85142 o=0 hands= 295/500 hero_chip= -10000 hero_bb100_sched=  -20.00 hero_bb100_actual=  -33.90 hero_err=0 opp_err=0 dur=7.74s
seed=85142 o=1 hands=  66/500 hero_chip= +10000 hero_bb100_sched=  +20.00 hero_bb100_actual= +151.52 hero_err=0 opp_err=0 dur=2.25s
seed=86142 o=0 hands= 165/500 hero_chip= +10000 hero_bb100_sched=  +20.00 hero_bb100_actual=  +60.61 hero_err=0 opp_err=0 dur=4.48s
seed=86142 o=1 hands= 101/500 hero_chip= +10000 hero_bb100_sched=  +20.00 hero_bb100_actual=  +99.01 hero_err=0 opp_err=0 dur=3.31s
seed=87142 o=0 hands= 195/500 hero_chip= +10000 hero_bb100_sched=  +20.00 hero_bb100_actual=  +51.28 hero_err=0 opp_err=0 dur=4.83s
seed=87142 o=1 hands= 432/500 hero_chip= +10000 hero_bb100_sched=  +20.00 hero_bb100_actual=  +23.15 hero_err=0 opp_err=0 dur=9.53s
seed=88142 o=0 hands= 245/500 hero_chip= +10000 hero_bb100_sched=  +20.00 hero_bb100_actual=  +40.82 hero_err=0 opp_err=0 dur=6.06s
seed=88142 o=1 hands= 111/500 hero_chip= +10000 hero_bb100_sched=  +20.00 hero_bb100_actual=  +90.09 hero_err=0 opp_err=0 dur=3.85s
seed=89142 o=0 hands= 126/500 hero_chip= +10000 hero_bb100_sched=  +20.00 hero_bb100_actual=  +79.37 hero_err=0 opp_err=0 dur=3.28s
seed=89142 o=1 hands= 192/500 hero_chip= +10000 hero_bb100_sched=  +20.00 hero_bb100_actual=  +52.08 hero_err=0 opp_err=0 dur=5.47s
seed=90142 o=0 hands= 178/500 hero_chip= +10000 hero_bb100_sched=  +20.00 hero_bb100_actual=  +56.18 hero_err=0 opp_err=0 dur=5.01s
seed=90142 o=1 hands= 444/500 hero_chip= +10000 hero_bb100_sched=  +20.00 hero_bb100_actual=  +22.52 hero_err=0 opp_err=0 dur=11.25s
seed=91142 o=0 hands= 322/500 hero_chip= +10000 hero_bb100_sched=  +20.00 hero_bb100_actual=  +31.06 hero_err=0 opp_err=0 dur=8.14s
seed=91142 o=1 hands= 354/500 hero_chip= +10000 hero_bb100_sched=  +20.00 hero_bb100_actual=  +28.25 hero_err=0 opp_err=0 dur=9.00s
seed=92142 o=0 hands= 274/500 hero_chip= +10000 hero_bb100_sched=  +20.00 hero_bb100_actual=  +36.50 hero_err=0 opp_err=0 dur=8.49s
seed=92142 o=1 hands= 109/500 hero_chip= +10000 hero_bb100_sched=  +20.00 hero_bb100_actual=  +91.74 hero_err=0 opp_err=0 dur=3.48s
seed=93142 o=0 hands= 285/500 hero_chip= +10000 hero_bb100_sched=  +20.00 hero_bb100_actual=  +35.09 hero_err=0 opp_err=0 dur=7.91s
seed=93142 o=1 hands= 173/500 hero_chip= +10000 hero_bb100_sched=  +20.00 hero_bb100_actual=  +57.80 hero_err=0 opp_err=0 dur=5.65s
seed=94142 o=0 hands= 500/500 hero_chip=  -8550 hero_bb100_sched=  -17.10 hero_bb100_actual=  -17.10 hero_err=0 opp_err=0 dur=13.24s
seed=94142 o=1 hands= 403/500 hero_chip= -10000 hero_bb100_sched=  -20.00 hero_bb100_actual=  -24.81 hero_err=0 opp_err=0 dur=12.12s
seed=95142 o=0 hands= 338/500 hero_chip= +10000 hero_bb100_sched=  +20.00 hero_bb100_actual=  +29.59 hero_err=0 opp_err=0 dur=9.39s
seed=95142 o=1 hands= 249/500 hero_chip= +10000 hero_bb100_sched=  +20.00 hero_bb100_actual=  +40.16 hero_err=0 opp_err=0 dur=7.68s
seed=96142 o=0 hands= 312/500 hero_chip= +10000 hero_bb100_sched=  +20.00 hero_bb100_actual=  +32.05 hero_err=0 opp_err=0 dur=8.06s
seed=96142 o=1 hands= 500/500 hero_chip=  +8609 hero_bb100_sched=  +17.22 hero_bb100_actual=  +17.22 hero_err=0 opp_err=0 dur=14.10s
seed=97142 o=0 hands= 141/500 hero_chip= +10000 hero_bb100_sched=  +20.00 hero_bb100_actual=  +70.92 hero_err=0 opp_err=0 dur=3.53s
seed=97142 o=1 hands=  81/500 hero_chip= +10000 hero_bb100_sched=  +20.00 hero_bb100_actual= +123.46 hero_err=0 opp_err=0 dur=2.26s
seed=98142 o=0 hands= 225/500 hero_chip= +10000 hero_bb100_sched=  +20.00 hero_bb100_actual=  +44.44 hero_err=0 opp_err=0 dur=5.49s
seed=98142 o=1 hands= 500/500 hero_chip=  -1047 hero_bb100_sched=   -2.09 hero_bb100_actual=   -2.09 hero_err=0 opp_err=0 dur=13.28s
seed=99142 o=0 hands= 177/500 hero_chip= +10000 hero_bb100_sched=  +20.00 hero_bb100_actual=  +56.50 hero_err=0 opp_err=0 dur=4.15s
seed=99142 o=1 hands=  94/500 hero_chip= +10000 hero_bb100_sched=  +20.00 hero_bb100_actual= +106.38 hero_err=0 opp_err=0 dur=1.78s

SUMMARY_JSON {"attempted_hands": 100000, "base": 142, "ci_half_width": 1.5396899999999993, "ci_high": 16.72216, "ci_low": 13.64278, "created_at": "2026-05-28T01:30:57Z", "early_bust_matches": 170, "early_bust_rate": 0.85, "hands_played": 51393, "hero_actual_bb_per_100": 29.662989123032325, "hero_bb_per_100": 15.2447, "hero_chip_delta": 1524470, "hero_errors": 0, "hero_max_decide_latency_s": 0.33086575008928776, "hero_p99_decide_latency_s": 0.06327487505041063, "hero_zip": {"data_bytes": 19758, "has_root_bot_py": true, "path": "/Users/farhad/Code/PokerBot/submissions/v_final.zip", "sha256": "e4b4a8f11f801ecef2eca53629241e83cc9bace8ec74004f19368375f22d9598", "size_bytes": 28208}, "json_path": "/Users/farhad/Code/PokerBot/consult/artifacts/2026-05-28-public-saturation/neel_s142.json", "log_path": "/Users/farhad/Code/PokerBot/consult/artifacts/2026-05-28-public-saturation/neel_s142.log", "match_len": 500, "matches": 200, "opponent": "neel", "opponent_errors": 0, "opponent_p99_decide_latency_s": 0.06483033415861428, "opponent_zip": {"data_bytes": 0, "has_root_bot_py": true, "path": "/Users/farhad/Code/PokerBot/consult/artifacts/2026-05-28-public-saturation/opponent_zips/neel.zip", "sha256": "32ce33e28aecf2f72a41c83efbbda4b36e415f1134ae32a96c0c8a611dce4a4f", "size_bytes": 2737}, "seed_pairs": 100, "seed_stride": 1000, "stdout_noise": {}, "stdout_noise_examples": {}, "target_scheduled_hands": 100000, "verdict": "GREEN"}
SUMMARY opponent=neel base=142 verdict=GREEN bb100=+15.24 ci=[+13.64,+16.72] half_width=1.54 scheduled=100000 actual_hands=51393 early_bust_rate=0.850 hero_errors=0 hero_p99_latency_s=0.0633
