PUBLIC SATURATION 2026-05-28T01:59:54Z
opponent=vladimir base=342
hero=/Users/farhad/Code/PokerBot/submissions/v_final.zip sha256=e4b4a8f11f801ecef2eca53629241e83cc9bace8ec74004f19368375f22d9598
opponent_zip=/Users/farhad/Code/PokerBot/consult/artifacts/2026-05-28-public-saturation/opponent_zips/vladimir.zip sha256=7264dbca80ebcbad755c19b9d84ab054658299090d582a5ca0fcd7fe30de7473
claimed_zip=/Users/farhad/Code/PokerBot/ext/public-bots/vladimir/bots/vlad.zip root_bot_py=False
target_scheduled_hands=100000 match_len=500 seed_stride=1000
seed schedule: seed = base + k * seed_stride; each seed runs two seat orientations

seed=342 o=0 hands=  32/500 hero_chip= -10000 hero_bb100_sched=  -20.00 hero_bb100_actual= -312.50 hero_err=0 opp_err=0 dur=1.41s
seed=342 o=1 hands=   4/500 hero_chip= +10000 hero_bb100_sched=  +20.00 hero_bb100_actual=+2500.00 hero_err=0 opp_err=0 dur=0.55s
seed=1342 o=0 hands=  48/500 hero_chip= +10000 hero_bb100_sched=  +20.00 hero_bb100_actual= +208.33 hero_err=0 opp_err=0 dur=1.91s
seed=1342 o=1 hands=   3/500 hero_chip= -10000 hero_bb100_sched=  -20.00 hero_bb100_actual=-3333.33 hero_err=0 opp_err=0 dur=0.51s
seed=2342 o=0 hands=   7/500 hero_chip= -10000 hero_bb100_sched=  -20.00 hero_bb100_actual=-1428.57 hero_err=0 opp_err=0 dur=0.91s
seed=2342 o=1 hands=  15/500 hero_chip= +10000 hero_bb100_sched=  +20.00 hero_bb100_actual= +666.67 hero_err=0 opp_err=0 dur=1.03s
seed=3342 o=0 hands=  24/500 hero_chip= +10000 hero_bb100_sched=  +20.00 hero_bb100_actual= +416.67 hero_err=0 opp_err=0 dur=1.26s
seed=3342 o=1 hands=  15/500 hero_chip= +10000 hero_bb100_sched=  +20.00 hero_bb100_actual= +666.67 hero_err=0 opp_err=0 dur=0.83s
seed=4342 o=0 hands=  39/500 hero_chip= +10000 hero_bb100_sched=  +20.00 hero_bb100_actual= +256.41 hero_err=0 opp_err=0 dur=2.47s
seed=4342 o=1 hands=   4/500 hero_chip= -10000 hero_bb100_sched=  -20.00 hero_bb100_actual=-2500.00 hero_err=0 opp_err=0 dur=0.56s
seed=5342 o=0 hands=  26/500 hero_chip= +10000 hero_bb100_sched=  +20.00 hero_bb100_actual= +384.62 hero_err=0 opp_err=0 dur=0.71s
seed=5342 o=1 hands=   5/500 hero_chip= +10000 hero_bb100_sched=  +20.00 hero_bb100_actual=+2000.00 hero_err=0 opp_err=0 dur=0.46s
seed=6342 o=0 hands=  24/500 hero_chip= -10000 hero_bb100_sched=  -20.00 hero_bb100_actual= -416.67 hero_err=0 opp_err=0 dur=0.47s
seed=6342 o=1 hands=  37/500 hero_chip= -10000 hero_bb100_sched=  -20.00 hero_bb100_actual= -270.27 hero_err=0 opp_err=0 dur=1.05s
seed=7342 o=0 hands=  27/500 hero_chip= +10000 hero_bb100_sched=  +20.00 hero_bb100_actual= +370.37 hero_err=0 opp_err=0 dur=1.05s
seed=7342 o=1 hands=  38/500 hero_chip= +10000 hero_bb100_sched=  +20.00 hero_bb100_actual= +263.16 hero_err=0 opp_err=0 dur=1.86s
seed=8342 o=0 hands=  57/500 hero_chip= +10000 hero_bb100_sched=  +20.00 hero_bb100_actual= +175.44 hero_err=0 opp_err=0 dur=1.59s
seed=8342 o=1 hands=   4/500 hero_chip= -10000 hero_bb100_sched=  -20.00 hero_bb100_actual=-2500.00 hero_err=0 opp_err=0 dur=0.54s
seed=9342 o=0 hands=   7/500 hero_chip= -10000 hero_bb100_sched=  -20.00 hero_bb100_actual=-1428.57 hero_err=0 opp_err=0 dur=0.65s
seed=9342 o=1 hands=  17/500 hero_chip= +10000 hero_bb100_sched=  +20.00 hero_bb100_actual= +588.24 hero_err=0 opp_err=0 dur=0.86s
seed=10342 o=0 hands=   9/500 hero_chip= +10000 hero_bb100_sched=  +20.00 hero_bb100_actual=+1111.11 hero_err=0 opp_err=0 dur=0.75s
seed=10342 o=1 hands=  55/500 hero_chip= +10000 hero_bb100_sched=  +20.00 hero_bb100_actual= +181.82 hero_err=0 opp_err=0 dur=1.57s
seed=11342 o=0 hands=  30/500 hero_chip= -10000 hero_bb100_sched=  -20.00 hero_bb100_actual= -333.33 hero_err=0 opp_err=0 dur=1.33s
seed=11342 o=1 hands=  45/500 hero_chip= -10000 hero_bb100_sched=  -20.00 hero_bb100_actual= -222.22 hero_err=0 opp_err=0 dur=1.81s
seed=12342 o=0 hands=  31/500 hero_chip= +10000 hero_bb100_sched=  +20.00 hero_bb100_actual= +322.58 hero_err=0 opp_err=0 dur=1.35s
seed=12342 o=1 hands=  15/500 hero_chip= -10000 hero_bb100_sched=  -20.00 hero_bb100_actual= -666.67 hero_err=0 opp_err=0 dur=0.93s
seed=13342 o=0 hands=  24/500 hero_chip= +10000 hero_bb100_sched=  +20.00 hero_bb100_actual= +416.67 hero_err=0 opp_err=0 dur=0.71s
seed=13342 o=1 hands=   4/500 hero_chip= +10000 hero_bb100_sched=  +20.00 hero_bb100_actual=+2500.00 hero_err=0 opp_err=0 dur=0.88s
seed=14342 o=0 hands=   2/500 hero_chip= -10000 hero_bb100_sched=  -20.00 hero_bb100_actual=-5000.00 hero_err=0 opp_err=0 dur=0.41s
seed=14342 o=1 hands=  48/500 hero_chip= +10000 hero_bb100_sched=  +20.00 hero_bb100_actual= +208.33 hero_err=0 opp_err=0 dur=2.09s
seed=15342 o=0 hands=  15/500 hero_chip= +10000 hero_bb100_sched=  +20.00 hero_bb100_actual= +666.67 hero_err=0 opp_err=0 dur=0.92s
seed=15342 o=1 hands=   3/500 hero_chip= +10000 hero_bb100_sched=  +20.00 hero_bb100_actual=+3333.33 hero_err=0 opp_err=0 dur=0.48s
seed=16342 o=0 hands=  32/500 hero_chip= +10000 hero_bb100_sched=  +20.00 hero_bb100_actual= +312.50 hero_err=0 opp_err=0 dur=1.58s
seed=16342 o=1 hands=  17/500 hero_chip= -10000 hero_bb100_sched=  -20.00 hero_bb100_actual= -588.24 hero_err=0 opp_err=0 dur=0.88s
seed=17342 o=0 hands=   4/500 hero_chip= -10000 hero_bb100_sched=  -20.00 hero_bb100_actual=-2500.00 hero_err=0 opp_err=0 dur=0.64s
seed=17342 o=1 hands=  20/500 hero_chip= +10000 hero_bb100_sched=  +20.00 hero_bb100_actual= +500.00 hero_err=0 opp_err=0 dur=1.52s
seed=18342 o=0 hands=  21/500 hero_chip= -10000 hero_bb100_sched=  -20.00 hero_bb100_actual= -476.19 hero_err=0 opp_err=0 dur=1.32s
seed=18342 o=1 hands=   6/500 hero_chip= -10000 hero_bb100_sched=  -20.00 hero_bb100_actual=-1666.67 hero_err=0 opp_err=0 dur=0.77s
seed=19342 o=0 hands=  24/500 hero_chip= +10000 hero_bb100_sched=  +20.00 hero_bb100_actual= +416.67 hero_err=0 opp_err=0 dur=1.24s
seed=19342 o=1 hands=   9/500 hero_chip= -10000 hero_bb100_sched=  -20.00 hero_bb100_actual=-1111.11 hero_err=0 opp_err=0 dur=0.72s
seed=20342 o=0 hands=   7/500 hero_chip= -10000 hero_bb100_sched=  -20.00 hero_bb100_actual=-1428.57 hero_err=0 opp_err=0 dur=0.49s
seed=20342 o=1 hands=  17/500 hero_chip= -10000 hero_bb100_sched=  -20.00 hero_bb100_actual= -588.24 hero_err=0 opp_err=0 dur=1.13s
seed=21342 o=0 hands=   3/500 hero_chip= -10000 hero_bb100_sched=  -20.00 hero_bb100_actual=-3333.33 hero_err=0 opp_err=0 dur=0.72s
seed=21342 o=1 hands=  24/500 hero_chip= -10000 hero_bb100_sched=  -20.00 hero_bb100_actual= -416.67 hero_err=0 opp_err=0 dur=1.43s
seed=22342 o=0 hands=  19/500 hero_chip= -10000 hero_bb100_sched=  -20.00 hero_bb100_actual= -526.32 hero_err=0 opp_err=0 dur=1.08s
seed=22342 o=1 hands=  47/500 hero_chip= +10000 hero_bb100_sched=  +20.00 hero_bb100_actual= +212.77 hero_err=0 opp_err=0 dur=1.77s
seed=23342 o=0 hands=  50/500 hero_chip= -10000 hero_bb100_sched=  -20.00 hero_bb100_actual= -200.00 hero_err=0 opp_err=0 dur=2.00s
seed=23342 o=1 hands=  17/500 hero_chip= +10000 hero_bb100_sched=  +20.00 hero_bb100_actual= +588.24 hero_err=0 opp_err=0 dur=0.87s
seed=24342 o=0 hands=  63/500 hero_chip= +10000 hero_bb100_sched=  +20.00 hero_bb100_actual= +158.73 hero_err=0 opp_err=0 dur=2.36s
seed=24342 o=1 hands=  23/500 hero_chip= +10000 hero_bb100_sched=  +20.00 hero_bb100_actual= +434.78 hero_err=0 opp_err=0 dur=1.59s
seed=25342 o=0 hands=   2/500 hero_chip= -10000 hero_bb100_sched=  -20.00 hero_bb100_actual=-5000.00 hero_err=0 opp_err=0 dur=0.60s
seed=25342 o=1 hands=  14/500 hero_chip= +10000 hero_bb100_sched=  +20.00 hero_bb100_actual= +714.29 hero_err=0 opp_err=0 dur=0.81s
seed=26342 o=0 hands=  25/500 hero_chip= +10000 hero_bb100_sched=  +20.00 hero_bb100_actual= +400.00 hero_err=0 opp_err=0 dur=1.02s
seed=26342 o=1 hands=  19/500 hero_chip= +10000 hero_bb100_sched=  +20.00 hero_bb100_actual= +526.32 hero_err=0 opp_err=0 dur=1.05s
seed=27342 o=0 hands=  19/500 hero_chip= +10000 hero_bb100_sched=  +20.00 hero_bb100_actual= +526.32 hero_err=0 opp_err=0 dur=1.45s
seed=27342 o=1 hands=  13/500 hero_chip= -10000 hero_bb100_sched=  -20.00 hero_bb100_actual= -769.23 hero_err=0 opp_err=0 dur=1.01s
seed=28342 o=0 hands=  25/500 hero_chip= -10000 hero_bb100_sched=  -20.00 hero_bb100_actual= -400.00 hero_err=0 opp_err=0 dur=1.55s
seed=28342 o=1 hands=   5/500 hero_chip= +10000 hero_bb100_sched=  +20.00 hero_bb100_actual=+2000.00 hero_err=0 opp_err=0 dur=0.64s
seed=29342 o=0 hands=  11/500 hero_chip= -10000 hero_bb100_sched=  -20.00 hero_bb100_actual= -909.09 hero_err=0 opp_err=0 dur=1.05s
seed=29342 o=1 hands=  22/500 hero_chip= -10000 hero_bb100_sched=  -20.00 hero_bb100_actual= -454.55 hero_err=0 opp_err=0 dur=1.12s
seed=30342 o=0 hands=  15/500 hero_chip= -10000 hero_bb100_sched=  -20.00 hero_bb100_actual= -666.67 hero_err=0 opp_err=0 dur=0.96s
seed=30342 o=1 hands=  19/500 hero_chip= -10000 hero_bb100_sched=  -20.00 hero_bb100_actual= -526.32 hero_err=0 opp_err=0 dur=1.09s
seed=31342 o=0 hands=  49/500 hero_chip= -10000 hero_bb100_sched=  -20.00 hero_bb100_actual= -204.08 hero_err=0 opp_err=0 dur=0.80s
seed=31342 o=1 hands=   5/500 hero_chip= -10000 hero_bb100_sched=  -20.00 hero_bb100_actual=-2000.00 hero_err=0 opp_err=0 dur=0.47s
seed=32342 o=0 hands=  11/500 hero_chip= -10000 hero_bb100_sched=  -20.00 hero_bb100_actual= -909.09 hero_err=0 opp_err=0 dur=0.38s
seed=32342 o=1 hands=  28/500 hero_chip= +10000 hero_bb100_sched=  +20.00 hero_bb100_actual= +357.14 hero_err=0 opp_err=0 dur=0.66s
seed=33342 o=0 hands=  14/500 hero_chip= +10000 hero_bb100_sched=  +20.00 hero_bb100_actual= +714.29 hero_err=0 opp_err=0 dur=0.45s
seed=33342 o=1 hands=  12/500 hero_chip= +10000 hero_bb100_sched=  +20.00 hero_bb100_actual= +833.33 hero_err=0 opp_err=0 dur=0.51s
seed=34342 o=0 hands=  53/500 hero_chip= +10000 hero_bb100_sched=  +20.00 hero_bb100_actual= +188.68 hero_err=0 opp_err=0 dur=1.10s
seed=34342 o=1 hands=  94/500 hero_chip= +10000 hero_bb100_sched=  +20.00 hero_bb100_actual= +106.38 hero_err=0 opp_err=0 dur=3.80s
seed=35342 o=0 hands=  21/500 hero_chip= +10000 hero_bb100_sched=  +20.00 hero_bb100_actual= +476.19 hero_err=0 opp_err=0 dur=1.03s
seed=35342 o=1 hands=  24/500 hero_chip= -10000 hero_bb100_sched=  -20.00 hero_bb100_actual= -416.67 hero_err=0 opp_err=0 dur=1.02s
seed=36342 o=0 hands=   8/500 hero_chip= +10000 hero_bb100_sched=  +20.00 hero_bb100_actual=+1250.00 hero_err=0 opp_err=0 dur=0.75s
seed=36342 o=1 hands=  50/500 hero_chip= -10000 hero_bb100_sched=  -20.00 hero_bb100_actual= -200.00 hero_err=0 opp_err=0 dur=1.63s
seed=37342 o=0 hands=  13/500 hero_chip= -10000 hero_bb100_sched=  -20.00 hero_bb100_actual= -769.23 hero_err=0 opp_err=0 dur=0.80s
seed=37342 o=1 hands=   9/500 hero_chip= +10000 hero_bb100_sched=  +20.00 hero_bb100_actual=+1111.11 hero_err=0 opp_err=0 dur=0.61s
seed=38342 o=0 hands=  48/500 hero_chip= +10000 hero_bb100_sched=  +20.00 hero_bb100_actual= +208.33 hero_err=0 opp_err=0 dur=2.16s
seed=38342 o=1 hands=  22/500 hero_chip= +10000 hero_bb100_sched=  +20.00 hero_bb100_actual= +454.55 hero_err=0 opp_err=0 dur=0.98s
seed=39342 o=0 hands=  71/500 hero_chip= -10000 hero_bb100_sched=  -20.00 hero_bb100_actual= -140.85 hero_err=0 opp_err=0 dur=2.57s
seed=39342 o=1 hands=  16/500 hero_chip= -10000 hero_bb100_sched=  -20.00 hero_bb100_actual= -625.00 hero_err=0 opp_err=0 dur=0.86s
seed=40342 o=0 hands=  53/500 hero_chip= -10000 hero_bb100_sched=  -20.00 hero_bb100_actual= -188.68 hero_err=0 opp_err=0 dur=2.39s
seed=40342 o=1 hands=  25/500 hero_chip= +10000 hero_bb100_sched=  +20.00 hero_bb100_actual= +400.00 hero_err=0 opp_err=0 dur=1.41s
seed=41342 o=0 hands=  14/500 hero_chip= +10000 hero_bb100_sched=  +20.00 hero_bb100_actual= +714.29 hero_err=0 opp_err=0 dur=0.78s
seed=41342 o=1 hands=  56/500 hero_chip= +10000 hero_bb100_sched=  +20.00 hero_bb100_actual= +178.57 hero_err=0 opp_err=0 dur=2.05s
seed=42342 o=0 hands=  38/500 hero_chip= -10000 hero_bb100_sched=  -20.00 hero_bb100_actual= -263.16 hero_err=0 opp_err=0 dur=1.15s
seed=42342 o=1 hands=  27/500 hero_chip= -10000 hero_bb100_sched=  -20.00 hero_bb100_actual= -370.37 hero_err=0 opp_err=0 dur=1.10s
seed=43342 o=0 hands=  14/500 hero_chip= +10000 hero_bb100_sched=  +20.00 hero_bb100_actual= +714.29 hero_err=0 opp_err=0 dur=0.84s
seed=43342 o=1 hands=   3/500 hero_chip= -10000 hero_bb100_sched=  -20.00 hero_bb100_actual=-3333.33 hero_err=0 opp_err=0 dur=0.75s
seed=44342 o=0 hands=  45/500 hero_chip= +10000 hero_bb100_sched=  +20.00 hero_bb100_actual= +222.22 hero_err=0 opp_err=0 dur=2.25s
seed=44342 o=1 hands=   2/500 hero_chip= -10000 hero_bb100_sched=  -20.00 hero_bb100_actual=-5000.00 hero_err=0 opp_err=0 dur=0.62s
seed=45342 o=0 hands=  24/500 hero_chip= +10000 hero_bb100_sched=  +20.00 hero_bb100_actual= +416.67 hero_err=0 opp_err=0 dur=1.05s
seed=45342 o=1 hands=  60/500 hero_chip= +10000 hero_bb100_sched=  +20.00 hero_bb100_actual= +166.67 hero_err=0 opp_err=0 dur=1.79s
seed=46342 o=0 hands=  15/500 hero_chip= +10000 hero_bb100_sched=  +20.00 hero_bb100_actual= +666.67 hero_err=0 opp_err=0 dur=1.19s
seed=46342 o=1 hands=   2/500 hero_chip= -10000 hero_bb100_sched=  -20.00 hero_bb100_actual=-5000.00 hero_err=0 opp_err=0 dur=0.49s
seed=47342 o=0 hands=  54/500 hero_chip= +10000 hero_bb100_sched=  +20.00 hero_bb100_actual= +185.19 hero_err=0 opp_err=0 dur=2.32s
seed=47342 o=1 hands=   3/500 hero_chip= -10000 hero_bb100_sched=  -20.00 hero_bb100_actual=-3333.33 hero_err=0 opp_err=0 dur=0.49s
seed=48342 o=0 hands=  39/500 hero_chip= +10000 hero_bb100_sched=  +20.00 hero_bb100_actual= +256.41 hero_err=0 opp_err=0 dur=1.28s
seed=48342 o=1 hands=  18/500 hero_chip= +10000 hero_bb100_sched=  +20.00 hero_bb100_actual= +555.56 hero_err=0 opp_err=0 dur=1.12s
seed=49342 o=0 hands=   8/500 hero_chip= +10000 hero_bb100_sched=  +20.00 hero_bb100_actual=+1250.00 hero_err=0 opp_err=0 dur=0.63s
seed=49342 o=1 hands=  18/500 hero_chip= +10000 hero_bb100_sched=  +20.00 hero_bb100_actual= +555.56 hero_err=0 opp_err=0 dur=1.00s
seed=50342 o=0 hands=  20/500 hero_chip= +10000 hero_bb100_sched=  +20.00 hero_bb100_actual= +500.00 hero_err=0 opp_err=0 dur=1.10s
seed=50342 o=1 hands=  15/500 hero_chip= +10000 hero_bb100_sched=  +20.00 hero_bb100_actual= +666.67 hero_err=0 opp_err=0 dur=0.84s
seed=51342 o=0 hands=  53/500 hero_chip= +10000 hero_bb100_sched=  +20.00 hero_bb100_actual= +188.68 hero_err=0 opp_err=0 dur=1.63s
seed=51342 o=1 hands=  29/500 hero_chip= +10000 hero_bb100_sched=  +20.00 hero_bb100_actual= +344.83 hero_err=0 opp_err=0 dur=1.18s
seed=52342 o=0 hands=  48/500 hero_chip= +10000 hero_bb100_sched=  +20.00 hero_bb100_actual= +208.33 hero_err=0 opp_err=0 dur=2.15s
seed=52342 o=1 hands=   2/500 hero_chip= -10000 hero_bb100_sched=  -20.00 hero_bb100_actual=-5000.00 hero_err=0 opp_err=0 dur=0.58s
seed=53342 o=0 hands=  12/500 hero_chip= -10000 hero_bb100_sched=  -20.00 hero_bb100_actual= -833.33 hero_err=0 opp_err=0 dur=0.87s
seed=53342 o=1 hands=  54/500 hero_chip= +10000 hero_bb100_sched=  +20.00 hero_bb100_actual= +185.19 hero_err=0 opp_err=0 dur=2.26s
seed=54342 o=0 hands=  45/500 hero_chip= +10000 hero_bb100_sched=  +20.00 hero_bb100_actual= +222.22 hero_err=0 opp_err=0 dur=1.66s
seed=54342 o=1 hands=  27/500 hero_chip= -10000 hero_bb100_sched=  -20.00 hero_bb100_actual= -370.37 hero_err=0 opp_err=0 dur=1.26s
seed=55342 o=0 hands=  18/500 hero_chip= -10000 hero_bb100_sched=  -20.00 hero_bb100_actual= -555.56 hero_err=0 opp_err=0 dur=0.91s
seed=55342 o=1 hands=  48/500 hero_chip= +10000 hero_bb100_sched=  +20.00 hero_bb100_actual= +208.33 hero_err=0 opp_err=0 dur=1.75s
seed=56342 o=0 hands=   9/500 hero_chip= -10000 hero_bb100_sched=  -20.00 hero_bb100_actual=-1111.11 hero_err=0 opp_err=0 dur=0.58s
seed=56342 o=1 hands=  24/500 hero_chip= +10000 hero_bb100_sched=  +20.00 hero_bb100_actual= +416.67 hero_err=0 opp_err=0 dur=1.28s
seed=57342 o=0 hands=  18/500 hero_chip= -10000 hero_bb100_sched=  -20.00 hero_bb100_actual= -555.56 hero_err=0 opp_err=0 dur=1.12s
seed=57342 o=1 hands=  50/500 hero_chip= +10000 hero_bb100_sched=  +20.00 hero_bb100_actual= +200.00 hero_err=0 opp_err=0 dur=2.06s
seed=58342 o=0 hands=  50/500 hero_chip= +10000 hero_bb100_sched=  +20.00 hero_bb100_actual= +200.00 hero_err=0 opp_err=0 dur=1.14s
seed=58342 o=1 hands=  12/500 hero_chip= +10000 hero_bb100_sched=  +20.00 hero_bb100_actual= +833.33 hero_err=0 opp_err=0 dur=0.81s
seed=59342 o=0 hands=  21/500 hero_chip= +10000 hero_bb100_sched=  +20.00 hero_bb100_actual= +476.19 hero_err=0 opp_err=0 dur=0.94s
seed=59342 o=1 hands=  13/500 hero_chip= -10000 hero_bb100_sched=  -20.00 hero_bb100_actual= -769.23 hero_err=0 opp_err=0 dur=0.71s
seed=60342 o=0 hands=  59/500 hero_chip= +10000 hero_bb100_sched=  +20.00 hero_bb100_actual= +169.49 hero_err=0 opp_err=0 dur=2.42s
seed=60342 o=1 hands=  31/500 hero_chip= -10000 hero_bb100_sched=  -20.00 hero_bb100_actual= -322.58 hero_err=0 opp_err=0 dur=1.67s
seed=61342 o=0 hands=   2/500 hero_chip= +10000 hero_bb100_sched=  +20.00 hero_bb100_actual=+5000.00 hero_err=0 opp_err=0 dur=0.43s
seed=61342 o=1 hands=  30/500 hero_chip= +10000 hero_bb100_sched=  +20.00 hero_bb100_actual= +333.33 hero_err=0 opp_err=0 dur=1.06s
seed=62342 o=0 hands=  15/500 hero_chip= -10000 hero_bb100_sched=  -20.00 hero_bb100_actual= -666.67 hero_err=0 opp_err=0 dur=0.84s
seed=62342 o=1 hands=  15/500 hero_chip= +10000 hero_bb100_sched=  +20.00 hero_bb100_actual= +666.67 hero_err=0 opp_err=0 dur=0.89s
seed=63342 o=0 hands=  21/500 hero_chip= -10000 hero_bb100_sched=  -20.00 hero_bb100_actual= -476.19 hero_err=0 opp_err=0 dur=0.98s
seed=63342 o=1 hands=  12/500 hero_chip= +10000 hero_bb100_sched=  +20.00 hero_bb100_actual= +833.33 hero_err=0 opp_err=0 dur=0.79s
seed=64342 o=0 hands=  27/500 hero_chip= +10000 hero_bb100_sched=  +20.00 hero_bb100_actual= +370.37 hero_err=0 opp_err=0 dur=1.06s
seed=64342 o=1 hands=  12/500 hero_chip= -10000 hero_bb100_sched=  -20.00 hero_bb100_actual= -833.33 hero_err=0 opp_err=0 dur=0.84s
seed=65342 o=0 hands=  39/500 hero_chip= +10000 hero_bb100_sched=  +20.00 hero_bb100_actual= +256.41 hero_err=0 opp_err=0 dur=1.13s
seed=65342 o=1 hands=  24/500 hero_chip= -10000 hero_bb100_sched=  -20.00 hero_bb100_actual= -416.67 hero_err=0 opp_err=0 dur=1.15s
seed=66342 o=0 hands=  19/500 hero_chip= +10000 hero_bb100_sched=  +20.00 hero_bb100_actual= +526.32 hero_err=0 opp_err=0 dur=0.67s
seed=66342 o=1 hands=  73/500 hero_chip= -10000 hero_bb100_sched=  -20.00 hero_bb100_actual= -136.99 hero_err=0 opp_err=0 dur=2.31s
seed=67342 o=0 hands=  14/500 hero_chip= -10000 hero_bb100_sched=  -20.00 hero_bb100_actual= -714.29 hero_err=0 opp_err=0 dur=0.54s
seed=67342 o=1 hands=  22/500 hero_chip= +10000 hero_bb100_sched=  +20.00 hero_bb100_actual= +454.55 hero_err=0 opp_err=0 dur=0.92s
seed=68342 o=0 hands=  96/500 hero_chip= +10000 hero_bb100_sched=  +20.00 hero_bb100_actual= +104.17 hero_err=0 opp_err=0 dur=3.78s
seed=68342 o=1 hands=   4/500 hero_chip= -10000 hero_bb100_sched=  -20.00 hero_bb100_actual=-2500.00 hero_err=0 opp_err=0 dur=0.54s
seed=69342 o=0 hands=   4/500 hero_chip= +10000 hero_bb100_sched=  +20.00 hero_bb100_actual=+2500.00 hero_err=0 opp_err=0 dur=0.44s
seed=69342 o=1 hands=  85/500 hero_chip= +10000 hero_bb100_sched=  +20.00 hero_bb100_actual= +117.65 hero_err=0 opp_err=0 dur=2.80s
seed=70342 o=0 hands=  27/500 hero_chip= +10000 hero_bb100_sched=  +20.00 hero_bb100_actual= +370.37 hero_err=0 opp_err=0 dur=1.40s
seed=70342 o=1 hands=   4/500 hero_chip= -10000 hero_bb100_sched=  -20.00 hero_bb100_actual=-2500.00 hero_err=0 opp_err=0 dur=0.59s
seed=71342 o=0 hands=   4/500 hero_chip= +10000 hero_bb100_sched=  +20.00 hero_bb100_actual=+2500.00 hero_err=0 opp_err=0 dur=0.59s
seed=71342 o=1 hands=   5/500 hero_chip= -10000 hero_bb100_sched=  -20.00 hero_bb100_actual=-2000.00 hero_err=0 opp_err=0 dur=0.64s
seed=72342 o=0 hands=  21/500 hero_chip= -10000 hero_bb100_sched=  -20.00 hero_bb100_actual= -476.19 hero_err=0 opp_err=0 dur=1.16s
seed=72342 o=1 hands=  19/500 hero_chip= -10000 hero_bb100_sched=  -20.00 hero_bb100_actual= -526.32 hero_err=0 opp_err=0 dur=1.22s
seed=73342 o=0 hands=   4/500 hero_chip= +10000 hero_bb100_sched=  +20.00 hero_bb100_actual=+2500.00 hero_err=0 opp_err=0 dur=0.45s
seed=73342 o=1 hands=  28/500 hero_chip= +10000 hero_bb100_sched=  +20.00 hero_bb100_actual= +357.14 hero_err=0 opp_err=0 dur=1.43s
seed=74342 o=0 hands=  11/500 hero_chip= +10000 hero_bb100_sched=  +20.00 hero_bb100_actual= +909.09 hero_err=0 opp_err=0 dur=0.68s
seed=74342 o=1 hands=   4/500 hero_chip= -10000 hero_bb100_sched=  -20.00 hero_bb100_actual=-2500.00 hero_err=0 opp_err=0 dur=0.52s
seed=75342 o=0 hands=  21/500 hero_chip= +10000 hero_bb100_sched=  +20.00 hero_bb100_actual= +476.19 hero_err=0 opp_err=0 dur=0.78s
seed=75342 o=1 hands=  80/500 hero_chip= +10000 hero_bb100_sched=  +20.00 hero_bb100_actual= +125.00 hero_err=0 opp_err=0 dur=2.91s
seed=76342 o=0 hands=  24/500 hero_chip= +10000 hero_bb100_sched=  +20.00 hero_bb100_actual= +416.67 hero_err=0 opp_err=0 dur=0.77s
seed=76342 o=1 hands=  16/500 hero_chip= -10000 hero_bb100_sched=  -20.00 hero_bb100_actual= -625.00 hero_err=0 opp_err=0 dur=1.23s
seed=77342 o=0 hands=   7/500 hero_chip= -10000 hero_bb100_sched=  -20.00 hero_bb100_actual=-1428.57 hero_err=0 opp_err=0 dur=0.25s
seed=77342 o=1 hands=   6/500 hero_chip= -10000 hero_bb100_sched=  -20.00 hero_bb100_actual=-1666.67 hero_err=0 opp_err=0 dur=0.64s
seed=78342 o=0 hands=   5/500 hero_chip= +10000 hero_bb100_sched=  +20.00 hero_bb100_actual=+2000.00 hero_err=0 opp_err=0 dur=0.58s
seed=78342 o=1 hands=   4/500 hero_chip= -10000 hero_bb100_sched=  -20.00 hero_bb100_actual=-2500.00 hero_err=0 opp_err=0 dur=0.52s
seed=79342 o=0 hands=  72/500 hero_chip= +10000 hero_bb100_sched=  +20.00 hero_bb100_actual= +138.89 hero_err=0 opp_err=0 dur=1.63s
seed=79342 o=1 hands=  20/500 hero_chip= +10000 hero_bb100_sched=  +20.00 hero_bb100_actual= +500.00 hero_err=0 opp_err=0 dur=1.09s
seed=80342 o=0 hands=  30/500 hero_chip= +10000 hero_bb100_sched=  +20.00 hero_bb100_actual= +333.33 hero_err=0 opp_err=0 dur=0.84s
seed=80342 o=1 hands=  49/500 hero_chip= -10000 hero_bb100_sched=  -20.00 hero_bb100_actual= -204.08 hero_err=0 opp_err=0 dur=1.24s
seed=81342 o=0 hands=  48/500 hero_chip= +10000 hero_bb100_sched=  +20.00 hero_bb100_actual= +208.33 hero_err=0 opp_err=0 dur=1.38s
seed=81342 o=1 hands=  55/500 hero_chip= +10000 hero_bb100_sched=  +20.00 hero_bb100_actual= +181.82 hero_err=0 opp_err=0 dur=1.47s
seed=82342 o=0 hands=  65/500 hero_chip= +10000 hero_bb100_sched=  +20.00 hero_bb100_actual= +153.85 hero_err=0 opp_err=0 dur=1.61s
seed=82342 o=1 hands=  19/500 hero_chip= -10000 hero_bb100_sched=  -20.00 hero_bb100_actual= -526.32 hero_err=0 opp_err=0 dur=0.73s
seed=83342 o=0 hands=  87/500 hero_chip= -10000 hero_bb100_sched=  -20.00 hero_bb100_actual= -114.94 hero_err=0 opp_err=0 dur=1.17s
seed=83342 o=1 hands=  12/500 hero_chip= +10000 hero_bb100_sched=  +20.00 hero_bb100_actual= +833.33 hero_err=0 opp_err=0 dur=0.85s
seed=84342 o=0 hands=  81/500 hero_chip= +10000 hero_bb100_sched=  +20.00 hero_bb100_actual= +123.46 hero_err=0 opp_err=0 dur=3.01s
seed=84342 o=1 hands=  39/500 hero_chip= +10000 hero_bb100_sched=  +20.00 hero_bb100_actual= +256.41 hero_err=0 opp_err=0 dur=1.51s
seed=85342 o=0 hands=  42/500 hero_chip= +10000 hero_bb100_sched=  +20.00 hero_bb100_actual= +238.10 hero_err=0 opp_err=0 dur=2.37s
seed=85342 o=1 hands=   3/500 hero_chip= -10000 hero_bb100_sched=  -20.00 hero_bb100_actual=-3333.33 hero_err=0 opp_err=0 dur=0.48s
seed=86342 o=0 hands=  13/500 hero_chip= -10000 hero_bb100_sched=  -20.00 hero_bb100_actual= -769.23 hero_err=0 opp_err=0 dur=1.30s
seed=86342 o=1 hands=   8/500 hero_chip= -10000 hero_bb100_sched=  -20.00 hero_bb100_actual=-1250.00 hero_err=0 opp_err=0 dur=0.55s
seed=87342 o=0 hands=  12/500 hero_chip= -10000 hero_bb100_sched=  -20.00 hero_bb100_actual= -833.33 hero_err=0 opp_err=0 dur=0.93s
seed=87342 o=1 hands=  36/500 hero_chip= -10000 hero_bb100_sched=  -20.00 hero_bb100_actual= -277.78 hero_err=0 opp_err=0 dur=1.87s
seed=88342 o=0 hands=  29/500 hero_chip= +10000 hero_bb100_sched=  +20.00 hero_bb100_actual= +344.83 hero_err=0 opp_err=0 dur=0.88s
seed=88342 o=1 hands=  15/500 hero_chip= -10000 hero_bb100_sched=  -20.00 hero_bb100_actual= -666.67 hero_err=0 opp_err=0 dur=1.27s
seed=89342 o=0 hands=  14/500 hero_chip= -10000 hero_bb100_sched=  -20.00 hero_bb100_actual= -714.29 hero_err=0 opp_err=0 dur=0.60s
seed=89342 o=1 hands=  27/500 hero_chip= +10000 hero_bb100_sched=  +20.00 hero_bb100_actual= +370.37 hero_err=0 opp_err=0 dur=1.28s
seed=90342 o=0 hands=  18/500 hero_chip= -10000 hero_bb100_sched=  -20.00 hero_bb100_actual= -555.56 hero_err=0 opp_err=0 dur=1.14s
seed=90342 o=1 hands=  18/500 hero_chip= +10000 hero_bb100_sched=  +20.00 hero_bb100_actual= +555.56 hero_err=0 opp_err=0 dur=0.96s
seed=91342 o=0 hands=  56/500 hero_chip= -10000 hero_bb100_sched=  -20.00 hero_bb100_actual= -178.57 hero_err=0 opp_err=0 dur=2.74s
seed=91342 o=1 hands=   4/500 hero_chip= -10000 hero_bb100_sched=  -20.00 hero_bb100_actual=-2500.00 hero_err=0 opp_err=0 dur=0.56s
seed=92342 o=0 hands=  39/500 hero_chip= +10000 hero_bb100_sched=  +20.00 hero_bb100_actual= +256.41 hero_err=0 opp_err=0 dur=1.57s
seed=92342 o=1 hands=   2/500 hero_chip= -10000 hero_bb100_sched=  -20.00 hero_bb100_actual=-5000.00 hero_err=0 opp_err=0 dur=0.52s
seed=93342 o=0 hands=  39/500 hero_chip= -10000 hero_bb100_sched=  -20.00 hero_bb100_actual= -256.41 hero_err=0 opp_err=0 dur=0.78s
seed=93342 o=1 hands=   2/500 hero_chip= -10000 hero_bb100_sched=  -20.00 hero_bb100_actual=-5000.00 hero_err=0 opp_err=0 dur=0.42s
seed=94342 o=0 hands=  53/500 hero_chip= -10000 hero_bb100_sched=  -20.00 hero_bb100_actual= -188.68 hero_err=0 opp_err=0 dur=1.05s
seed=94342 o=1 hands=   6/500 hero_chip= +10000 hero_bb100_sched=  +20.00 hero_bb100_actual=+1666.67 hero_err=0 opp_err=0 dur=0.49s
seed=95342 o=0 hands=  37/500 hero_chip= +10000 hero_bb100_sched=  +20.00 hero_bb100_actual= +270.27 hero_err=0 opp_err=0 dur=1.51s
seed=95342 o=1 hands=   9/500 hero_chip= +10000 hero_bb100_sched=  +20.00 hero_bb100_actual=+1111.11 hero_err=0 opp_err=0 dur=0.81s
seed=96342 o=0 hands=  19/500 hero_chip= -10000 hero_bb100_sched=  -20.00 hero_bb100_actual= -526.32 hero_err=0 opp_err=0 dur=0.46s
seed=96342 o=1 hands=  17/500 hero_chip= -10000 hero_bb100_sched=  -20.00 hero_bb100_actual= -588.24 hero_err=0 opp_err=0 dur=1.21s
seed=97342 o=0 hands=  20/500 hero_chip= -10000 hero_bb100_sched=  -20.00 hero_bb100_actual= -500.00 hero_err=0 opp_err=0 dur=0.99s
seed=97342 o=1 hands=   3/500 hero_chip= -10000 hero_bb100_sched=  -20.00 hero_bb100_actual=-3333.33 hero_err=0 opp_err=0 dur=0.48s
seed=98342 o=0 hands=   9/500 hero_chip= -10000 hero_bb100_sched=  -20.00 hero_bb100_actual=-1111.11 hero_err=0 opp_err=0 dur=0.69s
seed=98342 o=1 hands=   3/500 hero_chip= +10000 hero_bb100_sched=  +20.00 hero_bb100_actual=+3333.33 hero_err=0 opp_err=0 dur=0.81s
seed=99342 o=0 hands=   4/500 hero_chip= +10000 hero_bb100_sched=  +20.00 hero_bb100_actual=+2500.00 hero_err=0 opp_err=0 dur=0.28s
seed=99342 o=1 hands=   2/500 hero_chip= -10000 hero_bb100_sched=  -20.00 hero_bb100_actual=-5000.00 hero_err=0 opp_err=0 dur=0.48s

SUMMARY_JSON {"attempted_hands": 100000, "base": 342, "ci_half_width": 2.6, "ci_high": 4.2, "ci_low": -1.0, "created_at": "2026-05-28T02:04:38Z", "early_bust_matches": 200, "early_bust_rate": 1.0, "hands_played": 4970, "hero_actual_bb_per_100": 32.19315895372233, "hero_bb_per_100": 1.6, "hero_chip_delta": 160000, "hero_errors": 0, "hero_max_decide_latency_s": 0.06785674998536706, "hero_p99_decide_latency_s": 0.01943183410912752, "hero_zip": {"data_bytes": 19758, "has_root_bot_py": true, "path": "/Users/farhad/Code/PokerBot/submissions/v_final.zip", "sha256": "e4b4a8f11f801ecef2eca53629241e83cc9bace8ec74004f19368375f22d9598", "size_bytes": 28208}, "json_path": "/Users/farhad/Code/PokerBot/consult/artifacts/2026-05-28-public-saturation/vladimir_s342.json", "log_path": "/Users/farhad/Code/PokerBot/consult/artifacts/2026-05-28-public-saturation/vladimir_s342.log", "match_len": 500, "matches": 200, "opponent": "vladimir", "opponent_errors": 0, "opponent_p99_decide_latency_s": 0.2548786250408739, "opponent_zip": {"data_bytes": 57998864, "has_root_bot_py": true, "path": "/Users/farhad/Code/PokerBot/consult/artifacts/2026-05-28-public-saturation/opponent_zips/vladimir.zip", "sha256": "7264dbca80ebcbad755c19b9d84ab054658299090d582a5ca0fcd7fe30de7473", "size_bytes": 53569829}, "seed_pairs": 100, "seed_stride": 1000, "stdout_noise": {"opp": 200}, "stdout_noise_examples": {"opp": ["[bot] Loaded GTO model (5 layers, 9 actions) from /var/folders/0z/6q5nv2s14fjd3jcn5n4cyys40000gn/T/fhbot_hlrfcfcd/data/gto_strategy.npz", "[bot] Loaded GTO model (5 layers, 9 actions) from /var/folders/0z/6q5nv2s14fjd3jcn5n4cyys40000gn/T/fhbot_d_w1hayg/data/gto_strategy.npz", "[bot] Loaded GTO model (5 layers, 9 actions) from /var/folders/0z/6q5nv2s14fjd3jcn5n4cyys40000gn/T/fhbot_gt4ljwrt/data/gto_strategy.npz", "[bot] Loaded GTO model (5 layers, 9 actions) from /var/folders/0z/6q5nv2s14fjd3jcn5n4cyys40000gn/T/fhbot_ta7_tksq/data/gto_strategy.npz", "[bot] Loaded GTO model (5 layers, 9 actions) from /var/folders/0z/6q5nv2s14fjd3jcn5n4cyys40000gn/T/fhbot_r7jtx09e/data/gto_strategy.npz"]}, "target_scheduled_hands": 100000, "verdict": "GREEN"}
SUMMARY opponent=vladimir base=342 verdict=GREEN bb100=+1.60 ci=[-1.00,+4.20] half_width=2.60 scheduled=100000 actual_hands=4970 early_bust_rate=1.000 hero_errors=0 hero_p99_latency_s=0.0194
