{
  "target": "stoppedtime24_mybot",
  "opponent_path": "/Users/farhad/Code/PokerBot/consult/artifacts/2026-05-29-public-repo-drift/opponent_zips/stoppedtime24_mybot.zip",
  "requested_hands": 1000,
  "scheduled_hands": 1200,
  "actual_hands": 911,
  "scheduled_bb_per_100": 17.386666666666667,
  "actual_bb_per_100": 22.902305159165753,
  "ci_low": -20.70801317233809,
  "ci_high": 61.063666300768396,
  "chip_delta": 20864,
  "early_bust_rate": 0.6666666666666666,
  "hero_errors": 0,
  "opponent_errors": 0,
  "duration_s": 8.0,
  "p99_latency_s": null,
  "p99_latency_note": "engine run_match does not expose per-decision latency",
  "p99_match_seconds_per_hand_proxy": 0.012857142857142857,
  "hu_button_open_opportunities": 455,
  "hu_button_opens": 455,
  "hu_button_open_frequency": 1.0,
  "river_trap_entries": null,
  "river_trap_note": "decision logs do not label traps; river losing commit is a proxy",
  "river_losing_commit_hands": 20,
  "river_commit_hands": 35,
  "river_losing_commit_frequency": 0.5714285714285714,
  "matches": [
    {
      "seed": 142,
      "orientation": 0,
      "hands": 194,
      "chip_delta": 10000,
      "duration_s": 1.81,
      "hero_errors": 0,
      "opp_errors": 0
    },
    {
      "seed": 142,
      "orientation": 1,
      "hands": 117,
      "chip_delta": -10000,
      "duration_s": 0.94,
      "hero_errors": 0,
      "opp_errors": 0
    },
    {
      "seed": 143,
      "orientation": 0,
      "hands": 28,
      "chip_delta": 10000,
      "duration_s": 0.36,
      "hero_errors": 0,
      "opp_errors": 0
    },
    {
      "seed": 143,
      "orientation": 1,
      "hands": 172,
      "chip_delta": 10000,
      "duration_s": 1.35,
      "hero_errors": 0,
      "opp_errors": 0
    },
    {
      "seed": 144,
      "orientation": 0,
      "hands": 200,
      "chip_delta": -150,
      "duration_s": 1.76,
      "hero_errors": 0,
      "opp_errors": 0
    },
    {
      "seed": 144,
      "orientation": 1,
      "hands": 200,
      "chip_delta": 1014,
      "duration_s": 1.78,
      "hero_errors": 0,
      "opp_errors": 0
    }
  ]
}