{
  "target": "pav_skantbot7_6",
  "opponent_path": "/Users/farhad/Code/PokerBot/consult/artifacts/2026-05-29-public-repo-drift/opponent_zips/pav_skantbot7_6.zip",
  "requested_hands": 1000,
  "scheduled_hands": 1200,
  "actual_hands": 1027,
  "scheduled_bb_per_100": 8.080833333333333,
  "actual_bb_per_100": 9.442064264849074,
  "ci_low": -25.97370983446933,
  "ci_high": 41.66309639727361,
  "chip_delta": 9697,
  "early_bust_rate": 0.16666666666666666,
  "hero_errors": 0,
  "opponent_errors": 0,
  "duration_s": 4.3,
  "p99_latency_s": null,
  "p99_latency_note": "engine run_match does not expose per-decision latency",
  "p99_match_seconds_per_hand_proxy": 0.007407407407407408,
  "hu_button_open_opportunities": 514,
  "hu_button_opens": 418,
  "hu_button_open_frequency": 0.8132295719844358,
  "river_trap_entries": null,
  "river_trap_note": "decision logs do not label traps; river losing commit is a proxy",
  "river_losing_commit_hands": 5,
  "river_commit_hands": 21,
  "river_losing_commit_frequency": 0.23809523809523808,
  "matches": [
    {
      "seed": 142,
      "orientation": 0,
      "hands": 27,
      "chip_delta": -10000,
      "duration_s": 0.2,
      "hero_errors": 0,
      "opp_errors": 0
    },
    {
      "seed": 142,
      "orientation": 1,
      "hands": 200,
      "chip_delta": -2826,
      "duration_s": 0.64,
      "hero_errors": 0,
      "opp_errors": 0
    },
    {
      "seed": 143,
      "orientation": 0,
      "hands": 200,
      "chip_delta": 9336,
      "duration_s": 1.22,
      "hero_errors": 0,
      "opp_errors": 0
    },
    {
      "seed": 143,
      "orientation": 1,
      "hands": 200,
      "chip_delta": 8688,
      "duration_s": 0.73,
      "hero_errors": 0,
      "opp_errors": 0
    },
    {
      "seed": 144,
      "orientation": 0,
      "hands": 200,
      "chip_delta": 991,
      "duration_s": 0.77,
      "hero_errors": 0,
      "opp_errors": 0
    },
    {
      "seed": 144,
      "orientation": 1,
      "hands": 200,
      "chip_delta": 3508,
      "duration_s": 0.74,
      "hero_errors": 0,
      "opp_errors": 0
    }
  ]
}