{
  "target": "ref_template",
  "opponent_path": "/Users/farhad/Code/PokerBot/ext/fullhouse-engine/bots/template",
  "requested_hands": 600,
  "scheduled_hands": 800,
  "actual_hands": 590,
  "scheduled_bb_per_100": 50.0,
  "actual_bb_per_100": 67.79661016949153,
  "ci_low": 64.57627118644068,
  "ci_high": 71.1864406779661,
  "chip_delta": 40000,
  "early_bust_rate": 1.0,
  "hero_errors": 0,
  "opponent_errors": 0,
  "duration_s": 1.4100000000000001,
  "p99_latency_s": null,
  "p99_latency_note": "engine run_match does not expose per-decision latency",
  "p99_match_seconds_per_hand_proxy": 0.002573529411764706,
  "hu_button_open_opportunities": 295,
  "hu_button_opens": 274,
  "hu_button_open_frequency": 0.9288135593220339,
  "river_trap_entries": null,
  "river_trap_note": "decision logs do not label traps; river losing commit is a proxy",
  "river_losing_commit_hands": 2,
  "river_commit_hands": 2,
  "river_losing_commit_frequency": 1.0,
  "matches": [
    {
      "seed": 142,
      "orientation": 0,
      "hands": 148,
      "chip_delta": 10000,
      "duration_s": 0.38,
      "hero_errors": 0,
      "opp_errors": 0
    },
    {
      "seed": 142,
      "orientation": 1,
      "hands": 164,
      "chip_delta": 10000,
      "duration_s": 0.34,
      "hero_errors": 0,
      "opp_errors": 0
    },
    {
      "seed": 143,
      "orientation": 0,
      "hands": 142,
      "chip_delta": 10000,
      "duration_s": 0.34,
      "hero_errors": 0,
      "opp_errors": 0
    },
    {
      "seed": 143,
      "orientation": 1,
      "hands": 136,
      "chip_delta": 10000,
      "duration_s": 0.35,
      "hero_errors": 0,
      "opp_errors": 0
    }
  ]
}