{
  "target": "pav_skantbot7_6",
  "opponent_path": "/Users/farhad/Code/PokerBot/consult/artifacts/2026-05-29-public-repo-drift/opponent_zips/pav_skantbot7_6.zip",
  "requested_hands": 1000,
  "scheduled_hands": 1200,
  "actual_hands": 1073,
  "scheduled_bb_per_100": 6.208333333333333,
  "actual_bb_per_100": 6.943150046598323,
  "ci_low": -21.2972972972973,
  "ci_high": 33.729729729729726,
  "chip_delta": 7450,
  "early_bust_rate": 0.16666666666666666,
  "hero_errors": 0,
  "opponent_errors": 0,
  "duration_s": 3.4099999999999997,
  "p99_latency_s": null,
  "p99_latency_note": "engine run_match does not expose per-decision latency",
  "p99_match_seconds_per_hand_proxy": 0.005479452054794521,
  "hu_button_open_opportunities": 537,
  "hu_button_opens": 336,
  "hu_button_open_frequency": 0.6256983240223464,
  "river_trap_entries": null,
  "river_trap_note": "decision logs do not label traps; river losing commit is a proxy",
  "river_losing_commit_hands": 5,
  "river_commit_hands": 27,
  "river_losing_commit_frequency": 0.18518518518518517,
  "matches": [
    {
      "seed": 142,
      "orientation": 0,
      "hands": 200,
      "chip_delta": -553,
      "duration_s": 0.61,
      "hero_errors": 0,
      "opp_errors": 0
    },
    {
      "seed": 142,
      "orientation": 1,
      "hands": 200,
      "chip_delta": 1054,
      "duration_s": 0.46,
      "hero_errors": 0,
      "opp_errors": 0
    },
    {
      "seed": 143,
      "orientation": 0,
      "hands": 200,
      "chip_delta": 9296,
      "duration_s": 0.66,
      "hero_errors": 0,
      "opp_errors": 0
    },
    {
      "seed": 143,
      "orientation": 1,
      "hands": 200,
      "chip_delta": 5379,
      "duration_s": 0.63,
      "hero_errors": 0,
      "opp_errors": 0
    },
    {
      "seed": 144,
      "orientation": 0,
      "hands": 73,
      "chip_delta": -10000,
      "duration_s": 0.4,
      "hero_errors": 0,
      "opp_errors": 0
    },
    {
      "seed": 144,
      "orientation": 1,
      "hands": 200,
      "chip_delta": 2274,
      "duration_s": 0.65,
      "hero_errors": 0,
      "opp_errors": 0
    }
  ]
}