{
  "target": "neel",
  "opponent_path": "/Users/farhad/Code/PokerBot/consult/artifacts/2026-05-28-public-saturation/opponent_zips/neel.zip",
  "requested_hands": 1000,
  "scheduled_hands": 1200,
  "actual_hands": 1070,
  "scheduled_bb_per_100": -8.759166666666667,
  "actual_bb_per_100": -9.823364485981308,
  "ci_low": -39.92803738317757,
  "ci_high": 18.969158878504672,
  "chip_delta": -10511,
  "early_bust_rate": 0.3333333333333333,
  "hero_errors": 0,
  "opponent_errors": 0,
  "duration_s": 4.430000000000001,
  "p99_latency_s": null,
  "p99_latency_note": "engine run_match does not expose per-decision latency",
  "p99_match_seconds_per_hand_proxy": 0.0051401869158878505,
  "hu_button_open_opportunities": 535,
  "hu_button_opens": 287,
  "hu_button_open_frequency": 0.5364485981308411,
  "river_trap_entries": null,
  "river_trap_note": "decision logs do not label traps; river losing commit is a proxy",
  "river_losing_commit_hands": 62,
  "river_commit_hands": 148,
  "river_losing_commit_frequency": 0.4189189189189189,
  "matches": [
    {
      "seed": 142,
      "orientation": 0,
      "hands": 163,
      "chip_delta": 10000,
      "duration_s": 0.62,
      "hero_errors": 0,
      "opp_errors": 0
    },
    {
      "seed": 142,
      "orientation": 1,
      "hands": 200,
      "chip_delta": -6862,
      "duration_s": 0.82,
      "hero_errors": 0,
      "opp_errors": 0
    },
    {
      "seed": 143,
      "orientation": 0,
      "hands": 200,
      "chip_delta": 320,
      "duration_s": 0.79,
      "hero_errors": 0,
      "opp_errors": 0
    },
    {
      "seed": 143,
      "orientation": 1,
      "hands": 107,
      "chip_delta": -10000,
      "duration_s": 0.55,
      "hero_errors": 0,
      "opp_errors": 0
    },
    {
      "seed": 144,
      "orientation": 0,
      "hands": 200,
      "chip_delta": -6600,
      "duration_s": 0.85,
      "hero_errors": 0,
      "opp_errors": 0
    },
    {
      "seed": 144,
      "orientation": 1,
      "hands": 200,
      "chip_delta": 2631,
      "duration_s": 0.8,
      "hero_errors": 0,
      "opp_errors": 0
    }
  ]
}