{
  "target": "toby_master",
  "opponent_path": "/Users/farhad/Code/PokerBot/consult/artifacts/2026-05-29-public-drift-patch/opponent_zips/toby_master.zip",
  "requested_hands": 1000,
  "scheduled_hands": 1200,
  "actual_hands": 366,
  "scheduled_bb_per_100": -50.0,
  "actual_bb_per_100": -163.9344262295082,
  "ci_low": -307.2896174863388,
  "ci_high": -24.915300546448087,
  "chip_delta": -60000,
  "early_bust_rate": 1.0,
  "hero_errors": 0,
  "opponent_errors": 0,
  "duration_s": 4.57,
  "p99_latency_s": null,
  "p99_latency_note": "engine run_match does not expose per-decision latency",
  "p99_match_seconds_per_hand_proxy": 0.02888888888888889,
  "hu_button_open_opportunities": 184,
  "hu_button_opens": 105,
  "hu_button_open_frequency": 0.5706521739130435,
  "river_trap_entries": null,
  "river_trap_note": "decision logs do not label traps; river losing commit is a proxy",
  "river_losing_commit_hands": 103,
  "river_commit_hands": 199,
  "river_losing_commit_frequency": 0.5175879396984925,
  "matches": [
    {
      "seed": 142,
      "orientation": 0,
      "hands": 151,
      "chip_delta": -10000,
      "duration_s": 1.61,
      "hero_errors": 0,
      "opp_errors": 0
    },
    {
      "seed": 142,
      "orientation": 1,
      "hands": 48,
      "chip_delta": -10000,
      "duration_s": 0.61,
      "hero_errors": 0,
      "opp_errors": 0
    },
    {
      "seed": 143,
      "orientation": 0,
      "hands": 59,
      "chip_delta": -10000,
      "duration_s": 0.77,
      "hero_errors": 0,
      "opp_errors": 0
    },
    {
      "seed": 143,
      "orientation": 1,
      "hands": 9,
      "chip_delta": -10000,
      "duration_s": 0.26,
      "hero_errors": 0,
      "opp_errors": 0
    },
    {
      "seed": 144,
      "orientation": 0,
      "hands": 29,
      "chip_delta": -10000,
      "duration_s": 0.49,
      "hero_errors": 0,
      "opp_errors": 0
    },
    {
      "seed": 144,
      "orientation": 1,
      "hands": 70,
      "chip_delta": -10000,
      "duration_s": 0.83,
      "hero_errors": 0,
      "opp_errors": 0
    }
  ]
}