{
  "target": "ref_sixmax_mix",
  "opponent_paths": {
    "ref_template": "/Users/farhad/Code/PokerBot/ext/fullhouse-engine/bots/template",
    "ref_aggressor": "/Users/farhad/Code/PokerBot/ext/fullhouse-engine/bots/aggressor",
    "ref_mathematician": "/Users/farhad/Code/PokerBot/ext/fullhouse-engine/bots/mathematician",
    "ref_shark": "/Users/farhad/Code/PokerBot/ext/fullhouse-engine/bots/shark",
    "ref_ref_bot_2": "/Users/farhad/Code/PokerBot/ext/fullhouse-engine/bots/ref_bot_2"
  },
  "requested_hands": 600,
  "scheduled_hands": 600,
  "actual_hands": 592,
  "scheduled_bb_per_100": -44.59,
  "actual_bb_per_100": -45.192567567567565,
  "ci_low": -86.44087837837837,
  "ci_high": 3.1114864864864864,
  "chip_delta": -26754,
  "early_bust_rate": 0.3333333333333333,
  "hero_errors": 0,
  "duration_s": 2.45,
  "p99_latency_s": null,
  "p99_latency_note": "engine run_match does not expose per-decision latency",
  "p99_match_seconds_per_hand_proxy": 0.0047395833333333335,
  "hu_button_open_opportunities": null,
  "hu_button_opens": null,
  "hu_button_open_frequency": null,
  "river_trap_entries": null,
  "river_trap_note": "decision logs do not label traps; river losing commit is a proxy",
  "river_losing_commit_hands": 4,
  "river_commit_hands": 9,
  "river_losing_commit_frequency": 0.4444444444444444,
  "matches": [
    {
      "seed": 142,
      "hands": 200,
      "chip_delta": -10000,
      "duration_s": 0.63,
      "hero_errors": 0
    },
    {
      "seed": 143,
      "hands": 192,
      "chip_delta": -10000,
      "duration_s": 0.91,
      "hero_errors": 0
    },
    {
      "seed": 144,
      "hands": 200,
      "chip_delta": -6754,
      "duration_s": 0.91,
      "hero_errors": 0
    }
  ]
}