{
  "target": "mehedi_mybot",
  "opponent_path": "/Users/farhad/Code/PokerBot/consult/artifacts/2026-05-29-public-repo-drift/opponent_zips/mehedi_mybot.zip",
  "requested_hands": 1000,
  "scheduled_hands": 1200,
  "actual_hands": 815,
  "scheduled_bb_per_100": -35.20666666666666,
  "actual_bb_per_100": -51.83803680981596,
  "ci_low": -99.14969325153375,
  "ci_high": -4.0,
  "chip_delta": -42248,
  "early_bust_rate": 0.5,
  "hero_errors": 0,
  "opponent_errors": 0,
  "duration_s": 53.25000000000001,
  "p99_latency_s": null,
  "p99_latency_note": "engine run_match does not expose per-decision latency",
  "p99_match_seconds_per_hand_proxy": 0.09025,
  "hu_button_open_opportunities": 407,
  "hu_button_opens": 142,
  "hu_button_open_frequency": 0.3488943488943489,
  "river_trap_entries": null,
  "river_trap_note": "decision logs do not label traps; river losing commit is a proxy",
  "river_losing_commit_hands": 11,
  "river_commit_hands": 24,
  "river_losing_commit_frequency": 0.4583333333333333,
  "matches": [
    {
      "seed": 142,
      "orientation": 0,
      "hands": 200,
      "chip_delta": -6076,
      "duration_s": 10.31,
      "hero_errors": 0,
      "opp_errors": 0
    },
    {
      "seed": 142,
      "orientation": 1,
      "hands": 117,
      "chip_delta": -10000,
      "duration_s": 7.32,
      "hero_errors": 0,
      "opp_errors": 0
    },
    {
      "seed": 143,
      "orientation": 0,
      "hands": 200,
      "chip_delta": -1946,
      "duration_s": 12.1,
      "hero_errors": 0,
      "opp_errors": 0
    },
    {
      "seed": 143,
      "orientation": 1,
      "hands": 200,
      "chip_delta": -4226,
      "duration_s": 18.05,
      "hero_errors": 0,
      "opp_errors": 0
    },
    {
      "seed": 144,
      "orientation": 0,
      "hands": 73,
      "chip_delta": -10000,
      "duration_s": 4.84,
      "hero_errors": 0,
      "opp_errors": 0
    },
    {
      "seed": 144,
      "orientation": 1,
      "hands": 25,
      "chip_delta": -10000,
      "duration_s": 0.63,
      "hero_errors": 0,
      "opp_errors": 0
    }
  ]
}