{
  "target": "pav_skantbot7_6",
  "opponent_path": "/Users/farhad/Code/PokerBot/consult/artifacts/2026-05-29-public-repo-drift/opponent_zips/pav_skantbot7_6.zip",
  "requested_hands": 1000,
  "scheduled_hands": 1200,
  "actual_hands": 844,
  "scheduled_bb_per_100": -33.69833333333333,
  "actual_bb_per_100": -47.91232227488152,
  "ci_low": -93.17535545023696,
  "ci_high": -2.1872037914691944,
  "chip_delta": -40438,
  "early_bust_rate": 0.5,
  "hero_errors": 0,
  "opponent_errors": 0,
  "duration_s": 2.55,
  "p99_latency_s": null,
  "p99_latency_note": "engine run_match does not expose per-decision latency",
  "p99_match_seconds_per_hand_proxy": 0.008148148148148147,
  "hu_button_open_opportunities": 423,
  "hu_button_opens": 124,
  "hu_button_open_frequency": 0.29314420803782504,
  "river_trap_entries": null,
  "river_trap_note": "decision logs do not label traps; river losing commit is a proxy",
  "river_losing_commit_hands": 4,
  "river_commit_hands": 13,
  "river_losing_commit_frequency": 0.3076923076923077,
  "matches": [
    {
      "seed": 142,
      "orientation": 0,
      "hands": 27,
      "chip_delta": -10000,
      "duration_s": 0.22,
      "hero_errors": 0,
      "opp_errors": 0
    },
    {
      "seed": 142,
      "orientation": 1,
      "hands": 200,
      "chip_delta": -4803,
      "duration_s": 0.5,
      "hero_errors": 0,
      "opp_errors": 0
    },
    {
      "seed": 143,
      "orientation": 0,
      "hands": 200,
      "chip_delta": -1732,
      "duration_s": 0.51,
      "hero_errors": 0,
      "opp_errors": 0
    },
    {
      "seed": 143,
      "orientation": 1,
      "hands": 144,
      "chip_delta": -10000,
      "duration_s": 0.45,
      "hero_errors": 0,
      "opp_errors": 0
    },
    {
      "seed": 144,
      "orientation": 0,
      "hands": 73,
      "chip_delta": -10000,
      "duration_s": 0.31,
      "hero_errors": 0,
      "opp_errors": 0
    },
    {
      "seed": 144,
      "orientation": 1,
      "hands": 200,
      "chip_delta": -3903,
      "duration_s": 0.56,
      "hero_errors": 0,
      "opp_errors": 0
    }
  ]
}