{
  "target": "toby_master",
  "opponent_path": "/Users/farhad/Code/PokerBot/consult/artifacts/2026-05-29-public-drift-patch/opponent_zips/toby_master.zip",
  "requested_hands": 1000,
  "scheduled_hands": 1200,
  "actual_hands": 377,
  "scheduled_bb_per_100": -50.0,
  "actual_bb_per_100": -159.15119363395226,
  "ci_low": -267.6259946949602,
  "ci_high": -41.51458885941645,
  "chip_delta": -60000,
  "early_bust_rate": 1.0,
  "hero_errors": 0,
  "opponent_errors": 0,
  "duration_s": 4.4,
  "p99_latency_s": null,
  "p99_latency_note": "engine run_match does not expose per-decision latency",
  "p99_match_seconds_per_hand_proxy": 0.02888888888888889,
  "hu_button_open_opportunities": 188,
  "hu_button_opens": 71,
  "hu_button_open_frequency": 0.3776595744680851,
  "river_trap_entries": null,
  "river_trap_note": "decision logs do not label traps; river losing commit is a proxy",
  "river_losing_commit_hands": 97,
  "river_commit_hands": 181,
  "river_losing_commit_frequency": 0.5359116022099447,
  "matches": [
    {
      "seed": 142,
      "orientation": 0,
      "hands": 128,
      "chip_delta": -10000,
      "duration_s": 1.43,
      "hero_errors": 0,
      "opp_errors": 0
    },
    {
      "seed": 142,
      "orientation": 1,
      "hands": 63,
      "chip_delta": -10000,
      "duration_s": 0.65,
      "hero_errors": 0,
      "opp_errors": 0
    },
    {
      "seed": 143,
      "orientation": 0,
      "hands": 78,
      "chip_delta": -10000,
      "duration_s": 0.78,
      "hero_errors": 0,
      "opp_errors": 0
    },
    {
      "seed": 143,
      "orientation": 1,
      "hands": 9,
      "chip_delta": -10000,
      "duration_s": 0.26,
      "hero_errors": 0,
      "opp_errors": 0
    },
    {
      "seed": 144,
      "orientation": 0,
      "hands": 29,
      "chip_delta": -10000,
      "duration_s": 0.49,
      "hero_errors": 0,
      "opp_errors": 0
    },
    {
      "seed": 144,
      "orientation": 1,
      "hands": 70,
      "chip_delta": -10000,
      "duration_s": 0.79,
      "hero_errors": 0,
      "opp_errors": 0
    }
  ]
}