{
  "target": "neel",
  "opponent_path": "/Users/farhad/Code/PokerBot/consult/artifacts/2026-05-28-public-saturation/opponent_zips/neel.zip",
  "requested_hands": 1000,
  "scheduled_hands": 1200,
  "actual_hands": 1117,
  "scheduled_bb_per_100": 6.426666666666667,
  "actual_bb_per_100": 6.90420769919427,
  "ci_low": -23.201432408236347,
  "ci_high": 35.707251566696506,
  "chip_delta": 7712,
  "early_bust_rate": 0.16666666666666666,
  "hero_errors": 0,
  "opponent_errors": 0,
  "duration_s": 7.46,
  "p99_latency_s": null,
  "p99_latency_note": "engine run_match does not expose per-decision latency",
  "p99_match_seconds_per_hand_proxy": 0.0079,
  "hu_button_open_opportunities": 559,
  "hu_button_opens": 408,
  "hu_button_open_frequency": 0.7298747763864043,
  "river_trap_entries": null,
  "river_trap_note": "decision logs do not label traps; river losing commit is a proxy",
  "river_losing_commit_hands": 65,
  "river_commit_hands": 156,
  "river_losing_commit_frequency": 0.4166666666666667,
  "matches": [
    {
      "seed": 142,
      "orientation": 0,
      "hands": 117,
      "chip_delta": 10000,
      "duration_s": 0.63,
      "hero_errors": 0,
      "opp_errors": 0
    },
    {
      "seed": 142,
      "orientation": 1,
      "hands": 200,
      "chip_delta": -105,
      "duration_s": 1.2,
      "hero_errors": 0,
      "opp_errors": 0
    },
    {
      "seed": 143,
      "orientation": 0,
      "hands": 200,
      "chip_delta": 9351,
      "duration_s": 1.16,
      "hero_errors": 0,
      "opp_errors": 0
    },
    {
      "seed": 143,
      "orientation": 1,
      "hands": 200,
      "chip_delta": -6680,
      "duration_s": 1.58,
      "hero_errors": 0,
      "opp_errors": 0
    },
    {
      "seed": 144,
      "orientation": 0,
      "hands": 200,
      "chip_delta": -8652,
      "duration_s": 1.5,
      "hero_errors": 0,
      "opp_errors": 0
    },
    {
      "seed": 144,
      "orientation": 1,
      "hands": 200,
      "chip_delta": 3798,
      "duration_s": 1.39,
      "hero_errors": 0,
      "opp_errors": 0
    }
  ]
}