/Users/farhad/Code/PokerBot/consult/artifacts/2026-05-29-away/postflop-trap-candidate/zips/v_postflop_trap_candidate.zip
sha256 136c8cde3258995bde89eb14e91b678c329c3af2a5b16806c453a4c4d68d8571
names ['bot.py', 'data/.gitkeep', 'src/__init__.py', 'src/bot.py', 'src/equity.py', 'src/opponent_model.py', 'src/postflop.py', 'src/preflop_lookup.py', 'src/ranges.py', 'src/sizing.py', 'src/timeout_guard.py']
bot.py 519 b405d54247128d2c946b2689a13ce47b9a610d8adeb0ecbfb965bcface7e883f
data/.gitkeep 0 e3b0c44298fc1c149afbf4c8996fb92427ae41e4649b934ca495991b7852b855
src/__init__.py 0 e3b0c44298fc1c149afbf4c8996fb92427ae41e4649b934ca495991b7852b855
src/bot.py 6935 d33484ed1473406a0951967f8d3796677defea4aae9594d1da24f75c8858d77f
src/equity.py 2363 6dbb4bf32b2960756c376aa48752c074cc05115730fd3e568a729d5fe2c7e6c3
src/opponent_model.py 3687 8b386a7ff5ab610bee41d502c9077e42bb1e9b1f2e02492480f9d13e069892e9
src/postflop.py 4733 9f18be0ca3f79e658e81c82f1639cfd184e7fce7760e185ebd3a64605dab5f4d
src/preflop_lookup.py 2124 e77f87f5c1f0f714b6494f2fa47c51806268977caec3d1f07875159a55a8588b
src/ranges.py 2019 fc3b54f336ac79d5daa47bebb78b14d486ec73e5082f737de50ccc6cd25a3270
src/sizing.py 1575 9c3bdac8313f486384d375d2a4c794817c46069ec15965c4eec77fab73a86b57
src/timeout_guard.py 1434 bc2d818c790cad9b9e7e9fcebabd4a1a9553a9eba67bdb4e69ccaf41c0a1a4e1
/Users/farhad/Code/PokerBot/consult/artifacts/2026-05-30-dual-leak-swarm/laneA-postflop-v2/zips/v_postflop_trap_v2_p2_already_clean.zip
sha256 d042c977f7c29b01d3cc50f98d56edbf93c4de7b1e0ef7e73a76de1b6c6345bf
names ['bot.py', 'data/.gitkeep', 'src/__init__.py', 'src/bot.py', 'src/equity.py', 'src/opponent_model.py', 'src/postflop.py', 'src/preflop_lookup.py', 'src/ranges.py', 'src/sizing.py', 'src/timeout_guard.py']
bot.py 519 b405d54247128d2c946b2689a13ce47b9a610d8adeb0ecbfb965bcface7e883f
data/.gitkeep 0 e3b0c44298fc1c149afbf4c8996fb92427ae41e4649b934ca495991b7852b855
src/__init__.py 0 e3b0c44298fc1c149afbf4c8996fb92427ae41e4649b934ca495991b7852b855
src/bot.py 6935 d33484ed1473406a0951967f8d3796677defea4aae9594d1da24f75c8858d77f
src/equity.py 2363 6dbb4bf32b2960756c376aa48752c074cc05115730fd3e568a729d5fe2c7e6c3
src/opponent_model.py 3687 8b386a7ff5ab610bee41d502c9077e42bb1e9b1f2e02492480f9d13e069892e9
src/postflop.py 4733 9f18be0ca3f79e658e81c82f1639cfd184e7fce7760e185ebd3a64605dab5f4d
src/preflop_lookup.py 2124 e77f87f5c1f0f714b6494f2fa47c51806268977caec3d1f07875159a55a8588b
src/ranges.py 2019 fc3b54f336ac79d5daa47bebb78b14d486ec73e5082f737de50ccc6cd25a3270
src/sizing.py 1575 9c3bdac8313f486384d375d2a4c794817c46069ec15965c4eec77fab73a86b57
src/timeout_guard.py 1434 bc2d818c790cad9b9e7e9fcebabd4a1a9553a9eba67bdb4e69ccaf41c0a1a4e1
COMMON bot.py same= True
COMMON data/.gitkeep same= True
COMMON src/__init__.py same= True
COMMON src/bot.py same= True
COMMON src/equity.py same= True
COMMON src/opponent_model.py same= True
COMMON src/postflop.py same= True
COMMON src/preflop_lookup.py same= True
COMMON src/ranges.py same= True
COMMON src/sizing.py same= True
COMMON src/timeout_guard.py same= True
