# label=benchmark_ablate_overlay
# cwd=/Users/farhad/Code/PokerBot-gauntlet
# started_utc=2026-05-28T02:01:25Z
# command=/Users/farhad/Code/PokerBot-gauntlet/.venv/bin/python tools/benchmark.py --ablate-overlay --hands 10000 --bot submissions/v_final.zip --paired-seed-base 42

# bot artifact: submissions/v_final.zip
# zip sha256: e4b4a8f11f801ecef2eca53629241e83cc9bace8ec74004f19368375f22d9598
{
  "blueprint_only": {
    "bb_per_100": -2.0886,
    "chip_delta": -20886,
    "hands": 10000,
    "results": [
      {
        "bb_per_100": 10.94361127774445,
        "bot_errors": {},
        "chip_delta": 18243,
        "ci_high": 36.77264547090582,
        "ci_low": -11.61007798440312,
        "duration_s": 5.18,
        "hands": 1667,
        "requested_hands": 1667,
        "seeds": [
          42,
          1000045,
          43,
          44,
          45,
          46,
          47,
          48,
          49,
          50,
          51
        ],
        "target": "tight_passive"
      },
      {
        "bb_per_100": -67.8500299940012,
        "bot_errors": {},
        "chip_delta": -113106,
        "ci_high": 20.131973605278944,
        "ci_low": -153.62027594481103,
        "duration_s": 25.1,
        "hands": 1667,
        "requested_hands": 1667,
        "seeds": [
          42,
          1000045,
          2000048,
          3000051,
          4000054,
          5000057,
          6000060,
          7000063,
          8000066,
          43,
          1000046,
          2000049,
          3000052,
          4000055,
          5000058,
          6000061,
          7000064,
          8000067,
          9000070,
          10000073,
          44,
          1000047,
          2000050,
          3000053,
          4000056,
          45,
          1000048,
          2000051,
          3000054,
          4000057,
          5000060,
          6000063,
          46,
          1000049,
          2000052,
          3000055,
          4000058,
          5000061,
          6000064,
          47,
          1000050,
          2000053,
          3000056,
          48,
          1000051,
          2000054,
          3000057,
          49,
          1000052,
          2000055,
          3000058,
          4000061,
          5000064,
          6000067,
          7000070,
          8000073,
          50,
          1000053,
          2000056,
          3000059,
          4000062,
          5000065,
          6000068,
          7000071,
          51,
          1000054,
          2000057,
          3000060,
          4000063,
          5000066,
          6000069,
          7000072,
          8000075,
          9000078
        ],
        "target": "loose_passive"
      },
      {
        "bb_per_100": 32.7246550689862,
        "bot_errors": {},
        "chip_delta": 54552,
        "ci_high": 69.03599280143972,
        "ci_low": -2.8320335932813436,
        "duration_s": 5.82,
        "hands": 1667,
        "requested_hands": 1667,
        "seeds": [
          42,
          1000045,
          43,
          44,
          1000047,
          45,
          1000048,
          46,
          47,
          1000050,
          48,
          49,
          50,
          1000053,
          51,
          1000054
        ],
        "target": "tight_pressure"
      },
      {
        "bb_per_100": -84.10917816436712,
        "bot_errors": {},
        "chip_delta": -140210,
        "ci_high": -32.161367726454706,
        "ci_low": -131.28374325134973,
        "duration_s": 9.26,
        "hands": 1667,
        "requested_hands": 1667,
        "seeds": [
          42,
          1000045,
          43,
          1000046,
          2000049,
          3000052,
          44,
          1000047,
          2000050,
          45,
          1000048,
          2000051,
          46,
          1000049,
          47,
          1000050,
          2000053,
          48,
          1000051,
          2000054,
          49,
          1000052,
          2000055,
          50,
          1000053,
          51,
          1000054
        ],
        "target": "loose_pressure"
      },
      {
        "bb_per_100": 14.987995198079233,
        "bot_errors": {},
        "chip_delta": 24970,
        "ci_high": 52.382953181272505,
        "ci_low": -17.38295318127251,
        "duration_s": 6.2,
        "hands": 1666,
        "requested_hands": 1666,
        "seeds": [
          42,
          43,
          44,
          1000047,
          45,
          46,
          47,
          1000050,
          2000053,
          48,
          49,
          50,
          1000053,
          51,
          1000054
        ],
        "target": "sharp_3bet_punisher"
      },
      {
        "bb_per_100": 80.83133253301321,
        "bot_errors": {},
        "chip_delta": 134665,
        "ci_high": 147.1434573829532,
        "ci_low": 18.289315726290518,
        "duration_s": 7.1,
        "hands": 1666,
        "requested_hands": 1666,
        "seeds": [
          42,
          43,
          44,
          45,
          46,
          47,
          48,
          49,
          50,
          51
        ],
        "target": "six_max_synthetic_mix"
      }
    ]
  },
  "gain_bb_per_100": 32.5251,
  "min_bb": 3.0,
  "requested_hands_per_side": 10000,
  "suite": "synthetic_anonymized_overlay",
  "targets": [
    "tight_passive",
    "loose_passive",
    "tight_pressure",
    "loose_pressure",
    "sharp_3bet_punisher",
    "six_max_synthetic_mix"
  ],
  "with_overlay": {
    "bb_per_100": 30.4365,
    "chip_delta": 304365,
    "hands": 10000,
    "results": [
      {
        "bb_per_100": 10.94361127774445,
        "bot_errors": {},
        "chip_delta": 18243,
        "ci_high": 36.77264547090582,
        "ci_low": -11.61007798440312,
        "duration_s": 4.96,
        "hands": 1667,
        "requested_hands": 1667,
        "seeds": [
          42,
          1000045,
          43,
          44,
          45,
          46,
          47,
          48,
          49,
          50,
          51
        ],
        "target": "tight_passive"
      },
      {
        "bb_per_100": -67.8500299940012,
        "bot_errors": {},
        "chip_delta": -113106,
        "ci_high": 20.131973605278944,
        "ci_low": -153.62027594481103,
        "duration_s": 25.96,
        "hands": 1667,
        "requested_hands": 1667,
        "seeds": [
          42,
          1000045,
          2000048,
          3000051,
          4000054,
          5000057,
          6000060,
          7000063,
          8000066,
          43,
          1000046,
          2000049,
          3000052,
          4000055,
          5000058,
          6000061,
          7000064,
          8000067,
          9000070,
          10000073,
          44,
          1000047,
          2000050,
          3000053,
          4000056,
          45,
          1000048,
          2000051,
          3000054,
          4000057,
          5000060,
          6000063,
          46,
          1000049,
          2000052,
          3000055,
          4000058,
          5000061,
          6000064,
          47,
          1000050,
          2000053,
          3000056,
          48,
          1000051,
          2000054,
          3000057,
          49,
          1000052,
          2000055,
          3000058,
          4000061,
          5000064,
          6000067,
          7000070,
          8000073,
          50,
          1000053,
          2000056,
          3000059,
          4000062,
          5000065,
          6000068,
          7000071,
          51,
          1000054,
          2000057,
          3000060,
          4000063,
          5000066,
          6000069,
          7000072,
          8000075,
          9000078
        ],
        "target": "loose_passive"
      },
      {
        "bb_per_100": 33.08458308338332,
        "bot_errors": {},
        "chip_delta": 55152,
        "ci_high": 69.39592081583683,
        "ci_low": -2.0221955608878224,
        "duration_s": 5.95,
        "hands": 1667,
        "requested_hands": 1667,
        "seeds": [
          42,
          1000045,
          43,
          44,
          1000047,
          45,
          1000048,
          46,
          47,
          1000050,
          48,
          49,
          50,
          1000053,
          51,
          1000054
        ],
        "target": "tight_pressure"
      },
      {
        "bb_per_100": 116.8866226754649,
        "bot_errors": {},
        "chip_delta": 194850,
        "ci_high": 236.41271745650866,
        "ci_low": -4.379124175164967,
        "duration_s": 24.55,
        "hands": 1667,
        "requested_hands": 1667,
        "seeds": [
          42,
          1000045,
          2000048,
          3000051,
          4000054,
          5000057,
          6000060,
          7000063,
          8000066,
          9000069,
          10000072,
          11000075,
          12000078,
          43,
          1000046,
          2000049,
          3000052,
          4000055,
          5000058,
          6000061,
          7000064,
          8000067,
          9000070,
          10000073,
          11000076,
          12000079,
          44,
          1000047,
          2000050,
          3000053,
          4000056,
          5000059,
          6000062,
          7000065,
          8000068,
          9000071,
          10000074,
          11000077,
          12000080,
          45,
          1000048,
          2000051,
          3000054,
          4000057,
          5000060,
          6000063,
          7000066,
          8000069,
          46,
          1000049,
          2000052,
          3000055,
          4000058,
          5000061,
          6000064,
          7000067,
          8000070,
          47,
          1000050,
          2000053,
          3000056,
          4000059,
          5000062,
          6000065,
          7000068,
          8000071,
          9000074,
          10000077,
          11000080,
          48,
          1000051,
          2000054,
          3000057,
          4000060,
          5000063,
          6000066,
          7000069,
          8000072,
          9000075,
          10000078,
          11000081,
          12000084,
          49,
          1000052,
          2000055,
          3000058,
          4000061,
          5000064,
          6000067,
          7000070,
          8000073,
          9000076,
          50,
          1000053,
          2000056,
          3000059,
          4000062,
          5000065,
          6000068,
          7000071,
          8000074,
          9000077,
          10000080,
          11000083,
          51,
          1000054,
          2000057,
          3000060,
          4000063,
          5000066,
          6000069,
          7000072
        ],
        "target": "loose_pressure"
      },
      {
        "bb_per_100": 4.315726290516206,
        "bot_errors": {},
        "chip_delta": 7190,
        "ci_high": 69.86194477791116,
        "ci_low": -55.60024009603841,
        "duration_s": 11.18,
        "hands": 1666,
        "requested_hands": 1666,
        "seeds": [
          42,
          1000045,
          2000048,
          3000051,
          4000054,
          5000057,
          6000060,
          43,
          1000046,
          2000049,
          44,
          1000047,
          2000050,
          45,
          1000048,
          2000051,
          46,
          1000049,
          2000052,
          3000055,
          4000058,
          47,
          1000050,
          2000053,
          48,
          1000051,
          2000054,
          3000057,
          49,
          1000052,
          2000055,
          50,
          1000053,
          2000056,
          51,
          1000054,
          2000057,
          3000060,
          4000063
        ],
        "target": "sharp_3bet_punisher"
      },
      {
        "bb_per_100": 85.25570228091236,
        "bot_errors": {},
        "chip_delta": 142036,
        "ci_high": 160.90996398559423,
        "ci_low": 15.490396158463385,
        "duration_s": 6.74,
        "hands": 1666,
        "requested_hands": 1666,
        "seeds": [
          42,
          43,
          44,
          45,
          46,
          47,
          48,
          49,
          50,
          51
        ],
        "target": "six_max_synthetic_mix"
      }
    ]
  }
}
ablate-overlay synthetic_anonymized: with=+30.44 blueprint_only=-2.09 gain=+32.53 bb/100
ablate-overlay PASS

# finished_utc=2026-05-28T02:03:54Z
# returncode=0
# duration_s=149.007
