# label=smoke_timed
# cwd=/Users/farhad/Code/PokerBot-gauntlet
# started_utc=2026-05-28T01:54:14Z
# command=/Users/farhad/Code/PokerBot-gauntlet/.venv/bin/python /Users/farhad/Code/PokerBot/consult/artifacts/2026-05-28-gauntlet-variance/timed_smoke.py --repo /Users/farhad/Code/PokerBot-gauntlet --zip submissions/v_final.zip --hands 200 --seed 42

{
  "chip_delta": {
    "template": -10000,
    "v_final": 10000
  },
  "duration_s": 5.97,
  "errors": {},
  "expected_hands": 200,
  "measurement_only": true,
  "n_hands": 136,
  "passed": true,
  "sandbox_image": "fullhouse-sandbox:latest",
  "seed": 42,
  "short_hands": true,
  "timings_ms": {
    "template": {
      "count": 135,
      "max_ms": 55.453999899327755,
      "mean_ms": 13.220080202100453,
      "p50_ms": 11.032500071451068,
      "p95_ms": 37.16729115694761,
      "p99_ms": 53.59954200685024
    },
    "v_final": {
      "count": 71,
      "max_ms": 98.55437488295138,
      "mean_ms": 12.562300501601166,
      "p50_ms": 10.630583856254816,
      "p95_ms": 33.00595819018781,
      "p99_ms": 52.936292020604014
    }
  },
  "use_docker": true
}
timed_smoke PASS

# finished_utc=2026-05-28T01:54:21Z
# returncode=0
# duration_s=7.073
