# label=benchmark_self_play_vs_prior
# cwd=/Users/farhad/Code/PokerBot-gauntlet
# started_utc=2026-05-28T02:12:55Z
# command=/Users/farhad/Code/PokerBot-gauntlet/.venv/bin/python tools/benchmark.py --self-play --vs-prior --hands 10000 --bot submissions/v_final.zip --paired-seed-base 42

# bot artifact: submissions/v_final.zip
# zip sha256: e4b4a8f11f801ecef2eca53629241e83cc9bace8ec74004f19368375f22d9598
{
  "manifest": "submissions/manifest.json",
  "pinned_prior_snapshots": [
    {
      "name": "v0_wired",
      "path": "submissions/v0_wired.zip",
      "sha256": "0792be72e472c5a36608d3e9fafcada3b0a6a80da3f7f55c9b21fa4972c38112"
    },
    {
      "name": "v1_blueprint",
      "path": "submissions/v1_blueprint.zip",
      "sha256": "f729b9ad311f6a5dc9b276f41302c5fcb7c16f288976d271be3d5764c5bede3c"
    },
    {
      "name": "v2_postflop",
      "path": "submissions/v2_postflop.zip",
      "sha256": "348723049f8ba3e99e36c01ec703681c0bc41289431d956def393ef2e8da6b57"
    },
    {
      "name": "v3_hardened",
      "path": "submissions/v3_hardened.zip",
      "sha256": "7caa4f6346f76191c83e8716a2ab4a3a516033f069d0a1058341ef2bc21dbec5"
    }
  ]
}
{
  "min_bb": 3.0,
  "results": [
    {
      "bb_per_100": 74.405,
      "bot_errors": {},
      "chip_delta": 744050,
      "ci_high": 74.99,
      "ci_low": 73.86,
      "duration_s": 18.57,
      "hands": 10000,
      "manifest_key": "v0_wired",
      "requested_hands": 10000,
      "seeds": [
        42,
        1000045,
        2000048,
        3000051,
        4000054,
        5000057,
        6000060,
        7000063,
        43,
        1000046,
        2000049,
        3000052,
        4000055,
        5000058,
        6000061,
        7000064,
        44,
        1000047,
        2000050,
        3000053,
        4000056,
        5000059,
        6000062,
        7000065,
        45,
        1000048,
        2000051,
        3000054,
        4000057,
        5000060,
        6000063,
        7000066,
        46,
        1000049,
        2000052,
        3000055,
        4000058,
        5000061,
        6000064,
        7000067,
        47,
        1000050,
        2000053,
        3000056,
        4000059,
        5000062,
        6000065,
        7000068,
        48,
        1000051,
        2000054,
        3000057,
        4000060,
        5000063,
        6000066,
        7000069,
        49,
        1000052,
        2000055,
        3000058,
        4000061,
        5000064,
        6000067,
        7000070,
        50,
        1000053,
        2000056,
        3000059,
        4000062,
        5000065,
        6000068,
        7000071,
        51,
        1000054,
        2000057,
        3000060,
        4000063,
        5000066,
        6000069,
        7000072
      ],
      "sha256": "0792be72e472c5a36608d3e9fafcada3b0a6a80da3f7f55c9b21fa4972c38112",
      "target": "v0_wired"
    },
    {
      "bb_per_100": 18.895,
      "bot_errors": {},
      "chip_delta": 188950,
      "ci_high": 26.99,
      "ci_low": 10.75,
      "duration_s": 19.09,
      "hands": 10000,
      "manifest_key": "v1_blueprint",
      "requested_hands": 10000,
      "seeds": [
        42,
        1000045,
        2000048,
        3000051,
        4000054,
        5000057,
        43,
        1000046,
        2000049,
        3000052,
        4000055,
        5000058,
        44,
        1000047,
        2000050,
        3000053,
        45,
        1000048,
        2000051,
        3000054,
        46,
        1000049,
        2000052,
        3000055,
        47,
        1000050,
        2000053,
        48,
        1000051,
        2000054,
        3000057,
        4000060,
        5000063,
        6000066,
        49,
        1000052,
        2000055,
        50,
        1000053,
        2000056,
        51,
        1000054,
        2000057,
        3000060,
        4000063
      ],
      "sha256": "f729b9ad311f6a5dc9b276f41302c5fcb7c16f288976d271be3d5764c5bede3c",
      "target": "v1_blueprint"
    },
    {
      "bb_per_100": 18.895,
      "bot_errors": {},
      "chip_delta": 188950,
      "ci_high": 26.99,
      "ci_low": 10.75,
      "duration_s": 19.31,
      "hands": 10000,
      "manifest_key": "v2_postflop",
      "requested_hands": 10000,
      "seeds": [
        42,
        1000045,
        2000048,
        3000051,
        4000054,
        5000057,
        43,
        1000046,
        2000049,
        3000052,
        4000055,
        5000058,
        44,
        1000047,
        2000050,
        3000053,
        45,
        1000048,
        2000051,
        3000054,
        46,
        1000049,
        2000052,
        3000055,
        47,
        1000050,
        2000053,
        48,
        1000051,
        2000054,
        3000057,
        4000060,
        5000063,
        6000066,
        49,
        1000052,
        2000055,
        50,
        1000053,
        2000056,
        51,
        1000054,
        2000057,
        3000060,
        4000063
      ],
      "sha256": "348723049f8ba3e99e36c01ec703681c0bc41289431d956def393ef2e8da6b57",
      "target": "v2_postflop"
    },
    {
      "bb_per_100": 18.895,
      "bot_errors": {},
      "chip_delta": 188950,
      "ci_high": 26.99,
      "ci_low": 10.75,
      "duration_s": 19.7,
      "hands": 10000,
      "manifest_key": "v3_hardened",
      "requested_hands": 10000,
      "seeds": [
        42,
        1000045,
        2000048,
        3000051,
        4000054,
        5000057,
        43,
        1000046,
        2000049,
        3000052,
        4000055,
        5000058,
        44,
        1000047,
        2000050,
        3000053,
        45,
        1000048,
        2000051,
        3000054,
        46,
        1000049,
        2000052,
        3000055,
        47,
        1000050,
        2000053,
        48,
        1000051,
        2000054,
        3000057,
        4000060,
        5000063,
        6000066,
        49,
        1000052,
        2000055,
        50,
        1000053,
        2000056,
        51,
        1000054,
        2000057,
        3000060,
        4000063
      ],
      "sha256": "7caa4f6346f76191c83e8716a2ab4a3a516033f069d0a1058341ef2bc21dbec5",
      "target": "v3_hardened"
    }
  ]
}
self-play v0_wired: bb/100=+74.41 ci95=[+73.86, +74.99] hands=10000 chip_delta=744050 sha256=0792be72e472c5a36608d3e9fafcada3b0a6a80da3f7f55c9b21fa4972c38112
self-play v1_blueprint: bb/100=+18.89 ci95=[+10.75, +26.99] hands=10000 chip_delta=188950 sha256=f729b9ad311f6a5dc9b276f41302c5fcb7c16f288976d271be3d5764c5bede3c
self-play v2_postflop: bb/100=+18.89 ci95=[+10.75, +26.99] hands=10000 chip_delta=188950 sha256=348723049f8ba3e99e36c01ec703681c0bc41289431d956def393ef2e8da6b57
self-play v3_hardened: bb/100=+18.89 ci95=[+10.75, +26.99] hands=10000 chip_delta=188950 sha256=7caa4f6346f76191c83e8716a2ab4a3a516033f069d0a1058341ef2bc21dbec5
self-play-vs-prior PASS

# finished_utc=2026-05-28T02:14:21Z
# returncode=0
# duration_s=86.769
