# label=smoke_timed
# cwd=/Users/farhad/Code/PokerBot-gauntlet
# started_utc=2026-05-28T02:06:27Z
# command=/Users/farhad/Code/PokerBot-gauntlet/.venv/bin/python /Users/farhad/Code/PokerBot/consult/artifacts/2026-05-28-gauntlet-variance/timed_smoke.py --repo /Users/farhad/Code/PokerBot-gauntlet --zip submissions/v_final.zip --hands 200 --seed 42

{
  "chip_delta": {
    "template": -10000,
    "v_final": 10000
  },
  "duration_s": 3.18,
  "errors": {},
  "expected_hands": 200,
  "measurement_only": true,
  "n_hands": 136,
  "passed": true,
  "sandbox_image": "fullhouse-sandbox:latest",
  "seed": 42,
  "short_hands": true,
  "timings_ms": {
    "template": {
      "count": 135,
      "max_ms": 38.83445798419416,
      "mean_ms": 9.364887990954298,
      "p50_ms": 9.4093750230968,
      "p95_ms": 19.456500187516212,
      "p99_ms": 31.366582959890366
    },
    "v_final": {
      "count": 71,
      "max_ms": 33.733292017132044,
      "mean_ms": 10.192121454501446,
      "p50_ms": 10.257957968860865,
      "p95_ms": 20.273166010156274,
      "p99_ms": 25.308959186077118
    }
  },
  "use_docker": true
}
timed_smoke PASS

# finished_utc=2026-05-28T02:06:31Z
# returncode=0
# duration_s=4.032
