[trap-sixmax] output=/Users/farhad/Code/PokerBot/consult/artifacts/2026-05-30-dual-leak-swarm/laneC-toby-gauntlet/pods_candidate comps=C0_BASELINE_RECHECK hands=400 seeds=142..241 jobs=3 pending=100 resumed=0
[trap-sixmax] C0_BASELINE_RECHECK seed=142 hands=200/400 delta=-10000 bust=1 hero_err=0/44 opp_err=0/936 p99_ms=5.035 dur=1.32s
[trap-sixmax] C0_BASELINE_RECHECK seed=143 hands=235/400 delta=-10000 bust=1 hero_err=0/199 opp_err=0/1154 p99_ms=11.054 dur=1.42s
[trap-sixmax] C0_BASELINE_RECHECK seed=144 hands=400/400 delta=-10000 bust=1 hero_err=0/48 opp_err=0/2583 p99_ms=29.969 dur=2.28s
[trap-sixmax] C0_BASELINE_RECHECK seed=145 hands=400/400 delta=-10000 bust=1 hero_err=0/159 opp_err=0/2476 p99_ms=1.296 dur=1.9s
[trap-sixmax] C0_BASELINE_RECHECK seed=146 hands=400/400 delta=-10000 bust=1 hero_err=0/126 opp_err=0/2409 p99_ms=1.502 dur=1.84s
[trap-sixmax] C0_BASELINE_RECHECK seed=147 hands=400/400 delta=-10000 bust=1 hero_err=0/63 opp_err=0/2424 p99_ms=1.662 dur=1.91s
[trap-sixmax] C0_BASELINE_RECHECK seed=149 hands=228/400 delta=-10000 bust=1 hero_err=0/50 opp_err=0/1162 p99_ms=3.480 dur=0.89s
[trap-sixmax] C0_BASELINE_RECHECK seed=148 hands=400/400 delta=+8500 bust=0 hero_err=0/467 opp_err=0/1862 p99_ms=3.343 dur=1.89s
[trap-sixmax] C0_BASELINE_RECHECK seed=150 hands=400/400 delta=-10000 bust=1 hero_err=0/43 opp_err=0/2428 p99_ms=3.666 dur=1.81s
[trap-sixmax] C0_BASELINE_RECHECK seed=151 hands=400/400 delta=+12200 bust=0 hero_err=0/468 opp_err=0/1866 p99_ms=1.748 dur=1.75s
[trap-sixmax] C0_BASELINE_RECHECK seed=152 hands=400/400 delta=-10000 bust=1 hero_err=0/90 opp_err=0/1966 p99_ms=1.935 dur=1.61s
[trap-sixmax] C0_BASELINE_RECHECK seed=153 hands=400/400 delta=+1268 bust=0 hero_err=0/468 opp_err=0/1953 p99_ms=2.586 dur=1.8s
[trap-sixmax] C0_BASELINE_RECHECK seed=154 hands=400/400 delta=-10000 bust=1 hero_err=0/34 opp_err=0/2509 p99_ms=2.001 dur=1.79s
[trap-sixmax] C0_BASELINE_RECHECK seed=155 hands=400/400 delta=+16300 bust=0 hero_err=0/473 opp_err=0/1851 p99_ms=2.460 dur=1.78s
[trap-sixmax] C0_BASELINE_RECHECK seed=157 hands=400/400 delta=-10000 bust=1 hero_err=0/59 opp_err=0/2143 p99_ms=1.767 dur=1.56s
[trap-sixmax] C0_BASELINE_RECHECK seed=156 hands=400/400 delta=+17301 bust=0 hero_err=0/472 opp_err=0/1856 p99_ms=2.130 dur=1.75s
[trap-sixmax] C0_BASELINE_RECHECK seed=158 hands=329/400 delta=-10000 bust=1 hero_err=0/112 opp_err=0/1856 p99_ms=0.782 dur=1.54s
[trap-sixmax] C0_BASELINE_RECHECK seed=159 hands=400/400 delta=-10000 bust=1 hero_err=0/130 opp_err=0/2448 p99_ms=1.436 dur=1.72s
[trap-sixmax] C0_BASELINE_RECHECK seed=160 hands=400/400 delta=-10000 bust=1 hero_err=0/121 opp_err=0/2415 p99_ms=1.671 dur=1.73s
[trap-sixmax] C0_BASELINE_RECHECK seed=161 hands=321/400 delta=-10000 bust=1 hero_err=0/101 opp_err=0/1855 p99_ms=1.886 dur=1.43s
[trap-sixmax] C0_BASELINE_RECHECK seed=163 hands=277/400 delta=-10000 bust=1 hero_err=0/109 opp_err=0/1374 p99_ms=3.820 dur=1.37s
[trap-sixmax] C0_BASELINE_RECHECK seed=164 hands=372/400 delta=-10000 bust=1 hero_err=0/195 opp_err=0/1645 p99_ms=1.786 dur=1.55s
[trap-sixmax] C0_BASELINE_RECHECK seed=162 hands=400/400 delta=-10000 bust=1 hero_err=0/99 opp_err=0/2478 p99_ms=4.894 dur=2.42s
[trap-sixmax] C0_BASELINE_RECHECK seed=165 hands=400/400 delta=-10000 bust=1 hero_err=0/64 opp_err=0/2435 p99_ms=1.929 dur=1.9s
[trap-sixmax] C0_BASELINE_RECHECK seed=166 hands=400/400 delta=-10000 bust=1 hero_err=0/17 opp_err=0/2410 p99_ms=4.340 dur=1.67s
[trap-sixmax] C0_BASELINE_RECHECK seed=167 hands=400/400 delta=-10000 bust=1 hero_err=0/129 opp_err=0/2446 p99_ms=1.493 dur=1.97s
[trap-sixmax] C0_BASELINE_RECHECK seed=168 hands=400/400 delta=-10000 bust=1 hero_err=0/113 opp_err=0/2458 p99_ms=2.527 dur=2.06s
[trap-sixmax] C0_BASELINE_RECHECK seed=169 hands=400/400 delta=+6634 bust=0 hero_err=0/483 opp_err=0/1921 p99_ms=2.131 dur=1.79s
[trap-sixmax] C0_BASELINE_RECHECK seed=170 hands=400/400 delta=-10000 bust=1 hero_err=0/77 opp_err=0/1584 p99_ms=1.521 dur=1.06s
[trap-sixmax] C0_BASELINE_RECHECK seed=171 hands=400/400 delta=+12050 bust=0 hero_err=0/470 opp_err=0/1918 p99_ms=1.921 dur=1.54s
[trap-sixmax] C0_BASELINE_RECHECK seed=172 hands=400/400 delta=+23650 bust=0 hero_err=0/478 opp_err=0/1883 p99_ms=1.359 dur=1.52s
[trap-sixmax] C0_BASELINE_RECHECK seed=173 hands=400/400 delta=-10000 bust=1 hero_err=0/64 opp_err=0/2449 p99_ms=1.921 dur=1.97s
[trap-sixmax] C0_BASELINE_RECHECK seed=175 hands=288/400 delta=-10000 bust=1 hero_err=0/36 opp_err=0/1547 p99_ms=2.487 dur=1.32s
[trap-sixmax] C0_BASELINE_RECHECK seed=174 hands=400/400 delta=+20950 bust=0 hero_err=0/481 opp_err=0/1939 p99_ms=2.486 dur=1.94s
[trap-sixmax] C0_BASELINE_RECHECK seed=176 hands=400/400 delta=+3050 bust=0 hero_err=0/472 opp_err=0/1888 p99_ms=2.905 dur=1.82s
[trap-sixmax] C0_BASELINE_RECHECK seed=177 hands=400/400 delta=-10000 bust=1 hero_err=0/51 opp_err=0/1620 p99_ms=2.805 dur=1.49s
[trap-sixmax] C0_BASELINE_RECHECK seed=178 hands=266/400 delta=-10000 bust=1 hero_err=0/57 opp_err=0/1534 p99_ms=3.527 dur=1.43s
[trap-sixmax] C0_BASELINE_RECHECK seed=179 hands=400/400 delta=+200 bust=0 hero_err=0/496 opp_err=0/2082 p99_ms=2.006 dur=1.92s
[trap-sixmax] C0_BASELINE_RECHECK seed=180 hands=400/400 delta=-10000 bust=1 hero_err=0/77 opp_err=0/2128 p99_ms=1.631 dur=1.73s
[trap-sixmax] C0_BASELINE_RECHECK seed=181 hands=400/400 delta=-10000 bust=1 hero_err=0/94 opp_err=0/2459 p99_ms=2.068 dur=1.89s
[trap-sixmax] C0_BASELINE_RECHECK seed=182 hands=311/400 delta=-10000 bust=1 hero_err=0/118 opp_err=0/1487 p99_ms=2.842 dur=1.43s
[trap-sixmax] C0_BASELINE_RECHECK seed=183 hands=400/400 delta=-10000 bust=1 hero_err=0/44 opp_err=0/2428 p99_ms=1.546 dur=1.84s
[trap-sixmax] C0_BASELINE_RECHECK seed=184 hands=400/400 delta=+550 bust=0 hero_err=0/463 opp_err=0/1814 p99_ms=2.248 dur=1.7s
[trap-sixmax] C0_BASELINE_RECHECK seed=185 hands=400/400 delta=-10000 bust=1 hero_err=0/79 opp_err=0/2444 p99_ms=1.743 dur=1.86s
[trap-sixmax] C0_BASELINE_RECHECK seed=186 hands=400/400 delta=-10000 bust=1 hero_err=0/157 opp_err=0/2561 p99_ms=2.460 dur=1.93s
[trap-sixmax] C0_BASELINE_RECHECK seed=188 hands=300/400 delta=-10000 bust=1 hero_err=0/15 opp_err=0/1540 p99_ms=1.529 dur=1.19s
[trap-sixmax] C0_BASELINE_RECHECK seed=187 hands=400/400 delta=+9267 bust=0 hero_err=0/466 opp_err=0/1881 p99_ms=2.203 dur=1.83s
[trap-sixmax] C0_BASELINE_RECHECK seed=190 hands=400/400 delta=-10000 bust=1 hero_err=0/106 opp_err=0/1569 p99_ms=5.583 dur=1.25s
[trap-sixmax] C0_BASELINE_RECHECK seed=189 hands=400/400 delta=+8400 bust=0 hero_err=0/450 opp_err=0/1845 p99_ms=4.328 dur=1.94s
[trap-sixmax] C0_BASELINE_RECHECK seed=191 hands=400/400 delta=-10000 bust=1 hero_err=0/90 opp_err=0/2208 p99_ms=2.131 dur=1.94s
[trap-sixmax] C0_BASELINE_RECHECK seed=193 hands=378/400 delta=-10000 bust=1 hero_err=0/136 opp_err=0/1704 p99_ms=4.685 dur=1.53s
[trap-sixmax] C0_BASELINE_RECHECK seed=194 hands=331/400 delta=-10000 bust=1 hero_err=0/46 opp_err=0/1491 p99_ms=2.345 dur=1.19s
[trap-sixmax] C0_BASELINE_RECHECK seed=192 hands=400/400 delta=+11550 bust=0 hero_err=0/471 opp_err=0/1865 p99_ms=6.259 dur=2.19s
[trap-sixmax] C0_BASELINE_RECHECK seed=195 hands=377/400 delta=-10000 bust=1 hero_err=0/109 opp_err=0/1608 p99_ms=15.121 dur=1.42s
[trap-sixmax] C0_BASELINE_RECHECK seed=196 hands=400/400 delta=+12550 bust=0 hero_err=0/472 opp_err=0/1910 p99_ms=1.930 dur=1.9s
[trap-sixmax] C0_BASELINE_RECHECK seed=197 hands=400/400 delta=+6417 bust=0 hero_err=0/477 opp_err=0/1958 p99_ms=2.210 dur=1.77s
[trap-sixmax] C0_BASELINE_RECHECK seed=198 hands=400/400 delta=-10000 bust=1 hero_err=0/69 opp_err=0/1773 p99_ms=1.781 dur=1.46s
[trap-sixmax] C0_BASELINE_RECHECK seed=200 hands=400/400 delta=+7984 bust=0 hero_err=0/478 opp_err=0/1893 p99_ms=2.089 dur=1.68s
[trap-sixmax] C0_BASELINE_RECHECK seed=199 hands=400/400 delta=+6056 bust=0 hero_err=0/473 opp_err=0/2026 p99_ms=3.048 dur=1.76s
[trap-sixmax] C0_BASELINE_RECHECK seed=201 hands=400/400 delta=-10000 bust=1 hero_err=0/83 opp_err=0/2422 p99_ms=1.349 dur=1.74s
[trap-sixmax] C0_BASELINE_RECHECK seed=203 hands=400/400 delta=-10000 bust=1 hero_err=0/126 opp_err=0/1724 p99_ms=1.010 dur=1.32s
[trap-sixmax] C0_BASELINE_RECHECK seed=202 hands=400/400 delta=+13750 bust=0 hero_err=0/467 opp_err=0/1850 p99_ms=1.974 dur=1.85s
[trap-sixmax] C0_BASELINE_RECHECK seed=204 hands=400/400 delta=-10000 bust=1 hero_err=0/56 opp_err=0/1519 p99_ms=2.168 dur=1.41s
[trap-sixmax] C0_BASELINE_RECHECK seed=205 hands=323/400 delta=-10000 bust=1 hero_err=0/266 opp_err=0/1774 p99_ms=2.003 dur=1.69s
[trap-sixmax] C0_BASELINE_RECHECK seed=206 hands=400/400 delta=-10000 bust=1 hero_err=0/192 opp_err=0/2474 p99_ms=2.399 dur=1.99s
[trap-sixmax] C0_BASELINE_RECHECK seed=207 hands=400/400 delta=+22500 bust=0 hero_err=0/473 opp_err=0/1858 p99_ms=1.838 dur=1.56s
[trap-sixmax] C0_BASELINE_RECHECK seed=208 hands=400/400 delta=+11350 bust=0 hero_err=0/462 opp_err=0/1864 p99_ms=1.806 dur=1.7s
[trap-sixmax] C0_BASELINE_RECHECK seed=209 hands=400/400 delta=-10000 bust=1 hero_err=0/112 opp_err=0/2330 p99_ms=2.149 dur=1.79s
[trap-sixmax] C0_BASELINE_RECHECK seed=210 hands=400/400 delta=+3660 bust=0 hero_err=0/465 opp_err=0/1855 p99_ms=1.738 dur=1.76s
[trap-sixmax] C0_BASELINE_RECHECK seed=212 hands=183/400 delta=-10000 bust=1 hero_err=0/269 opp_err=0/792 p99_ms=1.831 dur=0.91s
[trap-sixmax] C0_BASELINE_RECHECK seed=211 hands=400/400 delta=+29133 bust=0 hero_err=0/502 opp_err=0/1874 p99_ms=3.883 dur=1.91s
[trap-sixmax] C0_BASELINE_RECHECK seed=213 hands=246/400 delta=-10000 bust=1 hero_err=0/96 opp_err=0/1396 p99_ms=1.832 dur=1.38s
[trap-sixmax] C0_BASELINE_RECHECK seed=216 hands=375/400 delta=-10000 bust=1 hero_err=0/302 opp_err=0/1587 p99_ms=1.214 dur=1.15s
[trap-sixmax] C0_BASELINE_RECHECK seed=214 hands=400/400 delta=+4850 bust=0 hero_err=0/474 opp_err=0/1855 p99_ms=2.755 dur=1.83s
[trap-sixmax] C0_BASELINE_RECHECK seed=215 hands=400/400 delta=+9750 bust=0 hero_err=0/471 opp_err=0/1885 p99_ms=5.991 dur=1.87s
[trap-sixmax] C0_BASELINE_RECHECK seed=218 hands=278/400 delta=-10000 bust=1 hero_err=0/97 opp_err=0/1395 p99_ms=4.830 dur=1.25s
[trap-sixmax] C0_BASELINE_RECHECK seed=219 hands=351/400 delta=-10000 bust=1 hero_err=0/74 opp_err=0/1530 p99_ms=1.640 dur=1.19s
[trap-sixmax] C0_BASELINE_RECHECK seed=217 hands=400/400 delta=-10000 bust=1 hero_err=0/159 opp_err=0/1948 p99_ms=14.004 dur=1.97s
[trap-sixmax] C0_BASELINE_RECHECK seed=220 hands=400/400 delta=+4750 bust=0 hero_err=0/489 opp_err=0/1943 p99_ms=2.267 dur=1.86s
[trap-sixmax] C0_BASELINE_RECHECK seed=221 hands=400/400 delta=+10650 bust=0 hero_err=0/465 opp_err=0/1856 p99_ms=2.401 dur=1.57s
[trap-sixmax] C0_BASELINE_RECHECK seed=222 hands=400/400 delta=-10000 bust=1 hero_err=0/5 opp_err=0/2432 p99_ms=1.088 dur=1.59s
[trap-sixmax] C0_BASELINE_RECHECK seed=225 hands=316/400 delta=-10000 bust=1 hero_err=0/79 opp_err=0/1558 p99_ms=1.799 dur=1.11s
[trap-sixmax] C0_BASELINE_RECHECK seed=223 hands=400/400 delta=-10000 bust=1 hero_err=0/61 opp_err=0/2250 p99_ms=19.495 dur=1.95s
[trap-sixmax] C0_BASELINE_RECHECK seed=224 hands=400/400 delta=+10950 bust=0 hero_err=0/465 opp_err=0/1873 p99_ms=2.687 dur=2.01s
[trap-sixmax] C0_BASELINE_RECHECK seed=226 hands=400/400 delta=+12350 bust=0 hero_err=0/477 opp_err=0/1853 p99_ms=3.596 dur=1.97s
[trap-sixmax] C0_BASELINE_RECHECK seed=227 hands=400/400 delta=+5867 bust=0 hero_err=0/474 opp_err=0/1937 p99_ms=1.898 dur=1.98s
[trap-sixmax] C0_BASELINE_RECHECK seed=228 hands=400/400 delta=-10000 bust=1 hero_err=0/56 opp_err=0/2528 p99_ms=1.079 dur=2.15s
[trap-sixmax] C0_BASELINE_RECHECK seed=229 hands=316/400 delta=-10000 bust=1 hero_err=0/87 opp_err=0/1457 p99_ms=1.384 dur=1.43s
[trap-sixmax] C0_BASELINE_RECHECK seed=230 hands=400/400 delta=+1847 bust=0 hero_err=0/469 opp_err=0/1871 p99_ms=2.273 dur=1.89s
[trap-sixmax] C0_BASELINE_RECHECK seed=231 hands=400/400 delta=+8752 bust=0 hero_err=0/485 opp_err=0/1924 p99_ms=2.724 dur=1.76s
[trap-sixmax] C0_BASELINE_RECHECK seed=232 hands=400/400 delta=-10000 bust=1 hero_err=0/113 opp_err=0/2198 p99_ms=3.227 dur=1.82s
[trap-sixmax] C0_BASELINE_RECHECK seed=233 hands=400/400 delta=-10000 bust=1 hero_err=0/63 opp_err=0/2200 p99_ms=6.014 dur=1.74s
[trap-sixmax] C0_BASELINE_RECHECK seed=234 hands=400/400 delta=-10000 bust=1 hero_err=0/44 opp_err=0/2424 p99_ms=2.070 dur=1.89s
[trap-sixmax] C0_BASELINE_RECHECK seed=235 hands=400/400 delta=+15925 bust=0 hero_err=0/484 opp_err=0/1904 p99_ms=1.980 dur=1.82s
[trap-sixmax] C0_BASELINE_RECHECK seed=237 hands=179/400 delta=-10000 bust=1 hero_err=0/86 opp_err=0/819 p99_ms=0.984 dur=0.74s
[trap-sixmax] C0_BASELINE_RECHECK seed=236 hands=400/400 delta=+3230 bust=0 hero_err=0/473 opp_err=0/1966 p99_ms=2.195 dur=2.0s
[trap-sixmax] C0_BASELINE_RECHECK seed=239 hands=276/400 delta=-10000 bust=1 hero_err=0/127 opp_err=0/1534 p99_ms=2.197 dur=1.33s
[trap-sixmax] C0_BASELINE_RECHECK seed=238 hands=400/400 delta=-10000 bust=1 hero_err=0/130 opp_err=0/1890 p99_ms=1.999 dur=1.65s
[trap-sixmax] C0_BASELINE_RECHECK seed=240 hands=400/400 delta=-10000 bust=1 hero_err=0/45 opp_err=0/2432 p99_ms=1.515 dur=1.55s
[trap-sixmax] C0_BASELINE_RECHECK seed=241 hands=400/400 delta=-10000 bust=1 hero_err=0/66 opp_err=0/2452 p99_ms=1.163 dur=1.32s
[trap-sixmax] wrote /Users/farhad/Code/PokerBot/consult/artifacts/2026-05-30-dual-leak-swarm/laneC-toby-gauntlet/pods_candidate/RESULTS.json
[trap-sixmax] verdict=TRAP_PREVALENCE_DANGEROUS
[trap-sixmax] C0_BASELINE_RECHECK CRITICAL p10=-10000 p50=-10000 p90=12215 mean=-2958 stdev=10440 bust=65.0% hero_err=0.000% opp_err=0.000% p99_ms=19.600
