[trap-sixmax] output=/Users/farhad/Code/PokerBot/consult/artifacts/2026-05-30-dual-leak-swarm/laneC-toby-gauntlet/pods_locked comps=C0_BASELINE_RECHECK,C1_SINGLE_TOBY_WEAK_FIELD,C3_TOBY_MEHEDI_WEAK_FIELD,C4_PUBLIC_NIGHTMARE hands=400 seeds=142..241 jobs=3 pending=400 resumed=0
[trap-sixmax] C0_BASELINE_RECHECK seed=143 hands=244/400 delta=-10000 bust=1 hero_err=0/121 opp_err=0/1186 p99_ms=0.964 dur=0.96s
[trap-sixmax] C0_BASELINE_RECHECK seed=142 hands=400/400 delta=-10000 bust=1 hero_err=0/102 opp_err=0/2333 p99_ms=0.968 dur=1.54s
[trap-sixmax] C0_BASELINE_RECHECK seed=144 hands=400/400 delta=-10000 bust=1 hero_err=0/84 opp_err=0/2507 p99_ms=0.986 dur=1.57s
[trap-sixmax] C0_BASELINE_RECHECK seed=145 hands=238/400 delta=-10000 bust=1 hero_err=0/96 opp_err=0/1286 p99_ms=1.159 dur=1.25s
[trap-sixmax] C0_BASELINE_RECHECK seed=146 hands=400/400 delta=-10000 bust=1 hero_err=0/105 opp_err=0/2008 p99_ms=1.362 dur=1.54s
[trap-sixmax] C0_BASELINE_RECHECK seed=147 hands=400/400 delta=+2866 bust=0 hero_err=0/481 opp_err=0/1964 p99_ms=5.004 dur=1.82s
[trap-sixmax] C0_BASELINE_RECHECK seed=148 hands=400/400 delta=+5568 bust=0 hero_err=0/470 opp_err=0/1928 p99_ms=5.700 dur=1.82s
[trap-sixmax] C0_BASELINE_RECHECK seed=150 hands=301/400 delta=-10000 bust=1 hero_err=0/361 opp_err=0/1562 p99_ms=1.840 dur=1.37s
[trap-sixmax] C0_BASELINE_RECHECK seed=149 hands=400/400 delta=+2577 bust=0 hero_err=0/484 opp_err=0/1894 p99_ms=4.817 dur=1.79s
[trap-sixmax] C0_BASELINE_RECHECK seed=151 hands=400/400 delta=+900 bust=0 hero_err=0/475 opp_err=0/1961 p99_ms=2.332 dur=1.74s
[trap-sixmax] C0_BASELINE_RECHECK seed=152 hands=400/400 delta=-10000 bust=1 hero_err=0/99 opp_err=0/2390 p99_ms=3.909 dur=1.72s
[trap-sixmax] C0_BASELINE_RECHECK seed=153 hands=400/400 delta=+2751 bust=0 hero_err=0/463 opp_err=0/1906 p99_ms=1.721 dur=1.67s
[trap-sixmax] C0_BASELINE_RECHECK seed=154 hands=400/400 delta=-10000 bust=1 hero_err=0/53 opp_err=0/1796 p99_ms=2.072 dur=1.43s
[trap-sixmax] C0_BASELINE_RECHECK seed=155 hands=213/400 delta=-10000 bust=1 hero_err=0/46 opp_err=0/1148 p99_ms=2.219 dur=1.1s
[trap-sixmax] C0_BASELINE_RECHECK seed=156 hands=400/400 delta=+18201 bust=0 hero_err=0/471 opp_err=0/1880 p99_ms=2.783 dur=1.81s
[trap-sixmax] C0_BASELINE_RECHECK seed=157 hands=400/400 delta=-10000 bust=1 hero_err=0/63 opp_err=0/1839 p99_ms=2.695 dur=1.45s
[trap-sixmax] C0_BASELINE_RECHECK seed=158 hands=400/400 delta=-10000 bust=1 hero_err=0/120 opp_err=0/1524 p99_ms=3.597 dur=1.29s
[trap-sixmax] C0_BASELINE_RECHECK seed=159 hands=400/400 delta=-10000 bust=1 hero_err=0/189 opp_err=0/2014 p99_ms=10.648 dur=1.54s
[trap-sixmax] C0_BASELINE_RECHECK seed=160 hands=400/400 delta=-10000 bust=1 hero_err=0/118 opp_err=0/2408 p99_ms=4.625 dur=1.71s
[trap-sixmax] C0_BASELINE_RECHECK seed=161 hands=400/400 delta=-10000 bust=1 hero_err=0/135 opp_err=0/2134 p99_ms=1.669 dur=1.51s
[trap-sixmax] C0_BASELINE_RECHECK seed=164 hands=303/400 delta=-10000 bust=1 hero_err=0/91 opp_err=0/1439 p99_ms=1.584 dur=1.06s
[trap-sixmax] C0_BASELINE_RECHECK seed=162 hands=400/400 delta=-10000 bust=1 hero_err=0/74 opp_err=0/2439 p99_ms=1.805 dur=1.87s
[trap-sixmax] C0_BASELINE_RECHECK seed=163 hands=400/400 delta=-10000 bust=1 hero_err=0/113 opp_err=0/2111 p99_ms=3.080 dur=1.59s
[trap-sixmax] C0_BASELINE_RECHECK seed=167 hands=316/400 delta=-10000 bust=1 hero_err=0/84 opp_err=0/1629 p99_ms=1.475 dur=1.14s
[trap-sixmax] C0_BASELINE_RECHECK seed=165 hands=400/400 delta=+21367 bust=0 hero_err=0/489 opp_err=0/1894 p99_ms=9.069 dur=1.97s
[trap-sixmax] C0_BASELINE_RECHECK seed=166 hands=400/400 delta=-10000 bust=1 hero_err=0/16 opp_err=0/2438 p99_ms=7.977 dur=1.72s
[trap-sixmax] C0_BASELINE_RECHECK seed=170 hands=400/400 delta=-10000 bust=1 hero_err=0/84 opp_err=0/1574 p99_ms=2.042 dur=1.19s
[trap-sixmax] C0_BASELINE_RECHECK seed=168 hands=400/400 delta=-10000 bust=1 hero_err=0/63 opp_err=0/2227 p99_ms=1.702 dur=1.7s
[trap-sixmax] C0_BASELINE_RECHECK seed=169 hands=400/400 delta=+6863 bust=0 hero_err=0/485 opp_err=0/1926 p99_ms=2.402 dur=2.01s
[trap-sixmax] C0_BASELINE_RECHECK seed=173 hands=245/400 delta=-10000 bust=1 hero_err=0/99 opp_err=0/1242 p99_ms=4.535 dur=0.83s
[trap-sixmax] C0_BASELINE_RECHECK seed=171 hands=400/400 delta=+17350 bust=0 hero_err=0/470 opp_err=0/1886 p99_ms=3.483 dur=1.91s
[trap-sixmax] C0_BASELINE_RECHECK seed=172 hands=400/400 delta=+13400 bust=0 hero_err=0/475 opp_err=0/1848 p99_ms=3.188 dur=1.92s
[trap-sixmax] C0_BASELINE_RECHECK seed=174 hands=400/400 delta=-10000 bust=1 hero_err=0/57 opp_err=0/1953 p99_ms=3.006 dur=1.55s
[trap-sixmax] C0_BASELINE_RECHECK seed=176 hands=400/400 delta=-10000 bust=1 hero_err=0/43 opp_err=0/1700 p99_ms=2.468 dur=1.15s
[trap-sixmax] C0_BASELINE_RECHECK seed=175 hands=400/400 delta=-10000 bust=1 hero_err=0/7 opp_err=0/2448 p99_ms=0.882 dur=1.81s
[trap-sixmax] C0_BASELINE_RECHECK seed=177 hands=400/400 delta=-10000 bust=1 hero_err=0/56 opp_err=0/1722 p99_ms=9.079 dur=1.36s
[trap-sixmax] C0_BASELINE_RECHECK seed=178 hands=310/400 delta=-10000 bust=1 hero_err=0/57 opp_err=0/1753 p99_ms=1.774 dur=1.36s
[trap-sixmax] C0_BASELINE_RECHECK seed=179 hands=400/400 delta=-10000 bust=1 hero_err=0/134 opp_err=0/2473 p99_ms=0.849 dur=1.77s
[trap-sixmax] C0_BASELINE_RECHECK seed=180 hands=400/400 delta=-10000 bust=1 hero_err=0/122 opp_err=0/2414 p99_ms=5.647 dur=1.75s
[trap-sixmax] C0_BASELINE_RECHECK seed=181 hands=400/400 delta=-10000 bust=1 hero_err=0/165 opp_err=0/2456 p99_ms=1.153 dur=1.7s
[trap-sixmax] C0_BASELINE_RECHECK seed=182 hands=306/400 delta=-10000 bust=1 hero_err=0/155 opp_err=0/1508 p99_ms=1.526 dur=1.32s
[trap-sixmax] C0_BASELINE_RECHECK seed=183 hands=400/400 delta=+19710 bust=0 hero_err=0/470 opp_err=0/1857 p99_ms=2.406 dur=1.63s
[trap-sixmax] C0_BASELINE_RECHECK seed=184 hands=400/400 delta=+850 bust=0 hero_err=0/463 opp_err=0/1821 p99_ms=2.226 dur=1.53s
[trap-sixmax] C0_BASELINE_RECHECK seed=185 hands=400/400 delta=-10000 bust=1 hero_err=0/47 opp_err=0/2407 p99_ms=1.764 dur=1.74s
[trap-sixmax] C0_BASELINE_RECHECK seed=187 hands=400/400 delta=+7100 bust=0 hero_err=0/463 opp_err=0/1848 p99_ms=1.955 dur=1.76s
[trap-sixmax] C0_BASELINE_RECHECK seed=186 hands=400/400 delta=-10000 bust=1 hero_err=0/158 opp_err=0/2575 p99_ms=1.771 dur=1.92s
[trap-sixmax] C0_BASELINE_RECHECK seed=188 hands=400/400 delta=+11792 bust=0 hero_err=0/471 opp_err=0/1911 p99_ms=2.300 dur=1.65s
[trap-sixmax] C0_BASELINE_RECHECK seed=190 hands=400/400 delta=-10000 bust=1 hero_err=0/96 opp_err=0/1619 p99_ms=1.484 dur=1.4s
[trap-sixmax] C0_BASELINE_RECHECK seed=189 hands=400/400 delta=+8400 bust=0 hero_err=0/450 opp_err=0/1816 p99_ms=3.110 dur=1.87s
[trap-sixmax] C0_BASELINE_RECHECK seed=191 hands=400/400 delta=+3236 bust=0 hero_err=0/491 opp_err=0/2035 p99_ms=2.954 dur=1.82s
[trap-sixmax] C0_BASELINE_RECHECK seed=193 hands=311/400 delta=-10000 bust=1 hero_err=0/261 opp_err=0/1553 p99_ms=3.464 dur=1.31s
[trap-sixmax] C0_BASELINE_RECHECK seed=192 hands=400/400 delta=+11980 bust=0 hero_err=0/476 opp_err=0/1908 p99_ms=2.652 dur=1.76s
[trap-sixmax] C0_BASELINE_RECHECK seed=194 hands=273/400 delta=-10000 bust=1 hero_err=0/138 opp_err=0/1370 p99_ms=1.419 dur=1.37s
[trap-sixmax] C0_BASELINE_RECHECK seed=195 hands=400/400 delta=-10000 bust=1 hero_err=0/40 opp_err=0/2023 p99_ms=2.361 dur=1.6s
[trap-sixmax] C0_BASELINE_RECHECK seed=196 hands=400/400 delta=+12550 bust=0 hero_err=0/475 opp_err=0/1884 p99_ms=2.771 dur=1.93s
[trap-sixmax] C0_BASELINE_RECHECK seed=197 hands=400/400 delta=+13534 bust=0 hero_err=0/480 opp_err=0/1924 p99_ms=2.345 dur=1.8s
[trap-sixmax] C0_BASELINE_RECHECK seed=198 hands=376/400 delta=-10000 bust=1 hero_err=0/78 opp_err=0/1812 p99_ms=1.272 dur=1.52s
[trap-sixmax] C0_BASELINE_RECHECK seed=199 hands=400/400 delta=-10000 bust=1 hero_err=0/110 opp_err=0/1682 p99_ms=1.255 dur=1.39s
[trap-sixmax] C0_BASELINE_RECHECK seed=200 hands=400/400 delta=+10084 bust=0 hero_err=0/475 opp_err=0/1874 p99_ms=4.314 dur=1.81s
[trap-sixmax] C0_BASELINE_RECHECK seed=201 hands=400/400 delta=-10000 bust=1 hero_err=0/85 opp_err=0/2468 p99_ms=4.582 dur=1.81s
[trap-sixmax] C0_BASELINE_RECHECK seed=202 hands=400/400 delta=+13750 bust=0 hero_err=0/467 opp_err=0/1886 p99_ms=1.861 dur=1.5s
[trap-sixmax] C0_BASELINE_RECHECK seed=203 hands=400/400 delta=-10000 bust=1 hero_err=0/141 opp_err=0/1722 p99_ms=1.958 dur=1.47s
[trap-sixmax] C0_BASELINE_RECHECK seed=204 hands=400/400 delta=-10000 bust=1 hero_err=0/55 opp_err=0/1559 p99_ms=1.287 dur=1.11s
[trap-sixmax] C0_BASELINE_RECHECK seed=205 hands=337/400 delta=-10000 bust=1 hero_err=0/135 opp_err=0/1995 p99_ms=1.240 dur=1.67s
[trap-sixmax] C0_BASELINE_RECHECK seed=206 hands=243/400 delta=-10000 bust=1 hero_err=0/79 opp_err=0/1426 p99_ms=5.618 dur=1.34s
[trap-sixmax] C0_BASELINE_RECHECK seed=207 hands=282/400 delta=-10000 bust=1 hero_err=0/56 opp_err=0/1549 p99_ms=2.019 dur=1.29s
[trap-sixmax] C0_BASELINE_RECHECK seed=208 hands=400/400 delta=+12283 bust=0 hero_err=0/465 opp_err=0/1859 p99_ms=1.615 dur=1.62s
[trap-sixmax] C0_BASELINE_RECHECK seed=210 hands=280/400 delta=-10000 bust=1 hero_err=0/127 opp_err=0/1477 p99_ms=1.350 dur=1.01s
[trap-sixmax] C0_BASELINE_RECHECK seed=209 hands=400/400 delta=-10000 bust=1 hero_err=0/133 opp_err=0/1978 p99_ms=2.127 dur=1.68s
[trap-sixmax] C0_BASELINE_RECHECK seed=212 hands=355/400 delta=-10000 bust=1 hero_err=0/57 opp_err=0/1453 p99_ms=1.455 dur=1.26s
[trap-sixmax] C0_BASELINE_RECHECK seed=211 hands=400/400 delta=-10000 bust=1 hero_err=0/93 opp_err=0/2167 p99_ms=4.738 dur=1.85s
[trap-sixmax] C0_BASELINE_RECHECK seed=213 hands=400/400 delta=-10000 bust=1 hero_err=0/85 opp_err=0/2457 p99_ms=2.339 dur=1.8s
[trap-sixmax] C0_BASELINE_RECHECK seed=214 hands=400/400 delta=-10000 bust=1 hero_err=0/46 opp_err=0/2480 p99_ms=2.524 dur=1.84s
[trap-sixmax] C0_BASELINE_RECHECK seed=215 hands=400/400 delta=+9550 bust=0 hero_err=0/469 opp_err=0/1857 p99_ms=2.636 dur=1.72s
[trap-sixmax] C0_BASELINE_RECHECK seed=216 hands=400/400 delta=+22660 bust=0 hero_err=0/467 opp_err=0/1877 p99_ms=2.057 dur=1.77s
[trap-sixmax] C0_BASELINE_RECHECK seed=217 hands=400/400 delta=-10000 bust=1 hero_err=0/142 opp_err=0/1568 p99_ms=3.155 dur=1.38s
[trap-sixmax] C0_BASELINE_RECHECK seed=218 hands=304/400 delta=-10000 bust=1 hero_err=0/114 opp_err=0/1532 p99_ms=2.152 dur=1.16s
[trap-sixmax] C0_BASELINE_RECHECK seed=219 hands=315/400 delta=-10000 bust=1 hero_err=0/51 opp_err=0/1376 p99_ms=0.963 dur=1.29s
[trap-sixmax] C0_BASELINE_RECHECK seed=220 hands=400/400 delta=+3250 bust=0 hero_err=0/489 opp_err=0/1965 p99_ms=3.214 dur=1.81s
[trap-sixmax] C0_BASELINE_RECHECK seed=221 hands=400/400 delta=-10000 bust=1 hero_err=0/7 opp_err=0/2435 p99_ms=1.563 dur=1.7s
[trap-sixmax] C0_BASELINE_RECHECK seed=222 hands=400/400 delta=-10000 bust=1 hero_err=0/5 opp_err=0/2406 p99_ms=0.988 dur=1.67s
[trap-sixmax] C0_BASELINE_RECHECK seed=223 hands=282/400 delta=-10000 bust=1 hero_err=0/56 opp_err=0/1435 p99_ms=3.838 dur=1.26s
[trap-sixmax] C0_BASELINE_RECHECK seed=224 hands=400/400 delta=+19600 bust=0 hero_err=0/477 opp_err=0/1860 p99_ms=2.702 dur=1.85s
[trap-sixmax] C0_BASELINE_RECHECK seed=226 hands=400/400 delta=-10000 bust=1 hero_err=0/78 opp_err=0/1718 p99_ms=1.323 dur=1.24s
[trap-sixmax] C0_BASELINE_RECHECK seed=225 hands=400/400 delta=-10000 bust=1 hero_err=0/149 opp_err=0/2523 p99_ms=3.235 dur=2.01s
[trap-sixmax] C0_BASELINE_RECHECK seed=227 hands=400/400 delta=+5267 bust=0 hero_err=0/478 opp_err=0/1936 p99_ms=3.003 dur=1.78s
[trap-sixmax] C0_BASELINE_RECHECK seed=229 hands=316/400 delta=-10000 bust=1 hero_err=0/75 opp_err=0/1817 p99_ms=3.471 dur=1.34s
[trap-sixmax] C0_BASELINE_RECHECK seed=228 hands=400/400 delta=+167 bust=0 hero_err=0/477 opp_err=0/1709 p99_ms=3.405 dur=1.69s
[trap-sixmax] C0_BASELINE_RECHECK seed=230 hands=400/400 delta=+2547 bust=0 hero_err=0/469 opp_err=0/1860 p99_ms=3.280 dur=1.78s
[trap-sixmax] C0_BASELINE_RECHECK seed=232 hands=329/400 delta=-10000 bust=1 hero_err=0/116 opp_err=0/1821 p99_ms=1.375 dur=1.48s
[trap-sixmax] C0_BASELINE_RECHECK seed=231 hands=400/400 delta=+2523 bust=0 hero_err=0/484 opp_err=0/1951 p99_ms=5.679 dur=1.97s
[trap-sixmax] C0_BASELINE_RECHECK seed=234 hands=400/400 delta=-10000 bust=1 hero_err=0/82 opp_err=0/1585 p99_ms=2.233 dur=1.24s
[trap-sixmax] C0_BASELINE_RECHECK seed=233 hands=400/400 delta=-10000 bust=1 hero_err=0/122 opp_err=0/2102 p99_ms=14.541 dur=1.84s
[trap-sixmax] C0_BASELINE_RECHECK seed=235 hands=400/400 delta=-10000 bust=1 hero_err=0/109 opp_err=0/2418 p99_ms=1.473 dur=1.81s
[trap-sixmax] C0_BASELINE_RECHECK seed=237 hands=400/400 delta=-10000 bust=1 hero_err=0/52 opp_err=0/1289 p99_ms=1.890 dur=1.03s
[trap-sixmax] C0_BASELINE_RECHECK seed=236 hands=393/400 delta=-10000 bust=1 hero_err=0/79 opp_err=0/1688 p99_ms=4.559 dur=1.47s
[trap-sixmax] C0_BASELINE_RECHECK seed=238 hands=400/400 delta=-10000 bust=1 hero_err=0/21 opp_err=0/2024 p99_ms=1.760 dur=1.63s
[trap-sixmax] C0_BASELINE_RECHECK seed=240 hands=250/400 delta=-10000 bust=1 hero_err=0/126 opp_err=0/1431 p99_ms=1.418 dur=1.16s
[trap-sixmax] C0_BASELINE_RECHECK seed=239 hands=400/400 delta=-10000 bust=1 hero_err=0/156 opp_err=0/2402 p99_ms=3.133 dur=1.99s
[trap-sixmax] C0_BASELINE_RECHECK seed=241 hands=400/400 delta=-10000 bust=1 hero_err=0/191 opp_err=0/2402 p99_ms=3.935 dur=1.64s
[trap-sixmax] C1_SINGLE_TOBY_WEAK_FIELD seed=143 hands=400/400 delta=+13126 bust=0 hero_err=0/642 opp_err=0/2184 p99_ms=1.291 dur=3.03s
[trap-sixmax] C1_SINGLE_TOBY_WEAK_FIELD seed=144 hands=400/400 delta=-1771 bust=0 hero_err=0/667 opp_err=0/1812 p99_ms=2.622 dur=2.83s
[trap-sixmax] C1_SINGLE_TOBY_WEAK_FIELD seed=142 hands=400/400 delta=-10000 bust=1 hero_err=0/117 opp_err=0/3961 p99_ms=1.801 dur=5.02s
[trap-sixmax] C1_SINGLE_TOBY_WEAK_FIELD seed=145 hands=400/400 delta=+17132 bust=0 hero_err=0/569 opp_err=0/2319 p99_ms=1.392 dur=3.28s
[trap-sixmax] C1_SINGLE_TOBY_WEAK_FIELD seed=147 hands=377/400 delta=+50000 bust=0 hero_err=0/526 opp_err=0/2286 p99_ms=1.152 dur=2.81s
[trap-sixmax] C1_SINGLE_TOBY_WEAK_FIELD seed=146 hands=400/400 delta=+2562 bust=0 hero_err=0/774 opp_err=0/2178 p99_ms=1.521 dur=3.57s
[trap-sixmax] C1_SINGLE_TOBY_WEAK_FIELD seed=150 hands=400/400 delta=+14243 bust=0 hero_err=0/472 opp_err=0/2060 p99_ms=0.838 dur=1.51s
[trap-sixmax] C1_SINGLE_TOBY_WEAK_FIELD seed=148 hands=400/400 delta=-10000 bust=1 hero_err=0/357 opp_err=0/2195 p99_ms=1.566 dur=2.97s
[trap-sixmax] C1_SINGLE_TOBY_WEAK_FIELD seed=149 hands=400/400 delta=-10000 bust=1 hero_err=0/21 opp_err=0/3576 p99_ms=3.592 dur=4.33s
[trap-sixmax] C1_SINGLE_TOBY_WEAK_FIELD seed=151 hands=400/400 delta=-10000 bust=1 hero_err=0/131 opp_err=0/3389 p99_ms=1.679 dur=3.91s
[trap-sixmax] C1_SINGLE_TOBY_WEAK_FIELD seed=152 hands=400/400 delta=-10000 bust=1 hero_err=0/246 opp_err=0/3296 p99_ms=1.368 dur=4.21s
[trap-sixmax] C1_SINGLE_TOBY_WEAK_FIELD seed=154 hands=400/400 delta=-131 bust=0 hero_err=0/525 opp_err=0/2008 p99_ms=1.385 dur=2.57s
[trap-sixmax] C1_SINGLE_TOBY_WEAK_FIELD seed=153 hands=400/400 delta=-10000 bust=1 hero_err=0/99 opp_err=0/3654 p99_ms=3.578 dur=3.99s
[trap-sixmax] C1_SINGLE_TOBY_WEAK_FIELD seed=155 hands=400/400 delta=-10000 bust=1 hero_err=0/139 opp_err=0/3427 p99_ms=1.924 dur=3.76s
[trap-sixmax] C1_SINGLE_TOBY_WEAK_FIELD seed=157 hands=400/400 delta=-10000 bust=1 hero_err=0/67 opp_err=0/3541 p99_ms=0.842 dur=3.63s
[trap-sixmax] C1_SINGLE_TOBY_WEAK_FIELD seed=156 hands=400/400 delta=-10000 bust=1 hero_err=0/50 opp_err=0/3912 p99_ms=12.147 dur=4.55s
[trap-sixmax] C1_SINGLE_TOBY_WEAK_FIELD seed=158 hands=400/400 delta=-10000 bust=1 hero_err=0/3 opp_err=0/3293 p99_ms=1.276 dur=4.15s
[trap-sixmax] C1_SINGLE_TOBY_WEAK_FIELD seed=159 hands=400/400 delta=+20473 bust=0 hero_err=0/512 opp_err=0/2233 p99_ms=1.513 dur=2.59s
[trap-sixmax] C1_SINGLE_TOBY_WEAK_FIELD seed=160 hands=400/400 delta=+11651 bust=0 hero_err=0/551 opp_err=0/2250 p99_ms=1.902 dur=2.78s
[trap-sixmax] C1_SINGLE_TOBY_WEAK_FIELD seed=162 hands=400/400 delta=+44683 bust=0 hero_err=0/576 opp_err=0/2577 p99_ms=1.314 dur=3.07s
[trap-sixmax] C1_SINGLE_TOBY_WEAK_FIELD seed=163 hands=400/400 delta=+801 bust=0 hero_err=0/510 opp_err=0/2783 p99_ms=1.283 dur=2.98s
[trap-sixmax] C1_SINGLE_TOBY_WEAK_FIELD seed=161 hands=400/400 delta=-10000 bust=1 hero_err=0/88 opp_err=0/3714 p99_ms=1.803 dur=4.59s
[trap-sixmax] C1_SINGLE_TOBY_WEAK_FIELD seed=164 hands=400/400 delta=+34339 bust=0 hero_err=0/556 opp_err=0/2498 p99_ms=1.816 dur=3.11s
[trap-sixmax] C1_SINGLE_TOBY_WEAK_FIELD seed=166 hands=400/400 delta=+5536 bust=0 hero_err=0/531 opp_err=0/2152 p99_ms=1.395 dur=2.59s
[trap-sixmax] C1_SINGLE_TOBY_WEAK_FIELD seed=165 hands=400/400 delta=-10000 bust=1 hero_err=0/35 opp_err=0/3663 p99_ms=3.860 dur=4.4s
[trap-sixmax] C1_SINGLE_TOBY_WEAK_FIELD seed=167 hands=400/400 delta=+11890 bust=0 hero_err=0/521 opp_err=0/2523 p99_ms=2.125 dur=2.89s
[trap-sixmax] C1_SINGLE_TOBY_WEAK_FIELD seed=168 hands=400/400 delta=+27372 bust=0 hero_err=0/532 opp_err=0/2426 p99_ms=3.308 dur=2.85s
[trap-sixmax] C1_SINGLE_TOBY_WEAK_FIELD seed=171 hands=400/400 delta=+29182 bust=0 hero_err=0/475 opp_err=0/1659 p99_ms=0.928 dur=1.17s
[trap-sixmax] C1_SINGLE_TOBY_WEAK_FIELD seed=170 hands=400/400 delta=+26022 bust=0 hero_err=0/418 opp_err=0/1942 p99_ms=4.028 dur=1.83s
[trap-sixmax] C1_SINGLE_TOBY_WEAK_FIELD seed=169 hands=400/400 delta=-10000 bust=1 hero_err=0/291 opp_err=0/3364 p99_ms=3.324 dur=4.02s
[trap-sixmax] C1_SINGLE_TOBY_WEAK_FIELD seed=173 hands=400/400 delta=+9788 bust=0 hero_err=0/586 opp_err=0/2241 p99_ms=1.256 dur=2.71s
[trap-sixmax] C1_SINGLE_TOBY_WEAK_FIELD seed=174 hands=400/400 delta=+25100 bust=0 hero_err=0/526 opp_err=0/2206 p99_ms=1.362 dur=2.44s
[trap-sixmax] C1_SINGLE_TOBY_WEAK_FIELD seed=172 hands=400/400 delta=-10000 bust=1 hero_err=0/79 opp_err=0/3454 p99_ms=0.988 dur=4.1s
[trap-sixmax] C1_SINGLE_TOBY_WEAK_FIELD seed=175 hands=400/400 delta=-10000 bust=1 hero_err=0/133 opp_err=0/2675 p99_ms=1.064 dur=3.44s
[trap-sixmax] C1_SINGLE_TOBY_WEAK_FIELD seed=177 hands=358/400 delta=-10000 bust=1 hero_err=0/456 opp_err=0/2169 p99_ms=1.954 dur=2.56s
[trap-sixmax] C1_SINGLE_TOBY_WEAK_FIELD seed=176 hands=400/400 delta=-1794 bust=0 hero_err=0/721 opp_err=0/2115 p99_ms=2.744 dur=3.52s
[trap-sixmax] C1_SINGLE_TOBY_WEAK_FIELD seed=178 hands=400/400 delta=+24517 bust=0 hero_err=0/478 opp_err=0/2235 p99_ms=1.601 dur=2.12s
[trap-sixmax] C1_SINGLE_TOBY_WEAK_FIELD seed=180 hands=400/400 delta=+7755 bust=0 hero_err=0/481 opp_err=0/1939 p99_ms=1.426 dur=1.52s
[trap-sixmax] C1_SINGLE_TOBY_WEAK_FIELD seed=179 hands=400/400 delta=-10000 bust=1 hero_err=0/506 opp_err=0/2994 p99_ms=1.687 dur=3.54s
[trap-sixmax] C1_SINGLE_TOBY_WEAK_FIELD seed=182 hands=368/400 delta=-10000 bust=1 hero_err=0/277 opp_err=0/2085 p99_ms=2.094 dur=2.43s
[trap-sixmax] C1_SINGLE_TOBY_WEAK_FIELD seed=181 hands=400/400 delta=-10000 bust=1 hero_err=0/10 opp_err=0/3135 p99_ms=1.407 dur=4.28s
[trap-sixmax] C1_SINGLE_TOBY_WEAK_FIELD seed=184 hands=400/400 delta=-533 bust=0 hero_err=0/463 opp_err=0/1927 p99_ms=0.883 dur=1.26s
[trap-sixmax] C1_SINGLE_TOBY_WEAK_FIELD seed=183 hands=366/400 delta=-10000 bust=1 hero_err=0/49 opp_err=0/2515 p99_ms=1.239 dur=2.98s
[trap-sixmax] C1_SINGLE_TOBY_WEAK_FIELD seed=185 hands=400/400 delta=+28177 bust=0 hero_err=0/422 opp_err=0/1891 p99_ms=1.712 dur=1.59s
[trap-sixmax] C1_SINGLE_TOBY_WEAK_FIELD seed=187 hands=400/400 delta=+13537 bust=0 hero_err=0/474 opp_err=0/2072 p99_ms=2.328 dur=1.71s
[trap-sixmax] C1_SINGLE_TOBY_WEAK_FIELD seed=186 hands=389/400 delta=-10000 bust=1 hero_err=0/630 opp_err=0/2170 p99_ms=2.677 dur=3.36s
[trap-sixmax] C1_SINGLE_TOBY_WEAK_FIELD seed=190 hands=400/400 delta=+964 bust=0 hero_err=0/468 opp_err=0/1977 p99_ms=0.920 dur=1.26s
[trap-sixmax] C1_SINGLE_TOBY_WEAK_FIELD seed=188 hands=400/400 delta=+18247 bust=0 hero_err=0/535 opp_err=0/2496 p99_ms=1.738 dur=3.39s
[trap-sixmax] C1_SINGLE_TOBY_WEAK_FIELD seed=189 hands=400/400 delta=-10000 bust=1 hero_err=0/119 opp_err=0/3078 p99_ms=1.350 dur=4.0s
[trap-sixmax] C1_SINGLE_TOBY_WEAK_FIELD seed=191 hands=400/400 delta=+33923 bust=0 hero_err=0/529 opp_err=0/2451 p99_ms=4.171 dur=2.77s
[trap-sixmax] C1_SINGLE_TOBY_WEAK_FIELD seed=194 hands=400/400 delta=+6363 bust=0 hero_err=0/451 opp_err=0/1182 p99_ms=0.989 dur=0.89s
[trap-sixmax] C1_SINGLE_TOBY_WEAK_FIELD seed=192 hands=400/400 delta=-10000 bust=1 hero_err=0/178 opp_err=0/3329 p99_ms=0.873 dur=4.01s
[trap-sixmax] C1_SINGLE_TOBY_WEAK_FIELD seed=195 hands=400/400 delta=+13057 bust=0 hero_err=0/477 opp_err=0/2034 p99_ms=1.578 dur=1.62s
[trap-sixmax] C1_SINGLE_TOBY_WEAK_FIELD seed=193 hands=400/400 delta=-10000 bust=1 hero_err=0/284 opp_err=0/3119 p99_ms=1.900 dur=4.09s
[trap-sixmax] C1_SINGLE_TOBY_WEAK_FIELD seed=197 hands=230/400 delta=+50000 bust=0 hero_err=0/223 opp_err=0/933 p99_ms=1.642 dur=1.29s
[trap-sixmax] C1_SINGLE_TOBY_WEAK_FIELD seed=198 hands=400/400 delta=+44379 bust=0 hero_err=0/509 opp_err=0/2060 p99_ms=1.483 dur=2.09s
[trap-sixmax] C1_SINGLE_TOBY_WEAK_FIELD seed=196 hands=400/400 delta=-10000 bust=1 hero_err=0/111 opp_err=0/3870 p99_ms=1.437 dur=4.74s
[trap-sixmax] C1_SINGLE_TOBY_WEAK_FIELD seed=199 hands=400/400 delta=-2808 bust=0 hero_err=0/544 opp_err=0/2394 p99_ms=1.727 dur=3.15s
[trap-sixmax] C1_SINGLE_TOBY_WEAK_FIELD seed=202 hands=400/400 delta=+35687 bust=0 hero_err=0/474 opp_err=0/1780 p99_ms=0.882 dur=1.29s
[trap-sixmax] C1_SINGLE_TOBY_WEAK_FIELD seed=201 hands=400/400 delta=-10000 bust=1 hero_err=0/334 opp_err=0/2292 p99_ms=3.953 dur=2.84s
[trap-sixmax] C1_SINGLE_TOBY_WEAK_FIELD seed=200 hands=400/400 delta=-10000 bust=1 hero_err=0/79 opp_err=0/3812 p99_ms=1.052 dur=4.58s
[trap-sixmax] C1_SINGLE_TOBY_WEAK_FIELD seed=203 hands=400/400 delta=+30040 bust=0 hero_err=0/467 opp_err=0/1543 p99_ms=1.944 dur=1.64s
[trap-sixmax] C1_SINGLE_TOBY_WEAK_FIELD seed=204 hands=400/400 delta=+12807 bust=0 hero_err=0/465 opp_err=0/1897 p99_ms=3.113 dur=1.67s
[trap-sixmax] C1_SINGLE_TOBY_WEAK_FIELD seed=205 hands=400/400 delta=+2712 bust=0 hero_err=0/489 opp_err=0/1944 p99_ms=2.125 dur=1.89s
[trap-sixmax] C1_SINGLE_TOBY_WEAK_FIELD seed=208 hands=400/400 delta=+13182 bust=0 hero_err=0/475 opp_err=0/1975 p99_ms=1.010 dur=1.31s
[trap-sixmax] C1_SINGLE_TOBY_WEAK_FIELD seed=206 hands=400/400 delta=+11504 bust=0 hero_err=0/564 opp_err=0/2377 p99_ms=3.458 dur=3.28s
[trap-sixmax] C1_SINGLE_TOBY_WEAK_FIELD seed=209 hands=400/400 delta=+50000 bust=0 hero_err=0/396 opp_err=0/1406 p99_ms=1.681 dur=1.72s
[trap-sixmax] C1_SINGLE_TOBY_WEAK_FIELD seed=207 hands=400/400 delta=-10000 bust=1 hero_err=0/129 opp_err=0/3842 p99_ms=7.092 dur=4.74s
[trap-sixmax] C1_SINGLE_TOBY_WEAK_FIELD seed=212 hands=322/400 delta=+50000 bust=0 hero_err=0/206 opp_err=0/510 p99_ms=0.978 dur=0.62s
[trap-sixmax] C1_SINGLE_TOBY_WEAK_FIELD seed=210 hands=400/400 delta=+8265 bust=0 hero_err=0/623 opp_err=0/2334 p99_ms=2.561 dur=3.35s
[trap-sixmax] C1_SINGLE_TOBY_WEAK_FIELD seed=214 hands=400/400 delta=+9222 bust=0 hero_err=0/556 opp_err=0/2362 p99_ms=0.877 dur=2.55s
[trap-sixmax] C1_SINGLE_TOBY_WEAK_FIELD seed=213 hands=400/400 delta=+23692 bust=0 hero_err=0/558 opp_err=0/2420 p99_ms=1.114 dur=2.94s
[trap-sixmax] C1_SINGLE_TOBY_WEAK_FIELD seed=211 hands=400/400 delta=-10000 bust=1 hero_err=0/98 opp_err=0/4177 p99_ms=1.259 dur=4.88s
[trap-sixmax] C1_SINGLE_TOBY_WEAK_FIELD seed=216 hands=400/400 delta=+27707 bust=0 hero_err=0/474 opp_err=0/1891 p99_ms=1.019 dur=1.55s
[trap-sixmax] C1_SINGLE_TOBY_WEAK_FIELD seed=217 hands=400/400 delta=+30712 bust=0 hero_err=0/374 opp_err=0/1725 p99_ms=2.593 dur=1.49s
[trap-sixmax] C1_SINGLE_TOBY_WEAK_FIELD seed=219 hands=400/400 delta=+23734 bust=0 hero_err=0/464 opp_err=0/1725 p99_ms=0.906 dur=1.25s
[trap-sixmax] C1_SINGLE_TOBY_WEAK_FIELD seed=215 hands=400/400 delta=+3249 bust=0 hero_err=0/536 opp_err=0/2577 p99_ms=2.057 dur=3.53s
[trap-sixmax] C1_SINGLE_TOBY_WEAK_FIELD seed=220 hands=400/400 delta=+21339 bust=0 hero_err=0/493 opp_err=0/2060 p99_ms=1.163 dur=1.56s
[trap-sixmax] C1_SINGLE_TOBY_WEAK_FIELD seed=218 hands=391/400 delta=-10000 bust=1 hero_err=0/703 opp_err=0/2309 p99_ms=1.654 dur=3.99s
[trap-sixmax] C1_SINGLE_TOBY_WEAK_FIELD seed=222 hands=400/400 delta=+23354 bust=0 hero_err=0/468 opp_err=0/1969 p99_ms=1.822 dur=1.53s
[trap-sixmax] C1_SINGLE_TOBY_WEAK_FIELD seed=221 hands=400/400 delta=+20619 bust=0 hero_err=0/506 opp_err=0/2932 p99_ms=1.553 dur=3.34s
[trap-sixmax] C1_SINGLE_TOBY_WEAK_FIELD seed=223 hands=400/400 delta=+35300 bust=0 hero_err=0/345 opp_err=0/1557 p99_ms=5.750 dur=1.5s
[trap-sixmax] C1_SINGLE_TOBY_WEAK_FIELD seed=225 hands=400/400 delta=+16005 bust=0 hero_err=0/469 opp_err=0/1932 p99_ms=2.000 dur=1.85s
[trap-sixmax] C1_SINGLE_TOBY_WEAK_FIELD seed=227 hands=400/400 delta=+30894 bust=0 hero_err=0/405 opp_err=0/1917 p99_ms=0.786 dur=1.54s
[trap-sixmax] C1_SINGLE_TOBY_WEAK_FIELD seed=226 hands=400/400 delta=-10000 bust=1 hero_err=0/176 opp_err=0/2837 p99_ms=0.580 dur=3.43s
[trap-sixmax] C1_SINGLE_TOBY_WEAK_FIELD seed=224 hands=400/400 delta=-10000 bust=1 hero_err=0/52 opp_err=0/4066 p99_ms=2.198 dur=5.11s
[trap-sixmax] C1_SINGLE_TOBY_WEAK_FIELD seed=229 hands=311/400 delta=+50000 bust=0 hero_err=0/417 opp_err=0/1913 p99_ms=1.314 dur=2.2s
[trap-sixmax] C1_SINGLE_TOBY_WEAK_FIELD seed=228 hands=400/400 delta=-10000 bust=1 hero_err=0/432 opp_err=0/2595 p99_ms=1.819 dur=3.16s
[trap-sixmax] C1_SINGLE_TOBY_WEAK_FIELD seed=231 hands=400/400 delta=+15770 bust=0 hero_err=0/533 opp_err=0/2474 p99_ms=1.142 dur=2.78s
[trap-sixmax] C1_SINGLE_TOBY_WEAK_FIELD seed=230 hands=400/400 delta=-10000 bust=1 hero_err=0/79 opp_err=0/3870 p99_ms=1.104 dur=4.57s
[trap-sixmax] C1_SINGLE_TOBY_WEAK_FIELD seed=232 hands=400/400 delta=+20541 bust=0 hero_err=0/537 opp_err=0/2753 p99_ms=2.464 dur=3.16s
[trap-sixmax] C1_SINGLE_TOBY_WEAK_FIELD seed=234 hands=400/400 delta=+10550 bust=0 hero_err=0/467 opp_err=0/1904 p99_ms=1.319 dur=1.47s
[trap-sixmax] C1_SINGLE_TOBY_WEAK_FIELD seed=233 hands=400/400 delta=-10000 bust=1 hero_err=0/25 opp_err=0/3209 p99_ms=3.666 dur=4.03s
[trap-sixmax] C1_SINGLE_TOBY_WEAK_FIELD seed=235 hands=400/400 delta=+14387 bust=0 hero_err=0/629 opp_err=0/2006 p99_ms=1.543 dur=3.07s
[trap-sixmax] C1_SINGLE_TOBY_WEAK_FIELD seed=236 hands=371/400 delta=-10000 bust=1 hero_err=0/173 opp_err=0/2280 p99_ms=0.840 dur=2.57s
[trap-sixmax] C1_SINGLE_TOBY_WEAK_FIELD seed=239 hands=400/400 delta=+4123 bust=0 hero_err=0/405 opp_err=0/1675 p99_ms=0.727 dur=1.73s
[trap-sixmax] C1_SINGLE_TOBY_WEAK_FIELD seed=238 hands=400/400 delta=-10000 bust=1 hero_err=0/416 opp_err=0/2785 p99_ms=1.781 dur=3.49s
[trap-sixmax] C1_SINGLE_TOBY_WEAK_FIELD seed=237 hands=400/400 delta=-10000 bust=1 hero_err=0/70 opp_err=0/3931 p99_ms=12.197 dur=4.54s
[trap-sixmax] C1_SINGLE_TOBY_WEAK_FIELD seed=240 hands=400/400 delta=-10000 bust=1 hero_err=0/243 opp_err=0/2573 p99_ms=0.976 dur=3.13s
[trap-sixmax] C1_SINGLE_TOBY_WEAK_FIELD seed=241 hands=367/400 delta=-10000 bust=1 hero_err=0/140 opp_err=0/2737 p99_ms=2.066 dur=3.09s
[trap-sixmax] C3_TOBY_MEHEDI_WEAK_FIELD seed=143 hands=400/400 delta=+1716 bust=0 hero_err=0/468 opp_err=0/1609 p99_ms=0.521 dur=10.87s
[trap-sixmax] C3_TOBY_MEHEDI_WEAK_FIELD seed=144 hands=388/400 delta=-10000 bust=1 hero_err=0/108 opp_err=0/2358 p99_ms=0.593 dur=13.77s
[trap-sixmax] C3_TOBY_MEHEDI_WEAK_FIELD seed=145 hands=400/400 delta=-10000 bust=1 hero_err=0/10 opp_err=0/3667 p99_ms=0.441 dur=5.14s
[trap-sixmax] C3_TOBY_MEHEDI_WEAK_FIELD seed=147 hands=400/400 delta=+13157 bust=0 hero_err=0/472 opp_err=0/1462 p99_ms=0.554 dur=25.35s
[trap-sixmax] C3_TOBY_MEHEDI_WEAK_FIELD seed=142 hands=400/400 delta=-10000 bust=1 hero_err=0/257 opp_err=0/1830 p99_ms=0.721 dur=49.44s
[trap-sixmax] C3_TOBY_MEHEDI_WEAK_FIELD seed=146 hands=400/400 delta=+14786 bust=0 hero_err=0/470 opp_err=0/1710 p99_ms=0.536 dur=40.74s
[trap-sixmax] C3_TOBY_MEHEDI_WEAK_FIELD seed=150 hands=400/400 delta=+26923 bust=0 hero_err=0/471 opp_err=0/1789 p99_ms=0.516 dur=16.31s
[trap-sixmax] C3_TOBY_MEHEDI_WEAK_FIELD seed=151 hands=400/400 delta=+10312 bust=0 hero_err=0/555 opp_err=0/2505 p99_ms=0.499 dur=7.13s
[trap-sixmax] C3_TOBY_MEHEDI_WEAK_FIELD seed=152 hands=400/400 delta=+16432 bust=0 hero_err=0/579 opp_err=0/2027 p99_ms=0.508 dur=14.22s
[trap-sixmax] C3_TOBY_MEHEDI_WEAK_FIELD seed=149 hands=400/400 delta=-10000 bust=1 hero_err=0/40 opp_err=0/2448 p99_ms=2.011 dur=73.53s
[trap-sixmax] C3_TOBY_MEHEDI_WEAK_FIELD seed=148 hands=400/400 delta=-10000 bust=1 hero_err=0/321 opp_err=0/2425 p99_ms=1.219 dur=85.71s
[trap-sixmax] C3_TOBY_MEHEDI_WEAK_FIELD seed=154 hands=400/400 delta=+524 bust=0 hero_err=0/445 opp_err=0/1770 p99_ms=0.791 dur=32.8s
[trap-sixmax] C3_TOBY_MEHEDI_WEAK_FIELD seed=153 hands=400/400 delta=-10000 bust=1 hero_err=0/80 opp_err=0/2647 p99_ms=0.521 dur=81.52s
[trap-sixmax] C3_TOBY_MEHEDI_WEAK_FIELD seed=157 hands=400/400 delta=+4839 bust=0 hero_err=0/439 opp_err=0/1357 p99_ms=0.684 dur=16.6s
[trap-sixmax] C3_TOBY_MEHEDI_WEAK_FIELD seed=158 hands=378/400 delta=-10000 bust=1 hero_err=0/618 opp_err=0/2184 p99_ms=0.488 dur=3.76s
[trap-sixmax] C3_TOBY_MEHEDI_WEAK_FIELD seed=159 hands=400/400 delta=+44790 bust=0 hero_err=0/355 opp_err=0/1076 p99_ms=0.499 dur=1.82s
[trap-sixmax] C3_TOBY_MEHEDI_WEAK_FIELD seed=160 hands=398/400 delta=-10000 bust=1 hero_err=0/291 opp_err=0/2215 p99_ms=0.509 dur=6.95s
[trap-sixmax] C3_TOBY_MEHEDI_WEAK_FIELD seed=155 hands=400/400 delta=-10000 bust=1 hero_err=0/95 opp_err=0/3159 p99_ms=0.654 dur=78.37s
[trap-sixmax] C3_TOBY_MEHEDI_WEAK_FIELD seed=162 hands=400/400 delta=+7936 bust=0 hero_err=0/461 opp_err=0/1599 p99_ms=0.958 dur=7.77s
[trap-sixmax] C3_TOBY_MEHEDI_WEAK_FIELD seed=156 hands=400/400 delta=-10000 bust=1 hero_err=0/230 opp_err=0/1969 p99_ms=0.579 dur=66.5s
[trap-sixmax] C3_TOBY_MEHEDI_WEAK_FIELD seed=163 hands=400/400 delta=+1553 bust=0 hero_err=0/460 opp_err=0/1633 p99_ms=1.072 dur=9.79s
[trap-sixmax] C3_TOBY_MEHEDI_WEAK_FIELD seed=165 hands=400/400 delta=+7067 bust=0 hero_err=0/476 opp_err=0/1208 p99_ms=0.474 dur=2.41s
[trap-sixmax] C3_TOBY_MEHEDI_WEAK_FIELD seed=166 hands=397/400 delta=-10000 bust=1 hero_err=0/209 opp_err=0/2825 p99_ms=0.512 dur=7.93s
[trap-sixmax] C3_TOBY_MEHEDI_WEAK_FIELD seed=161 hands=400/400 delta=-10000 bust=1 hero_err=0/115 opp_err=0/3184 p99_ms=0.989 dur=38.9s
[trap-sixmax] C3_TOBY_MEHEDI_WEAK_FIELD seed=168 hands=400/400 delta=+6674 bust=0 hero_err=0/475 opp_err=0/1566 p99_ms=0.988 dur=8.57s
[trap-sixmax] C3_TOBY_MEHEDI_WEAK_FIELD seed=167 hands=400/400 delta=-10000 bust=1 hero_err=0/101 opp_err=0/3412 p99_ms=0.574 dur=19.99s
[trap-sixmax] C3_TOBY_MEHEDI_WEAK_FIELD seed=169 hands=400/400 delta=-10000 bust=1 hero_err=0/221 opp_err=0/1286 p99_ms=0.634 dur=10.81s
[trap-sixmax] C3_TOBY_MEHEDI_WEAK_FIELD seed=171 hands=226/400 delta=-10000 bust=1 hero_err=0/468 opp_err=0/1157 p99_ms=0.510 dur=14.88s
[trap-sixmax] C3_TOBY_MEHEDI_WEAK_FIELD seed=172 hands=400/400 delta=-2070 bust=0 hero_err=0/694 opp_err=0/1998 p99_ms=0.511 dur=3.58s
[trap-sixmax] C3_TOBY_MEHEDI_WEAK_FIELD seed=164 hands=400/400 delta=-10000 bust=1 hero_err=0/49 opp_err=0/1976 p99_ms=0.764 dur=67.31s
[trap-sixmax] C3_TOBY_MEHEDI_WEAK_FIELD seed=173 hands=400/400 delta=+20638 bust=0 hero_err=0/400 opp_err=0/1492 p99_ms=0.506 dur=16.16s
[trap-sixmax] C3_TOBY_MEHEDI_WEAK_FIELD seed=175 hands=400/400 delta=-10000 bust=1 hero_err=0/162 opp_err=0/1516 p99_ms=1.609 dur=2.47s
[trap-sixmax] C3_TOBY_MEHEDI_WEAK_FIELD seed=170 hands=400/400 delta=+13670 bust=0 hero_err=0/523 opp_err=0/2220 p99_ms=0.737 dur=47.67s
[trap-sixmax] C3_TOBY_MEHEDI_WEAK_FIELD seed=177 hands=400/400 delta=-10000 bust=1 hero_err=0/333 opp_err=0/1047 p99_ms=1.039 dur=28.44s
[trap-sixmax] C3_TOBY_MEHEDI_WEAK_FIELD seed=174 hands=400/400 delta=-10000 bust=1 hero_err=0/205 opp_err=0/3282 p99_ms=0.570 dur=56.46s
[trap-sixmax] C3_TOBY_MEHEDI_WEAK_FIELD seed=178 hands=400/400 delta=-10000 bust=1 hero_err=0/350 opp_err=0/1426 p99_ms=0.941 dur=22.57s
[trap-sixmax] C3_TOBY_MEHEDI_WEAK_FIELD seed=180 hands=400/400 delta=-2692 bust=0 hero_err=0/469 opp_err=0/1324 p99_ms=0.480 dur=2.53s
[trap-sixmax] C3_TOBY_MEHEDI_WEAK_FIELD seed=181 hands=400/400 delta=-6899 bust=0 hero_err=0/471 opp_err=0/1721 p99_ms=0.515 dur=17.4s
[trap-sixmax] C3_TOBY_MEHEDI_WEAK_FIELD seed=176 hands=331/400 delta=-10000 bust=1 hero_err=0/19 opp_err=0/2130 p99_ms=0.512 dur=99.6s
[trap-sixmax] C3_TOBY_MEHEDI_WEAK_FIELD seed=183 hands=400/400 delta=+14426 bust=0 hero_err=0/463 opp_err=0/1795 p99_ms=0.528 dur=14.35s
[trap-sixmax] C3_TOBY_MEHEDI_WEAK_FIELD seed=179 hands=400/400 delta=-10000 bust=1 hero_err=0/48 opp_err=0/1952 p99_ms=0.806 dur=69.43s
[trap-sixmax] C3_TOBY_MEHEDI_WEAK_FIELD seed=184 hands=400/400 delta=+10014 bust=0 hero_err=0/480 opp_err=0/1814 p99_ms=0.815 dur=35.14s
[trap-sixmax] C3_TOBY_MEHEDI_WEAK_FIELD seed=182 hands=400/400 delta=-10000 bust=1 hero_err=0/158 opp_err=0/2436 p99_ms=0.534 dur=1012.97s
[trap-sixmax] C3_TOBY_MEHEDI_WEAK_FIELD seed=187 hands=400/400 delta=+11537 bust=0 hero_err=0/513 opp_err=0/2616 p99_ms=0.567 dur=6.41s
[trap-sixmax] C3_TOBY_MEHEDI_WEAK_FIELD seed=185 hands=400/400 delta=-10000 bust=1 hero_err=0/16 opp_err=0/1843 p99_ms=0.334 dur=993.02s
[trap-sixmax] C3_TOBY_MEHEDI_WEAK_FIELD seed=188 hands=400/400 delta=-4966 bust=0 hero_err=0/444 opp_err=0/1169 p99_ms=0.493 dur=22.42s
[trap-sixmax] C3_TOBY_MEHEDI_WEAK_FIELD seed=189 hands=400/400 delta=-10000 bust=1 hero_err=0/133 opp_err=0/2980 p99_ms=0.538 dur=14.62s
[trap-sixmax] C3_TOBY_MEHEDI_WEAK_FIELD seed=186 hands=400/400 delta=-10000 bust=1 hero_err=0/60 opp_err=0/2031 p99_ms=0.552 dur=973.58s
[trap-sixmax] C3_TOBY_MEHEDI_WEAK_FIELD seed=192 hands=400/400 delta=-10000 bust=1 hero_err=0/94 opp_err=0/3379 p99_ms=0.706 dur=276.33s
[trap-sixmax] C3_TOBY_MEHEDI_WEAK_FIELD seed=193 hands=400/400 delta=-10000 bust=1 hero_err=0/79 opp_err=0/3329 p99_ms=0.507 dur=14.94s
[trap-sixmax] C3_TOBY_MEHEDI_WEAK_FIELD seed=191 hands=365/400 delta=-10000 bust=1 hero_err=0/648 opp_err=0/2053 p99_ms=0.546 dur=295.62s
[trap-sixmax] C3_TOBY_MEHEDI_WEAK_FIELD seed=190 hands=400/400 delta=-10000 bust=1 hero_err=0/217 opp_err=0/1741 p99_ms=0.598 dur=307.35s
[trap-sixmax] C3_TOBY_MEHEDI_WEAK_FIELD seed=195 hands=400/400 delta=-10000 bust=1 hero_err=0/211 opp_err=0/2505 p99_ms=0.423 dur=3.88s
[trap-sixmax] C3_TOBY_MEHEDI_WEAK_FIELD seed=194 hands=400/400 delta=+33598 bust=0 hero_err=0/508 opp_err=0/2111 p99_ms=2.896 dur=8.82s
[trap-sixmax] C3_TOBY_MEHEDI_WEAK_FIELD seed=196 hands=400/400 delta=-10000 bust=1 hero_err=0/107 opp_err=0/3447 p99_ms=3.634 dur=19.72s
[trap-sixmax] C3_TOBY_MEHEDI_WEAK_FIELD seed=199 hands=400/400 delta=+26025 bust=0 hero_err=0/446 opp_err=0/1219 p99_ms=0.440 dur=558.61s
[trap-sixmax] C3_TOBY_MEHEDI_WEAK_FIELD seed=197 hands=400/400 delta=-3490 bust=0 hero_err=0/495 opp_err=0/1979 p99_ms=0.488 dur=590.06s
[trap-sixmax] C3_TOBY_MEHEDI_WEAK_FIELD seed=200 hands=400/400 delta=-10000 bust=1 hero_err=0/434 opp_err=0/1825 p99_ms=0.875 dur=20.33s
[trap-sixmax] C3_TOBY_MEHEDI_WEAK_FIELD seed=198 hands=337/400 delta=-10000 bust=1 hero_err=0/57 opp_err=0/2261 p99_ms=0.418 dur=614.82s
[trap-sixmax] C3_TOBY_MEHEDI_WEAK_FIELD seed=202 hands=400/400 delta=+9258 bust=0 hero_err=0/482 opp_err=0/1696 p99_ms=0.616 dur=23.72s
[trap-sixmax] C3_TOBY_MEHEDI_WEAK_FIELD seed=203 hands=348/400 delta=-10000 bust=1 hero_err=0/614 opp_err=0/1760 p99_ms=0.494 dur=911.58s
[trap-sixmax] C3_TOBY_MEHEDI_WEAK_FIELD seed=204 hands=400/400 delta=+991 bust=0 hero_err=0/460 opp_err=0/1552 p99_ms=0.934 dur=905.74s
[trap-sixmax] C3_TOBY_MEHEDI_WEAK_FIELD seed=201 hands=400/400 delta=-10000 bust=1 hero_err=0/45 opp_err=0/1882 p99_ms=0.529 dur=950.16s
[trap-sixmax] C3_TOBY_MEHEDI_WEAK_FIELD seed=206 hands=400/400 delta=+13566 bust=0 hero_err=0/485 opp_err=0/1611 p99_ms=0.465 dur=17.27s
[trap-sixmax] C3_TOBY_MEHEDI_WEAK_FIELD seed=208 hands=400/400 delta=-5169 bust=0 hero_err=0/481 opp_err=0/1630 p99_ms=0.474 dur=10.93s
[trap-sixmax] C3_TOBY_MEHEDI_WEAK_FIELD seed=209 hands=400/400 delta=-10000 bust=1 hero_err=0/288 opp_err=0/1415 p99_ms=0.494 dur=287.91s
[trap-sixmax] C3_TOBY_MEHEDI_WEAK_FIELD seed=207 hands=400/400 delta=-10000 bust=1 hero_err=0/42 opp_err=0/2440 p99_ms=8.239 dur=328.7s
[trap-sixmax] C3_TOBY_MEHEDI_WEAK_FIELD seed=205 hands=400/400 delta=-10000 bust=1 hero_err=0/295 opp_err=0/2903 p99_ms=0.929 dur=352.88s
[trap-sixmax] C3_TOBY_MEHEDI_WEAK_FIELD seed=211 hands=257/400 delta=+50000 bust=0 hero_err=0/418 opp_err=0/1409 p99_ms=0.462 dur=270.75s
[trap-sixmax] C3_TOBY_MEHEDI_WEAK_FIELD seed=212 hands=400/400 delta=+20545 bust=0 hero_err=0/494 opp_err=0/1171 p99_ms=0.973 dur=262.66s
[trap-sixmax] C3_TOBY_MEHEDI_WEAK_FIELD seed=210 hands=400/400 delta=-10000 bust=1 hero_err=0/123 opp_err=0/1835 p99_ms=0.467 dur=306.32s
[trap-sixmax] C3_TOBY_MEHEDI_WEAK_FIELD seed=214 hands=400/400 delta=+32969 bust=0 hero_err=0/448 opp_err=0/1727 p99_ms=0.461 dur=22.58s
[trap-sixmax] C3_TOBY_MEHEDI_WEAK_FIELD seed=213 hands=400/400 delta=+16700 bust=0 hero_err=0/402 opp_err=0/1447 p99_ms=0.578 dur=26.15s
[trap-sixmax] C3_TOBY_MEHEDI_WEAK_FIELD seed=216 hands=400/400 delta=-3892 bust=0 hero_err=0/471 opp_err=0/1671 p99_ms=0.434 dur=13.29s
[trap-sixmax] C3_TOBY_MEHEDI_WEAK_FIELD seed=217 hands=400/400 delta=+5252 bust=0 hero_err=0/451 opp_err=0/1352 p99_ms=0.654 dur=1762.67s
[trap-sixmax] C3_TOBY_MEHEDI_WEAK_FIELD seed=218 hands=400/400 delta=+8089 bust=0 hero_err=0/492 opp_err=0/1616 p99_ms=0.612 dur=1755.22s
[trap-sixmax] C3_TOBY_MEHEDI_WEAK_FIELD seed=220 hands=400/400 delta=+5191 bust=0 hero_err=0/454 opp_err=0/1555 p99_ms=0.452 dur=20.88s
[trap-sixmax] C3_TOBY_MEHEDI_WEAK_FIELD seed=219 hands=400/400 delta=-10000 bust=1 hero_err=0/326 opp_err=0/1770 p99_ms=0.454 dur=32.55s
[trap-sixmax] C3_TOBY_MEHEDI_WEAK_FIELD seed=215 hands=400/400 delta=-10000 bust=1 hero_err=0/50 opp_err=0/3028 p99_ms=0.413 dur=1815.88s
[trap-sixmax] C3_TOBY_MEHEDI_WEAK_FIELD seed=223 hands=400/400 delta=+16120 bust=0 hero_err=0/503 opp_err=0/1954 p99_ms=0.456 dur=612.4s
