# label=smoke_timed
# cwd=/Users/farhad/Code/PokerBot-gauntlet
# started_utc=2026-05-28T02:28:46Z
# command=/Users/farhad/Code/PokerBot-gauntlet/.venv/bin/python /Users/farhad/Code/PokerBot/consult/artifacts/2026-05-28-gauntlet-variance/timed_smoke.py --repo /Users/farhad/Code/PokerBot-gauntlet --zip submissions/v_final.zip --hands 200 --seed 42

{
  "chip_delta": {
    "template": -10000,
    "v_final": 10000
  },
  "duration_s": 2.65,
  "errors": {},
  "expected_hands": 200,
  "measurement_only": true,
  "n_hands": 136,
  "passed": true,
  "sandbox_image": "fullhouse-sandbox:latest",
  "seed": 42,
  "short_hands": true,
  "timings_ms": {
    "template": {
      "count": 135,
      "max_ms": 24.095666827633977,
      "mean_ms": 8.75848888385075,
      "p50_ms": 9.956417139619589,
      "p95_ms": 17.578749917447567,
      "p99_ms": 22.564540849998593
    },
    "v_final": {
      "count": 71,
      "max_ms": 20.12066706083715,
      "mean_ms": 8.479493079890668,
      "p50_ms": 4.096959019079804,
      "p95_ms": 17.538208048790693,
      "p99_ms": 17.878792015835643
    }
  },
  "use_docker": true
}
timed_smoke PASS

# finished_utc=2026-05-28T02:28:49Z
# returncode=0
# duration_s=3.012
