===== CANDIDATE A-3bet =====
[A-3bet] failure_tester...
[A-3bet] failure_tester PASS. gauntlet (alone)...
[A-3bet] paired analysis...
[A-3bet] margin -2.537 CI [-6.226, 0.585] worst -162.162 errs 0 PROMOTE False
===== CANDIDATE B-cbet =====
[B-cbet] failure_tester...
[B-cbet] failure_tester PASS. gauntlet (alone)...
[B-cbet] paired analysis...
[B-cbet] margin -5.107 CI [-9.623, -0.945] worst -120.968 errs 0 PROMOTE False
===== CANDIDATE C-overlay =====
[C-overlay] failure_tester...
[C-overlay] failure_tester PASS. gauntlet (alone)...
[C-overlay] paired analysis...
[C-overlay] margin -0.606 CI [-1.938, 0.0] worst -45.045 errs 0 PROMOTE False
===== CANDIDATE D-river =====
[D-river] failure_tester...
[D-river] failure_tester PASS. gauntlet (alone)...
[D-river] paired analysis...
[D-river] margin 1.208 CI [-1.928, 4.713] worst 0.0 errs 0 PROMOTE False
===== ALL DONE =====
