H2H escalate_b242 2026-05-29T15:56:45Z
repo=Pav1602/fullhouse-engine branch=main bot=bots/skantbot7.5/bot.py
hero=/Users/farhad/Code/PokerBot/submissions/v_final.zip sha256=e4b4a8f11f801ecef2eca53629241e83cc9bace8ec74004f19368375f22d9598
opponent_zip=/Users/farhad/Code/PokerBot/consult/artifacts/2026-05-29-away/public-drift-completeness/opponent_zips/Pav1602__fullhouse_engine__main__skantbot7_5.zip sha256=33c7fe042db40269189eebd349d4abcfc91d804dd2ca174b9719cf11a07f186d
target_scheduled_hands=80000 base=242 match_len=500 seed_stride=1000
seed=242 o=0 hands= 121/500 hero_chip=  +10000 sched_bb100=  +20.00 actual_bb100=82.64462809917356 hero_err=0 opp_err=0 dur=0.52s
seed=242 o=1 hands= 428/500 hero_chip=  +10000 sched_bb100=  +20.00 actual_bb100=23.36448598130841 hero_err=0 opp_err=0 dur=0.95s
seed=1242 o=0 hands= 500/500 hero_chip=   -1150 sched_bb100=   -2.30 actual_bb100=-2.3 hero_err=0 opp_err=0 dur=1.30s
seed=1242 o=1 hands= 124/500 hero_chip=  +10000 sched_bb100=  +20.00 actual_bb100=80.64516129032258 hero_err=0 opp_err=0 dur=0.48s
seed=2242 o=0 hands= 193/500 hero_chip=  +10000 sched_bb100=  +20.00 actual_bb100=51.81347150259067 hero_err=0 opp_err=0 dur=0.66s
seed=2242 o=1 hands=  11/500 hero_chip=  -10000 sched_bb100=  -20.00 actual_bb100=-909.0909090909091 hero_err=0 opp_err=0 dur=0.13s
seed=3242 o=0 hands= 151/500 hero_chip=  +10000 sched_bb100=  +20.00 actual_bb100=66.2251655629139 hero_err=0 opp_err=0 dur=0.58s
seed=3242 o=1 hands= 214/500 hero_chip=  +10000 sched_bb100=  +20.00 actual_bb100=46.72897196261682 hero_err=0 opp_err=0 dur=0.69s
seed=4242 o=0 hands= 218/500 hero_chip=  +10000 sched_bb100=  +20.00 actual_bb100=45.871559633027516 hero_err=0 opp_err=0 dur=0.71s
seed=4242 o=1 hands= 500/500 hero_chip=   +1234 sched_bb100=   +2.47 actual_bb100=2.468 hero_err=0 opp_err=0 dur=1.37s
seed=5242 o=0 hands= 500/500 hero_chip=   +5317 sched_bb100=  +10.63 actual_bb100=10.634 hero_err=0 opp_err=0 dur=1.30s
seed=5242 o=1 hands= 487/500 hero_chip=  +10000 sched_bb100=  +20.00 actual_bb100=20.533880903490758 hero_err=0 opp_err=0 dur=1.43s
seed=6242 o=0 hands= 174/500 hero_chip=  +10000 sched_bb100=  +20.00 actual_bb100=57.47126436781609 hero_err=0 opp_err=0 dur=0.67s
seed=6242 o=1 hands= 332/500 hero_chip=  -10000 sched_bb100=  -20.00 actual_bb100=-30.120481927710845 hero_err=0 opp_err=0 dur=1.03s
seed=7242 o=0 hands= 500/500 hero_chip=   +8430 sched_bb100=  +16.86 actual_bb100=16.86 hero_err=0 opp_err=0 dur=1.45s
seed=7242 o=1 hands= 455/500 hero_chip=  +10000 sched_bb100=  +20.00 actual_bb100=21.978021978021978 hero_err=0 opp_err=0 dur=1.29s
seed=8242 o=0 hands= 495/500 hero_chip=  +10000 sched_bb100=  +20.00 actual_bb100=20.2020202020202 hero_err=0 opp_err=0 dur=1.42s
seed=8242 o=1 hands= 500/500 hero_chip=   +7467 sched_bb100=  +14.93 actual_bb100=14.934000000000001 hero_err=0 opp_err=0 dur=1.38s
seed=9242 o=0 hands= 248/500 hero_chip=  +10000 sched_bb100=  +20.00 actual_bb100=40.32258064516129 hero_err=0 opp_err=0 dur=0.78s
seed=9242 o=1 hands= 499/500 hero_chip=  -10000 sched_bb100=  -20.00 actual_bb100=-20.04008016032064 hero_err=0 opp_err=0 dur=1.34s
seed=10242 o=0 hands= 500/500 hero_chip=    -191 sched_bb100=   -0.38 actual_bb100=-0.382 hero_err=0 opp_err=0 dur=1.43s
seed=10242 o=1 hands= 500/500 hero_chip=   +2255 sched_bb100=   +4.51 actual_bb100=4.51 hero_err=0 opp_err=0 dur=1.34s
seed=11242 o=0 hands= 500/500 hero_chip=   +4099 sched_bb100=   +8.20 actual_bb100=8.198 hero_err=0 opp_err=0 dur=1.39s
seed=11242 o=1 hands= 206/500 hero_chip=  +10000 sched_bb100=  +20.00 actual_bb100=48.543689320388346 hero_err=0 opp_err=0 dur=0.71s
seed=12242 o=0 hands= 180/500 hero_chip=  +10000 sched_bb100=  +20.00 actual_bb100=55.55555555555556 hero_err=0 opp_err=0 dur=0.46s
seed=12242 o=1 hands=  27/500 hero_chip=  -10000 sched_bb100=  -20.00 actual_bb100=-370.3703703703703 hero_err=0 opp_err=0 dur=0.16s
seed=13242 o=0 hands= 258/500 hero_chip=  +10000 sched_bb100=  +20.00 actual_bb100=38.75968992248062 hero_err=0 opp_err=0 dur=0.83s
seed=13242 o=1 hands= 500/500 hero_chip=   -3932 sched_bb100=   -7.86 actual_bb100=-7.864 hero_err=0 opp_err=0 dur=1.30s
seed=14242 o=0 hands= 500/500 hero_chip=   +9456 sched_bb100=  +18.91 actual_bb100=18.912 hero_err=0 opp_err=0 dur=1.33s
seed=14242 o=1 hands= 500/500 hero_chip=   +4899 sched_bb100=   +9.80 actual_bb100=9.798 hero_err=0 opp_err=0 dur=1.30s
seed=15242 o=0 hands= 349/500 hero_chip=  +10000 sched_bb100=  +20.00 actual_bb100=28.653295128939828 hero_err=0 opp_err=0 dur=1.05s
seed=15242 o=1 hands=  73/500 hero_chip=  -10000 sched_bb100=  -20.00 actual_bb100=-136.986301369863 hero_err=0 opp_err=0 dur=0.21s
seed=16242 o=0 hands= 190/500 hero_chip=  +10000 sched_bb100=  +20.00 actual_bb100=52.631578947368425 hero_err=0 opp_err=0 dur=0.68s
seed=16242 o=1 hands= 500/500 hero_chip=   +6825 sched_bb100=  +13.65 actual_bb100=13.65 hero_err=0 opp_err=0 dur=1.42s
seed=17242 o=0 hands= 223/500 hero_chip=  +10000 sched_bb100=  +20.00 actual_bb100=44.84304932735426 hero_err=0 opp_err=0 dur=0.74s
seed=17242 o=1 hands=  13/500 hero_chip=  -10000 sched_bb100=  -20.00 actual_bb100=-769.2307692307692 hero_err=0 opp_err=0 dur=0.14s
seed=18242 o=0 hands= 128/500 hero_chip=  +10000 sched_bb100=  +20.00 actual_bb100=78.125 hero_err=0 opp_err=0 dur=0.52s
seed=18242 o=1 hands= 490/500 hero_chip=  +10000 sched_bb100=  +20.00 actual_bb100=20.408163265306122 hero_err=0 opp_err=0 dur=1.24s
seed=19242 o=0 hands= 411/500 hero_chip=  +10000 sched_bb100=  +20.00 actual_bb100=24.330900243309 hero_err=0 opp_err=0 dur=1.23s
seed=19242 o=1 hands= 500/500 hero_chip=   +3788 sched_bb100=   +7.58 actual_bb100=7.5760000000000005 hero_err=0 opp_err=0 dur=1.42s
seed=20242 o=0 hands= 349/500 hero_chip=  +10000 sched_bb100=  +20.00 actual_bb100=28.653295128939828 hero_err=0 opp_err=0 dur=1.06s
seed=20242 o=1 hands= 189/500 hero_chip=  +10000 sched_bb100=  +20.00 actual_bb100=52.91005291005291 hero_err=0 opp_err=0 dur=0.59s
seed=21242 o=0 hands= 187/500 hero_chip=  +10000 sched_bb100=  +20.00 actual_bb100=53.475935828877 hero_err=0 opp_err=0 dur=0.65s
seed=21242 o=1 hands= 500/500 hero_chip=   +1806 sched_bb100=   +3.61 actual_bb100=3.6119999999999997 hero_err=0 opp_err=0 dur=1.37s
seed=22242 o=0 hands= 141/500 hero_chip=  +10000 sched_bb100=  +20.00 actual_bb100=70.92198581560284 hero_err=0 opp_err=0 dur=0.59s
seed=22242 o=1 hands= 158/500 hero_chip=  +10000 sched_bb100=  +20.00 actual_bb100=63.291139240506325 hero_err=0 opp_err=0 dur=0.60s
seed=23242 o=0 hands= 439/500 hero_chip=  +10000 sched_bb100=  +20.00 actual_bb100=22.779043280182233 hero_err=0 opp_err=0 dur=1.26s
seed=23242 o=1 hands= 500/500 hero_chip=   +2281 sched_bb100=   +4.56 actual_bb100=4.561999999999999 hero_err=0 opp_err=0 dur=1.38s
seed=24242 o=0 hands= 325/500 hero_chip=  +10000 sched_bb100=  +20.00 actual_bb100=30.76923076923077 hero_err=0 opp_err=0 dur=0.93s
seed=24242 o=1 hands= 299/500 hero_chip=  +10000 sched_bb100=  +20.00 actual_bb100=33.4448160535117 hero_err=0 opp_err=0 dur=0.98s
seed=25242 o=0 hands= 182/500 hero_chip=  +10000 sched_bb100=  +20.00 actual_bb100=54.94505494505494 hero_err=0 opp_err=0 dur=0.65s
seed=25242 o=1 hands= 351/500 hero_chip=  +10000 sched_bb100=  +20.00 actual_bb100=28.490028490028493 hero_err=0 opp_err=0 dur=0.99s
seed=26242 o=0 hands= 175/500 hero_chip=  +10000 sched_bb100=  +20.00 actual_bb100=57.142857142857146 hero_err=0 opp_err=0 dur=0.64s
seed=26242 o=1 hands= 229/500 hero_chip=  +10000 sched_bb100=  +20.00 actual_bb100=43.66812227074236 hero_err=0 opp_err=0 dur=0.80s
seed=27242 o=0 hands= 221/500 hero_chip=  +10000 sched_bb100=  +20.00 actual_bb100=45.248868778280546 hero_err=0 opp_err=0 dur=0.78s
seed=27242 o=1 hands= 255/500 hero_chip=  +10000 sched_bb100=  +20.00 actual_bb100=39.21568627450981 hero_err=0 opp_err=0 dur=0.78s
seed=28242 o=0 hands= 176/500 hero_chip=  +10000 sched_bb100=  +20.00 actual_bb100=56.81818181818182 hero_err=0 opp_err=0 dur=0.64s
seed=28242 o=1 hands= 206/500 hero_chip=  +10000 sched_bb100=  +20.00 actual_bb100=48.543689320388346 hero_err=0 opp_err=0 dur=0.76s
seed=29242 o=0 hands= 500/500 hero_chip=     +34 sched_bb100=   +0.07 actual_bb100=0.068 hero_err=0 opp_err=0 dur=1.47s
seed=29242 o=1 hands= 429/500 hero_chip=  +10000 sched_bb100=  +20.00 actual_bb100=23.31002331002331 hero_err=0 opp_err=0 dur=1.13s
seed=30242 o=0 hands= 287/500 hero_chip=  +10000 sched_bb100=  +20.00 actual_bb100=34.84320557491289 hero_err=0 opp_err=0 dur=0.90s
seed=30242 o=1 hands= 177/500 hero_chip=  +10000 sched_bb100=  +20.00 actual_bb100=56.497175141242934 hero_err=0 opp_err=0 dur=0.64s
seed=31242 o=0 hands= 147/500 hero_chip=  +10000 sched_bb100=  +20.00 actual_bb100=68.02721088435375 hero_err=0 opp_err=0 dur=0.57s
seed=31242 o=1 hands= 396/500 hero_chip=  +10000 sched_bb100=  +20.00 actual_bb100=25.252525252525253 hero_err=0 opp_err=0 dur=0.94s
seed=32242 o=0 hands= 431/500 hero_chip=  +10000 sched_bb100=  +20.00 actual_bb100=23.20185614849188 hero_err=0 opp_err=0 dur=1.02s
seed=32242 o=1 hands= 500/500 hero_chip=   +1208 sched_bb100=   +2.42 actual_bb100=2.416 hero_err=0 opp_err=0 dur=1.38s
seed=33242 o=0 hands= 500/500 hero_chip=     +90 sched_bb100=   +0.18 actual_bb100=0.18 hero_err=0 opp_err=0 dur=1.30s
seed=33242 o=1 hands= 140/500 hero_chip=  -10000 sched_bb100=  -20.00 actual_bb100=-71.42857142857143 hero_err=0 opp_err=0 dur=0.57s
seed=34242 o=0 hands= 250/500 hero_chip=  +10000 sched_bb100=  +20.00 actual_bb100=40.0 hero_err=0 opp_err=0 dur=0.76s
seed=34242 o=1 hands= 500/500 hero_chip=   +2815 sched_bb100=   +5.63 actual_bb100=5.63 hero_err=0 opp_err=0 dur=1.32s
seed=35242 o=0 hands= 227/500 hero_chip=  +10000 sched_bb100=  +20.00 actual_bb100=44.052863436123346 hero_err=0 opp_err=0 dur=0.73s
seed=35242 o=1 hands= 187/500 hero_chip=  +10000 sched_bb100=  +20.00 actual_bb100=53.475935828877 hero_err=0 opp_err=0 dur=0.67s
seed=36242 o=0 hands= 180/500 hero_chip=  +10000 sched_bb100=  +20.00 actual_bb100=55.55555555555556 hero_err=0 opp_err=0 dur=0.64s
seed=36242 o=1 hands= 500/500 hero_chip=   +5805 sched_bb100=  +11.61 actual_bb100=11.61 hero_err=0 opp_err=0 dur=1.30s
seed=37242 o=0 hands= 365/500 hero_chip=  +10000 sched_bb100=  +20.00 actual_bb100=27.397260273972602 hero_err=0 opp_err=0 dur=1.04s
seed=37242 o=1 hands= 155/500 hero_chip=  +10000 sched_bb100=  +20.00 actual_bb100=64.51612903225806 hero_err=0 opp_err=0 dur=0.62s
seed=38242 o=0 hands= 500/500 hero_chip=   -1227 sched_bb100=   -2.45 actual_bb100=-2.4539999999999997 hero_err=0 opp_err=0 dur=1.38s
seed=38242 o=1 hands= 500/500 hero_chip=    -288 sched_bb100=   -0.58 actual_bb100=-0.576 hero_err=0 opp_err=0 dur=1.34s
seed=39242 o=0 hands= 500/500 hero_chip=   +3518 sched_bb100=   +7.04 actual_bb100=7.036 hero_err=0 opp_err=0 dur=1.36s
seed=39242 o=1 hands= 500/500 hero_chip=   +7682 sched_bb100=  +15.36 actual_bb100=15.363999999999999 hero_err=0 opp_err=0 dur=1.50s
seed=40242 o=0 hands= 500/500 hero_chip=   +5961 sched_bb100=  +11.92 actual_bb100=11.922 hero_err=0 opp_err=0 dur=1.42s
seed=40242 o=1 hands= 214/500 hero_chip=  +10000 sched_bb100=  +20.00 actual_bb100=46.72897196261682 hero_err=0 opp_err=0 dur=0.73s
seed=41242 o=0 hands= 235/500 hero_chip=  +10000 sched_bb100=  +20.00 actual_bb100=42.5531914893617 hero_err=0 opp_err=0 dur=0.74s
seed=41242 o=1 hands= 127/500 hero_chip=  +10000 sched_bb100=  +20.00 actual_bb100=78.74015748031496 hero_err=0 opp_err=0 dur=0.59s
seed=42242 o=0 hands= 444/500 hero_chip=  +10000 sched_bb100=  +20.00 actual_bb100=22.52252252252252 hero_err=0 opp_err=0 dur=1.32s
seed=42242 o=1 hands= 500/500 hero_chip=   +5660 sched_bb100=  +11.32 actual_bb100=11.32 hero_err=0 opp_err=0 dur=1.37s
seed=43242 o=0 hands= 145/500 hero_chip=  +10000 sched_bb100=  +20.00 actual_bb100=68.96551724137932 hero_err=0 opp_err=0 dur=0.58s
seed=43242 o=1 hands= 388/500 hero_chip=  -10000 sched_bb100=  -20.00 actual_bb100=-25.77319587628866 hero_err=0 opp_err=0 dur=1.15s
seed=44242 o=0 hands= 500/500 hero_chip=   +6039 sched_bb100=  +12.08 actual_bb100=12.078 hero_err=0 opp_err=0 dur=1.32s
seed=44242 o=1 hands= 448/500 hero_chip=  +10000 sched_bb100=  +20.00 actual_bb100=22.32142857142857 hero_err=0 opp_err=0 dur=1.35s
seed=45242 o=0 hands= 500/500 hero_chip=   -1766 sched_bb100=   -3.53 actual_bb100=-3.532 hero_err=0 opp_err=0 dur=1.33s
seed=45242 o=1 hands= 372/500 hero_chip=  +10000 sched_bb100=  +20.00 actual_bb100=26.881720430107524 hero_err=0 opp_err=0 dur=1.07s
seed=46242 o=0 hands= 370/500 hero_chip=  +10000 sched_bb100=  +20.00 actual_bb100=27.027027027027025 hero_err=0 opp_err=0 dur=1.06s
seed=46242 o=1 hands= 174/500 hero_chip=  +10000 sched_bb100=  +20.00 actual_bb100=57.47126436781609 hero_err=0 opp_err=0 dur=0.61s
seed=47242 o=0 hands= 160/500 hero_chip=  +10000 sched_bb100=  +20.00 actual_bb100=62.5 hero_err=0 opp_err=0 dur=0.44s
seed=47242 o=1 hands= 232/500 hero_chip=  +10000 sched_bb100=  +20.00 actual_bb100=43.10344827586207 hero_err=0 opp_err=0 dur=0.83s
seed=48242 o=0 hands= 452/500 hero_chip=  +10000 sched_bb100=  +20.00 actual_bb100=22.123893805309738 hero_err=0 opp_err=0 dur=1.29s
seed=48242 o=1 hands= 211/500 hero_chip=  +10000 sched_bb100=  +20.00 actual_bb100=47.39336492890995 hero_err=0 opp_err=0 dur=0.75s
seed=49242 o=0 hands= 500/500 hero_chip=   +8650 sched_bb100=  +17.30 actual_bb100=17.3 hero_err=0 opp_err=0 dur=1.39s
seed=49242 o=1 hands= 318/500 hero_chip=  +10000 sched_bb100=  +20.00 actual_bb100=31.446540880503143 hero_err=0 opp_err=0 dur=0.96s
seed=50242 o=0 hands= 500/500 hero_chip=   +9163 sched_bb100=  +18.33 actual_bb100=18.326 hero_err=0 opp_err=0 dur=1.29s
seed=50242 o=1 hands= 389/500 hero_chip=  +10000 sched_bb100=  +20.00 actual_bb100=25.70694087403599 hero_err=0 opp_err=0 dur=1.06s
seed=51242 o=0 hands= 500/500 hero_chip=   -4824 sched_bb100=   -9.65 actual_bb100=-9.648 hero_err=0 opp_err=0 dur=1.41s
seed=51242 o=1 hands= 500/500 hero_chip=   +5120 sched_bb100=  +10.24 actual_bb100=10.24 hero_err=0 opp_err=0 dur=1.44s
seed=52242 o=0 hands= 246/500 hero_chip=  +10000 sched_bb100=  +20.00 actual_bb100=40.65040650406504 hero_err=0 opp_err=0 dur=0.75s
seed=52242 o=1 hands= 500/500 hero_chip=   +3099 sched_bb100=   +6.20 actual_bb100=6.1979999999999995 hero_err=0 opp_err=0 dur=1.28s
seed=53242 o=0 hands= 439/500 hero_chip=  +10000 sched_bb100=  +20.00 actual_bb100=22.779043280182233 hero_err=0 opp_err=0 dur=1.23s
seed=53242 o=1 hands= 417/500 hero_chip=  +10000 sched_bb100=  +20.00 actual_bb100=23.980815347721823 hero_err=0 opp_err=0 dur=1.20s
seed=54242 o=0 hands= 353/500 hero_chip=  +10000 sched_bb100=  +20.00 actual_bb100=28.328611898016998 hero_err=0 opp_err=0 dur=1.01s
seed=54242 o=1 hands= 411/500 hero_chip=  +10000 sched_bb100=  +20.00 actual_bb100=24.330900243309 hero_err=0 opp_err=0 dur=1.16s
seed=55242 o=0 hands= 311/500 hero_chip=  +10000 sched_bb100=  +20.00 actual_bb100=32.154340836012864 hero_err=0 opp_err=0 dur=0.94s
seed=55242 o=1 hands= 500/500 hero_chip=   +3315 sched_bb100=   +6.63 actual_bb100=6.63 hero_err=0 opp_err=0 dur=1.39s
seed=56242 o=0 hands= 458/500 hero_chip=  +10000 sched_bb100=  +20.00 actual_bb100=21.83406113537118 hero_err=0 opp_err=0 dur=1.25s
seed=56242 o=1 hands=  24/500 hero_chip=  -10000 sched_bb100=  -20.00 actual_bb100=-416.6666666666667 hero_err=0 opp_err=0 dur=0.17s
seed=57242 o=0 hands= 427/500 hero_chip=  +10000 sched_bb100=  +20.00 actual_bb100=23.4192037470726 hero_err=0 opp_err=0 dur=1.16s
seed=57242 o=1 hands= 500/500 hero_chip=   -3338 sched_bb100=   -6.68 actual_bb100=-6.676 hero_err=0 opp_err=0 dur=1.37s
seed=58242 o=0 hands= 265/500 hero_chip=  +10000 sched_bb100=  +20.00 actual_bb100=37.735849056603776 hero_err=0 opp_err=0 dur=0.83s
seed=58242 o=1 hands= 366/500 hero_chip=  +10000 sched_bb100=  +20.00 actual_bb100=27.3224043715847 hero_err=0 opp_err=0 dur=1.09s
seed=59242 o=0 hands= 488/500 hero_chip=  +10000 sched_bb100=  +20.00 actual_bb100=20.491803278688526 hero_err=0 opp_err=0 dur=1.32s
seed=59242 o=1 hands= 291/500 hero_chip=  +10000 sched_bb100=  +20.00 actual_bb100=34.36426116838488 hero_err=0 opp_err=0 dur=0.88s
seed=60242 o=0 hands= 489/500 hero_chip=  -10000 sched_bb100=  -20.00 actual_bb100=-20.449897750511248 hero_err=0 opp_err=0 dur=1.33s
seed=60242 o=1 hands= 171/500 hero_chip=  +10000 sched_bb100=  +20.00 actual_bb100=58.47953216374269 hero_err=0 opp_err=0 dur=0.63s
seed=61242 o=0 hands= 123/500 hero_chip=  +10000 sched_bb100=  +20.00 actual_bb100=81.30081300813008 hero_err=0 opp_err=0 dur=0.50s
seed=61242 o=1 hands= 500/500 hero_chip=   +3650 sched_bb100=   +7.30 actual_bb100=7.3 hero_err=0 opp_err=0 dur=1.45s
seed=62242 o=0 hands= 223/500 hero_chip=  +10000 sched_bb100=  +20.00 actual_bb100=44.84304932735426 hero_err=0 opp_err=0 dur=0.72s
seed=62242 o=1 hands= 500/500 hero_chip=   -1059 sched_bb100=   -2.12 actual_bb100=-2.118 hero_err=0 opp_err=0 dur=1.36s
seed=63242 o=0 hands=  37/500 hero_chip=  -10000 sched_bb100=  -20.00 actual_bb100=-270.27027027027026 hero_err=0 opp_err=0 dur=0.14s
seed=63242 o=1 hands= 184/500 hero_chip=  +10000 sched_bb100=  +20.00 actual_bb100=54.347826086956516 hero_err=0 opp_err=0 dur=0.67s
seed=64242 o=0 hands= 500/500 hero_chip=   +5043 sched_bb100=  +10.09 actual_bb100=10.086 hero_err=0 opp_err=0 dur=1.43s
seed=64242 o=1 hands= 288/500 hero_chip=  +10000 sched_bb100=  +20.00 actual_bb100=34.72222222222222 hero_err=0 opp_err=0 dur=0.93s
seed=65242 o=0 hands= 381/500 hero_chip=  +10000 sched_bb100=  +20.00 actual_bb100=26.246719160104988 hero_err=0 opp_err=0 dur=1.12s
seed=65242 o=1 hands= 387/500 hero_chip=  +10000 sched_bb100=  +20.00 actual_bb100=25.839793281653748 hero_err=0 opp_err=0 dur=1.07s
seed=66242 o=0 hands= 235/500 hero_chip=  +10000 sched_bb100=  +20.00 actual_bb100=42.5531914893617 hero_err=0 opp_err=0 dur=0.64s
seed=66242 o=1 hands= 380/500 hero_chip=  +10000 sched_bb100=  +20.00 actual_bb100=26.315789473684212 hero_err=0 opp_err=0 dur=1.17s
seed=67242 o=0 hands= 303/500 hero_chip=  +10000 sched_bb100=  +20.00 actual_bb100=33.00330033003301 hero_err=0 opp_err=0 dur=0.92s
seed=67242 o=1 hands= 500/500 hero_chip=   -3297 sched_bb100=   -6.59 actual_bb100=-6.593999999999999 hero_err=0 opp_err=0 dur=1.30s
seed=68242 o=0 hands= 500/500 hero_chip=   +9848 sched_bb100=  +19.70 actual_bb100=19.696 hero_err=0 opp_err=0 dur=1.39s
seed=68242 o=1 hands= 193/500 hero_chip=  +10000 sched_bb100=  +20.00 actual_bb100=51.81347150259067 hero_err=0 opp_err=0 dur=0.62s
seed=69242 o=0 hands= 480/500 hero_chip=  +10000 sched_bb100=  +20.00 actual_bb100=20.833333333333336 hero_err=0 opp_err=0 dur=1.27s
seed=69242 o=1 hands= 381/500 hero_chip=  +10000 sched_bb100=  +20.00 actual_bb100=26.246719160104988 hero_err=0 opp_err=0 dur=1.18s
seed=70242 o=0 hands= 154/500 hero_chip=  +10000 sched_bb100=  +20.00 actual_bb100=64.93506493506493 hero_err=0 opp_err=0 dur=0.55s
seed=70242 o=1 hands= 285/500 hero_chip=  +10000 sched_bb100=  +20.00 actual_bb100=35.08771929824561 hero_err=0 opp_err=0 dur=0.93s
seed=71242 o=0 hands= 434/500 hero_chip=  +10000 sched_bb100=  +20.00 actual_bb100=23.041474654377883 hero_err=0 opp_err=0 dur=1.31s
seed=71242 o=1 hands= 500/500 hero_chip=    -810 sched_bb100=   -1.62 actual_bb100=-1.6199999999999999 hero_err=0 opp_err=0 dur=1.35s
seed=72242 o=0 hands= 370/500 hero_chip=  +10000 sched_bb100=  +20.00 actual_bb100=27.027027027027025 hero_err=0 opp_err=0 dur=1.18s
seed=72242 o=1 hands=   5/500 hero_chip=  +10000 sched_bb100=  +20.00 actual_bb100=2000.0 hero_err=0 opp_err=0 dur=0.13s
seed=73242 o=0 hands= 437/500 hero_chip=  +10000 sched_bb100=  +20.00 actual_bb100=22.88329519450801 hero_err=0 opp_err=0 dur=1.26s
seed=73242 o=1 hands= 238/500 hero_chip=  +10000 sched_bb100=  +20.00 actual_bb100=42.016806722689076 hero_err=0 opp_err=0 dur=0.76s
seed=74242 o=0 hands= 206/500 hero_chip=  +10000 sched_bb100=  +20.00 actual_bb100=48.543689320388346 hero_err=0 opp_err=0 dur=0.68s
seed=74242 o=1 hands= 136/500 hero_chip=  -10000 sched_bb100=  -20.00 actual_bb100=-73.52941176470588 hero_err=0 opp_err=0 dur=0.59s
seed=75242 o=0 hands= 183/500 hero_chip=  +10000 sched_bb100=  +20.00 actual_bb100=54.6448087431694 hero_err=0 opp_err=0 dur=0.72s
seed=75242 o=1 hands=  49/500 hero_chip=  +10000 sched_bb100=  +20.00 actual_bb100=204.08163265306123 hero_err=0 opp_err=0 dur=0.23s
seed=76242 o=0 hands= 280/500 hero_chip=  +10000 sched_bb100=  +20.00 actual_bb100=35.714285714285715 hero_err=0 opp_err=0 dur=0.86s
seed=76242 o=1 hands= 438/500 hero_chip=  +10000 sched_bb100=  +20.00 actual_bb100=22.831050228310502 hero_err=0 opp_err=0 dur=1.36s
seed=77242 o=0 hands= 303/500 hero_chip=  +10000 sched_bb100=  +20.00 actual_bb100=33.00330033003301 hero_err=0 opp_err=0 dur=0.97s
seed=77242 o=1 hands= 241/500 hero_chip=  +10000 sched_bb100=  +20.00 actual_bb100=41.49377593360995 hero_err=0 opp_err=0 dur=0.80s
seed=78242 o=0 hands= 208/500 hero_chip=  +10000 sched_bb100=  +20.00 actual_bb100=48.07692307692307 hero_err=0 opp_err=0 dur=0.72s
seed=78242 o=1 hands= 344/500 hero_chip=  +10000 sched_bb100=  +20.00 actual_bb100=29.069767441860467 hero_err=0 opp_err=0 dur=1.02s
seed=79242 o=0 hands= 122/500 hero_chip=  +10000 sched_bb100=  +20.00 actual_bb100=81.9672131147541 hero_err=0 opp_err=0 dur=0.53s
seed=79242 o=1 hands= 246/500 hero_chip=  +10000 sched_bb100=  +20.00 actual_bb100=40.65040650406504 hero_err=0 opp_err=0 dur=0.79s

SUMMARY {"actual_to_scheduled_ratio": 0.657, "attempted_hands": 80000, "base": 242, "ci_half_width": 1.718568750000001, "ci_high": 15.099312500000002, "ci_low": 11.662175, "early_bust_matches": 119, "early_bust_rate": 0.74375, "hands_played": 52560, "hero_chip_delta": 1072675, "hero_errors": 0, "hero_p99_latency_s": 0.0008296670857816935, "log_path": "/Users/farhad/Code/PokerBot/consult/artifacts/2026-05-29-away/public-drift-completeness/command_logs/h2h_Pav1602__fullhouse_engine__main__skantbot7_5__escalate_b242.log", "match_count": 160, "mean_bb100_actual": 20.408580669710805, "mean_bb100_scheduled": 13.4084375, "opponent_errors": 0, "opponent_p99_latency_s": 0.005513875046744943, "phase": "escalate_b242", "stdout_noise": {}, "stdout_noise_examples": {}, "target_scheduled_hands": 80000, "timeboxed": false}
