H2H escalate_b242 2026-05-29T16:22:13Z
repo=TobyCoad/fullhouse-engine branch=main bot=bots/trap_slow_player/bot.py
hero=/Users/farhad/Code/PokerBot/submissions/v_final.zip sha256=e4b4a8f11f801ecef2eca53629241e83cc9bace8ec74004f19368375f22d9598
opponent_zip=/Users/farhad/Code/PokerBot/consult/artifacts/2026-05-29-away/public-drift-completeness/opponent_zips/TobyCoad__fullhouse_engine__main__trap_slow_player.zip sha256=43ecc7166aca2bbe5d3e65ad27cf1f64f5c9eccb6c1d04a509044cbf0234c954
target_scheduled_hands=80000 base=242 match_len=500 seed_stride=1000
seed=242 o=0 hands= 125/500 hero_chip=  +10000 sched_bb100=  +20.00 actual_bb100=80.0 hero_err=0 opp_err=0 dur=0.46s
seed=242 o=1 hands= 279/500 hero_chip=  +10000 sched_bb100=  +20.00 actual_bb100=35.842293906810035 hero_err=0 opp_err=0 dur=0.69s
seed=1242 o=0 hands= 317/500 hero_chip=  +10000 sched_bb100=  +20.00 actual_bb100=31.545741324921135 hero_err=0 opp_err=0 dur=0.72s
seed=1242 o=1 hands= 231/500 hero_chip=  +10000 sched_bb100=  +20.00 actual_bb100=43.290043290043286 hero_err=0 opp_err=0 dur=0.62s
seed=2242 o=0 hands= 500/500 hero_chip=   +9726 sched_bb100=  +19.45 actual_bb100=19.452 hero_err=0 opp_err=0 dur=1.00s
seed=2242 o=1 hands= 500/500 hero_chip=   +3908 sched_bb100=   +7.82 actual_bb100=7.816 hero_err=0 opp_err=0 dur=1.04s
seed=3242 o=0 hands= 138/500 hero_chip=  +10000 sched_bb100=  +20.00 actual_bb100=72.46376811594203 hero_err=0 opp_err=0 dur=0.45s
seed=3242 o=1 hands=  79/500 hero_chip=  -10000 sched_bb100=  -20.00 actual_bb100=-126.58227848101265 hero_err=0 opp_err=0 dur=0.37s
seed=4242 o=0 hands= 229/500 hero_chip=  +10000 sched_bb100=  +20.00 actual_bb100=43.66812227074236 hero_err=0 opp_err=0 dur=0.57s
seed=4242 o=1 hands= 139/500 hero_chip=  +10000 sched_bb100=  +20.00 actual_bb100=71.94244604316548 hero_err=0 opp_err=0 dur=0.57s
seed=5242 o=0 hands= 350/500 hero_chip=  +10000 sched_bb100=  +20.00 actual_bb100=28.571428571428573 hero_err=0 opp_err=0 dur=0.88s
seed=5242 o=1 hands=  85/500 hero_chip=  -10000 sched_bb100=  -20.00 actual_bb100=-117.64705882352942 hero_err=0 opp_err=0 dur=0.44s
seed=6242 o=0 hands= 129/500 hero_chip=  +10000 sched_bb100=  +20.00 actual_bb100=77.51937984496124 hero_err=0 opp_err=0 dur=0.42s
seed=6242 o=1 hands= 343/500 hero_chip=  +10000 sched_bb100=  +20.00 actual_bb100=29.154518950437318 hero_err=0 opp_err=0 dur=0.83s
seed=7242 o=0 hands=  93/500 hero_chip=  +10000 sched_bb100=  +20.00 actual_bb100=107.5268817204301 hero_err=0 opp_err=0 dur=0.41s
seed=7242 o=1 hands= 103/500 hero_chip=  +10000 sched_bb100=  +20.00 actual_bb100=97.08737864077669 hero_err=0 opp_err=0 dur=0.40s
seed=8242 o=0 hands=  84/500 hero_chip=  -10000 sched_bb100=  -20.00 actual_bb100=-119.04761904761905 hero_err=0 opp_err=0 dur=0.37s
seed=8242 o=1 hands= 165/500 hero_chip=  -10000 sched_bb100=  -20.00 actual_bb100=-60.60606060606061 hero_err=0 opp_err=0 dur=0.56s
seed=9242 o=0 hands= 251/500 hero_chip=  +10000 sched_bb100=  +20.00 actual_bb100=39.8406374501992 hero_err=0 opp_err=0 dur=0.70s
seed=9242 o=1 hands= 114/500 hero_chip=  +10000 sched_bb100=  +20.00 actual_bb100=87.71929824561404 hero_err=0 opp_err=0 dur=0.42s
seed=10242 o=0 hands= 500/500 hero_chip=   +3960 sched_bb100=   +7.92 actual_bb100=7.92 hero_err=0 opp_err=0 dur=1.05s
seed=10242 o=1 hands= 500/500 hero_chip=   +1087 sched_bb100=   +2.17 actual_bb100=2.174 hero_err=0 opp_err=0 dur=1.06s
seed=11242 o=0 hands= 500/500 hero_chip=   -2935 sched_bb100=   -5.87 actual_bb100=-5.87 hero_err=0 opp_err=0 dur=1.07s
seed=11242 o=1 hands= 500/500 hero_chip=   +1818 sched_bb100=   +3.64 actual_bb100=3.636 hero_err=0 opp_err=0 dur=1.09s
seed=12242 o=0 hands= 121/500 hero_chip=  +10000 sched_bb100=  +20.00 actual_bb100=82.64462809917356 hero_err=0 opp_err=0 dur=0.46s
seed=12242 o=1 hands=  71/500 hero_chip=  +10000 sched_bb100=  +20.00 actual_bb100=140.84507042253523 hero_err=0 opp_err=0 dur=0.41s
seed=13242 o=0 hands= 117/500 hero_chip=  +10000 sched_bb100=  +20.00 actual_bb100=85.47008547008548 hero_err=0 opp_err=0 dur=0.42s
seed=13242 o=1 hands= 398/500 hero_chip=  +10000 sched_bb100=  +20.00 actual_bb100=25.12562814070352 hero_err=0 opp_err=0 dur=0.87s
seed=14242 o=0 hands= 472/500 hero_chip=  +10000 sched_bb100=  +20.00 actual_bb100=21.186440677966104 hero_err=0 opp_err=0 dur=0.96s
seed=14242 o=1 hands= 185/500 hero_chip=  +10000 sched_bb100=  +20.00 actual_bb100=54.05405405405405 hero_err=0 opp_err=0 dur=0.52s
seed=15242 o=0 hands= 235/500 hero_chip=  -10000 sched_bb100=  -20.00 actual_bb100=-42.5531914893617 hero_err=0 opp_err=0 dur=0.64s
seed=15242 o=1 hands= 500/500 hero_chip=   +5705 sched_bb100=  +11.41 actual_bb100=11.41 hero_err=0 opp_err=0 dur=0.97s
seed=16242 o=0 hands= 452/500 hero_chip=  -10000 sched_bb100=  -20.00 actual_bb100=-22.123893805309738 hero_err=0 opp_err=0 dur=0.92s
seed=16242 o=1 hands= 157/500 hero_chip=  +10000 sched_bb100=  +20.00 actual_bb100=63.69426751592356 hero_err=0 opp_err=0 dur=0.52s
seed=17242 o=0 hands= 123/500 hero_chip=  +10000 sched_bb100=  +20.00 actual_bb100=81.30081300813008 hero_err=0 opp_err=0 dur=0.42s
seed=17242 o=1 hands= 500/500 hero_chip=   +5530 sched_bb100=  +11.06 actual_bb100=11.059999999999999 hero_err=0 opp_err=0 dur=1.02s
seed=18242 o=0 hands=  94/500 hero_chip=  +10000 sched_bb100=  +20.00 actual_bb100=106.38297872340426 hero_err=0 opp_err=0 dur=0.39s
seed=18242 o=1 hands= 280/500 hero_chip=  +10000 sched_bb100=  +20.00 actual_bb100=35.714285714285715 hero_err=0 opp_err=0 dur=0.73s
seed=19242 o=0 hands= 500/500 hero_chip=   +7223 sched_bb100=  +14.45 actual_bb100=14.446000000000002 hero_err=0 opp_err=0 dur=1.03s
seed=19242 o=1 hands=  65/500 hero_chip=  +10000 sched_bb100=  +20.00 actual_bb100=153.84615384615384 hero_err=0 opp_err=0 dur=0.36s
seed=20242 o=0 hands= 129/500 hero_chip=  +10000 sched_bb100=  +20.00 actual_bb100=77.51937984496124 hero_err=0 opp_err=0 dur=0.40s
seed=20242 o=1 hands=  16/500 hero_chip=  +10000 sched_bb100=  +20.00 actual_bb100=625.0 hero_err=0 opp_err=0 dur=0.14s
seed=21242 o=0 hands= 500/500 hero_chip=   -3573 sched_bb100=   -7.15 actual_bb100=-7.145999999999999 hero_err=0 opp_err=0 dur=0.93s
seed=21242 o=1 hands= 169/500 hero_chip=  +10000 sched_bb100=  +20.00 actual_bb100=59.171597633136095 hero_err=0 opp_err=0 dur=0.51s
seed=22242 o=0 hands= 148/500 hero_chip=  +10000 sched_bb100=  +20.00 actual_bb100=67.56756756756756 hero_err=0 opp_err=0 dur=0.53s
seed=22242 o=1 hands= 105/500 hero_chip=  +10000 sched_bb100=  +20.00 actual_bb100=95.23809523809524 hero_err=0 opp_err=0 dur=0.47s
seed=23242 o=0 hands= 164/500 hero_chip=  -10000 sched_bb100=  -20.00 actual_bb100=-60.97560975609756 hero_err=0 opp_err=0 dur=0.54s
seed=23242 o=1 hands= 280/500 hero_chip=  -10000 sched_bb100=  -20.00 actual_bb100=-35.714285714285715 hero_err=0 opp_err=0 dur=0.67s
seed=24242 o=0 hands= 210/500 hero_chip=  +10000 sched_bb100=  +20.00 actual_bb100=47.61904761904762 hero_err=0 opp_err=0 dur=0.57s
seed=24242 o=1 hands=  60/500 hero_chip=  +10000 sched_bb100=  +20.00 actual_bb100=166.66666666666669 hero_err=0 opp_err=0 dur=0.36s
seed=25242 o=0 hands= 400/500 hero_chip=  +10000 sched_bb100=  +20.00 actual_bb100=25.0 hero_err=0 opp_err=0 dur=0.87s
seed=25242 o=1 hands= 462/500 hero_chip=  +10000 sched_bb100=  +20.00 actual_bb100=21.645021645021643 hero_err=0 opp_err=0 dur=0.98s
seed=26242 o=0 hands= 500/500 hero_chip=   -3360 sched_bb100=   -6.72 actual_bb100=-6.720000000000001 hero_err=0 opp_err=0 dur=1.00s
seed=26242 o=1 hands= 283/500 hero_chip=  +10000 sched_bb100=  +20.00 actual_bb100=35.3356890459364 hero_err=0 opp_err=0 dur=0.68s
seed=27242 o=0 hands= 142/500 hero_chip=  +10000 sched_bb100=  +20.00 actual_bb100=70.42253521126761 hero_err=0 opp_err=0 dur=0.48s
seed=27242 o=1 hands=  91/500 hero_chip=  +10000 sched_bb100=  +20.00 actual_bb100=109.89010989010988 hero_err=0 opp_err=0 dur=0.41s
seed=28242 o=0 hands= 113/500 hero_chip=  +10000 sched_bb100=  +20.00 actual_bb100=88.49557522123895 hero_err=0 opp_err=0 dur=0.40s
seed=28242 o=1 hands= 260/500 hero_chip=  +10000 sched_bb100=  +20.00 actual_bb100=38.46153846153846 hero_err=0 opp_err=0 dur=0.68s
seed=29242 o=0 hands= 367/500 hero_chip=  +10000 sched_bb100=  +20.00 actual_bb100=27.247956403269754 hero_err=0 opp_err=0 dur=0.82s
seed=29242 o=1 hands= 212/500 hero_chip=  +10000 sched_bb100=  +20.00 actual_bb100=47.16981132075472 hero_err=0 opp_err=0 dur=0.60s
seed=30242 o=0 hands= 181/500 hero_chip=  +10000 sched_bb100=  +20.00 actual_bb100=55.248618784530386 hero_err=0 opp_err=0 dur=0.53s
seed=30242 o=1 hands= 133/500 hero_chip=  +10000 sched_bb100=  +20.00 actual_bb100=75.18796992481202 hero_err=0 opp_err=0 dur=0.46s
seed=31242 o=0 hands=  42/500 hero_chip=  +10000 sched_bb100=  +20.00 actual_bb100=238.0952380952381 hero_err=0 opp_err=0 dur=0.34s
seed=31242 o=1 hands= 215/500 hero_chip=  +10000 sched_bb100=  +20.00 actual_bb100=46.51162790697675 hero_err=0 opp_err=0 dur=0.56s
seed=32242 o=0 hands= 164/500 hero_chip=  +10000 sched_bb100=  +20.00 actual_bb100=60.97560975609756 hero_err=0 opp_err=0 dur=0.46s
seed=32242 o=1 hands= 500/500 hero_chip=   +2991 sched_bb100=   +5.98 actual_bb100=5.982 hero_err=0 opp_err=0 dur=1.09s
seed=33242 o=0 hands= 252/500 hero_chip=  +10000 sched_bb100=  +20.00 actual_bb100=39.682539682539684 hero_err=0 opp_err=0 dur=0.66s
seed=33242 o=1 hands= 255/500 hero_chip=  -10000 sched_bb100=  -20.00 actual_bb100=-39.21568627450981 hero_err=0 opp_err=0 dur=0.64s
seed=34242 o=0 hands= 128/500 hero_chip=  +10000 sched_bb100=  +20.00 actual_bb100=78.125 hero_err=0 opp_err=0 dur=0.48s
seed=34242 o=1 hands= 184/500 hero_chip=  +10000 sched_bb100=  +20.00 actual_bb100=54.347826086956516 hero_err=0 opp_err=0 dur=0.51s
seed=35242 o=0 hands=  92/500 hero_chip=  +10000 sched_bb100=  +20.00 actual_bb100=108.69565217391303 hero_err=0 opp_err=0 dur=0.47s
seed=35242 o=1 hands=  27/500 hero_chip=  -10000 sched_bb100=  -20.00 actual_bb100=-370.3703703703703 hero_err=0 opp_err=0 dur=0.34s
seed=36242 o=0 hands= 136/500 hero_chip=  +10000 sched_bb100=  +20.00 actual_bb100=73.52941176470588 hero_err=0 opp_err=0 dur=0.45s
seed=36242 o=1 hands= 500/500 hero_chip=   +4764 sched_bb100=   +9.53 actual_bb100=9.528 hero_err=0 opp_err=0 dur=1.00s
seed=37242 o=0 hands= 196/500 hero_chip=  +10000 sched_bb100=  +20.00 actual_bb100=51.02040816326531 hero_err=0 opp_err=0 dur=0.53s
seed=37242 o=1 hands= 174/500 hero_chip=  +10000 sched_bb100=  +20.00 actual_bb100=57.47126436781609 hero_err=0 opp_err=0 dur=0.55s
seed=38242 o=0 hands= 330/500 hero_chip=  -10000 sched_bb100=  -20.00 actual_bb100=-30.303030303030305 hero_err=0 opp_err=0 dur=0.76s
seed=38242 o=1 hands= 500/500 hero_chip=   +9845 sched_bb100=  +19.69 actual_bb100=19.69 hero_err=0 opp_err=0 dur=1.00s
seed=39242 o=0 hands= 176/500 hero_chip=  -10000 sched_bb100=  -20.00 actual_bb100=-56.81818181818182 hero_err=0 opp_err=0 dur=0.51s
seed=39242 o=1 hands= 310/500 hero_chip=  +10000 sched_bb100=  +20.00 actual_bb100=32.25806451612903 hero_err=0 opp_err=0 dur=0.73s
seed=40242 o=0 hands=  20/500 hero_chip=  +10000 sched_bb100=  +20.00 actual_bb100=500.0 hero_err=0 opp_err=0 dur=0.16s
seed=40242 o=1 hands= 445/500 hero_chip=  +10000 sched_bb100=  +20.00 actual_bb100=22.47191011235955 hero_err=0 opp_err=0 dur=0.93s
seed=41242 o=0 hands= 131/500 hero_chip=  +10000 sched_bb100=  +20.00 actual_bb100=76.33587786259541 hero_err=0 opp_err=0 dur=0.44s
seed=41242 o=1 hands= 127/500 hero_chip=  +10000 sched_bb100=  +20.00 actual_bb100=78.74015748031496 hero_err=0 opp_err=0 dur=0.47s
seed=42242 o=0 hands=  24/500 hero_chip=  -10000 sched_bb100=  -20.00 actual_bb100=-416.6666666666667 hero_err=0 opp_err=0 dur=0.23s
seed=42242 o=1 hands= 500/500 hero_chip=   +7240 sched_bb100=  +14.48 actual_bb100=14.48 hero_err=0 opp_err=0 dur=1.03s
seed=43242 o=0 hands= 140/500 hero_chip=  +10000 sched_bb100=  +20.00 actual_bb100=71.42857142857143 hero_err=0 opp_err=0 dur=0.46s
seed=43242 o=1 hands= 129/500 hero_chip=  +10000 sched_bb100=  +20.00 actual_bb100=77.51937984496124 hero_err=0 opp_err=0 dur=0.45s
seed=44242 o=0 hands= 195/500 hero_chip=  +10000 sched_bb100=  +20.00 actual_bb100=51.282051282051285 hero_err=0 opp_err=0 dur=0.56s
seed=44242 o=1 hands= 500/500 hero_chip=   +3181 sched_bb100=   +6.36 actual_bb100=6.362 hero_err=0 opp_err=0 dur=1.03s
seed=45242 o=0 hands= 280/500 hero_chip=  +10000 sched_bb100=  +20.00 actual_bb100=35.714285714285715 hero_err=0 opp_err=0 dur=0.66s
seed=45242 o=1 hands= 247/500 hero_chip=  +10000 sched_bb100=  +20.00 actual_bb100=40.48582995951417 hero_err=0 opp_err=0 dur=0.61s
seed=46242 o=0 hands= 209/500 hero_chip=  +10000 sched_bb100=  +20.00 actual_bb100=47.84688995215311 hero_err=0 opp_err=0 dur=0.63s
seed=46242 o=1 hands= 435/500 hero_chip=  +10000 sched_bb100=  +20.00 actual_bb100=22.98850574712644 hero_err=0 opp_err=0 dur=0.94s
seed=47242 o=0 hands= 500/500 hero_chip=   +3268 sched_bb100=   +6.54 actual_bb100=6.536 hero_err=0 opp_err=0 dur=1.05s
seed=47242 o=1 hands= 278/500 hero_chip=  +10000 sched_bb100=  +20.00 actual_bb100=35.97122302158274 hero_err=0 opp_err=0 dur=0.67s
seed=48242 o=0 hands= 432/500 hero_chip=  +10000 sched_bb100=  +20.00 actual_bb100=23.148148148148145 hero_err=0 opp_err=0 dur=1.02s
seed=48242 o=1 hands=  95/500 hero_chip=  +10000 sched_bb100=  +20.00 actual_bb100=105.26315789473685 hero_err=0 opp_err=0 dur=0.40s
seed=49242 o=0 hands= 500/500 hero_chip=   +4435 sched_bb100=   +8.87 actual_bb100=8.870000000000001 hero_err=0 opp_err=0 dur=1.02s
seed=49242 o=1 hands= 157/500 hero_chip=  +10000 sched_bb100=  +20.00 actual_bb100=63.69426751592356 hero_err=0 opp_err=0 dur=0.50s
seed=50242 o=0 hands= 496/500 hero_chip=  +10000 sched_bb100=  +20.00 actual_bb100=20.161290322580644 hero_err=0 opp_err=0 dur=1.00s
seed=50242 o=1 hands= 118/500 hero_chip=  +10000 sched_bb100=  +20.00 actual_bb100=84.74576271186442 hero_err=0 opp_err=0 dur=0.45s
seed=51242 o=0 hands= 102/500 hero_chip=  +10000 sched_bb100=  +20.00 actual_bb100=98.0392156862745 hero_err=0 opp_err=0 dur=0.42s
seed=51242 o=1 hands= 500/500 hero_chip=    +815 sched_bb100=   +1.63 actual_bb100=1.6300000000000001 hero_err=0 opp_err=0 dur=0.96s
seed=52242 o=0 hands= 246/500 hero_chip=  +10000 sched_bb100=  +20.00 actual_bb100=40.65040650406504 hero_err=0 opp_err=0 dur=0.62s
seed=52242 o=1 hands=  18/500 hero_chip=  +10000 sched_bb100=  +20.00 actual_bb100=555.5555555555555 hero_err=0 opp_err=0 dur=0.21s
seed=53242 o=0 hands= 143/500 hero_chip=  +10000 sched_bb100=  +20.00 actual_bb100=69.93006993006993 hero_err=0 opp_err=0 dur=0.45s
seed=53242 o=1 hands= 500/500 hero_chip=   +8964 sched_bb100=  +17.93 actual_bb100=17.928 hero_err=0 opp_err=0 dur=1.00s
seed=54242 o=0 hands= 140/500 hero_chip=  +10000 sched_bb100=  +20.00 actual_bb100=71.42857142857143 hero_err=0 opp_err=0 dur=0.48s
seed=54242 o=1 hands= 175/500 hero_chip=  +10000 sched_bb100=  +20.00 actual_bb100=57.142857142857146 hero_err=0 opp_err=0 dur=0.56s
seed=55242 o=0 hands= 309/500 hero_chip=  +10000 sched_bb100=  +20.00 actual_bb100=32.36245954692557 hero_err=0 opp_err=0 dur=0.83s
seed=55242 o=1 hands= 225/500 hero_chip=  +10000 sched_bb100=  +20.00 actual_bb100=44.44444444444444 hero_err=0 opp_err=0 dur=0.63s
seed=56242 o=0 hands= 500/500 hero_chip=   +8089 sched_bb100=  +16.18 actual_bb100=16.178 hero_err=0 opp_err=0 dur=0.96s
seed=56242 o=1 hands= 128/500 hero_chip=  +10000 sched_bb100=  +20.00 actual_bb100=78.125 hero_err=0 opp_err=0 dur=0.40s
seed=57242 o=0 hands= 313/500 hero_chip=  +10000 sched_bb100=  +20.00 actual_bb100=31.94888178913738 hero_err=0 opp_err=0 dur=0.75s
seed=57242 o=1 hands= 297/500 hero_chip=  +10000 sched_bb100=  +20.00 actual_bb100=33.67003367003367 hero_err=0 opp_err=0 dur=0.74s
seed=58242 o=0 hands= 110/500 hero_chip=  +10000 sched_bb100=  +20.00 actual_bb100=90.9090909090909 hero_err=0 opp_err=0 dur=0.46s
seed=58242 o=1 hands= 324/500 hero_chip=  +10000 sched_bb100=  +20.00 actual_bb100=30.864197530864196 hero_err=0 opp_err=0 dur=0.78s
seed=59242 o=0 hands= 105/500 hero_chip=  -10000 sched_bb100=  -20.00 actual_bb100=-95.23809523809524 hero_err=0 opp_err=0 dur=0.38s
seed=59242 o=1 hands=  70/500 hero_chip=  +10000 sched_bb100=  +20.00 actual_bb100=142.85714285714286 hero_err=0 opp_err=0 dur=0.34s
seed=60242 o=0 hands= 356/500 hero_chip=  +10000 sched_bb100=  +20.00 actual_bb100=28.089887640449437 hero_err=0 opp_err=0 dur=0.89s
seed=60242 o=1 hands= 208/500 hero_chip=  +10000 sched_bb100=  +20.00 actual_bb100=48.07692307692307 hero_err=0 opp_err=0 dur=0.58s
seed=61242 o=0 hands= 130/500 hero_chip=  +10000 sched_bb100=  +20.00 actual_bb100=76.92307692307692 hero_err=0 opp_err=0 dur=0.51s
seed=61242 o=1 hands= 138/500 hero_chip=  -10000 sched_bb100=  -20.00 actual_bb100=-72.46376811594203 hero_err=0 opp_err=0 dur=0.49s
seed=62242 o=0 hands= 145/500 hero_chip=  +10000 sched_bb100=  +20.00 actual_bb100=68.96551724137932 hero_err=0 opp_err=0 dur=0.48s
seed=62242 o=1 hands= 500/500 hero_chip=    +105 sched_bb100=   +0.21 actual_bb100=0.21000000000000002 hero_err=0 opp_err=0 dur=1.02s
seed=63242 o=0 hands= 118/500 hero_chip=  +10000 sched_bb100=  +20.00 actual_bb100=84.74576271186442 hero_err=0 opp_err=0 dur=0.45s
seed=63242 o=1 hands= 421/500 hero_chip=  +10000 sched_bb100=  +20.00 actual_bb100=23.752969121140143 hero_err=0 opp_err=0 dur=0.87s
seed=64242 o=0 hands= 396/500 hero_chip=  +10000 sched_bb100=  +20.00 actual_bb100=25.252525252525253 hero_err=0 opp_err=0 dur=0.85s
seed=64242 o=1 hands= 500/500 hero_chip=   -4498 sched_bb100=   -9.00 actual_bb100=-8.995999999999999 hero_err=0 opp_err=0 dur=1.07s
seed=65242 o=0 hands= 113/500 hero_chip=  +10000 sched_bb100=  +20.00 actual_bb100=88.49557522123895 hero_err=0 opp_err=0 dur=0.42s
seed=65242 o=1 hands= 285/500 hero_chip=  +10000 sched_bb100=  +20.00 actual_bb100=35.08771929824561 hero_err=0 opp_err=0 dur=0.66s
seed=66242 o=0 hands= 125/500 hero_chip=  +10000 sched_bb100=  +20.00 actual_bb100=80.0 hero_err=0 opp_err=0 dur=0.41s
seed=66242 o=1 hands= 228/500 hero_chip=  +10000 sched_bb100=  +20.00 actual_bb100=43.85964912280702 hero_err=0 opp_err=0 dur=0.65s
seed=67242 o=0 hands= 183/500 hero_chip=  +10000 sched_bb100=  +20.00 actual_bb100=54.6448087431694 hero_err=0 opp_err=0 dur=0.59s
seed=67242 o=1 hands= 415/500 hero_chip=  +10000 sched_bb100=  +20.00 actual_bb100=24.096385542168672 hero_err=0 opp_err=0 dur=0.91s
seed=68242 o=0 hands= 500/500 hero_chip=    +190 sched_bb100=   +0.38 actual_bb100=0.38 hero_err=0 opp_err=0 dur=1.01s
seed=68242 o=1 hands= 145/500 hero_chip=  +10000 sched_bb100=  +20.00 actual_bb100=68.96551724137932 hero_err=0 opp_err=0 dur=0.47s
seed=69242 o=0 hands= 232/500 hero_chip=  +10000 sched_bb100=  +20.00 actual_bb100=43.10344827586207 hero_err=0 opp_err=0 dur=0.57s
seed=69242 o=1 hands=  90/500 hero_chip=  +10000 sched_bb100=  +20.00 actual_bb100=111.11111111111111 hero_err=0 opp_err=0 dur=0.41s
seed=70242 o=0 hands= 275/500 hero_chip=  +10000 sched_bb100=  +20.00 actual_bb100=36.36363636363637 hero_err=0 opp_err=0 dur=0.69s
seed=70242 o=1 hands=  89/500 hero_chip=  -10000 sched_bb100=  -20.00 actual_bb100=-112.35955056179775 hero_err=0 opp_err=0 dur=0.38s
seed=71242 o=0 hands= 210/500 hero_chip=  +10000 sched_bb100=  +20.00 actual_bb100=47.61904761904762 hero_err=0 opp_err=0 dur=0.57s
seed=71242 o=1 hands= 378/500 hero_chip=  +10000 sched_bb100=  +20.00 actual_bb100=26.455026455026456 hero_err=0 opp_err=0 dur=0.85s
seed=72242 o=0 hands= 239/500 hero_chip=  -10000 sched_bb100=  -20.00 actual_bb100=-41.84100418410041 hero_err=0 opp_err=0 dur=0.60s
seed=72242 o=1 hands= 136/500 hero_chip=  +10000 sched_bb100=  +20.00 actual_bb100=73.52941176470588 hero_err=0 opp_err=0 dur=0.46s
seed=73242 o=0 hands= 226/500 hero_chip=  +10000 sched_bb100=  +20.00 actual_bb100=44.247787610619476 hero_err=0 opp_err=0 dur=0.57s
seed=73242 o=1 hands=  53/500 hero_chip=  -10000 sched_bb100=  -20.00 actual_bb100=-188.67924528301887 hero_err=0 opp_err=0 dur=0.30s
seed=74242 o=0 hands= 216/500 hero_chip=  +10000 sched_bb100=  +20.00 actual_bb100=46.29629629629629 hero_err=0 opp_err=0 dur=0.57s
seed=74242 o=1 hands= 500/500 hero_chip=    +179 sched_bb100=   +0.36 actual_bb100=0.358 hero_err=0 opp_err=0 dur=1.00s
seed=75242 o=0 hands= 108/500 hero_chip=  +10000 sched_bb100=  +20.00 actual_bb100=92.59259259259258 hero_err=0 opp_err=0 dur=0.37s
seed=75242 o=1 hands= 249/500 hero_chip=  +10000 sched_bb100=  +20.00 actual_bb100=40.16064257028112 hero_err=0 opp_err=0 dur=0.55s
seed=76242 o=0 hands= 216/500 hero_chip=  +10000 sched_bb100=  +20.00 actual_bb100=46.29629629629629 hero_err=0 opp_err=0 dur=0.58s
seed=76242 o=1 hands= 356/500 hero_chip=  +10000 sched_bb100=  +20.00 actual_bb100=28.089887640449437 hero_err=0 opp_err=0 dur=0.77s
seed=77242 o=0 hands= 289/500 hero_chip=  +10000 sched_bb100=  +20.00 actual_bb100=34.602076124567475 hero_err=0 opp_err=0 dur=0.67s
seed=77242 o=1 hands= 160/500 hero_chip=  +10000 sched_bb100=  +20.00 actual_bb100=62.5 hero_err=0 opp_err=0 dur=0.44s
seed=78242 o=0 hands=  88/500 hero_chip=  +10000 sched_bb100=  +20.00 actual_bb100=113.63636363636364 hero_err=0 opp_err=0 dur=0.39s
seed=78242 o=1 hands= 500/500 hero_chip=   -5099 sched_bb100=  -10.20 actual_bb100=-10.198 hero_err=0 opp_err=0 dur=0.98s
seed=79242 o=0 hands= 458/500 hero_chip=  +10000 sched_bb100=  +20.00 actual_bb100=21.83406113537118 hero_err=0 opp_err=0 dur=0.92s
seed=79242 o=1 hands=  57/500 hero_chip=  +10000 sched_bb100=  +20.00 actual_bb100=175.43859649122808 hero_err=0 opp_err=0 dur=0.34s

SUMMARY {"actual_to_scheduled_ratio": 0.4978, "attempted_hands": 80000, "base": 242, "ci_half_width": 2.1089624999999996, "ci_high": 15.1466625, "ci_low": 10.9287375, "early_bust_matches": 134, "early_bust_rate": 0.8375, "hands_played": 39824, "hero_chip_delta": 1053558, "hero_errors": 0, "hero_p99_latency_s": 0.0024225839879363775, "log_path": "/Users/farhad/Code/PokerBot/consult/artifacts/2026-05-29-away/public-drift-completeness/command_logs/h2h_TobyCoad__fullhouse_engine__main__trap_slow_player__escalate_b242.log", "match_count": 160, "mean_bb100_actual": 26.455353555644837, "mean_bb100_scheduled": 13.169475, "opponent_errors": 0, "opponent_p99_latency_s": 0.002388459164649248, "phase": "escalate_b242", "stdout_noise": {}, "stdout_noise_examples": {}, "target_scheduled_hands": 80000, "timeboxed": false}
