H2H escalate_b242 2026-05-29T16:02:18Z
repo=Pav1602/fullhouse-engine branch=main bot=bots/skantbot7.9/bot.py
hero=/Users/farhad/Code/PokerBot/submissions/v_final.zip sha256=e4b4a8f11f801ecef2eca53629241e83cc9bace8ec74004f19368375f22d9598
opponent_zip=/Users/farhad/Code/PokerBot/consult/artifacts/2026-05-29-away/public-drift-completeness/opponent_zips/Pav1602__fullhouse_engine__main__skantbot7_9.zip sha256=32828792869e0c605516040ec746e368f5f38b134dd1345f1e88cd1b8aa6ec36
target_scheduled_hands=80000 base=242 match_len=500 seed_stride=1000
seed=242 o=0 hands= 235/500 hero_chip=  +10000 sched_bb100=  +20.00 actual_bb100=42.5531914893617 hero_err=0 opp_err=0 dur=0.76s
seed=242 o=1 hands= 500/500 hero_chip=   +6423 sched_bb100=  +12.85 actual_bb100=12.846 hero_err=0 opp_err=0 dur=1.09s
seed=1242 o=0 hands= 500/500 hero_chip=   -6690 sched_bb100=  -13.38 actual_bb100=-13.38 hero_err=0 opp_err=0 dur=1.32s
seed=1242 o=1 hands= 150/500 hero_chip=  +10000 sched_bb100=  +20.00 actual_bb100=66.66666666666667 hero_err=0 opp_err=0 dur=0.54s
seed=2242 o=0 hands= 500/500 hero_chip=   -2757 sched_bb100=   -5.51 actual_bb100=-5.514 hero_err=0 opp_err=0 dur=1.35s
seed=2242 o=1 hands=  11/500 hero_chip=  -10000 sched_bb100=  -20.00 actual_bb100=-909.0909090909091 hero_err=0 opp_err=0 dur=0.22s
seed=3242 o=0 hands= 500/500 hero_chip=   -3163 sched_bb100=   -6.33 actual_bb100=-6.326 hero_err=0 opp_err=0 dur=1.46s
seed=3242 o=1 hands= 374/500 hero_chip=  -10000 sched_bb100=  -20.00 actual_bb100=-26.7379679144385 hero_err=0 opp_err=0 dur=1.18s
seed=4242 o=0 hands= 500/500 hero_chip=   +5875 sched_bb100=  +11.75 actual_bb100=11.75 hero_err=0 opp_err=0 dur=1.43s
seed=4242 o=1 hands= 500/500 hero_chip=   -8710 sched_bb100=  -17.42 actual_bb100=-17.419999999999998 hero_err=0 opp_err=0 dur=1.23s
seed=5242 o=0 hands= 500/500 hero_chip=   +1967 sched_bb100=   +3.93 actual_bb100=3.934 hero_err=0 opp_err=0 dur=1.25s
seed=5242 o=1 hands= 500/500 hero_chip=   +3371 sched_bb100=   +6.74 actual_bb100=6.742 hero_err=0 opp_err=0 dur=1.32s
seed=6242 o=0 hands= 292/500 hero_chip=  +10000 sched_bb100=  +20.00 actual_bb100=34.24657534246575 hero_err=0 opp_err=0 dur=0.88s
seed=6242 o=1 hands= 209/500 hero_chip=  -10000 sched_bb100=  -20.00 actual_bb100=-47.84688995215311 hero_err=0 opp_err=0 dur=0.71s
seed=7242 o=0 hands= 500/500 hero_chip=   -4475 sched_bb100=   -8.95 actual_bb100=-8.95 hero_err=0 opp_err=0 dur=1.31s
seed=7242 o=1 hands= 500/500 hero_chip=   -2941 sched_bb100=   -5.88 actual_bb100=-5.882 hero_err=0 opp_err=0 dur=1.33s
seed=8242 o=0 hands= 500/500 hero_chip=   -3026 sched_bb100=   -6.05 actual_bb100=-6.0520000000000005 hero_err=0 opp_err=0 dur=1.33s
seed=8242 o=1 hands= 500/500 hero_chip=   +1005 sched_bb100=   +2.01 actual_bb100=2.0100000000000002 hero_err=0 opp_err=0 dur=1.39s
seed=9242 o=0 hands= 500/500 hero_chip=   -6155 sched_bb100=  -12.31 actual_bb100=-12.309999999999999 hero_err=0 opp_err=0 dur=1.26s
seed=9242 o=1 hands= 499/500 hero_chip=  -10000 sched_bb100=  -20.00 actual_bb100=-20.04008016032064 hero_err=0 opp_err=0 dur=1.28s
seed=10242 o=0 hands= 441/500 hero_chip=  -10000 sched_bb100=  -20.00 actual_bb100=-22.675736961451246 hero_err=0 opp_err=0 dur=1.23s
seed=10242 o=1 hands= 500/500 hero_chip=   -1949 sched_bb100=   -3.90 actual_bb100=-3.8979999999999997 hero_err=0 opp_err=0 dur=1.30s
seed=11242 o=0 hands= 500/500 hero_chip=   -2255 sched_bb100=   -4.51 actual_bb100=-4.51 hero_err=0 opp_err=0 dur=1.24s
seed=11242 o=1 hands= 500/500 hero_chip=   +8875 sched_bb100=  +17.75 actual_bb100=17.75 hero_err=0 opp_err=0 dur=1.40s
seed=12242 o=0 hands= 500/500 hero_chip=   -4328 sched_bb100=   -8.66 actual_bb100=-8.656 hero_err=0 opp_err=0 dur=1.14s
seed=12242 o=1 hands=  27/500 hero_chip=  -10000 sched_bb100=  -20.00 actual_bb100=-370.3703703703703 hero_err=0 opp_err=0 dur=0.16s
seed=13242 o=0 hands= 500/500 hero_chip=   +5888 sched_bb100=  +11.78 actual_bb100=11.776 hero_err=0 opp_err=0 dur=1.29s
seed=13242 o=1 hands= 361/500 hero_chip=  -10000 sched_bb100=  -20.00 actual_bb100=-27.70083102493075 hero_err=0 opp_err=0 dur=0.97s
seed=14242 o=0 hands= 500/500 hero_chip=    -365 sched_bb100=   -0.73 actual_bb100=-0.73 hero_err=0 opp_err=0 dur=1.26s
seed=14242 o=1 hands= 500/500 hero_chip=   -1235 sched_bb100=   -2.47 actual_bb100=-2.4699999999999998 hero_err=0 opp_err=0 dur=1.33s
seed=15242 o=0 hands= 500/500 hero_chip=   -2448 sched_bb100=   -4.90 actual_bb100=-4.896 hero_err=0 opp_err=0 dur=1.44s
seed=15242 o=1 hands=  73/500 hero_chip=  -10000 sched_bb100=  -20.00 actual_bb100=-136.986301369863 hero_err=0 opp_err=0 dur=0.23s
seed=16242 o=0 hands= 479/500 hero_chip=  -10000 sched_bb100=  -20.00 actual_bb100=-20.876826722338205 hero_err=0 opp_err=0 dur=1.31s
seed=16242 o=1 hands= 235/500 hero_chip=  -10000 sched_bb100=  -20.00 actual_bb100=-42.5531914893617 hero_err=0 opp_err=0 dur=0.69s
seed=17242 o=0 hands= 500/500 hero_chip=    -695 sched_bb100=   -1.39 actual_bb100=-1.3900000000000001 hero_err=0 opp_err=0 dur=1.35s
seed=17242 o=1 hands=  13/500 hero_chip=  -10000 sched_bb100=  -20.00 actual_bb100=-769.2307692307692 hero_err=0 opp_err=0 dur=0.13s
seed=18242 o=0 hands= 500/500 hero_chip=    -196 sched_bb100=   -0.39 actual_bb100=-0.392 hero_err=0 opp_err=0 dur=1.36s
seed=18242 o=1 hands= 500/500 hero_chip=   -4623 sched_bb100=   -9.25 actual_bb100=-9.245999999999999 hero_err=0 opp_err=0 dur=1.27s
seed=19242 o=0 hands= 500/500 hero_chip=   -1966 sched_bb100=   -3.93 actual_bb100=-3.932 hero_err=0 opp_err=0 dur=1.38s
seed=19242 o=1 hands= 442/500 hero_chip=  -10000 sched_bb100=  -20.00 actual_bb100=-22.624434389140273 hero_err=0 opp_err=0 dur=1.22s
seed=20242 o=0 hands= 500/500 hero_chip=   -2458 sched_bb100=   -4.92 actual_bb100=-4.9159999999999995 hero_err=0 opp_err=0 dur=1.27s
seed=20242 o=1 hands= 216/500 hero_chip=  +10000 sched_bb100=  +20.00 actual_bb100=46.29629629629629 hero_err=0 opp_err=0 dur=0.66s
seed=21242 o=0 hands= 212/500 hero_chip=  +10000 sched_bb100=  +20.00 actual_bb100=47.16981132075472 hero_err=0 opp_err=0 dur=0.68s
seed=21242 o=1 hands= 500/500 hero_chip=    -736 sched_bb100=   -1.47 actual_bb100=-1.472 hero_err=0 opp_err=0 dur=1.30s
seed=22242 o=0 hands= 500/500 hero_chip=   +2762 sched_bb100=   +5.52 actual_bb100=5.524 hero_err=0 opp_err=0 dur=1.30s
seed=22242 o=1 hands= 500/500 hero_chip=    +118 sched_bb100=   +0.24 actual_bb100=0.236 hero_err=0 opp_err=0 dur=1.34s
seed=23242 o=0 hands= 500/500 hero_chip=   +7937 sched_bb100=  +15.87 actual_bb100=15.874 hero_err=0 opp_err=0 dur=1.34s
seed=23242 o=1 hands= 500/500 hero_chip=   -2242 sched_bb100=   -4.48 actual_bb100=-4.484 hero_err=0 opp_err=0 dur=1.31s
seed=24242 o=0 hands= 500/500 hero_chip=   +5162 sched_bb100=  +10.32 actual_bb100=10.324 hero_err=0 opp_err=0 dur=1.40s
seed=24242 o=1 hands= 500/500 hero_chip=   +1793 sched_bb100=   +3.59 actual_bb100=3.586 hero_err=0 opp_err=0 dur=1.35s
seed=25242 o=0 hands= 500/500 hero_chip=   +4746 sched_bb100=   +9.49 actual_bb100=9.492 hero_err=0 opp_err=0 dur=1.37s
seed=25242 o=1 hands= 500/500 hero_chip=   +6156 sched_bb100=  +12.31 actual_bb100=12.312000000000001 hero_err=0 opp_err=0 dur=1.27s
seed=26242 o=0 hands= 175/500 hero_chip=  +10000 sched_bb100=  +20.00 actual_bb100=57.142857142857146 hero_err=0 opp_err=0 dur=0.62s
seed=26242 o=1 hands= 500/500 hero_chip=   +6835 sched_bb100=  +13.67 actual_bb100=13.669999999999998 hero_err=0 opp_err=0 dur=1.41s
seed=27242 o=0 hands= 500/500 hero_chip=   +3309 sched_bb100=   +6.62 actual_bb100=6.618 hero_err=0 opp_err=0 dur=1.34s
seed=27242 o=1 hands= 500/500 hero_chip=   +6947 sched_bb100=  +13.89 actual_bb100=13.894 hero_err=0 opp_err=0 dur=1.30s
seed=28242 o=0 hands= 500/500 hero_chip=   +3513 sched_bb100=   +7.03 actual_bb100=7.026000000000001 hero_err=0 opp_err=0 dur=1.41s
seed=28242 o=1 hands= 388/500 hero_chip=  +10000 sched_bb100=  +20.00 actual_bb100=25.77319587628866 hero_err=0 opp_err=0 dur=1.21s
seed=29242 o=0 hands= 500/500 hero_chip=   -5207 sched_bb100=  -10.41 actual_bb100=-10.414 hero_err=0 opp_err=0 dur=1.41s
seed=29242 o=1 hands= 500/500 hero_chip=   -4136 sched_bb100=   -8.27 actual_bb100=-8.272 hero_err=0 opp_err=0 dur=1.38s
seed=30242 o=0 hands= 500/500 hero_chip=    +489 sched_bb100=   +0.98 actual_bb100=0.978 hero_err=0 opp_err=0 dur=1.34s
seed=30242 o=1 hands=  31/500 hero_chip=  -10000 sched_bb100=  -20.00 actual_bb100=-322.5806451612903 hero_err=0 opp_err=0 dur=0.16s
seed=31242 o=0 hands= 500/500 hero_chip=   +2498 sched_bb100=   +5.00 actual_bb100=4.996 hero_err=0 opp_err=0 dur=1.57s
seed=31242 o=1 hands= 500/500 hero_chip=    +390 sched_bb100=   +0.78 actual_bb100=0.78 hero_err=0 opp_err=0 dur=1.24s
seed=32242 o=0 hands= 500/500 hero_chip=   -3658 sched_bb100=   -7.32 actual_bb100=-7.316 hero_err=0 opp_err=0 dur=1.23s
seed=32242 o=1 hands= 500/500 hero_chip=   +3443 sched_bb100=   +6.89 actual_bb100=6.886 hero_err=0 opp_err=0 dur=1.40s
seed=33242 o=0 hands= 500/500 hero_chip=   -4333 sched_bb100=   -8.67 actual_bb100=-8.666 hero_err=0 opp_err=0 dur=1.32s
seed=33242 o=1 hands= 144/500 hero_chip=  -10000 sched_bb100=  -20.00 actual_bb100=-69.44444444444444 hero_err=0 opp_err=0 dur=0.59s
seed=34242 o=0 hands= 500/500 hero_chip=   +1674 sched_bb100=   +3.35 actual_bb100=3.348 hero_err=0 opp_err=0 dur=1.35s
seed=34242 o=1 hands= 500/500 hero_chip=   +1905 sched_bb100=   +3.81 actual_bb100=3.81 hero_err=0 opp_err=0 dur=1.29s
seed=35242 o=0 hands= 500/500 hero_chip=   -3179 sched_bb100=   -6.36 actual_bb100=-6.358 hero_err=0 opp_err=0 dur=1.35s
seed=35242 o=1 hands= 164/500 hero_chip=  +10000 sched_bb100=  +20.00 actual_bb100=60.97560975609756 hero_err=0 opp_err=0 dur=0.63s
seed=36242 o=0 hands= 500/500 hero_chip=    +518 sched_bb100=   +1.04 actual_bb100=1.036 hero_err=0 opp_err=0 dur=1.28s
seed=36242 o=1 hands= 262/500 hero_chip=  -10000 sched_bb100=  -20.00 actual_bb100=-38.167938931297705 hero_err=0 opp_err=0 dur=0.89s
seed=37242 o=0 hands= 500/500 hero_chip=   -2754 sched_bb100=   -5.51 actual_bb100=-5.508 hero_err=0 opp_err=0 dur=1.28s
seed=37242 o=1 hands= 500/500 hero_chip=    +769 sched_bb100=   +1.54 actual_bb100=1.538 hero_err=0 opp_err=0 dur=1.39s
seed=38242 o=0 hands= 478/500 hero_chip=  -10000 sched_bb100=  -20.00 actual_bb100=-20.920502092050206 hero_err=0 opp_err=0 dur=1.33s
seed=38242 o=1 hands= 500/500 hero_chip=   +4368 sched_bb100=   +8.74 actual_bb100=8.736 hero_err=0 opp_err=0 dur=1.37s
seed=39242 o=0 hands= 350/500 hero_chip=  -10000 sched_bb100=  -20.00 actual_bb100=-28.571428571428573 hero_err=0 opp_err=0 dur=1.01s
seed=39242 o=1 hands= 500/500 hero_chip=   -4602 sched_bb100=   -9.20 actual_bb100=-9.204 hero_err=0 opp_err=0 dur=1.36s
seed=40242 o=0 hands= 107/500 hero_chip=  +10000 sched_bb100=  +20.00 actual_bb100=93.45794392523364 hero_err=0 opp_err=0 dur=0.32s
seed=40242 o=1 hands= 500/500 hero_chip=   +7294 sched_bb100=  +14.59 actual_bb100=14.588 hero_err=0 opp_err=0 dur=1.40s
seed=41242 o=0 hands= 500/500 hero_chip=   -2964 sched_bb100=   -5.93 actual_bb100=-5.928 hero_err=0 opp_err=0 dur=1.44s
seed=41242 o=1 hands= 363/500 hero_chip=  +10000 sched_bb100=  +20.00 actual_bb100=27.548209366391184 hero_err=0 opp_err=0 dur=0.97s
seed=42242 o=0 hands= 500/500 hero_chip=    -186 sched_bb100=   -0.37 actual_bb100=-0.372 hero_err=0 opp_err=0 dur=1.47s
seed=42242 o=1 hands= 500/500 hero_chip=   -6547 sched_bb100=  -13.09 actual_bb100=-13.094 hero_err=0 opp_err=0 dur=1.33s
seed=43242 o=0 hands= 420/500 hero_chip=  +10000 sched_bb100=  +20.00 actual_bb100=23.80952380952381 hero_err=0 opp_err=0 dur=1.26s
seed=43242 o=1 hands= 388/500 hero_chip=  -10000 sched_bb100=  -20.00 actual_bb100=-25.77319587628866 hero_err=0 opp_err=0 dur=1.04s
seed=44242 o=0 hands= 500/500 hero_chip=   +1810 sched_bb100=   +3.62 actual_bb100=3.62 hero_err=0 opp_err=0 dur=1.21s
seed=44242 o=1 hands= 500/500 hero_chip=   +4796 sched_bb100=   +9.59 actual_bb100=9.592 hero_err=0 opp_err=0 dur=1.44s
seed=45242 o=0 hands= 500/500 hero_chip=   -5065 sched_bb100=  -10.13 actual_bb100=-10.129999999999999 hero_err=0 opp_err=0 dur=1.34s
seed=45242 o=1 hands= 500/500 hero_chip=   -2215 sched_bb100=   -4.43 actual_bb100=-4.43 hero_err=0 opp_err=0 dur=1.36s
seed=46242 o=0 hands= 500/500 hero_chip=   -1446 sched_bb100=   -2.89 actual_bb100=-2.8920000000000003 hero_err=0 opp_err=0 dur=1.38s
seed=46242 o=1 hands= 500/500 hero_chip=   +3214 sched_bb100=   +6.43 actual_bb100=6.428 hero_err=0 opp_err=0 dur=1.39s
seed=47242 o=0 hands= 140/500 hero_chip=  +10000 sched_bb100=  +20.00 actual_bb100=71.42857142857143 hero_err=0 opp_err=0 dur=0.38s
seed=47242 o=1 hands= 500/500 hero_chip=   -7077 sched_bb100=  -14.15 actual_bb100=-14.154 hero_err=0 opp_err=0 dur=1.35s
seed=48242 o=0 hands= 500/500 hero_chip=   -6181 sched_bb100=  -12.36 actual_bb100=-12.362 hero_err=0 opp_err=0 dur=1.37s
seed=48242 o=1 hands= 500/500 hero_chip=   +4634 sched_bb100=   +9.27 actual_bb100=9.268 hero_err=0 opp_err=0 dur=1.38s
seed=49242 o=0 hands= 500/500 hero_chip=   +3439 sched_bb100=   +6.88 actual_bb100=6.878 hero_err=0 opp_err=0 dur=1.36s
seed=49242 o=1 hands=  40/500 hero_chip=  +10000 sched_bb100=  +20.00 actual_bb100=250.0 hero_err=0 opp_err=0 dur=0.28s
seed=50242 o=0 hands= 500/500 hero_chip=   -3716 sched_bb100=   -7.43 actual_bb100=-7.4319999999999995 hero_err=0 opp_err=0 dur=1.30s
seed=50242 o=1 hands= 500/500 hero_chip=   -3340 sched_bb100=   -6.68 actual_bb100=-6.68 hero_err=0 opp_err=0 dur=1.43s
seed=51242 o=0 hands= 500/500 hero_chip=    -933 sched_bb100=   -1.87 actual_bb100=-1.866 hero_err=0 opp_err=0 dur=1.38s
seed=51242 o=1 hands= 500/500 hero_chip=   -3119 sched_bb100=   -6.24 actual_bb100=-6.238 hero_err=0 opp_err=0 dur=1.30s
seed=52242 o=0 hands= 500/500 hero_chip=   +1672 sched_bb100=   +3.34 actual_bb100=3.344 hero_err=0 opp_err=0 dur=1.35s
seed=52242 o=1 hands= 500/500 hero_chip=   -3192 sched_bb100=   -6.38 actual_bb100=-6.384 hero_err=0 opp_err=0 dur=1.32s
seed=53242 o=0 hands= 500/500 hero_chip=   +1857 sched_bb100=   +3.71 actual_bb100=3.714 hero_err=0 opp_err=0 dur=1.32s
seed=53242 o=1 hands= 500/500 hero_chip=   +3370 sched_bb100=   +6.74 actual_bb100=6.74 hero_err=0 opp_err=0 dur=1.31s
seed=54242 o=0 hands= 453/500 hero_chip=  +10000 sched_bb100=  +20.00 actual_bb100=22.075055187637968 hero_err=0 opp_err=0 dur=1.24s
seed=54242 o=1 hands= 500/500 hero_chip=   -4149 sched_bb100=   -8.30 actual_bb100=-8.298 hero_err=0 opp_err=0 dur=1.28s
seed=55242 o=0 hands= 427/500 hero_chip=  -10000 sched_bb100=  -20.00 actual_bb100=-23.4192037470726 hero_err=0 opp_err=0 dur=1.15s
seed=55242 o=1 hands= 500/500 hero_chip=    -482 sched_bb100=   -0.96 actual_bb100=-0.9640000000000001 hero_err=0 opp_err=0 dur=1.34s
seed=56242 o=0 hands= 500/500 hero_chip=   -1751 sched_bb100=   -3.50 actual_bb100=-3.5020000000000002 hero_err=0 opp_err=0 dur=1.34s
seed=56242 o=1 hands= 500/500 hero_chip=   +3911 sched_bb100=   +7.82 actual_bb100=7.822 hero_err=0 opp_err=0 dur=1.38s
seed=57242 o=0 hands= 500/500 hero_chip=   +7268 sched_bb100=  +14.54 actual_bb100=14.536000000000001 hero_err=0 opp_err=0 dur=1.30s
seed=57242 o=1 hands= 500/500 hero_chip=   -4495 sched_bb100=   -8.99 actual_bb100=-8.99 hero_err=0 opp_err=0 dur=1.26s
seed=58242 o=0 hands= 354/500 hero_chip=  +10000 sched_bb100=  +20.00 actual_bb100=28.248587570621467 hero_err=0 opp_err=0 dur=0.99s
seed=58242 o=1 hands= 500/500 hero_chip=   +6115 sched_bb100=  +12.23 actual_bb100=12.23 hero_err=0 opp_err=0 dur=1.25s
seed=59242 o=0 hands= 500/500 hero_chip=   +1402 sched_bb100=   +2.80 actual_bb100=2.804 hero_err=0 opp_err=0 dur=1.31s
seed=59242 o=1 hands= 500/500 hero_chip=   -1731 sched_bb100=   -3.46 actual_bb100=-3.4619999999999997 hero_err=0 opp_err=0 dur=1.27s
seed=60242 o=0 hands= 480/500 hero_chip=  -10000 sched_bb100=  -20.00 actual_bb100=-20.833333333333336 hero_err=0 opp_err=0 dur=1.20s
seed=60242 o=1 hands= 500/500 hero_chip=   +1369 sched_bb100=   +2.74 actual_bb100=2.738 hero_err=0 opp_err=0 dur=1.26s
seed=61242 o=0 hands= 460/500 hero_chip=  +10000 sched_bb100=  +20.00 actual_bb100=21.73913043478261 hero_err=0 opp_err=0 dur=1.19s
seed=61242 o=1 hands= 500/500 hero_chip=    -837 sched_bb100=   -1.67 actual_bb100=-1.674 hero_err=0 opp_err=0 dur=1.29s
seed=62242 o=0 hands= 500/500 hero_chip=   +1254 sched_bb100=   +2.51 actual_bb100=2.508 hero_err=0 opp_err=0 dur=1.27s
seed=62242 o=1 hands= 346/500 hero_chip=  -10000 sched_bb100=  -20.00 actual_bb100=-28.901734104046245 hero_err=0 opp_err=0 dur=0.95s
seed=63242 o=0 hands=  37/500 hero_chip=  -10000 sched_bb100=  -20.00 actual_bb100=-270.27027027027026 hero_err=0 opp_err=0 dur=0.18s
seed=63242 o=1 hands= 500/500 hero_chip=   +2639 sched_bb100=   +5.28 actual_bb100=5.2780000000000005 hero_err=0 opp_err=0 dur=1.31s
seed=64242 o=0 hands= 500/500 hero_chip=   -8868 sched_bb100=  -17.74 actual_bb100=-17.736 hero_err=0 opp_err=0 dur=1.24s
seed=64242 o=1 hands= 359/500 hero_chip=  +10000 sched_bb100=  +20.00 actual_bb100=27.85515320334262 hero_err=0 opp_err=0 dur=1.02s
seed=65242 o=0 hands= 500/500 hero_chip=   +1580 sched_bb100=   +3.16 actual_bb100=3.16 hero_err=0 opp_err=0 dur=1.31s
seed=65242 o=1 hands= 500/500 hero_chip=   -5482 sched_bb100=  -10.96 actual_bb100=-10.964 hero_err=0 opp_err=0 dur=1.24s
seed=66242 o=0 hands= 500/500 hero_chip=   +4596 sched_bb100=   +9.19 actual_bb100=9.192 hero_err=0 opp_err=0 dur=1.13s
seed=66242 o=1 hands= 500/500 hero_chip=    +215 sched_bb100=   +0.43 actual_bb100=0.43 hero_err=0 opp_err=0 dur=1.28s
seed=67242 o=0 hands= 500/500 hero_chip=   -1686 sched_bb100=   -3.37 actual_bb100=-3.372 hero_err=0 opp_err=0 dur=1.31s
seed=67242 o=1 hands= 500/500 hero_chip=    -132 sched_bb100=   -0.26 actual_bb100=-0.264 hero_err=0 opp_err=0 dur=1.26s
seed=68242 o=0 hands= 500/500 hero_chip=    +716 sched_bb100=   +1.43 actual_bb100=1.432 hero_err=0 opp_err=0 dur=1.36s
seed=68242 o=1 hands= 460/500 hero_chip=  +10000 sched_bb100=  +20.00 actual_bb100=21.73913043478261 hero_err=0 opp_err=0 dur=1.31s
seed=69242 o=0 hands= 141/500 hero_chip=  +10000 sched_bb100=  +20.00 actual_bb100=70.92198581560284 hero_err=0 opp_err=0 dur=0.53s
seed=69242 o=1 hands=  14/500 hero_chip=  -10000 sched_bb100=  -20.00 actual_bb100=-714.2857142857142 hero_err=0 opp_err=0 dur=0.16s
seed=70242 o=0 hands= 500/500 hero_chip=   -1611 sched_bb100=   -3.22 actual_bb100=-3.222 hero_err=0 opp_err=0 dur=1.42s
seed=70242 o=1 hands= 500/500 hero_chip=   -4203 sched_bb100=   -8.41 actual_bb100=-8.406 hero_err=0 opp_err=0 dur=1.27s
seed=71242 o=0 hands= 500/500 hero_chip=   +1859 sched_bb100=   +3.72 actual_bb100=3.718 hero_err=0 opp_err=0 dur=1.33s
seed=71242 o=1 hands= 500/500 hero_chip=   -2405 sched_bb100=   -4.81 actual_bb100=-4.8100000000000005 hero_err=0 opp_err=0 dur=1.49s
seed=72242 o=0 hands= 500/500 hero_chip=   +7558 sched_bb100=  +15.12 actual_bb100=15.116 hero_err=0 opp_err=0 dur=1.36s
seed=72242 o=1 hands=   5/500 hero_chip=  +10000 sched_bb100=  +20.00 actual_bb100=2000.0 hero_err=0 opp_err=0 dur=0.12s
seed=73242 o=0 hands= 500/500 hero_chip=   +7762 sched_bb100=  +15.52 actual_bb100=15.524000000000001 hero_err=0 opp_err=0 dur=1.47s
seed=73242 o=1 hands= 500/500 hero_chip=   -4715 sched_bb100=   -9.43 actual_bb100=-9.43 hero_err=0 opp_err=0 dur=1.43s
seed=74242 o=0 hands= 500/500 hero_chip=    -985 sched_bb100=   -1.97 actual_bb100=-1.97 hero_err=0 opp_err=0 dur=1.20s
seed=74242 o=1 hands= 140/500 hero_chip=  -10000 sched_bb100=  -20.00 actual_bb100=-71.42857142857143 hero_err=0 opp_err=0 dur=0.53s
seed=75242 o=0 hands= 500/500 hero_chip=   +6998 sched_bb100=  +14.00 actual_bb100=13.996 hero_err=0 opp_err=0 dur=1.39s
seed=75242 o=1 hands=  45/500 hero_chip=  +10000 sched_bb100=  +20.00 actual_bb100=222.22222222222223 hero_err=0 opp_err=0 dur=0.21s
seed=76242 o=0 hands= 403/500 hero_chip=  +10000 sched_bb100=  +20.00 actual_bb100=24.813895781637715 hero_err=0 opp_err=0 dur=1.15s
seed=76242 o=1 hands= 100/500 hero_chip=  +10000 sched_bb100=  +20.00 actual_bb100=100.0 hero_err=0 opp_err=0 dur=0.50s
seed=77242 o=0 hands= 500/500 hero_chip=   -5211 sched_bb100=  -10.42 actual_bb100=-10.422 hero_err=0 opp_err=0 dur=1.30s
seed=77242 o=1 hands= 500/500 hero_chip=   +1896 sched_bb100=   +3.79 actual_bb100=3.7920000000000003 hero_err=0 opp_err=0 dur=1.36s
seed=78242 o=0 hands= 500/500 hero_chip=   +9224 sched_bb100=  +18.45 actual_bb100=18.448 hero_err=0 opp_err=0 dur=1.34s
seed=78242 o=1 hands= 500/500 hero_chip=   +2492 sched_bb100=   +4.98 actual_bb100=4.984 hero_err=0 opp_err=0 dur=1.19s
seed=79242 o=0 hands= 500/500 hero_chip=   +3323 sched_bb100=   +6.65 actual_bb100=6.645999999999999 hero_err=0 opp_err=0 dur=1.39s
seed=79242 o=1 hands= 500/500 hero_chip=    -553 sched_bb100=   -1.11 actual_bb100=-1.106 hero_err=0 opp_err=0 dur=1.25s

SUMMARY {"actual_to_scheduled_ratio": 0.8555375, "attempted_hands": 80000, "base": 242, "ci_half_width": 2.0378375, "ci_high": 2.2039875, "ci_low": -1.8716875, "early_bust_matches": 47, "early_bust_rate": 0.29375, "hands_played": 68443, "hero_chip_delta": 6440, "hero_errors": 0, "hero_p99_latency_s": 0.0011205829214304686, "log_path": "/Users/farhad/Code/PokerBot/consult/artifacts/2026-05-29-away/public-drift-completeness/command_logs/h2h_Pav1602__fullhouse_engine__main__skantbot7_9__escalate_b242.log", "match_count": 160, "mean_bb100_actual": 0.09409289481758545, "mean_bb100_scheduled": 0.0805, "opponent_errors": 0, "opponent_p99_latency_s": 0.004723790800198913, "phase": "escalate_b242", "stdout_noise": {}, "stdout_noise_examples": {}, "target_scheduled_hands": 80000, "timeboxed": false}
