H2H triage_b142 2026-05-29T16:16:34Z
repo=TobyCoad/fullhouse-engine branch=main bot=bots/random_bot/bot.py
hero=/Users/farhad/Code/PokerBot/submissions/v_final.zip sha256=e4b4a8f11f801ecef2eca53629241e83cc9bace8ec74004f19368375f22d9598
opponent_zip=/Users/farhad/Code/PokerBot/consult/artifacts/2026-05-29-away/public-drift-completeness/opponent_zips/TobyCoad__fullhouse_engine__main__random_bot.zip sha256=cf9f00e6c3611fc9e4ed772e63960ab8839573669fb6c81ce97c2fa45860617f
target_scheduled_hands=20000 base=142 match_len=500 seed_stride=1000
seed=142 o=0 hands=  27/500 hero_chip=  -10000 sched_bb100=  -20.00 actual_bb100=-370.3703703703703 hero_err=0 opp_err=0 dur=0.17s
seed=142 o=1 hands=  41/500 hero_chip=  +10000 sched_bb100=  +20.00 actual_bb100=243.90243902439025 hero_err=0 opp_err=0 dur=0.31s
seed=1142 o=0 hands=  76/500 hero_chip=  +10000 sched_bb100=  +20.00 actual_bb100=131.57894736842104 hero_err=0 opp_err=0 dur=0.33s
seed=1142 o=1 hands=  37/500 hero_chip=  +10000 sched_bb100=  +20.00 actual_bb100=270.27027027027026 hero_err=0 opp_err=0 dur=0.18s
seed=2142 o=0 hands=  22/500 hero_chip=  +10000 sched_bb100=  +20.00 actual_bb100=454.54545454545456 hero_err=0 opp_err=0 dur=0.15s
seed=2142 o=1 hands=   3/500 hero_chip=  -10000 sched_bb100=  -20.00 actual_bb100=-3333.3333333333335 hero_err=0 opp_err=0 dur=0.12s
seed=3142 o=0 hands= 121/500 hero_chip=  +10000 sched_bb100=  +20.00 actual_bb100=82.64462809917356 hero_err=0 opp_err=0 dur=0.22s
seed=3142 o=1 hands=  34/500 hero_chip=  +10000 sched_bb100=  +20.00 actual_bb100=294.11764705882354 hero_err=0 opp_err=0 dur=0.27s
seed=4142 o=0 hands=  10/500 hero_chip=  +10000 sched_bb100=  +20.00 actual_bb100=1000.0 hero_err=0 opp_err=0 dur=0.16s
seed=4142 o=1 hands=   5/500 hero_chip=  -10000 sched_bb100=  -20.00 actual_bb100=-2000.0 hero_err=0 opp_err=0 dur=0.12s
seed=5142 o=0 hands=  78/500 hero_chip=  +10000 sched_bb100=  +20.00 actual_bb100=128.2051282051282 hero_err=0 opp_err=0 dur=0.33s
seed=5142 o=1 hands=  57/500 hero_chip=  +10000 sched_bb100=  +20.00 actual_bb100=175.43859649122808 hero_err=0 opp_err=0 dur=0.17s
seed=6142 o=0 hands=   3/500 hero_chip=  +10000 sched_bb100=  +20.00 actual_bb100=3333.3333333333335 hero_err=0 opp_err=0 dur=0.12s
seed=6142 o=1 hands=   2/500 hero_chip=  -10000 sched_bb100=  -20.00 actual_bb100=-5000.0 hero_err=0 opp_err=0 dur=0.17s
seed=7142 o=0 hands=   6/500 hero_chip=  -10000 sched_bb100=  -20.00 actual_bb100=-1666.6666666666667 hero_err=0 opp_err=0 dur=0.15s
seed=7142 o=1 hands=  69/500 hero_chip=  -10000 sched_bb100=  -20.00 actual_bb100=-144.92753623188406 hero_err=0 opp_err=0 dur=0.31s
seed=8142 o=0 hands=  39/500 hero_chip=  +10000 sched_bb100=  +20.00 actual_bb100=256.4102564102564 hero_err=0 opp_err=0 dur=0.28s
seed=8142 o=1 hands=  16/500 hero_chip=  -10000 sched_bb100=  -20.00 actual_bb100=-625.0 hero_err=0 opp_err=0 dur=0.15s
seed=9142 o=0 hands=   7/500 hero_chip=  +10000 sched_bb100=  +20.00 actual_bb100=1428.5714285714284 hero_err=0 opp_err=0 dur=0.14s
seed=9142 o=1 hands=  18/500 hero_chip=  +10000 sched_bb100=  +20.00 actual_bb100=555.5555555555555 hero_err=0 opp_err=0 dur=0.14s
seed=10142 o=0 hands=  30/500 hero_chip=  -10000 sched_bb100=  -20.00 actual_bb100=-333.33333333333337 hero_err=0 opp_err=0 dur=0.20s
seed=10142 o=1 hands=   2/500 hero_chip=  +10000 sched_bb100=  +20.00 actual_bb100=5000.0 hero_err=0 opp_err=0 dur=0.15s
seed=11142 o=0 hands=   7/500 hero_chip=  -10000 sched_bb100=  -20.00 actual_bb100=-1428.5714285714284 hero_err=0 opp_err=0 dur=0.12s
seed=11142 o=1 hands= 102/500 hero_chip=  +10000 sched_bb100=  +20.00 actual_bb100=98.0392156862745 hero_err=0 opp_err=0 dur=0.34s
seed=12142 o=0 hands=  22/500 hero_chip=  -10000 sched_bb100=  -20.00 actual_bb100=-454.54545454545456 hero_err=0 opp_err=0 dur=0.15s
seed=12142 o=1 hands=  20/500 hero_chip=  +10000 sched_bb100=  +20.00 actual_bb100=500.0 hero_err=0 opp_err=0 dur=0.16s
seed=13142 o=0 hands=  27/500 hero_chip=  +10000 sched_bb100=  +20.00 actual_bb100=370.3703703703703 hero_err=0 opp_err=0 dur=0.13s
seed=13142 o=1 hands=  36/500 hero_chip=  +10000 sched_bb100=  +20.00 actual_bb100=277.77777777777777 hero_err=0 opp_err=0 dur=0.21s
seed=14142 o=0 hands=  10/500 hero_chip=  -10000 sched_bb100=  -20.00 actual_bb100=-1000.0 hero_err=0 opp_err=0 dur=0.14s
seed=14142 o=1 hands=  14/500 hero_chip=  -10000 sched_bb100=  -20.00 actual_bb100=-714.2857142857142 hero_err=0 opp_err=0 dur=0.17s
seed=15142 o=0 hands=  22/500 hero_chip=  +10000 sched_bb100=  +20.00 actual_bb100=454.54545454545456 hero_err=0 opp_err=0 dur=0.14s
seed=15142 o=1 hands=  55/500 hero_chip=  +10000 sched_bb100=  +20.00 actual_bb100=181.8181818181818 hero_err=0 opp_err=0 dur=0.30s
seed=16142 o=0 hands=  10/500 hero_chip=  -10000 sched_bb100=  -20.00 actual_bb100=-1000.0 hero_err=0 opp_err=0 dur=0.11s
seed=16142 o=1 hands=  17/500 hero_chip=  +10000 sched_bb100=  +20.00 actual_bb100=588.2352941176471 hero_err=0 opp_err=0 dur=0.15s
seed=17142 o=0 hands=  10/500 hero_chip=  +10000 sched_bb100=  +20.00 actual_bb100=1000.0 hero_err=0 opp_err=0 dur=0.12s
seed=17142 o=1 hands=  11/500 hero_chip=  -10000 sched_bb100=  -20.00 actual_bb100=-909.0909090909091 hero_err=0 opp_err=0 dur=0.16s
seed=18142 o=0 hands=   3/500 hero_chip=  -10000 sched_bb100=  -20.00 actual_bb100=-3333.3333333333335 hero_err=0 opp_err=0 dur=0.12s
seed=18142 o=1 hands=   9/500 hero_chip=  +10000 sched_bb100=  +20.00 actual_bb100=1111.111111111111 hero_err=0 opp_err=0 dur=0.13s
seed=19142 o=0 hands=  22/500 hero_chip=  +10000 sched_bb100=  +20.00 actual_bb100=454.54545454545456 hero_err=0 opp_err=0 dur=0.13s
seed=19142 o=1 hands=  12/500 hero_chip=  -10000 sched_bb100=  -20.00 actual_bb100=-833.3333333333334 hero_err=0 opp_err=0 dur=0.12s

SUMMARY {"actual_to_scheduled_ratio": 0.0556, "attempted_hands": 20000, "base": 142, "ci_half_width": 5.0, "ci_high": 9.0, "ci_low": -1.0, "early_bust_matches": 40, "early_bust_rate": 1.0, "hands_played": 1112, "hero_chip_delta": 80000, "hero_errors": 0, "hero_p99_latency_s": 0.007418124936521053, "log_path": "/Users/farhad/Code/PokerBot/consult/artifacts/2026-05-29-away/public-drift-completeness/command_logs/h2h_TobyCoad__fullhouse_engine__main__random_bot__triage_b142.log", "match_count": 40, "mean_bb100_actual": 71.94244604316548, "mean_bb100_scheduled": 4.0, "opponent_errors": 0, "opponent_p99_latency_s": 0.005112833110615611, "phase": "triage_b142", "stdout_noise": {}, "stdout_noise_examples": {}, "target_scheduled_hands": 20000, "timeboxed": false}
