H2H escalate_b242 2026-05-29T15:44:59Z
repo=Pav1602/fullhouse-engine branch=main bot=bots/skantbot7.1/bot.py
hero=/Users/farhad/Code/PokerBot/submissions/v_final.zip sha256=e4b4a8f11f801ecef2eca53629241e83cc9bace8ec74004f19368375f22d9598
opponent_zip=/Users/farhad/Code/PokerBot/consult/artifacts/2026-05-29-away/public-drift-completeness/opponent_zips/Pav1602__fullhouse_engine__main__skantbot7_1.zip sha256=bbd11bf529ff5e4e4ac1509196a8f785a255aec70029d7fc56e45077b074773f
target_scheduled_hands=80000 base=242 match_len=500 seed_stride=1000
seed=242 o=0 hands= 118/500 hero_chip=  +10000 sched_bb100=  +20.00 actual_bb100=84.74576271186442 hero_err=0 opp_err=0 dur=0.95s
seed=242 o=1 hands= 500/500 hero_chip=   +5767 sched_bb100=  +11.53 actual_bb100=11.534 hero_err=0 opp_err=0 dur=2.30s
seed=1242 o=0 hands= 163/500 hero_chip=  -10000 sched_bb100=  -20.00 actual_bb100=-61.34969325153374 hero_err=0 opp_err=0 dur=1.12s
seed=1242 o=1 hands=  46/500 hero_chip=  +10000 sched_bb100=  +20.00 actual_bb100=217.39130434782606 hero_err=0 opp_err=0 dur=0.24s
seed=2242 o=0 hands= 195/500 hero_chip=  +10000 sched_bb100=  +20.00 actual_bb100=51.282051282051285 hero_err=0 opp_err=0 dur=1.23s
seed=2242 o=1 hands= 196/500 hero_chip=  -10000 sched_bb100=  -20.00 actual_bb100=-51.02040816326531 hero_err=0 opp_err=0 dur=1.27s
seed=3242 o=0 hands=  61/500 hero_chip=  +10000 sched_bb100=  +20.00 actual_bb100=163.9344262295082 hero_err=0 opp_err=0 dur=0.68s
seed=3242 o=1 hands= 130/500 hero_chip=  -10000 sched_bb100=  -20.00 actual_bb100=-76.92307692307692 hero_err=0 opp_err=0 dur=0.93s
seed=4242 o=0 hands= 177/500 hero_chip=  +10000 sched_bb100=  +20.00 actual_bb100=56.497175141242934 hero_err=0 opp_err=0 dur=1.28s
seed=4242 o=1 hands= 284/500 hero_chip=  +10000 sched_bb100=  +20.00 actual_bb100=35.21126760563381 hero_err=0 opp_err=0 dur=1.81s
seed=5242 o=0 hands= 244/500 hero_chip=  -10000 sched_bb100=  -20.00 actual_bb100=-40.98360655737705 hero_err=0 opp_err=0 dur=1.57s
seed=5242 o=1 hands= 115/500 hero_chip=  +10000 sched_bb100=  +20.00 actual_bb100=86.95652173913044 hero_err=0 opp_err=0 dur=0.84s
seed=6242 o=0 hands= 296/500 hero_chip=  +10000 sched_bb100=  +20.00 actual_bb100=33.78378378378378 hero_err=0 opp_err=0 dur=1.96s
seed=6242 o=1 hands=  83/500 hero_chip=  -10000 sched_bb100=  -20.00 actual_bb100=-120.48192771084338 hero_err=0 opp_err=0 dur=0.68s
seed=7242 o=0 hands=  97/500 hero_chip=  -10000 sched_bb100=  -20.00 actual_bb100=-103.09278350515464 hero_err=0 opp_err=0 dur=0.78s
seed=7242 o=1 hands=  59/500 hero_chip=  -10000 sched_bb100=  -20.00 actual_bb100=-169.49152542372883 hero_err=0 opp_err=0 dur=0.51s
seed=8242 o=0 hands= 101/500 hero_chip=  +10000 sched_bb100=  +20.00 actual_bb100=99.00990099009901 hero_err=0 opp_err=0 dur=0.79s
seed=8242 o=1 hands=  80/500 hero_chip=  -10000 sched_bb100=  -20.00 actual_bb100=-125.0 hero_err=0 opp_err=0 dur=0.63s
seed=9242 o=0 hands= 229/500 hero_chip=  +10000 sched_bb100=  +20.00 actual_bb100=43.66812227074236 hero_err=0 opp_err=0 dur=1.45s
seed=9242 o=1 hands= 340/500 hero_chip=  -10000 sched_bb100=  -20.00 actual_bb100=-29.411764705882355 hero_err=0 opp_err=0 dur=2.24s
seed=10242 o=0 hands= 232/500 hero_chip=  -10000 sched_bb100=  -20.00 actual_bb100=-43.10344827586207 hero_err=0 opp_err=0 dur=1.50s
seed=10242 o=1 hands= 133/500 hero_chip=  +10000 sched_bb100=  +20.00 actual_bb100=75.18796992481202 hero_err=0 opp_err=0 dur=1.00s
seed=11242 o=0 hands= 100/500 hero_chip=  +10000 sched_bb100=  +20.00 actual_bb100=100.0 hero_err=0 opp_err=0 dur=0.73s
seed=11242 o=1 hands= 446/500 hero_chip=  +10000 sched_bb100=  +20.00 actual_bb100=22.42152466367713 hero_err=0 opp_err=0 dur=2.90s
seed=12242 o=0 hands= 122/500 hero_chip=  +10000 sched_bb100=  +20.00 actual_bb100=81.9672131147541 hero_err=0 opp_err=0 dur=0.77s
seed=12242 o=1 hands=  27/500 hero_chip=  -10000 sched_bb100=  -20.00 actual_bb100=-370.3703703703703 hero_err=0 opp_err=0 dur=0.19s
seed=13242 o=0 hands= 178/500 hero_chip=  +10000 sched_bb100=  +20.00 actual_bb100=56.17977528089887 hero_err=0 opp_err=0 dur=1.04s
seed=13242 o=1 hands= 145/500 hero_chip=  -10000 sched_bb100=  -20.00 actual_bb100=-68.96551724137932 hero_err=0 opp_err=0 dur=1.00s
seed=14242 o=0 hands= 163/500 hero_chip=  -10000 sched_bb100=  -20.00 actual_bb100=-61.34969325153374 hero_err=0 opp_err=0 dur=1.04s
seed=14242 o=1 hands= 144/500 hero_chip=  -10000 sched_bb100=  -20.00 actual_bb100=-69.44444444444444 hero_err=0 opp_err=0 dur=0.83s
seed=15242 o=0 hands= 117/500 hero_chip=  -10000 sched_bb100=  -20.00 actual_bb100=-85.47008547008548 hero_err=0 opp_err=0 dur=0.89s
seed=15242 o=1 hands=  73/500 hero_chip=  -10000 sched_bb100=  -20.00 actual_bb100=-136.986301369863 hero_err=0 opp_err=0 dur=0.30s
seed=16242 o=0 hands=  67/500 hero_chip=  +10000 sched_bb100=  +20.00 actual_bb100=149.25373134328356 hero_err=0 opp_err=0 dur=0.56s
seed=16242 o=1 hands= 142/500 hero_chip=  -10000 sched_bb100=  -20.00 actual_bb100=-70.42253521126761 hero_err=0 opp_err=0 dur=0.85s
seed=17242 o=0 hands= 178/500 hero_chip=  +10000 sched_bb100=  +20.00 actual_bb100=56.17977528089887 hero_err=0 opp_err=0 dur=1.21s
seed=17242 o=1 hands=  13/500 hero_chip=  -10000 sched_bb100=  -20.00 actual_bb100=-769.2307692307692 hero_err=0 opp_err=0 dur=0.16s
seed=18242 o=0 hands=  61/500 hero_chip=  -10000 sched_bb100=  -20.00 actual_bb100=-163.9344262295082 hero_err=0 opp_err=0 dur=0.66s
seed=18242 o=1 hands= 331/500 hero_chip=  +10000 sched_bb100=  +20.00 actual_bb100=30.211480362537763 hero_err=0 opp_err=0 dur=2.25s
seed=19242 o=0 hands=  71/500 hero_chip=  -10000 sched_bb100=  -20.00 actual_bb100=-140.84507042253523 hero_err=0 opp_err=0 dur=0.69s
seed=19242 o=1 hands=  99/500 hero_chip=  +10000 sched_bb100=  +20.00 actual_bb100=101.01010101010101 hero_err=0 opp_err=0 dur=0.83s
seed=20242 o=0 hands= 200/500 hero_chip=  +10000 sched_bb100=  +20.00 actual_bb100=50.0 hero_err=0 opp_err=0 dur=1.11s
seed=20242 o=1 hands= 172/500 hero_chip=  -10000 sched_bb100=  -20.00 actual_bb100=-58.139534883720934 hero_err=0 opp_err=0 dur=1.03s
seed=21242 o=0 hands= 500/500 hero_chip=   -6439 sched_bb100=  -12.88 actual_bb100=-12.878 hero_err=0 opp_err=0 dur=3.12s
seed=21242 o=1 hands= 122/500 hero_chip=  +10000 sched_bb100=  +20.00 actual_bb100=81.9672131147541 hero_err=0 opp_err=0 dur=0.92s
seed=22242 o=0 hands= 253/500 hero_chip=  -10000 sched_bb100=  -20.00 actual_bb100=-39.52569169960475 hero_err=0 opp_err=0 dur=1.73s
seed=22242 o=1 hands=  80/500 hero_chip=  +10000 sched_bb100=  +20.00 actual_bb100=125.0 hero_err=0 opp_err=0 dur=0.68s
seed=23242 o=0 hands= 358/500 hero_chip=  +10000 sched_bb100=  +20.00 actual_bb100=27.932960893854748 hero_err=0 opp_err=0 dur=2.08s
seed=23242 o=1 hands= 192/500 hero_chip=  +10000 sched_bb100=  +20.00 actual_bb100=52.083333333333336 hero_err=0 opp_err=0 dur=1.36s
seed=24242 o=0 hands= 264/500 hero_chip=  +10000 sched_bb100=  +20.00 actual_bb100=37.878787878787875 hero_err=0 opp_err=0 dur=1.73s
seed=24242 o=1 hands= 500/500 hero_chip=   -5008 sched_bb100=  -10.02 actual_bb100=-10.016 hero_err=0 opp_err=0 dur=3.20s
seed=25242 o=0 hands= 251/500 hero_chip=  +10000 sched_bb100=  +20.00 actual_bb100=39.8406374501992 hero_err=0 opp_err=0 dur=1.83s
seed=25242 o=1 hands= 155/500 hero_chip=  +10000 sched_bb100=  +20.00 actual_bb100=64.51612903225806 hero_err=0 opp_err=0 dur=0.97s
seed=26242 o=0 hands= 175/500 hero_chip=  +10000 sched_bb100=  +20.00 actual_bb100=57.142857142857146 hero_err=0 opp_err=0 dur=1.29s
seed=26242 o=1 hands= 128/500 hero_chip=  -10000 sched_bb100=  -20.00 actual_bb100=-78.125 hero_err=0 opp_err=0 dur=1.02s
seed=27242 o=0 hands= 291/500 hero_chip=  -10000 sched_bb100=  -20.00 actual_bb100=-34.36426116838488 hero_err=0 opp_err=0 dur=2.10s
seed=27242 o=1 hands= 329/500 hero_chip=  -10000 sched_bb100=  -20.00 actual_bb100=-30.3951367781155 hero_err=0 opp_err=0 dur=2.31s
seed=28242 o=0 hands= 167/500 hero_chip=  +10000 sched_bb100=  +20.00 actual_bb100=59.880239520958085 hero_err=0 opp_err=0 dur=0.94s
seed=28242 o=1 hands= 294/500 hero_chip=  +10000 sched_bb100=  +20.00 actual_bb100=34.013605442176875 hero_err=0 opp_err=0 dur=1.77s
seed=29242 o=0 hands= 276/500 hero_chip=  -10000 sched_bb100=  -20.00 actual_bb100=-36.231884057971016 hero_err=0 opp_err=0 dur=2.02s
seed=29242 o=1 hands= 195/500 hero_chip=  +10000 sched_bb100=  +20.00 actual_bb100=51.282051282051285 hero_err=0 opp_err=0 dur=1.34s
seed=30242 o=0 hands= 330/500 hero_chip=  -10000 sched_bb100=  -20.00 actual_bb100=-30.303030303030305 hero_err=0 opp_err=0 dur=2.39s
seed=30242 o=1 hands= 297/500 hero_chip=  -10000 sched_bb100=  -20.00 actual_bb100=-33.67003367003367 hero_err=0 opp_err=0 dur=1.91s
seed=31242 o=0 hands=  95/500 hero_chip=  +10000 sched_bb100=  +20.00 actual_bb100=105.26315789473685 hero_err=0 opp_err=0 dur=0.61s
seed=31242 o=1 hands= 220/500 hero_chip=  -10000 sched_bb100=  -20.00 actual_bb100=-45.45454545454545 hero_err=0 opp_err=0 dur=1.01s
seed=32242 o=0 hands= 398/500 hero_chip=  +10000 sched_bb100=  +20.00 actual_bb100=25.12562814070352 hero_err=0 opp_err=0 dur=2.44s
seed=32242 o=1 hands= 500/500 hero_chip=   -1492 sched_bb100=   -2.98 actual_bb100=-2.984 hero_err=0 opp_err=0 dur=3.17s
seed=33242 o=0 hands= 371/500 hero_chip=  -10000 sched_bb100=  -20.00 actual_bb100=-26.954177897574123 hero_err=0 opp_err=0 dur=2.54s
seed=33242 o=1 hands=  64/500 hero_chip=  -10000 sched_bb100=  -20.00 actual_bb100=-156.25 hero_err=0 opp_err=0 dur=0.50s
seed=34242 o=0 hands=  54/500 hero_chip=  +10000 sched_bb100=  +20.00 actual_bb100=185.18518518518516 hero_err=0 opp_err=0 dur=0.60s
seed=34242 o=1 hands= 241/500 hero_chip=  -10000 sched_bb100=  -20.00 actual_bb100=-41.49377593360995 hero_err=0 opp_err=0 dur=1.46s
seed=35242 o=0 hands=  72/500 hero_chip=  +10000 sched_bb100=  +20.00 actual_bb100=138.88888888888889 hero_err=0 opp_err=0 dur=0.51s
seed=35242 o=1 hands= 161/500 hero_chip=  -10000 sched_bb100=  -20.00 actual_bb100=-62.11180124223602 hero_err=0 opp_err=0 dur=1.10s
seed=36242 o=0 hands=  30/500 hero_chip=  +10000 sched_bb100=  +20.00 actual_bb100=333.33333333333337 hero_err=0 opp_err=0 dur=0.37s
seed=36242 o=1 hands= 180/500 hero_chip=  -10000 sched_bb100=  -20.00 actual_bb100=-55.55555555555556 hero_err=0 opp_err=0 dur=0.80s
seed=37242 o=0 hands= 174/500 hero_chip=  -10000 sched_bb100=  -20.00 actual_bb100=-57.47126436781609 hero_err=0 opp_err=0 dur=1.05s
seed=37242 o=1 hands=  38/500 hero_chip=  +10000 sched_bb100=  +20.00 actual_bb100=263.1578947368421 hero_err=0 opp_err=0 dur=0.44s
seed=38242 o=0 hands=  53/500 hero_chip=  -10000 sched_bb100=  -20.00 actual_bb100=-188.67924528301887 hero_err=0 opp_err=0 dur=0.56s
seed=38242 o=1 hands= 140/500 hero_chip=  +10000 sched_bb100=  +20.00 actual_bb100=71.42857142857143 hero_err=0 opp_err=0 dur=1.03s
seed=39242 o=0 hands= 141/500 hero_chip=  -10000 sched_bb100=  -20.00 actual_bb100=-70.92198581560284 hero_err=0 opp_err=0 dur=1.07s
seed=39242 o=1 hands= 188/500 hero_chip=  +10000 sched_bb100=  +20.00 actual_bb100=53.19148936170213 hero_err=0 opp_err=0 dur=1.16s
seed=40242 o=0 hands= 344/500 hero_chip=  +10000 sched_bb100=  +20.00 actual_bb100=29.069767441860467 hero_err=0 opp_err=0 dur=2.21s
seed=40242 o=1 hands=  93/500 hero_chip=  -10000 sched_bb100=  -20.00 actual_bb100=-107.5268817204301 hero_err=0 opp_err=0 dur=0.71s
seed=41242 o=0 hands= 263/500 hero_chip=  -10000 sched_bb100=  -20.00 actual_bb100=-38.02281368821293 hero_err=0 opp_err=0 dur=1.87s
seed=41242 o=1 hands= 231/500 hero_chip=  +10000 sched_bb100=  +20.00 actual_bb100=43.290043290043286 hero_err=0 opp_err=0 dur=1.72s
seed=42242 o=0 hands=  91/500 hero_chip=  -10000 sched_bb100=  -20.00 actual_bb100=-109.89010989010988 hero_err=0 opp_err=0 dur=0.76s
seed=42242 o=1 hands= 110/500 hero_chip=  -10000 sched_bb100=  -20.00 actual_bb100=-90.9090909090909 hero_err=0 opp_err=0 dur=0.90s
seed=43242 o=0 hands=  95/500 hero_chip=  +10000 sched_bb100=  +20.00 actual_bb100=105.26315789473685 hero_err=0 opp_err=0 dur=0.54s
seed=43242 o=1 hands= 130/500 hero_chip=  -10000 sched_bb100=  -20.00 actual_bb100=-76.92307692307692 hero_err=0 opp_err=0 dur=0.92s
seed=44242 o=0 hands= 500/500 hero_chip=   -8270 sched_bb100=  -16.54 actual_bb100=-16.54 hero_err=0 opp_err=0 dur=2.98s
seed=44242 o=1 hands=  68/500 hero_chip=  -10000 sched_bb100=  -20.00 actual_bb100=-147.05882352941177 hero_err=0 opp_err=0 dur=0.62s
seed=45242 o=0 hands=  59/500 hero_chip=  -10000 sched_bb100=  -20.00 actual_bb100=-169.49152542372883 hero_err=0 opp_err=0 dur=0.55s
seed=45242 o=1 hands=  30/500 hero_chip=  -10000 sched_bb100=  -20.00 actual_bb100=-333.33333333333337 hero_err=0 opp_err=0 dur=0.42s
seed=46242 o=0 hands= 293/500 hero_chip=  +10000 sched_bb100=  +20.00 actual_bb100=34.129692832764505 hero_err=0 opp_err=0 dur=1.69s
seed=46242 o=1 hands= 150/500 hero_chip=  +10000 sched_bb100=  +20.00 actual_bb100=66.66666666666667 hero_err=0 opp_err=0 dur=1.27s
seed=47242 o=0 hands= 213/500 hero_chip=  +10000 sched_bb100=  +20.00 actual_bb100=46.948356807511736 hero_err=0 opp_err=0 dur=1.06s
seed=47242 o=1 hands= 455/500 hero_chip=  -10000 sched_bb100=  -20.00 actual_bb100=-21.978021978021978 hero_err=0 opp_err=0 dur=3.02s
seed=48242 o=0 hands=  95/500 hero_chip=  -10000 sched_bb100=  -20.00 actual_bb100=-105.26315789473685 hero_err=0 opp_err=0 dur=0.79s
seed=48242 o=1 hands= 298/500 hero_chip=  +10000 sched_bb100=  +20.00 actual_bb100=33.557046979865774 hero_err=0 opp_err=0 dur=2.01s
seed=49242 o=0 hands= 113/500 hero_chip=  -10000 sched_bb100=  -20.00 actual_bb100=-88.49557522123895 hero_err=0 opp_err=0 dur=0.86s
seed=49242 o=1 hands= 246/500 hero_chip=  +10000 sched_bb100=  +20.00 actual_bb100=40.65040650406504 hero_err=0 opp_err=0 dur=1.43s
seed=50242 o=0 hands= 297/500 hero_chip=  -10000 sched_bb100=  -20.00 actual_bb100=-33.67003367003367 hero_err=0 opp_err=0 dur=2.04s
seed=50242 o=1 hands= 252/500 hero_chip=  +10000 sched_bb100=  +20.00 actual_bb100=39.682539682539684 hero_err=0 opp_err=0 dur=1.51s
seed=51242 o=0 hands= 139/500 hero_chip=  -10000 sched_bb100=  -20.00 actual_bb100=-71.94244604316548 hero_err=0 opp_err=0 dur=1.05s
seed=51242 o=1 hands= 500/500 hero_chip=   +1050 sched_bb100=   +2.10 actual_bb100=2.1 hero_err=0 opp_err=0 dur=3.34s
seed=52242 o=0 hands= 500/500 hero_chip=   -4923 sched_bb100=   -9.85 actual_bb100=-9.846 hero_err=0 opp_err=0 dur=3.09s
seed=52242 o=1 hands= 311/500 hero_chip=  -10000 sched_bb100=  -20.00 actual_bb100=-32.154340836012864 hero_err=0 opp_err=0 dur=1.73s
seed=53242 o=0 hands= 500/500 hero_chip=   +3120 sched_bb100=   +6.24 actual_bb100=6.24 hero_err=0 opp_err=0 dur=2.89s
seed=53242 o=1 hands= 226/500 hero_chip=  +10000 sched_bb100=  +20.00 actual_bb100=44.247787610619476 hero_err=0 opp_err=0 dur=1.50s
seed=54242 o=0 hands= 500/500 hero_chip=   +2611 sched_bb100=   +5.22 actual_bb100=5.2219999999999995 hero_err=0 opp_err=0 dur=3.31s
seed=54242 o=1 hands=  76/500 hero_chip=  -10000 sched_bb100=  -20.00 actual_bb100=-131.57894736842104 hero_err=0 opp_err=0 dur=0.64s
seed=55242 o=0 hands= 336/500 hero_chip=  +10000 sched_bb100=  +20.00 actual_bb100=29.761904761904763 hero_err=0 opp_err=0 dur=2.12s
seed=55242 o=1 hands= 340/500 hero_chip=  -10000 sched_bb100=  -20.00 actual_bb100=-29.411764705882355 hero_err=0 opp_err=0 dur=2.39s
seed=56242 o=0 hands= 239/500 hero_chip=  -10000 sched_bb100=  -20.00 actual_bb100=-41.84100418410041 hero_err=0 opp_err=0 dur=1.49s
seed=56242 o=1 hands=  24/500 hero_chip=  -10000 sched_bb100=  -20.00 actual_bb100=-416.6666666666667 hero_err=0 opp_err=0 dur=0.17s
seed=57242 o=0 hands= 102/500 hero_chip=  -10000 sched_bb100=  -20.00 actual_bb100=-98.0392156862745 hero_err=0 opp_err=0 dur=0.72s
seed=57242 o=1 hands= 154/500 hero_chip=  -10000 sched_bb100=  -20.00 actual_bb100=-64.93506493506493 hero_err=0 opp_err=0 dur=1.21s
seed=58242 o=0 hands= 151/500 hero_chip=  +10000 sched_bb100=  +20.00 actual_bb100=66.2251655629139 hero_err=0 opp_err=0 dur=1.05s
seed=58242 o=1 hands= 450/500 hero_chip=  +10000 sched_bb100=  +20.00 actual_bb100=22.22222222222222 hero_err=0 opp_err=0 dur=2.82s
seed=59242 o=0 hands=  12/500 hero_chip=  -10000 sched_bb100=  -20.00 actual_bb100=-833.3333333333334 hero_err=0 opp_err=0 dur=0.16s
seed=59242 o=1 hands= 310/500 hero_chip=  -10000 sched_bb100=  -20.00 actual_bb100=-32.25806451612903 hero_err=0 opp_err=0 dur=1.99s
seed=60242 o=0 hands= 231/500 hero_chip=  -10000 sched_bb100=  -20.00 actual_bb100=-43.290043290043286 hero_err=0 opp_err=0 dur=1.57s
seed=60242 o=1 hands= 234/500 hero_chip=  +10000 sched_bb100=  +20.00 actual_bb100=42.73504273504274 hero_err=0 opp_err=0 dur=1.50s
seed=61242 o=0 hands= 123/500 hero_chip=  +10000 sched_bb100=  +20.00 actual_bb100=81.30081300813008 hero_err=0 opp_err=0 dur=0.81s
seed=61242 o=1 hands= 124/500 hero_chip=  -10000 sched_bb100=  -20.00 actual_bb100=-80.64516129032258 hero_err=0 opp_err=0 dur=0.93s
seed=62242 o=0 hands= 223/500 hero_chip=  +10000 sched_bb100=  +20.00 actual_bb100=44.84304932735426 hero_err=0 opp_err=0 dur=1.31s
seed=62242 o=1 hands= 341/500 hero_chip=  -10000 sched_bb100=  -20.00 actual_bb100=-29.325513196480937 hero_err=0 opp_err=0 dur=2.03s
seed=63242 o=0 hands=  81/500 hero_chip=  -10000 sched_bb100=  -20.00 actual_bb100=-123.45679012345678 hero_err=0 opp_err=0 dur=0.69s
seed=63242 o=1 hands=  38/500 hero_chip=  +10000 sched_bb100=  +20.00 actual_bb100=263.1578947368421 hero_err=0 opp_err=0 dur=0.49s
seed=64242 o=0 hands= 108/500 hero_chip=  +10000 sched_bb100=  +20.00 actual_bb100=92.59259259259258 hero_err=0 opp_err=0 dur=0.79s
seed=64242 o=1 hands= 214/500 hero_chip=  +10000 sched_bb100=  +20.00 actual_bb100=46.72897196261682 hero_err=0 opp_err=0 dur=1.23s
seed=65242 o=0 hands= 206/500 hero_chip=  +10000 sched_bb100=  +20.00 actual_bb100=48.543689320388346 hero_err=0 opp_err=0 dur=1.50s
seed=65242 o=1 hands= 500/500 hero_chip=   +4229 sched_bb100=   +8.46 actual_bb100=8.458 hero_err=0 opp_err=0 dur=2.97s
seed=66242 o=0 hands= 458/500 hero_chip=  +10000 sched_bb100=  +20.00 actual_bb100=21.83406113537118 hero_err=0 opp_err=0 dur=2.55s
seed=66242 o=1 hands=  38/500 hero_chip=  -10000 sched_bb100=  -20.00 actual_bb100=-263.1578947368421 hero_err=0 opp_err=0 dur=0.48s
seed=67242 o=0 hands=  73/500 hero_chip=  -10000 sched_bb100=  -20.00 actual_bb100=-136.986301369863 hero_err=0 opp_err=0 dur=0.64s
seed=67242 o=1 hands= 192/500 hero_chip=  -10000 sched_bb100=  -20.00 actual_bb100=-52.083333333333336 hero_err=0 opp_err=0 dur=1.28s
seed=68242 o=0 hands= 233/500 hero_chip=  -10000 sched_bb100=  -20.00 actual_bb100=-42.918454935622314 hero_err=0 opp_err=0 dur=1.45s
seed=68242 o=1 hands= 195/500 hero_chip=  +10000 sched_bb100=  +20.00 actual_bb100=51.282051282051285 hero_err=0 opp_err=0 dur=1.26s
seed=69242 o=0 hands=  67/500 hero_chip=  +10000 sched_bb100=  +20.00 actual_bb100=149.25373134328356 hero_err=0 opp_err=0 dur=0.48s
seed=69242 o=1 hands=  14/500 hero_chip=  -10000 sched_bb100=  -20.00 actual_bb100=-714.2857142857142 hero_err=0 opp_err=0 dur=0.15s
seed=70242 o=0 hands= 248/500 hero_chip=  +10000 sched_bb100=  +20.00 actual_bb100=40.32258064516129 hero_err=0 opp_err=0 dur=1.53s
seed=70242 o=1 hands=  91/500 hero_chip=  +10000 sched_bb100=  +20.00 actual_bb100=109.89010989010988 hero_err=0 opp_err=0 dur=0.79s
seed=71242 o=0 hands= 210/500 hero_chip=  +10000 sched_bb100=  +20.00 actual_bb100=47.61904761904762 hero_err=0 opp_err=0 dur=1.37s
seed=71242 o=1 hands= 153/500 hero_chip=  +10000 sched_bb100=  +20.00 actual_bb100=65.359477124183 hero_err=0 opp_err=0 dur=1.14s
seed=72242 o=0 hands= 165/500 hero_chip=  +10000 sched_bb100=  +20.00 actual_bb100=60.60606060606061 hero_err=0 opp_err=0 dur=1.07s
seed=72242 o=1 hands=   5/500 hero_chip=  +10000 sched_bb100=  +20.00 actual_bb100=2000.0 hero_err=0 opp_err=0 dur=0.17s
seed=73242 o=0 hands= 269/500 hero_chip=  -10000 sched_bb100=  -20.00 actual_bb100=-37.17472118959108 hero_err=0 opp_err=0 dur=1.76s
seed=73242 o=1 hands= 107/500 hero_chip=  +10000 sched_bb100=  +20.00 actual_bb100=93.45794392523364 hero_err=0 opp_err=0 dur=0.72s
seed=74242 o=0 hands= 136/500 hero_chip=  +10000 sched_bb100=  +20.00 actual_bb100=73.52941176470588 hero_err=0 opp_err=0 dur=1.01s
seed=74242 o=1 hands= 190/500 hero_chip=  -10000 sched_bb100=  -20.00 actual_bb100=-52.631578947368425 hero_err=0 opp_err=0 dur=1.40s
seed=75242 o=0 hands= 500/500 hero_chip=   +3985 sched_bb100=   +7.97 actual_bb100=7.970000000000001 hero_err=0 opp_err=0 dur=3.21s
seed=75242 o=1 hands=  45/500 hero_chip=  +10000 sched_bb100=  +20.00 actual_bb100=222.22222222222223 hero_err=0 opp_err=0 dur=0.26s
seed=76242 o=0 hands=  99/500 hero_chip=  +10000 sched_bb100=  +20.00 actual_bb100=101.01010101010101 hero_err=0 opp_err=0 dur=0.74s
seed=76242 o=1 hands=  64/500 hero_chip=  -10000 sched_bb100=  -20.00 actual_bb100=-156.25 hero_err=0 opp_err=0 dur=0.53s
seed=77242 o=0 hands= 129/500 hero_chip=  +10000 sched_bb100=  +20.00 actual_bb100=77.51937984496124 hero_err=0 opp_err=0 dur=1.08s
seed=77242 o=1 hands= 445/500 hero_chip=  +10000 sched_bb100=  +20.00 actual_bb100=22.47191011235955 hero_err=0 opp_err=0 dur=2.92s
seed=78242 o=0 hands= 170/500 hero_chip=  +10000 sched_bb100=  +20.00 actual_bb100=58.82352941176471 hero_err=0 opp_err=0 dur=1.18s
seed=78242 o=1 hands= 383/500 hero_chip=  +10000 sched_bb100=  +20.00 actual_bb100=26.109660574412533 hero_err=0 opp_err=0 dur=2.35s
seed=79242 o=0 hands= 173/500 hero_chip=  -10000 sched_bb100=  -20.00 actual_bb100=-57.80346820809249 hero_err=0 opp_err=0 dur=1.11s
seed=79242 o=1 hands= 160/500 hero_chip=  +10000 sched_bb100=  +20.00 actual_bb100=62.5 hero_err=0 opp_err=0 dur=0.75s

SUMMARY {"actual_to_scheduled_ratio": 0.3967, "attempted_hands": 80000, "base": 242, "ci_half_width": 2.61710625, "ci_high": 3.1657375, "ci_low": -2.068475, "early_bust_matches": 149, "early_bust_rate": 0.93125, "hands_played": 31736, "hero_chip_delta": 44630, "hero_errors": 0, "hero_p99_latency_s": 0.0011157079134136438, "log_path": "/Users/farhad/Code/PokerBot/consult/artifacts/2026-05-29-away/public-drift-completeness/command_logs/h2h_Pav1602__fullhouse_engine__main__skantbot7_1__escalate_b242.log", "match_count": 160, "mean_bb100_actual": 1.406289387446433, "mean_bb100_scheduled": 0.557875, "opponent_errors": 0, "opponent_p99_latency_s": 0.009066832950338721, "phase": "escalate_b242", "stdout_noise": {}, "stdout_noise_examples": {}, "target_scheduled_hands": 80000, "timeboxed": false}
