H2H escalate_b242 2026-05-29T16:09:50Z
repo=TobyCoad/fullhouse-engine branch=main bot=bots/master/bot.py
hero=/Users/farhad/Code/PokerBot/submissions/v_final.zip sha256=e4b4a8f11f801ecef2eca53629241e83cc9bace8ec74004f19368375f22d9598
opponent_zip=/Users/farhad/Code/PokerBot/consult/artifacts/2026-05-29-away/public-drift-completeness/opponent_zips/TobyCoad__fullhouse_engine__main__master.zip sha256=869ef6a92b0b5aaba0ec0a783b987ed0655ad7abafcb2da71a62ef24e28a0646
target_scheduled_hands=80000 base=242 match_len=500 seed_stride=1000
seed=242 o=0 hands=  27/500 hero_chip=  -10000 sched_bb100=  -20.00 actual_bb100=-370.3703703703703 hero_err=0 opp_err=0 dur=0.56s
seed=242 o=1 hands=  25/500 hero_chip=  -10000 sched_bb100=  -20.00 actual_bb100=-400.0 hero_err=0 opp_err=0 dur=0.49s
seed=1242 o=0 hands=  32/500 hero_chip=  -10000 sched_bb100=  -20.00 actual_bb100=-312.5 hero_err=0 opp_err=0 dur=0.63s
seed=1242 o=1 hands=  28/500 hero_chip=  -10000 sched_bb100=  -20.00 actual_bb100=-357.1428571428571 hero_err=0 opp_err=0 dur=0.55s
seed=2242 o=0 hands=  20/500 hero_chip=  -10000 sched_bb100=  -20.00 actual_bb100=-500.0 hero_err=0 opp_err=0 dur=0.45s
seed=2242 o=1 hands=  16/500 hero_chip=  -10000 sched_bb100=  -20.00 actual_bb100=-625.0 hero_err=0 opp_err=0 dur=0.39s
seed=3242 o=0 hands=  17/500 hero_chip=  -10000 sched_bb100=  -20.00 actual_bb100=-588.2352941176471 hero_err=0 opp_err=0 dur=0.55s
seed=3242 o=1 hands=  12/500 hero_chip=  -10000 sched_bb100=  -20.00 actual_bb100=-833.3333333333334 hero_err=0 opp_err=0 dur=0.52s
seed=4242 o=0 hands=  34/500 hero_chip=  -10000 sched_bb100=  -20.00 actual_bb100=-294.11764705882354 hero_err=0 opp_err=0 dur=0.86s
seed=4242 o=1 hands=  60/500 hero_chip=  -10000 sched_bb100=  -20.00 actual_bb100=-166.66666666666669 hero_err=0 opp_err=0 dur=1.14s
seed=5242 o=0 hands=  24/500 hero_chip=  -10000 sched_bb100=  -20.00 actual_bb100=-416.6666666666667 hero_err=0 opp_err=0 dur=0.52s
seed=5242 o=1 hands=  28/500 hero_chip=  -10000 sched_bb100=  -20.00 actual_bb100=-357.1428571428571 hero_err=0 opp_err=0 dur=0.61s
seed=6242 o=0 hands= 108/500 hero_chip=  -10000 sched_bb100=  -20.00 actual_bb100=-92.59259259259258 hero_err=0 opp_err=0 dur=1.62s
seed=6242 o=1 hands=  18/500 hero_chip=  -10000 sched_bb100=  -20.00 actual_bb100=-555.5555555555555 hero_err=0 opp_err=0 dur=0.49s
seed=7242 o=0 hands=  21/500 hero_chip=  -10000 sched_bb100=  -20.00 actual_bb100=-476.1904761904762 hero_err=0 opp_err=0 dur=0.61s
seed=7242 o=1 hands=  44/500 hero_chip=  -10000 sched_bb100=  -20.00 actual_bb100=-227.27272727272728 hero_err=0 opp_err=0 dur=0.83s
seed=8242 o=0 hands=  17/500 hero_chip=  -10000 sched_bb100=  -20.00 actual_bb100=-588.2352941176471 hero_err=0 opp_err=0 dur=0.46s
seed=8242 o=1 hands=  16/500 hero_chip=  -10000 sched_bb100=  -20.00 actual_bb100=-625.0 hero_err=0 opp_err=0 dur=0.41s
seed=9242 o=0 hands=  20/500 hero_chip=  -10000 sched_bb100=  -20.00 actual_bb100=-500.0 hero_err=0 opp_err=0 dur=0.44s
seed=9242 o=1 hands=  25/500 hero_chip=  -10000 sched_bb100=  -20.00 actual_bb100=-400.0 hero_err=0 opp_err=0 dur=0.49s
seed=10242 o=0 hands=  40/500 hero_chip=  -10000 sched_bb100=  -20.00 actual_bb100=-250.0 hero_err=0 opp_err=0 dur=0.61s
seed=10242 o=1 hands=  16/500 hero_chip=  -10000 sched_bb100=  -20.00 actual_bb100=-625.0 hero_err=0 opp_err=0 dur=0.40s
seed=11242 o=0 hands=  29/500 hero_chip=  -10000 sched_bb100=  -20.00 actual_bb100=-344.82758620689657 hero_err=0 opp_err=0 dur=0.54s
seed=11242 o=1 hands=  22/500 hero_chip=  -10000 sched_bb100=  -20.00 actual_bb100=-454.54545454545456 hero_err=0 opp_err=0 dur=0.45s
seed=12242 o=0 hands=  29/500 hero_chip=  -10000 sched_bb100=  -20.00 actual_bb100=-344.82758620689657 hero_err=0 opp_err=0 dur=0.51s
seed=12242 o=1 hands=  27/500 hero_chip=  -10000 sched_bb100=  -20.00 actual_bb100=-370.3703703703703 hero_err=0 opp_err=0 dur=0.54s
seed=13242 o=0 hands=  17/500 hero_chip=  -10000 sched_bb100=  -20.00 actual_bb100=-588.2352941176471 hero_err=0 opp_err=0 dur=0.40s
seed=13242 o=1 hands=  36/500 hero_chip=  -10000 sched_bb100=  -20.00 actual_bb100=-277.77777777777777 hero_err=0 opp_err=0 dur=0.59s
seed=14242 o=0 hands=  13/500 hero_chip=  -10000 sched_bb100=  -20.00 actual_bb100=-769.2307692307692 hero_err=0 opp_err=0 dur=0.38s
seed=14242 o=1 hands=  60/500 hero_chip=  -10000 sched_bb100=  -20.00 actual_bb100=-166.66666666666669 hero_err=0 opp_err=0 dur=0.92s
seed=15242 o=0 hands=   9/500 hero_chip=  -10000 sched_bb100=  -20.00 actual_bb100=-1111.111111111111 hero_err=0 opp_err=0 dur=0.41s
seed=15242 o=1 hands=  24/500 hero_chip=  -10000 sched_bb100=  -20.00 actual_bb100=-416.6666666666667 hero_err=0 opp_err=0 dur=0.51s
seed=16242 o=0 hands=  22/500 hero_chip=  -10000 sched_bb100=  -20.00 actual_bb100=-454.54545454545456 hero_err=0 opp_err=0 dur=0.52s
seed=16242 o=1 hands=  28/500 hero_chip=  -10000 sched_bb100=  -20.00 actual_bb100=-357.1428571428571 hero_err=0 opp_err=0 dur=0.55s
seed=17242 o=0 hands=  13/500 hero_chip=  +10000 sched_bb100=  +20.00 actual_bb100=769.2307692307692 hero_err=0 opp_err=0 dur=0.49s
seed=17242 o=1 hands=  13/500 hero_chip=  -10000 sched_bb100=  -20.00 actual_bb100=-769.2307692307692 hero_err=0 opp_err=0 dur=0.44s
seed=18242 o=0 hands=  33/500 hero_chip=  -10000 sched_bb100=  -20.00 actual_bb100=-303.030303030303 hero_err=0 opp_err=0 dur=0.71s
seed=18242 o=1 hands=  27/500 hero_chip=  -10000 sched_bb100=  -20.00 actual_bb100=-370.3703703703703 hero_err=0 opp_err=0 dur=0.57s
seed=19242 o=0 hands=  17/500 hero_chip=  -10000 sched_bb100=  -20.00 actual_bb100=-588.2352941176471 hero_err=0 opp_err=0 dur=0.37s
seed=19242 o=1 hands=  44/500 hero_chip=  -10000 sched_bb100=  -20.00 actual_bb100=-227.27272727272728 hero_err=0 opp_err=0 dur=0.80s
seed=20242 o=0 hands=   3/500 hero_chip=  -10000 sched_bb100=  -20.00 actual_bb100=-3333.3333333333335 hero_err=0 opp_err=0 dur=0.23s
seed=20242 o=1 hands=  21/500 hero_chip=  +10000 sched_bb100=  +20.00 actual_bb100=476.1904761904762 hero_err=0 opp_err=0 dur=0.45s
seed=21242 o=0 hands=  45/500 hero_chip=  -10000 sched_bb100=  -20.00 actual_bb100=-222.22222222222223 hero_err=0 opp_err=0 dur=0.75s
seed=21242 o=1 hands=   4/500 hero_chip=  -10000 sched_bb100=  -20.00 actual_bb100=-2500.0 hero_err=0 opp_err=0 dur=0.26s
seed=22242 o=0 hands=   7/500 hero_chip=  +10000 sched_bb100=  +20.00 actual_bb100=1428.5714285714284 hero_err=0 opp_err=0 dur=0.33s
seed=22242 o=1 hands=  10/500 hero_chip=  -10000 sched_bb100=  -20.00 actual_bb100=-1000.0 hero_err=0 opp_err=0 dur=0.37s
seed=23242 o=0 hands=  49/500 hero_chip=  -10000 sched_bb100=  -20.00 actual_bb100=-204.08163265306123 hero_err=0 opp_err=0 dur=0.74s
seed=23242 o=1 hands=  29/500 hero_chip=  -10000 sched_bb100=  -20.00 actual_bb100=-344.82758620689657 hero_err=0 opp_err=0 dur=0.57s
seed=24242 o=0 hands=  29/500 hero_chip=  -10000 sched_bb100=  -20.00 actual_bb100=-344.82758620689657 hero_err=0 opp_err=0 dur=0.66s
seed=24242 o=1 hands=  12/500 hero_chip=  -10000 sched_bb100=  -20.00 actual_bb100=-833.3333333333334 hero_err=0 opp_err=0 dur=0.36s
seed=25242 o=0 hands=   8/500 hero_chip=  -10000 sched_bb100=  -20.00 actual_bb100=-1250.0 hero_err=0 opp_err=0 dur=0.32s
seed=25242 o=1 hands= 104/500 hero_chip=  -10000 sched_bb100=  -20.00 actual_bb100=-96.15384615384615 hero_err=0 opp_err=0 dur=1.45s
seed=26242 o=0 hands=  43/500 hero_chip=  -10000 sched_bb100=  -20.00 actual_bb100=-232.55813953488374 hero_err=0 opp_err=0 dur=0.71s
seed=26242 o=1 hands=  42/500 hero_chip=  -10000 sched_bb100=  -20.00 actual_bb100=-238.0952380952381 hero_err=0 opp_err=0 dur=0.68s
seed=27242 o=0 hands=  17/500 hero_chip=  -10000 sched_bb100=  -20.00 actual_bb100=-588.2352941176471 hero_err=0 opp_err=0 dur=0.36s
seed=27242 o=1 hands=  11/500 hero_chip=  -10000 sched_bb100=  -20.00 actual_bb100=-909.0909090909091 hero_err=0 opp_err=0 dur=0.38s
seed=28242 o=0 hands=  28/500 hero_chip=  -10000 sched_bb100=  -20.00 actual_bb100=-357.1428571428571 hero_err=0 opp_err=0 dur=0.55s
seed=28242 o=1 hands=  20/500 hero_chip=  -10000 sched_bb100=  -20.00 actual_bb100=-500.0 hero_err=0 opp_err=0 dur=0.42s
seed=29242 o=0 hands=  37/500 hero_chip=  -10000 sched_bb100=  -20.00 actual_bb100=-270.27027027027026 hero_err=0 opp_err=0 dur=0.64s
seed=29242 o=1 hands=  23/500 hero_chip=  -10000 sched_bb100=  -20.00 actual_bb100=-434.78260869565213 hero_err=0 opp_err=0 dur=0.51s
seed=30242 o=0 hands=  46/500 hero_chip=  +10000 sched_bb100=  +20.00 actual_bb100=217.39130434782606 hero_err=0 opp_err=0 dur=0.77s
seed=30242 o=1 hands=  31/500 hero_chip=  -10000 sched_bb100=  -20.00 actual_bb100=-322.5806451612903 hero_err=0 opp_err=0 dur=0.53s
seed=31242 o=0 hands=  70/500 hero_chip=  -10000 sched_bb100=  -20.00 actual_bb100=-142.85714285714286 hero_err=0 opp_err=0 dur=1.05s
seed=31242 o=1 hands=  49/500 hero_chip=  -10000 sched_bb100=  -20.00 actual_bb100=-204.08163265306123 hero_err=0 opp_err=0 dur=0.72s
seed=32242 o=0 hands=  20/500 hero_chip=  -10000 sched_bb100=  -20.00 actual_bb100=-500.0 hero_err=0 opp_err=0 dur=0.45s
seed=32242 o=1 hands=  11/500 hero_chip=  -10000 sched_bb100=  -20.00 actual_bb100=-909.0909090909091 hero_err=0 opp_err=0 dur=0.34s
seed=33242 o=0 hands=  22/500 hero_chip=  -10000 sched_bb100=  -20.00 actual_bb100=-454.54545454545456 hero_err=0 opp_err=0 dur=0.45s
seed=33242 o=1 hands=  33/500 hero_chip=  -10000 sched_bb100=  -20.00 actual_bb100=-303.030303030303 hero_err=0 opp_err=0 dur=0.51s
seed=34242 o=0 hands=  24/500 hero_chip=  -10000 sched_bb100=  -20.00 actual_bb100=-416.6666666666667 hero_err=0 opp_err=0 dur=0.51s
seed=34242 o=1 hands=  17/500 hero_chip=  -10000 sched_bb100=  -20.00 actual_bb100=-588.2352941176471 hero_err=0 opp_err=0 dur=0.43s
seed=35242 o=0 hands=  68/500 hero_chip=  -10000 sched_bb100=  -20.00 actual_bb100=-147.05882352941177 hero_err=0 opp_err=0 dur=1.02s
seed=35242 o=1 hands=  29/500 hero_chip=  -10000 sched_bb100=  -20.00 actual_bb100=-344.82758620689657 hero_err=0 opp_err=0 dur=0.58s
seed=36242 o=0 hands=  15/500 hero_chip=  -10000 sched_bb100=  -20.00 actual_bb100=-666.6666666666667 hero_err=0 opp_err=0 dur=0.46s
seed=36242 o=1 hands=  10/500 hero_chip=  -10000 sched_bb100=  -20.00 actual_bb100=-1000.0 hero_err=0 opp_err=0 dur=0.36s
seed=37242 o=0 hands=   8/500 hero_chip=  -10000 sched_bb100=  -20.00 actual_bb100=-1250.0 hero_err=0 opp_err=0 dur=0.35s
seed=37242 o=1 hands=  17/500 hero_chip=  -10000 sched_bb100=  -20.00 actual_bb100=-588.2352941176471 hero_err=0 opp_err=0 dur=0.44s
seed=38242 o=0 hands=  35/500 hero_chip=  -10000 sched_bb100=  -20.00 actual_bb100=-285.7142857142857 hero_err=0 opp_err=0 dur=0.58s
seed=38242 o=1 hands=  28/500 hero_chip=  -10000 sched_bb100=  -20.00 actual_bb100=-357.1428571428571 hero_err=0 opp_err=0 dur=0.53s
seed=39242 o=0 hands=  32/500 hero_chip=  -10000 sched_bb100=  -20.00 actual_bb100=-312.5 hero_err=0 opp_err=0 dur=0.58s
seed=39242 o=1 hands=  17/500 hero_chip=  -10000 sched_bb100=  -20.00 actual_bb100=-588.2352941176471 hero_err=0 opp_err=0 dur=0.42s
seed=40242 o=0 hands=  15/500 hero_chip=  -10000 sched_bb100=  -20.00 actual_bb100=-666.6666666666667 hero_err=0 opp_err=0 dur=0.46s
seed=40242 o=1 hands=  20/500 hero_chip=  -10000 sched_bb100=  -20.00 actual_bb100=-500.0 hero_err=0 opp_err=0 dur=0.44s
seed=41242 o=0 hands=  57/500 hero_chip=  -10000 sched_bb100=  -20.00 actual_bb100=-175.43859649122808 hero_err=0 opp_err=0 dur=0.89s
seed=41242 o=1 hands=  48/500 hero_chip=  -10000 sched_bb100=  -20.00 actual_bb100=-208.33333333333334 hero_err=0 opp_err=0 dur=0.83s
seed=42242 o=0 hands=  13/500 hero_chip=  -10000 sched_bb100=  -20.00 actual_bb100=-769.2307692307692 hero_err=0 opp_err=0 dur=0.38s
seed=42242 o=1 hands=  28/500 hero_chip=  -10000 sched_bb100=  -20.00 actual_bb100=-357.1428571428571 hero_err=0 opp_err=0 dur=0.56s
seed=43242 o=0 hands=  15/500 hero_chip=  -10000 sched_bb100=  -20.00 actual_bb100=-666.6666666666667 hero_err=0 opp_err=0 dur=0.43s
seed=43242 o=1 hands=  17/500 hero_chip=  -10000 sched_bb100=  -20.00 actual_bb100=-588.2352941176471 hero_err=0 opp_err=0 dur=0.44s
seed=44242 o=0 hands=  47/500 hero_chip=  -10000 sched_bb100=  -20.00 actual_bb100=-212.76595744680853 hero_err=0 opp_err=0 dur=0.89s
seed=44242 o=1 hands=  13/500 hero_chip=  -10000 sched_bb100=  -20.00 actual_bb100=-769.2307692307692 hero_err=0 opp_err=0 dur=0.37s
seed=45242 o=0 hands=  25/500 hero_chip=  -10000 sched_bb100=  -20.00 actual_bb100=-400.0 hero_err=0 opp_err=0 dur=0.62s
seed=45242 o=1 hands=  14/500 hero_chip=  -10000 sched_bb100=  -20.00 actual_bb100=-714.2857142857142 hero_err=0 opp_err=0 dur=0.43s
seed=46242 o=0 hands=  32/500 hero_chip=  -10000 sched_bb100=  -20.00 actual_bb100=-312.5 hero_err=0 opp_err=0 dur=0.72s
seed=46242 o=1 hands=  10/500 hero_chip=  -10000 sched_bb100=  -20.00 actual_bb100=-1000.0 hero_err=0 opp_err=0 dur=0.38s
seed=47242 o=0 hands=  14/500 hero_chip=  -10000 sched_bb100=  -20.00 actual_bb100=-714.2857142857142 hero_err=0 opp_err=0 dur=0.47s
seed=47242 o=1 hands=  30/500 hero_chip=  -10000 sched_bb100=  -20.00 actual_bb100=-333.33333333333337 hero_err=0 opp_err=0 dur=0.70s
seed=48242 o=0 hands=  34/500 hero_chip=  -10000 sched_bb100=  -20.00 actual_bb100=-294.11764705882354 hero_err=0 opp_err=0 dur=0.59s
seed=48242 o=1 hands=  21/500 hero_chip=  -10000 sched_bb100=  -20.00 actual_bb100=-476.1904761904762 hero_err=0 opp_err=0 dur=0.43s
seed=49242 o=0 hands=  13/500 hero_chip=  -10000 sched_bb100=  -20.00 actual_bb100=-769.2307692307692 hero_err=0 opp_err=0 dur=0.44s
seed=49242 o=1 hands=  16/500 hero_chip=  -10000 sched_bb100=  -20.00 actual_bb100=-625.0 hero_err=0 opp_err=0 dur=0.39s
seed=50242 o=0 hands=  22/500 hero_chip=  -10000 sched_bb100=  -20.00 actual_bb100=-454.54545454545456 hero_err=0 opp_err=0 dur=0.52s
seed=50242 o=1 hands=  61/500 hero_chip=  -10000 sched_bb100=  -20.00 actual_bb100=-163.9344262295082 hero_err=0 opp_err=0 dur=0.90s
seed=51242 o=0 hands=  49/500 hero_chip=  -10000 sched_bb100=  -20.00 actual_bb100=-204.08163265306123 hero_err=0 opp_err=0 dur=0.84s
seed=51242 o=1 hands=  16/500 hero_chip=  -10000 sched_bb100=  -20.00 actual_bb100=-625.0 hero_err=0 opp_err=0 dur=0.40s
seed=52242 o=0 hands=  13/500 hero_chip=  +10000 sched_bb100=  +20.00 actual_bb100=769.2307692307692 hero_err=0 opp_err=0 dur=0.34s
seed=52242 o=1 hands=  15/500 hero_chip=  -10000 sched_bb100=  -20.00 actual_bb100=-666.6666666666667 hero_err=0 opp_err=0 dur=0.42s
seed=53242 o=0 hands=   7/500 hero_chip=  -10000 sched_bb100=  -20.00 actual_bb100=-1428.5714285714284 hero_err=0 opp_err=0 dur=0.32s
seed=53242 o=1 hands=  38/500 hero_chip=  -10000 sched_bb100=  -20.00 actual_bb100=-263.1578947368421 hero_err=0 opp_err=0 dur=0.68s
seed=54242 o=0 hands=  53/500 hero_chip=  -10000 sched_bb100=  -20.00 actual_bb100=-188.67924528301887 hero_err=0 opp_err=0 dur=0.89s
seed=54242 o=1 hands=   4/500 hero_chip=  +10000 sched_bb100=  +20.00 actual_bb100=2500.0 hero_err=0 opp_err=0 dur=0.27s
seed=55242 o=0 hands=  11/500 hero_chip=  -10000 sched_bb100=  -20.00 actual_bb100=-909.0909090909091 hero_err=0 opp_err=0 dur=0.36s
seed=55242 o=1 hands=  15/500 hero_chip=  -10000 sched_bb100=  -20.00 actual_bb100=-666.6666666666667 hero_err=0 opp_err=0 dur=0.43s
seed=56242 o=0 hands=  15/500 hero_chip=  -10000 sched_bb100=  -20.00 actual_bb100=-666.6666666666667 hero_err=0 opp_err=0 dur=0.43s
seed=56242 o=1 hands=  16/500 hero_chip=  +10000 sched_bb100=  +20.00 actual_bb100=625.0 hero_err=0 opp_err=0 dur=0.36s
seed=57242 o=0 hands=  19/500 hero_chip=  -10000 sched_bb100=  -20.00 actual_bb100=-526.3157894736842 hero_err=0 opp_err=0 dur=0.43s
seed=57242 o=1 hands=  44/500 hero_chip=  -10000 sched_bb100=  -20.00 actual_bb100=-227.27272727272728 hero_err=0 opp_err=0 dur=0.73s
seed=58242 o=0 hands=  29/500 hero_chip=  -10000 sched_bb100=  -20.00 actual_bb100=-344.82758620689657 hero_err=0 opp_err=0 dur=0.56s
seed=58242 o=1 hands=  68/500 hero_chip=  -10000 sched_bb100=  -20.00 actual_bb100=-147.05882352941177 hero_err=0 opp_err=0 dur=1.11s
seed=59242 o=0 hands=  17/500 hero_chip=  -10000 sched_bb100=  -20.00 actual_bb100=-588.2352941176471 hero_err=0 opp_err=0 dur=0.45s
seed=59242 o=1 hands=  13/500 hero_chip=  +10000 sched_bb100=  +20.00 actual_bb100=769.2307692307692 hero_err=0 opp_err=0 dur=0.41s
seed=60242 o=0 hands=  21/500 hero_chip=  -10000 sched_bb100=  -20.00 actual_bb100=-476.1904761904762 hero_err=0 opp_err=0 dur=0.48s
seed=60242 o=1 hands=  94/500 hero_chip=  -10000 sched_bb100=  -20.00 actual_bb100=-106.38297872340426 hero_err=0 opp_err=0 dur=1.35s
seed=61242 o=0 hands=  14/500 hero_chip=  -10000 sched_bb100=  -20.00 actual_bb100=-714.2857142857142 hero_err=0 opp_err=0 dur=0.39s
seed=61242 o=1 hands=  44/500 hero_chip=  -10000 sched_bb100=  -20.00 actual_bb100=-227.27272727272728 hero_err=0 opp_err=0 dur=0.66s
seed=62242 o=0 hands=  30/500 hero_chip=  -10000 sched_bb100=  -20.00 actual_bb100=-333.33333333333337 hero_err=0 opp_err=0 dur=0.53s
seed=62242 o=1 hands=  22/500 hero_chip=  -10000 sched_bb100=  -20.00 actual_bb100=-454.54545454545456 hero_err=0 opp_err=0 dur=0.53s
seed=63242 o=0 hands=  20/500 hero_chip=  -10000 sched_bb100=  -20.00 actual_bb100=-500.0 hero_err=0 opp_err=0 dur=0.48s
seed=63242 o=1 hands=  40/500 hero_chip=  -10000 sched_bb100=  -20.00 actual_bb100=-250.0 hero_err=0 opp_err=0 dur=0.74s
seed=64242 o=0 hands=  27/500 hero_chip=  -10000 sched_bb100=  -20.00 actual_bb100=-370.3703703703703 hero_err=0 opp_err=0 dur=0.58s
seed=64242 o=1 hands=  14/500 hero_chip=  -10000 sched_bb100=  -20.00 actual_bb100=-714.2857142857142 hero_err=0 opp_err=0 dur=0.40s
seed=65242 o=0 hands=  39/500 hero_chip=  -10000 sched_bb100=  -20.00 actual_bb100=-256.4102564102564 hero_err=0 opp_err=0 dur=0.69s
seed=65242 o=1 hands=  26/500 hero_chip=  -10000 sched_bb100=  -20.00 actual_bb100=-384.6153846153846 hero_err=0 opp_err=0 dur=0.49s
seed=66242 o=0 hands=  19/500 hero_chip=  -10000 sched_bb100=  -20.00 actual_bb100=-526.3157894736842 hero_err=0 opp_err=0 dur=0.44s
seed=66242 o=1 hands=  39/500 hero_chip=  -10000 sched_bb100=  -20.00 actual_bb100=-256.4102564102564 hero_err=0 opp_err=0 dur=0.62s
seed=67242 o=0 hands=  35/500 hero_chip=  -10000 sched_bb100=  -20.00 actual_bb100=-285.7142857142857 hero_err=0 opp_err=0 dur=0.61s
seed=67242 o=1 hands=  26/500 hero_chip=  -10000 sched_bb100=  -20.00 actual_bb100=-384.6153846153846 hero_err=0 opp_err=0 dur=0.53s
seed=68242 o=0 hands=  20/500 hero_chip=  -10000 sched_bb100=  -20.00 actual_bb100=-500.0 hero_err=0 opp_err=0 dur=0.39s
seed=68242 o=1 hands=  18/500 hero_chip=  +10000 sched_bb100=  +20.00 actual_bb100=555.5555555555555 hero_err=0 opp_err=0 dur=0.45s
seed=69242 o=0 hands=  13/500 hero_chip=  -10000 sched_bb100=  -20.00 actual_bb100=-769.2307692307692 hero_err=0 opp_err=0 dur=0.41s
seed=69242 o=1 hands=  19/500 hero_chip=  -10000 sched_bb100=  -20.00 actual_bb100=-526.3157894736842 hero_err=0 opp_err=0 dur=0.45s
seed=70242 o=0 hands=  15/500 hero_chip=  -10000 sched_bb100=  -20.00 actual_bb100=-666.6666666666667 hero_err=0 opp_err=0 dur=0.39s
seed=70242 o=1 hands=  41/500 hero_chip=  -10000 sched_bb100=  -20.00 actual_bb100=-243.90243902439025 hero_err=0 opp_err=0 dur=0.66s
seed=71242 o=0 hands=  41/500 hero_chip=  -10000 sched_bb100=  -20.00 actual_bb100=-243.90243902439025 hero_err=0 opp_err=0 dur=0.76s
seed=71242 o=1 hands=  48/500 hero_chip=  -10000 sched_bb100=  -20.00 actual_bb100=-208.33333333333334 hero_err=0 opp_err=0 dur=0.79s
seed=72242 o=0 hands=  16/500 hero_chip=  -10000 sched_bb100=  -20.00 actual_bb100=-625.0 hero_err=0 opp_err=0 dur=0.38s
seed=72242 o=1 hands=  42/500 hero_chip=  -10000 sched_bb100=  -20.00 actual_bb100=-238.0952380952381 hero_err=0 opp_err=0 dur=0.76s
seed=73242 o=0 hands=  21/500 hero_chip=  -10000 sched_bb100=  -20.00 actual_bb100=-476.1904761904762 hero_err=0 opp_err=0 dur=0.42s
seed=73242 o=1 hands=  12/500 hero_chip=  +10000 sched_bb100=  +20.00 actual_bb100=833.3333333333334 hero_err=0 opp_err=0 dur=0.36s
seed=74242 o=0 hands=  12/500 hero_chip=  -10000 sched_bb100=  -20.00 actual_bb100=-833.3333333333334 hero_err=0 opp_err=0 dur=0.42s
seed=74242 o=1 hands=  17/500 hero_chip=  -10000 sched_bb100=  -20.00 actual_bb100=-588.2352941176471 hero_err=0 opp_err=0 dur=0.44s
seed=75242 o=0 hands=  45/500 hero_chip=  -10000 sched_bb100=  -20.00 actual_bb100=-222.22222222222223 hero_err=0 opp_err=0 dur=0.71s
seed=75242 o=1 hands=  13/500 hero_chip=  -10000 sched_bb100=  -20.00 actual_bb100=-769.2307692307692 hero_err=0 opp_err=0 dur=0.41s
seed=76242 o=0 hands=  63/500 hero_chip=  -10000 sched_bb100=  -20.00 actual_bb100=-158.73015873015873 hero_err=0 opp_err=0 dur=0.94s
seed=76242 o=1 hands=  18/500 hero_chip=  -10000 sched_bb100=  -20.00 actual_bb100=-555.5555555555555 hero_err=0 opp_err=0 dur=0.44s
seed=77242 o=0 hands=  33/500 hero_chip=  -10000 sched_bb100=  -20.00 actual_bb100=-303.030303030303 hero_err=0 opp_err=0 dur=0.59s
seed=77242 o=1 hands=  30/500 hero_chip=  -10000 sched_bb100=  -20.00 actual_bb100=-333.33333333333337 hero_err=0 opp_err=0 dur=0.58s
seed=78242 o=0 hands=  16/500 hero_chip=  -10000 sched_bb100=  -20.00 actual_bb100=-625.0 hero_err=0 opp_err=0 dur=0.40s
seed=78242 o=1 hands=  12/500 hero_chip=  -10000 sched_bb100=  -20.00 actual_bb100=-833.3333333333334 hero_err=0 opp_err=0 dur=0.34s
seed=79242 o=0 hands=  34/500 hero_chip=  -10000 sched_bb100=  -20.00 actual_bb100=-294.11764705882354 hero_err=0 opp_err=0 dur=0.69s
seed=79242 o=1 hands=  53/500 hero_chip=  -10000 sched_bb100=  -20.00 actual_bb100=-188.67924528301887 hero_err=0 opp_err=0 dur=0.91s

SUMMARY {"actual_to_scheduled_ratio": 0.05505, "attempted_hands": 80000, "base": 242, "ci_half_width": 1.375, "ci_high": -16.0, "ci_low": -18.75, "early_bust_matches": 160, "early_bust_rate": 1.0, "hands_played": 4404, "hero_chip_delta": -1400000, "hero_errors": 0, "hero_p99_latency_s": 0.004741957876831293, "log_path": "/Users/farhad/Code/PokerBot/consult/artifacts/2026-05-29-away/public-drift-completeness/command_logs/h2h_TobyCoad__fullhouse_engine__main__master__escalate_b242.log", "match_count": 160, "mean_bb100_actual": -317.8928247048138, "mean_bb100_scheduled": -17.5, "opponent_errors": 0, "opponent_p99_latency_s": 0.01090200012549758, "phase": "escalate_b242", "stdout_noise": {}, "stdout_noise_examples": {}, "target_scheduled_hands": 80000, "timeboxed": false}
