H2H escalate_b242 2026-05-29T16:16:41Z
repo=TobyCoad/fullhouse-engine branch=main bot=bots/random_bot/bot.py
hero=/Users/farhad/Code/PokerBot/submissions/v_final.zip sha256=e4b4a8f11f801ecef2eca53629241e83cc9bace8ec74004f19368375f22d9598
opponent_zip=/Users/farhad/Code/PokerBot/consult/artifacts/2026-05-29-away/public-drift-completeness/opponent_zips/TobyCoad__fullhouse_engine__main__random_bot.zip sha256=cf9f00e6c3611fc9e4ed772e63960ab8839573669fb6c81ce97c2fa45860617f
target_scheduled_hands=80000 base=242 match_len=500 seed_stride=1000
seed=242 o=0 hands=  17/500 hero_chip=  +10000 sched_bb100=  +20.00 actual_bb100=588.2352941176471 hero_err=0 opp_err=0 dur=0.15s
seed=242 o=1 hands=  43/500 hero_chip=  +10000 sched_bb100=  +20.00 actual_bb100=232.55813953488374 hero_err=0 opp_err=0 dur=0.29s
seed=1242 o=0 hands=   7/500 hero_chip=  -10000 sched_bb100=  -20.00 actual_bb100=-1428.5714285714284 hero_err=0 opp_err=0 dur=0.16s
seed=1242 o=1 hands=  18/500 hero_chip=  +10000 sched_bb100=  +20.00 actual_bb100=555.5555555555555 hero_err=0 opp_err=0 dur=0.15s
seed=2242 o=0 hands=  10/500 hero_chip=  -10000 sched_bb100=  -20.00 actual_bb100=-1000.0 hero_err=0 opp_err=0 dur=0.13s
seed=2242 o=1 hands=  63/500 hero_chip=  -10000 sched_bb100=  -20.00 actual_bb100=-158.73015873015873 hero_err=0 opp_err=0 dur=0.28s
seed=3242 o=0 hands=  79/500 hero_chip=  +10000 sched_bb100=  +20.00 actual_bb100=126.58227848101265 hero_err=0 opp_err=0 dur=0.32s
seed=3242 o=1 hands=  15/500 hero_chip=  -10000 sched_bb100=  -20.00 actual_bb100=-666.6666666666667 hero_err=0 opp_err=0 dur=0.13s
seed=4242 o=0 hands= 215/500 hero_chip=  -10000 sched_bb100=  -20.00 actual_bb100=-46.51162790697675 hero_err=0 opp_err=0 dur=0.44s
seed=4242 o=1 hands=  13/500 hero_chip=  -10000 sched_bb100=  -20.00 actual_bb100=-769.2307692307692 hero_err=0 opp_err=0 dur=0.13s
seed=5242 o=0 hands=  27/500 hero_chip=  +10000 sched_bb100=  +20.00 actual_bb100=370.3703703703703 hero_err=0 opp_err=0 dur=0.18s
seed=5242 o=1 hands=  44/500 hero_chip=  +10000 sched_bb100=  +20.00 actual_bb100=227.27272727272728 hero_err=0 opp_err=0 dur=0.16s
seed=6242 o=0 hands=  39/500 hero_chip=  +10000 sched_bb100=  +20.00 actual_bb100=256.4102564102564 hero_err=0 opp_err=0 dur=0.18s
seed=6242 o=1 hands=  12/500 hero_chip=  -10000 sched_bb100=  -20.00 actual_bb100=-833.3333333333334 hero_err=0 opp_err=0 dur=0.12s
seed=7242 o=0 hands=  16/500 hero_chip=  -10000 sched_bb100=  -20.00 actual_bb100=-625.0 hero_err=0 opp_err=0 dur=0.13s
seed=7242 o=1 hands=  32/500 hero_chip=  -10000 sched_bb100=  -20.00 actual_bb100=-312.5 hero_err=0 opp_err=0 dur=0.24s
seed=8242 o=0 hands=   9/500 hero_chip=  +10000 sched_bb100=  +20.00 actual_bb100=1111.111111111111 hero_err=0 opp_err=0 dur=0.14s
seed=8242 o=1 hands=  10/500 hero_chip=  -10000 sched_bb100=  -20.00 actual_bb100=-1000.0 hero_err=0 opp_err=0 dur=0.12s
seed=9242 o=0 hands=   1/500 hero_chip=  -10000 sched_bb100=  -20.00 actual_bb100=-10000.0 hero_err=0 opp_err=0 dur=0.13s
seed=9242 o=1 hands=  19/500 hero_chip=  -10000 sched_bb100=  -20.00 actual_bb100=-526.3157894736842 hero_err=0 opp_err=0 dur=0.15s
seed=10242 o=0 hands=  23/500 hero_chip=  +10000 sched_bb100=  +20.00 actual_bb100=434.78260869565213 hero_err=0 opp_err=0 dur=0.16s
seed=10242 o=1 hands=  17/500 hero_chip=  +10000 sched_bb100=  +20.00 actual_bb100=588.2352941176471 hero_err=0 opp_err=0 dur=0.13s
seed=11242 o=0 hands=  34/500 hero_chip=  +10000 sched_bb100=  +20.00 actual_bb100=294.11764705882354 hero_err=0 opp_err=0 dur=0.20s
seed=11242 o=1 hands=   7/500 hero_chip=  +10000 sched_bb100=  +20.00 actual_bb100=1428.5714285714284 hero_err=0 opp_err=0 dur=0.12s
seed=12242 o=0 hands=  27/500 hero_chip=  +10000 sched_bb100=  +20.00 actual_bb100=370.3703703703703 hero_err=0 opp_err=0 dur=0.16s
seed=12242 o=1 hands=  24/500 hero_chip=  +10000 sched_bb100=  +20.00 actual_bb100=416.6666666666667 hero_err=0 opp_err=0 dur=0.13s
seed=13242 o=0 hands=  75/500 hero_chip=  +10000 sched_bb100=  +20.00 actual_bb100=133.33333333333334 hero_err=0 opp_err=0 dur=0.28s
seed=13242 o=1 hands=  22/500 hero_chip=  +10000 sched_bb100=  +20.00 actual_bb100=454.54545454545456 hero_err=0 opp_err=0 dur=0.19s
seed=14242 o=0 hands=  36/500 hero_chip=  +10000 sched_bb100=  +20.00 actual_bb100=277.77777777777777 hero_err=0 opp_err=0 dur=0.25s
seed=14242 o=1 hands=  10/500 hero_chip=  +10000 sched_bb100=  +20.00 actual_bb100=1000.0 hero_err=0 opp_err=0 dur=0.13s
seed=15242 o=0 hands=   4/500 hero_chip=  -10000 sched_bb100=  -20.00 actual_bb100=-2500.0 hero_err=0 opp_err=0 dur=0.13s
seed=15242 o=1 hands=  73/500 hero_chip=  -10000 sched_bb100=  -20.00 actual_bb100=-136.986301369863 hero_err=0 opp_err=0 dur=0.28s
seed=16242 o=0 hands=  25/500 hero_chip=  +10000 sched_bb100=  +20.00 actual_bb100=400.0 hero_err=0 opp_err=0 dur=0.15s
seed=16242 o=1 hands=  35/500 hero_chip=  +10000 sched_bb100=  +20.00 actual_bb100=285.7142857142857 hero_err=0 opp_err=0 dur=0.17s
seed=17242 o=0 hands=  34/500 hero_chip=  +10000 sched_bb100=  +20.00 actual_bb100=294.11764705882354 hero_err=0 opp_err=0 dur=0.17s
seed=17242 o=1 hands=  13/500 hero_chip=  -10000 sched_bb100=  -20.00 actual_bb100=-769.2307692307692 hero_err=0 opp_err=0 dur=0.13s
seed=18242 o=0 hands=  39/500 hero_chip=  -10000 sched_bb100=  -20.00 actual_bb100=-256.4102564102564 hero_err=0 opp_err=0 dur=0.20s
seed=18242 o=1 hands=  54/500 hero_chip=  -10000 sched_bb100=  -20.00 actual_bb100=-185.18518518518516 hero_err=0 opp_err=0 dur=0.16s
seed=19242 o=0 hands=  37/500 hero_chip=  +10000 sched_bb100=  +20.00 actual_bb100=270.27027027027026 hero_err=0 opp_err=0 dur=0.19s
seed=19242 o=1 hands=  84/500 hero_chip=  +10000 sched_bb100=  +20.00 actual_bb100=119.04761904761905 hero_err=0 opp_err=0 dur=0.33s
seed=20242 o=0 hands=  41/500 hero_chip=  +10000 sched_bb100=  +20.00 actual_bb100=243.90243902439025 hero_err=0 opp_err=0 dur=0.18s
seed=20242 o=1 hands=  21/500 hero_chip=  +10000 sched_bb100=  +20.00 actual_bb100=476.1904761904762 hero_err=0 opp_err=0 dur=0.15s
seed=21242 o=0 hands=  71/500 hero_chip=  +10000 sched_bb100=  +20.00 actual_bb100=140.84507042253523 hero_err=0 opp_err=0 dur=0.31s
seed=21242 o=1 hands=   2/500 hero_chip=  -10000 sched_bb100=  -20.00 actual_bb100=-5000.0 hero_err=0 opp_err=0 dur=0.11s
seed=22242 o=0 hands=  21/500 hero_chip=  +10000 sched_bb100=  +20.00 actual_bb100=476.1904761904762 hero_err=0 opp_err=0 dur=0.13s
seed=22242 o=1 hands= 157/500 hero_chip=  -10000 sched_bb100=  -20.00 actual_bb100=-63.69426751592356 hero_err=0 opp_err=0 dur=0.39s
seed=23242 o=0 hands=  46/500 hero_chip=  -10000 sched_bb100=  -20.00 actual_bb100=-217.39130434782606 hero_err=0 opp_err=0 dur=0.17s
seed=23242 o=1 hands=  11/500 hero_chip=  +10000 sched_bb100=  +20.00 actual_bb100=909.0909090909091 hero_err=0 opp_err=0 dur=0.17s
seed=24242 o=0 hands=  47/500 hero_chip=  +10000 sched_bb100=  +20.00 actual_bb100=212.76595744680853 hero_err=0 opp_err=0 dur=0.20s
seed=24242 o=1 hands=  53/500 hero_chip=  -10000 sched_bb100=  -20.00 actual_bb100=-188.67924528301887 hero_err=0 opp_err=0 dur=0.33s
seed=25242 o=0 hands=  15/500 hero_chip=  +10000 sched_bb100=  +20.00 actual_bb100=666.6666666666667 hero_err=0 opp_err=0 dur=0.15s
seed=25242 o=1 hands=   6/500 hero_chip=  +10000 sched_bb100=  +20.00 actual_bb100=1666.6666666666667 hero_err=0 opp_err=0 dur=0.14s
seed=26242 o=0 hands=  48/500 hero_chip=  -10000 sched_bb100=  -20.00 actual_bb100=-208.33333333333334 hero_err=0 opp_err=0 dur=0.18s
seed=26242 o=1 hands=  54/500 hero_chip=  +10000 sched_bb100=  +20.00 actual_bb100=185.18518518518516 hero_err=0 opp_err=0 dur=0.28s
seed=27242 o=0 hands= 108/500 hero_chip=  -10000 sched_bb100=  -20.00 actual_bb100=-92.59259259259258 hero_err=0 opp_err=0 dur=0.34s
seed=27242 o=1 hands=  14/500 hero_chip=  +10000 sched_bb100=  +20.00 actual_bb100=714.2857142857142 hero_err=0 opp_err=0 dur=0.16s
seed=28242 o=0 hands=  14/500 hero_chip=  +10000 sched_bb100=  +20.00 actual_bb100=714.2857142857142 hero_err=0 opp_err=0 dur=0.13s
seed=28242 o=1 hands=  28/500 hero_chip=  +10000 sched_bb100=  +20.00 actual_bb100=357.1428571428571 hero_err=0 opp_err=0 dur=0.20s
seed=29242 o=0 hands=  75/500 hero_chip=  -10000 sched_bb100=  -20.00 actual_bb100=-133.33333333333334 hero_err=0 opp_err=0 dur=0.24s
seed=29242 o=1 hands=  11/500 hero_chip=  +10000 sched_bb100=  +20.00 actual_bb100=909.0909090909091 hero_err=0 opp_err=0 dur=0.18s
seed=30242 o=0 hands=  21/500 hero_chip=  -10000 sched_bb100=  -20.00 actual_bb100=-476.1904761904762 hero_err=0 opp_err=0 dur=0.15s
seed=30242 o=1 hands=  34/500 hero_chip=  +10000 sched_bb100=  +20.00 actual_bb100=294.11764705882354 hero_err=0 opp_err=0 dur=0.27s
seed=31242 o=0 hands=  42/500 hero_chip=  +10000 sched_bb100=  +20.00 actual_bb100=238.0952380952381 hero_err=0 opp_err=0 dur=0.21s
seed=31242 o=1 hands=  40/500 hero_chip=  +10000 sched_bb100=  +20.00 actual_bb100=250.0 hero_err=0 opp_err=0 dur=0.16s
seed=32242 o=0 hands= 107/500 hero_chip=  -10000 sched_bb100=  -20.00 actual_bb100=-93.45794392523364 hero_err=0 opp_err=0 dur=0.34s
seed=32242 o=1 hands=   2/500 hero_chip=  -10000 sched_bb100=  -20.00 actual_bb100=-5000.0 hero_err=0 opp_err=0 dur=0.11s
seed=33242 o=0 hands=   1/500 hero_chip=  -10000 sched_bb100=  -20.00 actual_bb100=-10000.0 hero_err=0 opp_err=0 dur=0.14s
seed=33242 o=1 hands=  45/500 hero_chip=  +10000 sched_bb100=  +20.00 actual_bb100=222.22222222222223 hero_err=0 opp_err=0 dur=0.15s
seed=34242 o=0 hands= 107/500 hero_chip=  -10000 sched_bb100=  -20.00 actual_bb100=-93.45794392523364 hero_err=0 opp_err=0 dur=0.38s
seed=34242 o=1 hands=  13/500 hero_chip=  +10000 sched_bb100=  +20.00 actual_bb100=769.2307692307692 hero_err=0 opp_err=0 dur=0.15s
seed=35242 o=0 hands=  23/500 hero_chip=  +10000 sched_bb100=  +20.00 actual_bb100=434.78260869565213 hero_err=0 opp_err=0 dur=0.16s
seed=35242 o=1 hands=   8/500 hero_chip=  +10000 sched_bb100=  +20.00 actual_bb100=1250.0 hero_err=0 opp_err=0 dur=0.13s
seed=36242 o=0 hands=  41/500 hero_chip=  -10000 sched_bb100=  -20.00 actual_bb100=-243.90243902439025 hero_err=0 opp_err=0 dur=0.16s
seed=36242 o=1 hands=  61/500 hero_chip=  +10000 sched_bb100=  +20.00 actual_bb100=163.9344262295082 hero_err=0 opp_err=0 dur=0.19s
seed=37242 o=0 hands=  14/500 hero_chip=  -10000 sched_bb100=  -20.00 actual_bb100=-714.2857142857142 hero_err=0 opp_err=0 dur=0.13s
seed=37242 o=1 hands=  21/500 hero_chip=  -10000 sched_bb100=  -20.00 actual_bb100=-476.1904761904762 hero_err=0 opp_err=0 dur=0.14s
seed=38242 o=0 hands=   9/500 hero_chip=  -10000 sched_bb100=  -20.00 actual_bb100=-1111.111111111111 hero_err=0 opp_err=0 dur=0.13s
seed=38242 o=1 hands=   2/500 hero_chip=  -10000 sched_bb100=  -20.00 actual_bb100=-5000.0 hero_err=0 opp_err=0 dur=0.12s
seed=39242 o=0 hands=  68/500 hero_chip=  +10000 sched_bb100=  +20.00 actual_bb100=147.05882352941177 hero_err=0 opp_err=0 dur=0.32s
seed=39242 o=1 hands=   3/500 hero_chip=  +10000 sched_bb100=  +20.00 actual_bb100=3333.3333333333335 hero_err=0 opp_err=0 dur=0.14s
seed=40242 o=0 hands=  43/500 hero_chip=  +10000 sched_bb100=  +20.00 actual_bb100=232.55813953488374 hero_err=0 opp_err=0 dur=0.23s
seed=40242 o=1 hands=  58/500 hero_chip=  -10000 sched_bb100=  -20.00 actual_bb100=-172.41379310344828 hero_err=0 opp_err=0 dur=0.17s
seed=41242 o=0 hands=  92/500 hero_chip=  -10000 sched_bb100=  -20.00 actual_bb100=-108.69565217391303 hero_err=0 opp_err=0 dur=0.32s
seed=41242 o=1 hands=  26/500 hero_chip=  +10000 sched_bb100=  +20.00 actual_bb100=384.6153846153846 hero_err=0 opp_err=0 dur=0.21s
seed=42242 o=0 hands=  24/500 hero_chip=  -10000 sched_bb100=  -20.00 actual_bb100=-416.6666666666667 hero_err=0 opp_err=0 dur=0.20s
seed=42242 o=1 hands=  31/500 hero_chip=  -10000 sched_bb100=  -20.00 actual_bb100=-322.5806451612903 hero_err=0 opp_err=0 dur=0.17s
seed=43242 o=0 hands=   1/500 hero_chip=  +10000 sched_bb100=  +20.00 actual_bb100=10000.0 hero_err=0 opp_err=0 dur=0.11s
seed=43242 o=1 hands=  17/500 hero_chip=  -10000 sched_bb100=  -20.00 actual_bb100=-588.2352941176471 hero_err=0 opp_err=0 dur=0.14s
seed=44242 o=0 hands=  86/500 hero_chip=  +10000 sched_bb100=  +20.00 actual_bb100=116.27906976744187 hero_err=0 opp_err=0 dur=0.27s
seed=44242 o=1 hands=   7/500 hero_chip=  -10000 sched_bb100=  -20.00 actual_bb100=-1428.5714285714284 hero_err=0 opp_err=0 dur=0.13s
seed=45242 o=0 hands=  79/500 hero_chip=  -10000 sched_bb100=  -20.00 actual_bb100=-126.58227848101265 hero_err=0 opp_err=0 dur=0.27s
seed=45242 o=1 hands=  53/500 hero_chip=  -10000 sched_bb100=  -20.00 actual_bb100=-188.67924528301887 hero_err=0 opp_err=0 dur=0.19s
seed=46242 o=0 hands=  30/500 hero_chip=  -10000 sched_bb100=  -20.00 actual_bb100=-333.33333333333337 hero_err=0 opp_err=0 dur=0.17s
seed=46242 o=1 hands=   1/500 hero_chip=  +10000 sched_bb100=  +20.00 actual_bb100=10000.0 hero_err=0 opp_err=0 dur=0.11s
seed=47242 o=0 hands=  21/500 hero_chip=  +10000 sched_bb100=  +20.00 actual_bb100=476.1904761904762 hero_err=0 opp_err=0 dur=0.14s
seed=47242 o=1 hands=   5/500 hero_chip=  -10000 sched_bb100=  -20.00 actual_bb100=-2000.0 hero_err=0 opp_err=0 dur=0.13s
seed=48242 o=0 hands=  35/500 hero_chip=  +10000 sched_bb100=  +20.00 actual_bb100=285.7142857142857 hero_err=0 opp_err=0 dur=0.18s
seed=48242 o=1 hands=   1/500 hero_chip=  +10000 sched_bb100=  +20.00 actual_bb100=10000.0 hero_err=0 opp_err=0 dur=0.11s
seed=49242 o=0 hands=  18/500 hero_chip=  -10000 sched_bb100=  -20.00 actual_bb100=-555.5555555555555 hero_err=0 opp_err=0 dur=0.15s
seed=49242 o=1 hands=  35/500 hero_chip=  -10000 sched_bb100=  -20.00 actual_bb100=-285.7142857142857 hero_err=0 opp_err=0 dur=0.24s
seed=50242 o=0 hands=  18/500 hero_chip=  +10000 sched_bb100=  +20.00 actual_bb100=555.5555555555555 hero_err=0 opp_err=0 dur=0.32s
seed=50242 o=1 hands= 165/500 hero_chip=  +10000 sched_bb100=  +20.00 actual_bb100=60.60606060606061 hero_err=0 opp_err=0 dur=0.37s
seed=51242 o=0 hands=  70/500 hero_chip=  -10000 sched_bb100=  -20.00 actual_bb100=-142.85714285714286 hero_err=0 opp_err=0 dur=0.25s
seed=51242 o=1 hands=   2/500 hero_chip=  -10000 sched_bb100=  -20.00 actual_bb100=-5000.0 hero_err=0 opp_err=0 dur=0.13s
seed=52242 o=0 hands= 154/500 hero_chip=  +10000 sched_bb100=  +20.00 actual_bb100=64.93506493506493 hero_err=0 opp_err=0 dur=0.41s
seed=52242 o=1 hands=   9/500 hero_chip=  +10000 sched_bb100=  +20.00 actual_bb100=1111.111111111111 hero_err=0 opp_err=0 dur=0.13s
seed=53242 o=0 hands=  36/500 hero_chip=  +10000 sched_bb100=  +20.00 actual_bb100=277.77777777777777 hero_err=0 opp_err=0 dur=0.19s
seed=53242 o=1 hands=  41/500 hero_chip=  +10000 sched_bb100=  +20.00 actual_bb100=243.90243902439025 hero_err=0 opp_err=0 dur=0.20s
seed=54242 o=0 hands=  31/500 hero_chip=  +10000 sched_bb100=  +20.00 actual_bb100=322.5806451612903 hero_err=0 opp_err=0 dur=0.15s
seed=54242 o=1 hands=  30/500 hero_chip=  +10000 sched_bb100=  +20.00 actual_bb100=333.33333333333337 hero_err=0 opp_err=0 dur=0.15s
seed=55242 o=0 hands= 105/500 hero_chip=  +10000 sched_bb100=  +20.00 actual_bb100=95.23809523809524 hero_err=0 opp_err=0 dur=0.30s
seed=55242 o=1 hands= 103/500 hero_chip=  +10000 sched_bb100=  +20.00 actual_bb100=97.08737864077669 hero_err=0 opp_err=0 dur=0.34s
seed=56242 o=0 hands=  24/500 hero_chip=  +10000 sched_bb100=  +20.00 actual_bb100=416.6666666666667 hero_err=0 opp_err=0 dur=0.14s
seed=56242 o=1 hands= 129/500 hero_chip=  +10000 sched_bb100=  +20.00 actual_bb100=77.51937984496124 hero_err=0 opp_err=0 dur=0.37s
seed=57242 o=0 hands=   1/500 hero_chip=  +10000 sched_bb100=  +20.00 actual_bb100=10000.0 hero_err=0 opp_err=0 dur=0.11s
seed=57242 o=1 hands=  41/500 hero_chip=  +10000 sched_bb100=  +20.00 actual_bb100=243.90243902439025 hero_err=0 opp_err=0 dur=0.20s
seed=58242 o=0 hands= 129/500 hero_chip=  -10000 sched_bb100=  -20.00 actual_bb100=-77.51937984496124 hero_err=0 opp_err=0 dur=0.43s
seed=58242 o=1 hands= 114/500 hero_chip=  -10000 sched_bb100=  -20.00 actual_bb100=-87.71929824561404 hero_err=0 opp_err=0 dur=0.32s
seed=59242 o=0 hands=  14/500 hero_chip=  +10000 sched_bb100=  +20.00 actual_bb100=714.2857142857142 hero_err=0 opp_err=0 dur=0.14s
seed=59242 o=1 hands=  20/500 hero_chip=  -10000 sched_bb100=  -20.00 actual_bb100=-500.0 hero_err=0 opp_err=0 dur=0.16s
seed=60242 o=0 hands=  59/500 hero_chip=  -10000 sched_bb100=  -20.00 actual_bb100=-169.49152542372883 hero_err=0 opp_err=0 dur=0.26s
seed=60242 o=1 hands=   7/500 hero_chip=  +10000 sched_bb100=  +20.00 actual_bb100=1428.5714285714284 hero_err=0 opp_err=0 dur=0.13s
seed=61242 o=0 hands=  30/500 hero_chip=  +10000 sched_bb100=  +20.00 actual_bb100=333.33333333333337 hero_err=0 opp_err=0 dur=0.16s
seed=61242 o=1 hands=  43/500 hero_chip=  +10000 sched_bb100=  +20.00 actual_bb100=232.55813953488374 hero_err=0 opp_err=0 dur=0.32s
seed=62242 o=0 hands=  50/500 hero_chip=  +10000 sched_bb100=  +20.00 actual_bb100=200.0 hero_err=0 opp_err=0 dur=0.20s
seed=62242 o=1 hands=   7/500 hero_chip=  -10000 sched_bb100=  -20.00 actual_bb100=-1428.5714285714284 hero_err=0 opp_err=0 dur=0.13s
seed=63242 o=0 hands=   7/500 hero_chip=  -10000 sched_bb100=  -20.00 actual_bb100=-1428.5714285714284 hero_err=0 opp_err=0 dur=0.13s
seed=63242 o=1 hands=  37/500 hero_chip=  +10000 sched_bb100=  +20.00 actual_bb100=270.27027027027026 hero_err=0 opp_err=0 dur=0.28s
seed=64242 o=0 hands=  20/500 hero_chip=  +10000 sched_bb100=  +20.00 actual_bb100=500.0 hero_err=0 opp_err=0 dur=0.16s
seed=64242 o=1 hands=  46/500 hero_chip=  +10000 sched_bb100=  +20.00 actual_bb100=217.39130434782606 hero_err=0 opp_err=0 dur=0.23s
seed=65242 o=0 hands=  10/500 hero_chip=  +10000 sched_bb100=  +20.00 actual_bb100=1000.0 hero_err=0 opp_err=0 dur=0.12s
seed=65242 o=1 hands= 123/500 hero_chip=  +10000 sched_bb100=  +20.00 actual_bb100=81.30081300813008 hero_err=0 opp_err=0 dur=0.35s
seed=66242 o=0 hands=  75/500 hero_chip=  +10000 sched_bb100=  +20.00 actual_bb100=133.33333333333334 hero_err=0 opp_err=0 dur=0.36s
seed=66242 o=1 hands=  21/500 hero_chip=  +10000 sched_bb100=  +20.00 actual_bb100=476.1904761904762 hero_err=0 opp_err=0 dur=0.16s
seed=67242 o=0 hands=   6/500 hero_chip=  -10000 sched_bb100=  -20.00 actual_bb100=-1666.6666666666667 hero_err=0 opp_err=0 dur=0.14s
seed=67242 o=1 hands=  12/500 hero_chip=  -10000 sched_bb100=  -20.00 actual_bb100=-833.3333333333334 hero_err=0 opp_err=0 dur=0.15s
seed=68242 o=0 hands=  93/500 hero_chip=  -10000 sched_bb100=  -20.00 actual_bb100=-107.5268817204301 hero_err=0 opp_err=0 dur=0.31s
seed=68242 o=1 hands=  26/500 hero_chip=  +10000 sched_bb100=  +20.00 actual_bb100=384.6153846153846 hero_err=0 opp_err=0 dur=0.15s
seed=69242 o=0 hands=   9/500 hero_chip=  -10000 sched_bb100=  -20.00 actual_bb100=-1111.111111111111 hero_err=0 opp_err=0 dur=0.14s
seed=69242 o=1 hands=  83/500 hero_chip=  +10000 sched_bb100=  +20.00 actual_bb100=120.48192771084338 hero_err=0 opp_err=0 dur=0.30s
seed=70242 o=0 hands=  19/500 hero_chip=  -10000 sched_bb100=  -20.00 actual_bb100=-526.3157894736842 hero_err=0 opp_err=0 dur=0.16s
seed=70242 o=1 hands=  26/500 hero_chip=  +10000 sched_bb100=  +20.00 actual_bb100=384.6153846153846 hero_err=0 opp_err=0 dur=0.16s
seed=71242 o=0 hands=   2/500 hero_chip=  +10000 sched_bb100=  +20.00 actual_bb100=5000.0 hero_err=0 opp_err=0 dur=0.13s
seed=71242 o=1 hands=  11/500 hero_chip=  -10000 sched_bb100=  -20.00 actual_bb100=-909.0909090909091 hero_err=0 opp_err=0 dur=0.12s
seed=72242 o=0 hands=  20/500 hero_chip=  +10000 sched_bb100=  +20.00 actual_bb100=500.0 hero_err=0 opp_err=0 dur=0.15s
seed=72242 o=1 hands=  19/500 hero_chip=  +10000 sched_bb100=  +20.00 actual_bb100=526.3157894736842 hero_err=0 opp_err=0 dur=0.18s
seed=73242 o=0 hands=  29/500 hero_chip=  -10000 sched_bb100=  -20.00 actual_bb100=-344.82758620689657 hero_err=0 opp_err=0 dur=0.20s
seed=73242 o=1 hands=  94/500 hero_chip=  +10000 sched_bb100=  +20.00 actual_bb100=106.38297872340426 hero_err=0 opp_err=0 dur=0.32s
seed=74242 o=0 hands=  43/500 hero_chip=  -10000 sched_bb100=  -20.00 actual_bb100=-232.55813953488374 hero_err=0 opp_err=0 dur=0.20s
seed=74242 o=1 hands=  29/500 hero_chip=  -10000 sched_bb100=  -20.00 actual_bb100=-344.82758620689657 hero_err=0 opp_err=0 dur=0.35s
seed=75242 o=0 hands=  43/500 hero_chip=  +10000 sched_bb100=  +20.00 actual_bb100=232.55813953488374 hero_err=0 opp_err=0 dur=0.34s
seed=75242 o=1 hands=   7/500 hero_chip=  +10000 sched_bb100=  +20.00 actual_bb100=1428.5714285714284 hero_err=0 opp_err=0 dur=0.20s
seed=76242 o=0 hands=  10/500 hero_chip=  +10000 sched_bb100=  +20.00 actual_bb100=1000.0 hero_err=0 opp_err=0 dur=0.17s
seed=76242 o=1 hands=  56/500 hero_chip=  -10000 sched_bb100=  -20.00 actual_bb100=-178.57142857142856 hero_err=0 opp_err=0 dur=0.36s
seed=77242 o=0 hands=  24/500 hero_chip=  +10000 sched_bb100=  +20.00 actual_bb100=416.6666666666667 hero_err=0 opp_err=0 dur=0.32s
seed=77242 o=1 hands=  14/500 hero_chip=  +10000 sched_bb100=  +20.00 actual_bb100=714.2857142857142 hero_err=0 opp_err=0 dur=0.33s
seed=78242 o=0 hands=  17/500 hero_chip=  +10000 sched_bb100=  +20.00 actual_bb100=588.2352941176471 hero_err=0 opp_err=0 dur=0.30s
seed=78242 o=1 hands=  23/500 hero_chip=  -10000 sched_bb100=  -20.00 actual_bb100=-434.78260869565213 hero_err=0 opp_err=0 dur=0.16s
seed=79242 o=0 hands=  19/500 hero_chip=  +10000 sched_bb100=  +20.00 actual_bb100=526.3157894736842 hero_err=0 opp_err=0 dur=0.15s
seed=79242 o=1 hands=  19/500 hero_chip=  -10000 sched_bb100=  -20.00 actual_bb100=-526.3157894736842 hero_err=0 opp_err=0 dur=0.15s

SUMMARY {"actual_to_scheduled_ratio": 0.075675, "attempted_hands": 80000, "base": 242, "ci_half_width": 3.25, "ci_high": 6.75, "ci_low": 0.25, "early_bust_matches": 160, "early_bust_rate": 1.0, "hands_played": 6054, "hero_chip_delta": 280000, "hero_errors": 0, "hero_p99_latency_s": 0.007694709114730358, "log_path": "/Users/farhad/Code/PokerBot/consult/artifacts/2026-05-29-away/public-drift-completeness/command_logs/h2h_TobyCoad__fullhouse_engine__main__random_bot__escalate_b242.log", "match_count": 160, "mean_bb100_actual": 46.250412950115624, "mean_bb100_scheduled": 3.5, "opponent_errors": 0, "opponent_p99_latency_s": 0.006899124942719936, "phase": "escalate_b242", "stdout_noise": {}, "stdout_noise_examples": {}, "target_scheduled_hands": 80000, "timeboxed": false}
