H2H escalate_b242 2026-05-29T15:52:15Z
repo=Pav1602/fullhouse-engine branch=main bot=bots/skantbot7.3/bot.py
hero=/Users/farhad/Code/PokerBot/submissions/v_final.zip sha256=e4b4a8f11f801ecef2eca53629241e83cc9bace8ec74004f19368375f22d9598
opponent_zip=/Users/farhad/Code/PokerBot/consult/artifacts/2026-05-29-away/public-drift-completeness/opponent_zips/Pav1602__fullhouse_engine__main__skantbot7_3.zip sha256=420927f73e054598385b5e243a46ce9f5ffdbe8f98541d2b1bd195be1ab7ddad
target_scheduled_hands=80000 base=242 match_len=500 seed_stride=1000
seed=242 o=0 hands= 118/500 hero_chip=  +10000 sched_bb100=  +20.00 actual_bb100=84.74576271186442 hero_err=0 opp_err=0 dur=0.66s
seed=242 o=1 hands= 447/500 hero_chip=  +10000 sched_bb100=  +20.00 actual_bb100=22.371364653243848 hero_err=0 opp_err=0 dur=1.34s
seed=1242 o=0 hands= 500/500 hero_chip=   +4850 sched_bb100=   +9.70 actual_bb100=9.7 hero_err=0 opp_err=0 dur=1.92s
seed=1242 o=1 hands= 221/500 hero_chip=  +10000 sched_bb100=  +20.00 actual_bb100=45.248868778280546 hero_err=0 opp_err=0 dur=0.97s
seed=2242 o=0 hands= 340/500 hero_chip=  +10000 sched_bb100=  +20.00 actual_bb100=29.411764705882355 hero_err=0 opp_err=0 dur=1.45s
seed=2242 o=1 hands=  11/500 hero_chip=  -10000 sched_bb100=  -20.00 actual_bb100=-909.0909090909091 hero_err=0 opp_err=0 dur=0.15s
seed=3242 o=0 hands= 103/500 hero_chip=  +10000 sched_bb100=  +20.00 actual_bb100=97.08737864077669 hero_err=0 opp_err=0 dur=0.58s
seed=3242 o=1 hands= 500/500 hero_chip=   -9384 sched_bb100=  -18.77 actual_bb100=-18.768 hero_err=0 opp_err=0 dur=2.04s
seed=4242 o=0 hands= 282/500 hero_chip=  +10000 sched_bb100=  +20.00 actual_bb100=35.46099290780142 hero_err=0 opp_err=0 dur=1.26s
seed=4242 o=1 hands= 331/500 hero_chip=  +10000 sched_bb100=  +20.00 actual_bb100=30.211480362537763 hero_err=0 opp_err=0 dur=1.28s
seed=5242 o=0 hands= 500/500 hero_chip=   +6984 sched_bb100=  +13.97 actual_bb100=13.968 hero_err=0 opp_err=0 dur=1.81s
seed=5242 o=1 hands= 189/500 hero_chip=  +10000 sched_bb100=  +20.00 actual_bb100=52.91005291005291 hero_err=0 opp_err=0 dur=0.76s
seed=6242 o=0 hands= 296/500 hero_chip=  +10000 sched_bb100=  +20.00 actual_bb100=33.78378378378378 hero_err=0 opp_err=0 dur=1.39s
seed=6242 o=1 hands= 191/500 hero_chip=  +10000 sched_bb100=  +20.00 actual_bb100=52.35602094240838 hero_err=0 opp_err=0 dur=0.93s
seed=7242 o=0 hands= 500/500 hero_chip=    +695 sched_bb100=   +1.39 actual_bb100=1.3900000000000001 hero_err=0 opp_err=0 dur=1.96s
seed=7242 o=1 hands= 144/500 hero_chip=  -10000 sched_bb100=  -20.00 actual_bb100=-69.44444444444444 hero_err=0 opp_err=0 dur=0.71s
seed=8242 o=0 hands= 135/500 hero_chip=  +10000 sched_bb100=  +20.00 actual_bb100=74.07407407407408 hero_err=0 opp_err=0 dur=0.69s
seed=8242 o=1 hands= 500/500 hero_chip=   +5371 sched_bb100=  +10.74 actual_bb100=10.742 hero_err=0 opp_err=0 dur=1.99s
seed=9242 o=0 hands= 185/500 hero_chip=  +10000 sched_bb100=  +20.00 actual_bb100=54.05405405405405 hero_err=0 opp_err=0 dur=0.85s
seed=9242 o=1 hands= 500/500 hero_chip=   -1652 sched_bb100=   -3.30 actual_bb100=-3.304 hero_err=0 opp_err=0 dur=1.96s
seed=10242 o=0 hands= 500/500 hero_chip=   -2165 sched_bb100=   -4.33 actual_bb100=-4.33 hero_err=0 opp_err=0 dur=1.95s
seed=10242 o=1 hands= 136/500 hero_chip=  +10000 sched_bb100=  +20.00 actual_bb100=73.52941176470588 hero_err=0 opp_err=0 dur=0.72s
seed=11242 o=0 hands= 211/500 hero_chip=  +10000 sched_bb100=  +20.00 actual_bb100=47.39336492890995 hero_err=0 opp_err=0 dur=0.90s
seed=11242 o=1 hands= 329/500 hero_chip=  +10000 sched_bb100=  +20.00 actual_bb100=30.3951367781155 hero_err=0 opp_err=0 dur=1.42s
seed=12242 o=0 hands= 438/500 hero_chip=  +10000 sched_bb100=  +20.00 actual_bb100=22.831050228310502 hero_err=0 opp_err=0 dur=1.29s
seed=12242 o=1 hands=  27/500 hero_chip=  -10000 sched_bb100=  -20.00 actual_bb100=-370.3703703703703 hero_err=0 opp_err=0 dur=0.15s
seed=13242 o=0 hands= 258/500 hero_chip=  +10000 sched_bb100=  +20.00 actual_bb100=38.75968992248062 hero_err=0 opp_err=0 dur=1.13s
seed=13242 o=1 hands= 351/500 hero_chip=  +10000 sched_bb100=  +20.00 actual_bb100=28.490028490028493 hero_err=0 opp_err=0 dur=1.33s
seed=14242 o=0 hands= 500/500 hero_chip=   +2837 sched_bb100=   +5.67 actual_bb100=5.674 hero_err=0 opp_err=0 dur=1.80s
seed=14242 o=1 hands= 500/500 hero_chip=   -5231 sched_bb100=  -10.46 actual_bb100=-10.462 hero_err=0 opp_err=0 dur=1.71s
seed=15242 o=0 hands= 125/500 hero_chip=  -10000 sched_bb100=  -20.00 actual_bb100=-80.0 hero_err=0 opp_err=0 dur=0.69s
seed=15242 o=1 hands=  73/500 hero_chip=  -10000 sched_bb100=  -20.00 actual_bb100=-136.986301369863 hero_err=0 opp_err=0 dur=0.28s
seed=16242 o=0 hands= 141/500 hero_chip=  +10000 sched_bb100=  +20.00 actual_bb100=70.92198581560284 hero_err=0 opp_err=0 dur=0.67s
seed=16242 o=1 hands= 439/500 hero_chip=  +10000 sched_bb100=  +20.00 actual_bb100=22.779043280182233 hero_err=0 opp_err=0 dur=1.55s
seed=17242 o=0 hands= 201/500 hero_chip=  +10000 sched_bb100=  +20.00 actual_bb100=49.75124378109453 hero_err=0 opp_err=0 dur=0.95s
seed=17242 o=1 hands=  13/500 hero_chip=  -10000 sched_bb100=  -20.00 actual_bb100=-769.2307692307692 hero_err=0 opp_err=0 dur=0.16s
seed=18242 o=0 hands=  46/500 hero_chip=  +10000 sched_bb100=  +20.00 actual_bb100=217.39130434782606 hero_err=0 opp_err=0 dur=0.23s
seed=18242 o=1 hands= 490/500 hero_chip=  +10000 sched_bb100=  +20.00 actual_bb100=20.408163265306122 hero_err=0 opp_err=0 dur=1.84s
seed=19242 o=0 hands= 308/500 hero_chip=  -10000 sched_bb100=  -20.00 actual_bb100=-32.467532467532465 hero_err=0 opp_err=0 dur=1.27s
seed=19242 o=1 hands= 231/500 hero_chip=  +10000 sched_bb100=  +20.00 actual_bb100=43.290043290043286 hero_err=0 opp_err=0 dur=1.04s
seed=20242 o=0 hands= 324/500 hero_chip=  +10000 sched_bb100=  +20.00 actual_bb100=30.864197530864196 hero_err=0 opp_err=0 dur=1.30s
seed=20242 o=1 hands= 186/500 hero_chip=  +10000 sched_bb100=  +20.00 actual_bb100=53.76344086021505 hero_err=0 opp_err=0 dur=0.69s
seed=21242 o=0 hands= 149/500 hero_chip=  +10000 sched_bb100=  +20.00 actual_bb100=67.11409395973155 hero_err=0 opp_err=0 dur=0.71s
seed=21242 o=1 hands=  49/500 hero_chip=  -10000 sched_bb100=  -20.00 actual_bb100=-204.08163265306123 hero_err=0 opp_err=0 dur=0.21s
seed=22242 o=0 hands= 500/500 hero_chip=   +7243 sched_bb100=  +14.49 actual_bb100=14.486 hero_err=0 opp_err=0 dur=1.92s
seed=22242 o=1 hands= 406/500 hero_chip=  +10000 sched_bb100=  +20.00 actual_bb100=24.630541871921185 hero_err=0 opp_err=0 dur=1.57s
seed=23242 o=0 hands=  49/500 hero_chip=  -10000 sched_bb100=  -20.00 actual_bb100=-204.08163265306123 hero_err=0 opp_err=0 dur=0.19s
seed=23242 o=1 hands= 500/500 hero_chip=   +2668 sched_bb100=   +5.34 actual_bb100=5.336 hero_err=0 opp_err=0 dur=1.83s
seed=24242 o=0 hands= 201/500 hero_chip=  +10000 sched_bb100=  +20.00 actual_bb100=49.75124378109453 hero_err=0 opp_err=0 dur=0.87s
seed=24242 o=1 hands= 306/500 hero_chip=  +10000 sched_bb100=  +20.00 actual_bb100=32.6797385620915 hero_err=0 opp_err=0 dur=1.38s
seed=25242 o=0 hands= 189/500 hero_chip=  +10000 sched_bb100=  +20.00 actual_bb100=52.91005291005291 hero_err=0 opp_err=0 dur=0.95s
seed=25242 o=1 hands= 176/500 hero_chip=  +10000 sched_bb100=  +20.00 actual_bb100=56.81818181818182 hero_err=0 opp_err=0 dur=0.76s
seed=26242 o=0 hands= 175/500 hero_chip=  +10000 sched_bb100=  +20.00 actual_bb100=57.142857142857146 hero_err=0 opp_err=0 dur=0.88s
seed=26242 o=1 hands= 208/500 hero_chip=  +10000 sched_bb100=  +20.00 actual_bb100=48.07692307692307 hero_err=0 opp_err=0 dur=1.00s
seed=27242 o=0 hands= 494/500 hero_chip=  +10000 sched_bb100=  +20.00 actual_bb100=20.242914979757085 hero_err=0 opp_err=0 dur=2.05s
seed=27242 o=1 hands= 220/500 hero_chip=  +10000 sched_bb100=  +20.00 actual_bb100=45.45454545454545 hero_err=0 opp_err=0 dur=0.97s
seed=28242 o=0 hands= 176/500 hero_chip=  +10000 sched_bb100=  +20.00 actual_bb100=56.81818181818182 hero_err=0 opp_err=0 dur=0.75s
seed=28242 o=1 hands= 145/500 hero_chip=  +10000 sched_bb100=  +20.00 actual_bb100=68.96551724137932 hero_err=0 opp_err=0 dur=0.74s
seed=29242 o=0 hands=  43/500 hero_chip=  -10000 sched_bb100=  -20.00 actual_bb100=-232.55813953488374 hero_err=0 opp_err=0 dur=0.20s
seed=29242 o=1 hands= 164/500 hero_chip=  +10000 sched_bb100=  +20.00 actual_bb100=60.97560975609756 hero_err=0 opp_err=0 dur=0.81s
seed=30242 o=0 hands= 500/500 hero_chip=   +5407 sched_bb100=  +10.81 actual_bb100=10.814 hero_err=0 opp_err=0 dur=2.03s
seed=30242 o=1 hands= 500/500 hero_chip=   +9955 sched_bb100=  +19.91 actual_bb100=19.91 hero_err=0 opp_err=0 dur=1.99s
seed=31242 o=0 hands= 120/500 hero_chip=  +10000 sched_bb100=  +20.00 actual_bb100=83.33333333333334 hero_err=0 opp_err=0 dur=0.58s
seed=31242 o=1 hands= 500/500 hero_chip=   +9750 sched_bb100=  +19.50 actual_bb100=19.5 hero_err=0 opp_err=0 dur=1.48s
seed=32242 o=0 hands= 391/500 hero_chip=  +10000 sched_bb100=  +20.00 actual_bb100=25.57544757033248 hero_err=0 opp_err=0 dur=1.60s
seed=32242 o=1 hands= 500/500 hero_chip=   +7447 sched_bb100=  +14.89 actual_bb100=14.894 hero_err=0 opp_err=0 dur=1.89s
seed=33242 o=0 hands= 274/500 hero_chip=  +10000 sched_bb100=  +20.00 actual_bb100=36.4963503649635 hero_err=0 opp_err=0 dur=1.11s
seed=33242 o=1 hands= 272/500 hero_chip=  -10000 sched_bb100=  -20.00 actual_bb100=-36.76470588235294 hero_err=0 opp_err=0 dur=1.10s
seed=34242 o=0 hands= 100/500 hero_chip=  +10000 sched_bb100=  +20.00 actual_bb100=100.0 hero_err=0 opp_err=0 dur=0.50s
seed=34242 o=1 hands= 500/500 hero_chip=   -2141 sched_bb100=   -4.28 actual_bb100=-4.282 hero_err=0 opp_err=0 dur=1.80s
seed=35242 o=0 hands= 267/500 hero_chip=  +10000 sched_bb100=  +20.00 actual_bb100=37.453183520599254 hero_err=0 opp_err=0 dur=1.07s
seed=35242 o=1 hands= 226/500 hero_chip=  +10000 sched_bb100=  +20.00 actual_bb100=44.247787610619476 hero_err=0 opp_err=0 dur=1.00s
seed=36242 o=0 hands= 500/500 hero_chip=   +9017 sched_bb100=  +18.03 actual_bb100=18.034 hero_err=0 opp_err=0 dur=1.97s
seed=36242 o=1 hands= 500/500 hero_chip=   +1126 sched_bb100=   +2.25 actual_bb100=2.252 hero_err=0 opp_err=0 dur=1.74s
seed=37242 o=0 hands= 500/500 hero_chip=   +9478 sched_bb100=  +18.96 actual_bb100=18.956 hero_err=0 opp_err=0 dur=1.93s
seed=37242 o=1 hands= 500/500 hero_chip=    +271 sched_bb100=   +0.54 actual_bb100=0.542 hero_err=0 opp_err=0 dur=2.02s
seed=38242 o=0 hands= 199/500 hero_chip=  -10000 sched_bb100=  -20.00 actual_bb100=-50.25125628140704 hero_err=0 opp_err=0 dur=0.38s
seed=38242 o=1 hands= 500/500 hero_chip=   +7636 sched_bb100=  +15.27 actual_bb100=15.272 hero_err=0 opp_err=0 dur=1.88s
seed=39242 o=0 hands= 299/500 hero_chip=  -10000 sched_bb100=  -20.00 actual_bb100=-33.4448160535117 hero_err=0 opp_err=0 dur=1.27s
seed=39242 o=1 hands= 500/500 hero_chip=    +909 sched_bb100=   +1.82 actual_bb100=1.818 hero_err=0 opp_err=0 dur=2.00s
seed=40242 o=0 hands= 208/500 hero_chip=  +10000 sched_bb100=  +20.00 actual_bb100=48.07692307692307 hero_err=0 opp_err=0 dur=0.88s
seed=40242 o=1 hands=  20/500 hero_chip=  -10000 sched_bb100=  -20.00 actual_bb100=-500.0 hero_err=0 opp_err=0 dur=0.14s
seed=41242 o=0 hands= 181/500 hero_chip=  +10000 sched_bb100=  +20.00 actual_bb100=55.248618784530386 hero_err=0 opp_err=0 dur=0.84s
seed=41242 o=1 hands= 282/500 hero_chip=  +10000 sched_bb100=  +20.00 actual_bb100=35.46099290780142 hero_err=0 opp_err=0 dur=1.05s
seed=42242 o=0 hands= 500/500 hero_chip=   -4235 sched_bb100=   -8.47 actual_bb100=-8.47 hero_err=0 opp_err=0 dur=2.02s
seed=42242 o=1 hands= 114/500 hero_chip=  +10000 sched_bb100=  +20.00 actual_bb100=87.71929824561404 hero_err=0 opp_err=0 dur=0.59s
seed=43242 o=0 hands= 369/500 hero_chip=  +10000 sched_bb100=  +20.00 actual_bb100=27.100271002710027 hero_err=0 opp_err=0 dur=1.54s
seed=43242 o=1 hands= 154/500 hero_chip=  -10000 sched_bb100=  -20.00 actual_bb100=-64.93506493506493 hero_err=0 opp_err=0 dur=0.79s
seed=44242 o=0 hands= 310/500 hero_chip=  +10000 sched_bb100=  +20.00 actual_bb100=32.25806451612903 hero_err=0 opp_err=0 dur=1.18s
seed=44242 o=1 hands= 353/500 hero_chip=  +10000 sched_bb100=  +20.00 actual_bb100=28.328611898016998 hero_err=0 opp_err=0 dur=1.61s
seed=45242 o=0 hands= 500/500 hero_chip=   -7796 sched_bb100=  -15.59 actual_bb100=-15.591999999999999 hero_err=0 opp_err=0 dur=1.90s
seed=45242 o=1 hands= 417/500 hero_chip=  +10000 sched_bb100=  +20.00 actual_bb100=23.980815347721823 hero_err=0 opp_err=0 dur=1.52s
seed=46242 o=0 hands= 410/500 hero_chip=  +10000 sched_bb100=  +20.00 actual_bb100=24.390243902439025 hero_err=0 opp_err=0 dur=1.64s
seed=46242 o=1 hands= 106/500 hero_chip=  +10000 sched_bb100=  +20.00 actual_bb100=94.33962264150944 hero_err=0 opp_err=0 dur=0.65s
seed=47242 o=0 hands= 193/500 hero_chip=  +10000 sched_bb100=  +20.00 actual_bb100=51.81347150259067 hero_err=0 opp_err=0 dur=0.68s
seed=47242 o=1 hands= 500/500 hero_chip=   +4530 sched_bb100=   +9.06 actual_bb100=9.059999999999999 hero_err=0 opp_err=0 dur=2.02s
seed=48242 o=0 hands= 478/500 hero_chip=  +10000 sched_bb100=  +20.00 actual_bb100=20.920502092050206 hero_err=0 opp_err=0 dur=1.92s
seed=48242 o=1 hands= 369/500 hero_chip=  +10000 sched_bb100=  +20.00 actual_bb100=27.100271002710027 hero_err=0 opp_err=0 dur=1.49s
seed=49242 o=0 hands= 185/500 hero_chip=  +10000 sched_bb100=  +20.00 actual_bb100=54.05405405405405 hero_err=0 opp_err=0 dur=0.81s
seed=49242 o=1 hands=  61/500 hero_chip=  +10000 sched_bb100=  +20.00 actual_bb100=163.9344262295082 hero_err=0 opp_err=0 dur=0.37s
seed=50242 o=0 hands= 498/500 hero_chip=  +10000 sched_bb100=  +20.00 actual_bb100=20.08032128514056 hero_err=0 opp_err=0 dur=1.91s
seed=50242 o=1 hands= 205/500 hero_chip=  +10000 sched_bb100=  +20.00 actual_bb100=48.78048780487805 hero_err=0 opp_err=0 dur=0.88s
seed=51242 o=0 hands= 112/500 hero_chip=  -10000 sched_bb100=  -20.00 actual_bb100=-89.28571428571428 hero_err=0 opp_err=0 dur=0.68s
seed=51242 o=1 hands= 218/500 hero_chip=  +10000 sched_bb100=  +20.00 actual_bb100=45.871559633027516 hero_err=0 opp_err=0 dur=0.89s
seed=52242 o=0 hands=  55/500 hero_chip=  -10000 sched_bb100=  -20.00 actual_bb100=-181.8181818181818 hero_err=0 opp_err=0 dur=0.22s
seed=52242 o=1 hands= 500/500 hero_chip=   +3052 sched_bb100=   +6.10 actual_bb100=6.104 hero_err=0 opp_err=0 dur=1.91s
seed=53242 o=0 hands= 474/500 hero_chip=  +10000 sched_bb100=  +20.00 actual_bb100=21.09704641350211 hero_err=0 opp_err=0 dur=1.60s
seed=53242 o=1 hands= 370/500 hero_chip=  +10000 sched_bb100=  +20.00 actual_bb100=27.027027027027025 hero_err=0 opp_err=0 dur=1.47s
seed=54242 o=0 hands= 453/500 hero_chip=  +10000 sched_bb100=  +20.00 actual_bb100=22.075055187637968 hero_err=0 opp_err=0 dur=1.83s
seed=54242 o=1 hands= 500/500 hero_chip=   -5347 sched_bb100=  -10.69 actual_bb100=-10.693999999999999 hero_err=0 opp_err=0 dur=2.03s
seed=55242 o=0 hands= 450/500 hero_chip=  +10000 sched_bb100=  +20.00 actual_bb100=22.22222222222222 hero_err=0 opp_err=0 dur=1.83s
seed=55242 o=1 hands= 500/500 hero_chip=   -1676 sched_bb100=   -3.35 actual_bb100=-3.3520000000000003 hero_err=0 opp_err=0 dur=2.01s
seed=56242 o=0 hands= 386/500 hero_chip=  +10000 sched_bb100=  +20.00 actual_bb100=25.906735751295336 hero_err=0 opp_err=0 dur=1.47s
seed=56242 o=1 hands=  24/500 hero_chip=  -10000 sched_bb100=  -20.00 actual_bb100=-416.6666666666667 hero_err=0 opp_err=0 dur=0.25s
seed=57242 o=0 hands= 500/500 hero_chip=   +3178 sched_bb100=   +6.36 actual_bb100=6.356 hero_err=0 opp_err=0 dur=1.89s
seed=57242 o=1 hands= 220/500 hero_chip=  -10000 sched_bb100=  -20.00 actual_bb100=-45.45454545454545 hero_err=0 opp_err=0 dur=0.95s
seed=58242 o=0 hands= 247/500 hero_chip=  +10000 sched_bb100=  +20.00 actual_bb100=40.48582995951417 hero_err=0 opp_err=0 dur=0.99s
seed=58242 o=1 hands= 408/500 hero_chip=  +10000 sched_bb100=  +20.00 actual_bb100=24.509803921568626 hero_err=0 opp_err=0 dur=1.62s
seed=59242 o=0 hands= 287/500 hero_chip=  +10000 sched_bb100=  +20.00 actual_bb100=34.84320557491289 hero_err=0 opp_err=0 dur=1.23s
seed=59242 o=1 hands= 365/500 hero_chip=  +10000 sched_bb100=  +20.00 actual_bb100=27.397260273972602 hero_err=0 opp_err=0 dur=1.45s
seed=60242 o=0 hands= 500/500 hero_chip=    -532 sched_bb100=   -1.06 actual_bb100=-1.064 hero_err=0 opp_err=0 dur=1.94s
seed=60242 o=1 hands= 500/500 hero_chip=   +1400 sched_bb100=   +2.80 actual_bb100=2.8 hero_err=0 opp_err=0 dur=1.93s
seed=61242 o=0 hands= 123/500 hero_chip=  +10000 sched_bb100=  +20.00 actual_bb100=81.30081300813008 hero_err=0 opp_err=0 dur=0.63s
seed=61242 o=1 hands= 500/500 hero_chip=   -2099 sched_bb100=   -4.20 actual_bb100=-4.1979999999999995 hero_err=0 opp_err=0 dur=1.95s
seed=62242 o=0 hands= 139/500 hero_chip=  +10000 sched_bb100=  +20.00 actual_bb100=71.94244604316548 hero_err=0 opp_err=0 dur=0.68s
seed=62242 o=1 hands= 288/500 hero_chip=  +10000 sched_bb100=  +20.00 actual_bb100=34.72222222222222 hero_err=0 opp_err=0 dur=1.17s
seed=63242 o=0 hands= 164/500 hero_chip=  -10000 sched_bb100=  -20.00 actual_bb100=-60.97560975609756 hero_err=0 opp_err=0 dur=0.79s
seed=63242 o=1 hands= 485/500 hero_chip=  +10000 sched_bb100=  +20.00 actual_bb100=20.61855670103093 hero_err=0 opp_err=0 dur=1.88s
seed=64242 o=0 hands= 421/500 hero_chip=  +10000 sched_bb100=  +20.00 actual_bb100=23.752969121140143 hero_err=0 opp_err=0 dur=1.55s
seed=64242 o=1 hands= 500/500 hero_chip=   -5055 sched_bb100=  -10.11 actual_bb100=-10.11 hero_err=0 opp_err=0 dur=2.03s
seed=65242 o=0 hands= 500/500 hero_chip=   -2970 sched_bb100=   -5.94 actual_bb100=-5.9399999999999995 hero_err=0 opp_err=0 dur=2.05s
seed=65242 o=1 hands= 212/500 hero_chip=  +10000 sched_bb100=  +20.00 actual_bb100=47.16981132075472 hero_err=0 opp_err=0 dur=0.93s
seed=66242 o=0 hands= 321/500 hero_chip=  +10000 sched_bb100=  +20.00 actual_bb100=31.152647975077883 hero_err=0 opp_err=0 dur=1.01s
seed=66242 o=1 hands= 380/500 hero_chip=  +10000 sched_bb100=  +20.00 actual_bb100=26.315789473684212 hero_err=0 opp_err=0 dur=1.59s
seed=67242 o=0 hands= 200/500 hero_chip=  +10000 sched_bb100=  +20.00 actual_bb100=50.0 hero_err=0 opp_err=0 dur=0.88s
seed=67242 o=1 hands= 368/500 hero_chip=  +10000 sched_bb100=  +20.00 actual_bb100=27.173913043478258 hero_err=0 opp_err=0 dur=1.39s
seed=68242 o=0 hands= 426/500 hero_chip=  +10000 sched_bb100=  +20.00 actual_bb100=23.474178403755868 hero_err=0 opp_err=0 dur=1.60s
seed=68242 o=1 hands= 267/500 hero_chip=  +10000 sched_bb100=  +20.00 actual_bb100=37.453183520599254 hero_err=0 opp_err=0 dur=1.17s
seed=69242 o=0 hands=  72/500 hero_chip=  +10000 sched_bb100=  +20.00 actual_bb100=138.88888888888889 hero_err=0 opp_err=0 dur=0.35s
seed=69242 o=1 hands= 373/500 hero_chip=  +10000 sched_bb100=  +20.00 actual_bb100=26.80965147453083 hero_err=0 opp_err=0 dur=1.55s
seed=70242 o=0 hands=  83/500 hero_chip=  +10000 sched_bb100=  +20.00 actual_bb100=120.48192771084338 hero_err=0 opp_err=0 dur=0.46s
seed=70242 o=1 hands= 202/500 hero_chip=  +10000 sched_bb100=  +20.00 actual_bb100=49.504950495049506 hero_err=0 opp_err=0 dur=0.85s
seed=71242 o=0 hands= 210/500 hero_chip=  +10000 sched_bb100=  +20.00 actual_bb100=47.61904761904762 hero_err=0 opp_err=0 dur=0.86s
seed=71242 o=1 hands= 461/500 hero_chip=  +10000 sched_bb100=  +20.00 actual_bb100=21.691973969631235 hero_err=0 opp_err=0 dur=1.80s
seed=72242 o=0 hands= 233/500 hero_chip=  -10000 sched_bb100=  -20.00 actual_bb100=-42.918454935622314 hero_err=0 opp_err=0 dur=1.01s
seed=72242 o=1 hands=   5/500 hero_chip=  +10000 sched_bb100=  +20.00 actual_bb100=2000.0 hero_err=0 opp_err=0 dur=0.12s
seed=73242 o=0 hands= 388/500 hero_chip=  +10000 sched_bb100=  +20.00 actual_bb100=25.77319587628866 hero_err=0 opp_err=0 dur=1.53s
seed=73242 o=1 hands= 137/500 hero_chip=  +10000 sched_bb100=  +20.00 actual_bb100=72.992700729927 hero_err=0 opp_err=0 dur=0.66s
seed=74242 o=0 hands=  63/500 hero_chip=  +10000 sched_bb100=  +20.00 actual_bb100=158.73015873015873 hero_err=0 opp_err=0 dur=0.44s
seed=74242 o=1 hands= 376/500 hero_chip=  +10000 sched_bb100=  +20.00 actual_bb100=26.595744680851066 hero_err=0 opp_err=0 dur=1.54s
seed=75242 o=0 hands= 478/500 hero_chip=  +10000 sched_bb100=  +20.00 actual_bb100=20.920502092050206 hero_err=0 opp_err=0 dur=1.87s
seed=75242 o=1 hands= 151/500 hero_chip=  +10000 sched_bb100=  +20.00 actual_bb100=66.2251655629139 hero_err=0 opp_err=0 dur=0.44s
seed=76242 o=0 hands= 500/500 hero_chip=   +9249 sched_bb100=  +18.50 actual_bb100=18.497999999999998 hero_err=0 opp_err=0 dur=1.84s
seed=76242 o=1 hands= 228/500 hero_chip=  -10000 sched_bb100=  -20.00 actual_bb100=-43.85964912280702 hero_err=0 opp_err=0 dur=0.93s
seed=77242 o=0 hands= 299/500 hero_chip=  +10000 sched_bb100=  +20.00 actual_bb100=33.4448160535117 hero_err=0 opp_err=0 dur=1.30s
seed=77242 o=1 hands= 500/500 hero_chip=   +6384 sched_bb100=  +12.77 actual_bb100=12.768 hero_err=0 opp_err=0 dur=2.07s
seed=78242 o=0 hands= 391/500 hero_chip=  +10000 sched_bb100=  +20.00 actual_bb100=25.57544757033248 hero_err=0 opp_err=0 dur=1.48s
seed=78242 o=1 hands= 269/500 hero_chip=  +10000 sched_bb100=  +20.00 actual_bb100=37.17472118959108 hero_err=0 opp_err=0 dur=1.07s
seed=79242 o=0 hands= 415/500 hero_chip=  -10000 sched_bb100=  -20.00 actual_bb100=-24.096385542168672 hero_err=0 opp_err=0 dur=1.72s
seed=79242 o=1 hands= 386/500 hero_chip=  +10000 sched_bb100=  +20.00 actual_bb100=25.906735751295336 hero_err=0 opp_err=0 dur=1.45s

SUMMARY {"actual_to_scheduled_ratio": 0.607675, "attempted_hands": 80000, "base": 242, "ci_half_width": 2.2552250000000003, "ci_high": 12.8082375, "ci_low": 8.2977875, "early_bust_matches": 124, "early_bust_rate": 0.775, "hands_played": 48614, "hero_chip_delta": 849154, "hero_errors": 0, "hero_p99_latency_s": 0.0007464999798685312, "log_path": "/Users/farhad/Code/PokerBot/consult/artifacts/2026-05-29-away/public-drift-completeness/command_logs/h2h_Pav1602__fullhouse_engine__main__skantbot7_3__escalate_b242.log", "match_count": 160, "mean_bb100_actual": 17.467272802073477, "mean_bb100_scheduled": 10.614425, "opponent_errors": 0, "opponent_p99_latency_s": 0.008859541965648532, "phase": "escalate_b242", "stdout_noise": {}, "stdout_noise_examples": {}, "target_scheduled_hands": 80000, "timeboxed": false}
