H2H escalate_b242 2026-05-29T16:19:26Z
repo=TobyCoad/fullhouse-engine branch=main bot=bots/tight_aggressive/bot.py
hero=/Users/farhad/Code/PokerBot/submissions/v_final.zip sha256=e4b4a8f11f801ecef2eca53629241e83cc9bace8ec74004f19368375f22d9598
opponent_zip=/Users/farhad/Code/PokerBot/consult/artifacts/2026-05-29-away/public-drift-completeness/opponent_zips/TobyCoad__fullhouse_engine__main__tight_aggressive.zip sha256=faf13c4996eb80fef78e8dabd0d44f358bb998b71e58c6cc4c389352608dac95
target_scheduled_hands=80000 base=242 match_len=500 seed_stride=1000
seed=242 o=0 hands= 163/500 hero_chip=  +10000 sched_bb100=  +20.00 actual_bb100=61.34969325153374 hero_err=0 opp_err=0 dur=0.38s
seed=242 o=1 hands= 152/500 hero_chip=  +10000 sched_bb100=  +20.00 actual_bb100=65.78947368421052 hero_err=0 opp_err=0 dur=0.48s
seed=1242 o=0 hands=  32/500 hero_chip=  -10000 sched_bb100=  -20.00 actual_bb100=-312.5 hero_err=0 opp_err=0 dur=0.18s
seed=1242 o=1 hands= 150/500 hero_chip=  +10000 sched_bb100=  +20.00 actual_bb100=66.66666666666667 hero_err=0 opp_err=0 dur=0.31s
seed=2242 o=0 hands=  11/500 hero_chip=  +10000 sched_bb100=  +20.00 actual_bb100=909.0909090909091 hero_err=0 opp_err=0 dur=0.19s
seed=2242 o=1 hands= 232/500 hero_chip=  +10000 sched_bb100=  +20.00 actual_bb100=43.10344827586207 hero_err=0 opp_err=0 dur=0.39s
seed=3242 o=0 hands=  83/500 hero_chip=  +10000 sched_bb100=  +20.00 actual_bb100=120.48192771084338 hero_err=0 opp_err=0 dur=0.35s
seed=3242 o=1 hands= 500/500 hero_chip=   +9910 sched_bb100=  +19.82 actual_bb100=19.82 hero_err=0 opp_err=0 dur=0.65s
seed=4242 o=0 hands= 323/500 hero_chip=  +10000 sched_bb100=  +20.00 actual_bb100=30.959752321981423 hero_err=0 opp_err=0 dur=0.51s
seed=4242 o=1 hands= 139/500 hero_chip=  +10000 sched_bb100=  +20.00 actual_bb100=71.94244604316548 hero_err=0 opp_err=0 dur=0.36s
seed=5242 o=0 hands= 296/500 hero_chip=  +10000 sched_bb100=  +20.00 actual_bb100=33.78378378378378 hero_err=0 opp_err=0 dur=0.56s
seed=5242 o=1 hands= 407/500 hero_chip=  +10000 sched_bb100=  +20.00 actual_bb100=24.570024570024568 hero_err=0 opp_err=0 dur=0.57s
seed=6242 o=0 hands= 175/500 hero_chip=  -10000 sched_bb100=  -20.00 actual_bb100=-57.142857142857146 hero_err=0 opp_err=0 dur=0.41s
seed=6242 o=1 hands= 111/500 hero_chip=  +10000 sched_bb100=  +20.00 actual_bb100=90.09009009009009 hero_err=0 opp_err=0 dur=0.32s
seed=7242 o=0 hands=  93/500 hero_chip=  +10000 sched_bb100=  +20.00 actual_bb100=107.5268817204301 hero_err=0 opp_err=0 dur=0.36s
seed=7242 o=1 hands= 236/500 hero_chip=  +10000 sched_bb100=  +20.00 actual_bb100=42.37288135593221 hero_err=0 opp_err=0 dur=0.51s
seed=8242 o=0 hands= 121/500 hero_chip=  +10000 sched_bb100=  +20.00 actual_bb100=82.64462809917356 hero_err=0 opp_err=0 dur=0.38s
seed=8242 o=1 hands= 500/500 hero_chip=   -1138 sched_bb100=   -2.28 actual_bb100=-2.2760000000000002 hero_err=0 opp_err=0 dur=0.72s
seed=9242 o=0 hands= 156/500 hero_chip=  +10000 sched_bb100=  +20.00 actual_bb100=64.1025641025641 hero_err=0 opp_err=0 dur=0.34s
seed=9242 o=1 hands= 129/500 hero_chip=  +10000 sched_bb100=  +20.00 actual_bb100=77.51937984496124 hero_err=0 opp_err=0 dur=0.35s
seed=10242 o=0 hands= 362/500 hero_chip=  +10000 sched_bb100=  +20.00 actual_bb100=27.624309392265193 hero_err=0 opp_err=0 dur=0.67s
seed=10242 o=1 hands= 188/500 hero_chip=  +10000 sched_bb100=  +20.00 actual_bb100=53.19148936170213 hero_err=0 opp_err=0 dur=0.34s
seed=11242 o=0 hands= 216/500 hero_chip=  +10000 sched_bb100=  +20.00 actual_bb100=46.29629629629629 hero_err=0 opp_err=0 dur=0.45s
seed=11242 o=1 hands= 155/500 hero_chip=  +10000 sched_bb100=  +20.00 actual_bb100=64.51612903225806 hero_err=0 opp_err=0 dur=0.35s
seed=12242 o=0 hands=  66/500 hero_chip=  +10000 sched_bb100=  +20.00 actual_bb100=151.5151515151515 hero_err=0 opp_err=0 dur=0.33s
seed=12242 o=1 hands= 315/500 hero_chip=  +10000 sched_bb100=  +20.00 actual_bb100=31.746031746031747 hero_err=0 opp_err=0 dur=0.50s
seed=13242 o=0 hands= 232/500 hero_chip=  +10000 sched_bb100=  +20.00 actual_bb100=43.10344827586207 hero_err=0 opp_err=0 dur=0.45s
seed=13242 o=1 hands= 204/500 hero_chip=  +10000 sched_bb100=  +20.00 actual_bb100=49.01960784313725 hero_err=0 opp_err=0 dur=0.39s
seed=14242 o=0 hands= 323/500 hero_chip=  +10000 sched_bb100=  +20.00 actual_bb100=30.959752321981423 hero_err=0 opp_err=0 dur=0.52s
seed=14242 o=1 hands= 179/500 hero_chip=  +10000 sched_bb100=  +20.00 actual_bb100=55.865921787709496 hero_err=0 opp_err=0 dur=0.44s
seed=15242 o=0 hands=  73/500 hero_chip=  +10000 sched_bb100=  +20.00 actual_bb100=136.986301369863 hero_err=0 opp_err=0 dur=0.34s
seed=15242 o=1 hands= 106/500 hero_chip=  +10000 sched_bb100=  +20.00 actual_bb100=94.33962264150944 hero_err=0 opp_err=0 dur=0.34s
seed=16242 o=0 hands=  94/500 hero_chip=  +10000 sched_bb100=  +20.00 actual_bb100=106.38297872340426 hero_err=0 opp_err=0 dur=0.33s
seed=16242 o=1 hands= 438/500 hero_chip=  +10000 sched_bb100=  +20.00 actual_bb100=22.831050228310502 hero_err=0 opp_err=0 dur=0.58s
seed=17242 o=0 hands= 178/500 hero_chip=  +10000 sched_bb100=  +20.00 actual_bb100=56.17977528089887 hero_err=0 opp_err=0 dur=0.37s
seed=17242 o=1 hands= 220/500 hero_chip=  +10000 sched_bb100=  +20.00 actual_bb100=45.45454545454545 hero_err=0 opp_err=0 dur=0.36s
seed=18242 o=0 hands=  94/500 hero_chip=  +10000 sched_bb100=  +20.00 actual_bb100=106.38297872340426 hero_err=0 opp_err=0 dur=0.35s
seed=18242 o=1 hands= 315/500 hero_chip=  +10000 sched_bb100=  +20.00 actual_bb100=31.746031746031747 hero_err=0 opp_err=0 dur=0.53s
seed=19242 o=0 hands=  93/500 hero_chip=  +10000 sched_bb100=  +20.00 actual_bb100=107.5268817204301 hero_err=0 opp_err=0 dur=0.32s
seed=19242 o=1 hands= 121/500 hero_chip=  +10000 sched_bb100=  +20.00 actual_bb100=82.64462809917356 hero_err=0 opp_err=0 dur=0.37s
seed=20242 o=0 hands= 364/500 hero_chip=  +10000 sched_bb100=  +20.00 actual_bb100=27.47252747252747 hero_err=0 opp_err=0 dur=0.57s
seed=20242 o=1 hands= 124/500 hero_chip=  +10000 sched_bb100=  +20.00 actual_bb100=80.64516129032258 hero_err=0 opp_err=0 dur=0.39s
seed=21242 o=0 hands= 275/500 hero_chip=  +10000 sched_bb100=  +20.00 actual_bb100=36.36363636363637 hero_err=0 opp_err=0 dur=0.53s
seed=21242 o=1 hands= 154/500 hero_chip=  +10000 sched_bb100=  +20.00 actual_bb100=64.93506493506493 hero_err=0 opp_err=0 dur=0.37s
seed=22242 o=0 hands=   7/500 hero_chip=  +10000 sched_bb100=  +20.00 actual_bb100=1428.5714285714284 hero_err=0 opp_err=0 dur=0.16s
seed=22242 o=1 hands= 322/500 hero_chip=  +10000 sched_bb100=  +20.00 actual_bb100=31.05590062111801 hero_err=0 opp_err=0 dur=0.61s
seed=23242 o=0 hands= 251/500 hero_chip=  +10000 sched_bb100=  +20.00 actual_bb100=39.8406374501992 hero_err=0 opp_err=0 dur=0.45s
seed=23242 o=1 hands= 459/500 hero_chip=  +10000 sched_bb100=  +20.00 actual_bb100=21.78649237472767 hero_err=0 opp_err=0 dur=0.66s
seed=24242 o=0 hands= 184/500 hero_chip=  +10000 sched_bb100=  +20.00 actual_bb100=54.347826086956516 hero_err=0 opp_err=0 dur=0.40s
seed=24242 o=1 hands= 241/500 hero_chip=  +10000 sched_bb100=  +20.00 actual_bb100=41.49377593360995 hero_err=0 opp_err=0 dur=0.45s
seed=25242 o=0 hands= 186/500 hero_chip=  +10000 sched_bb100=  +20.00 actual_bb100=53.76344086021505 hero_err=0 opp_err=0 dur=0.36s
seed=25242 o=1 hands= 131/500 hero_chip=  +10000 sched_bb100=  +20.00 actual_bb100=76.33587786259541 hero_err=0 opp_err=0 dur=0.34s
seed=26242 o=0 hands= 145/500 hero_chip=  +10000 sched_bb100=  +20.00 actual_bb100=68.96551724137932 hero_err=0 opp_err=0 dur=0.43s
seed=26242 o=1 hands= 224/500 hero_chip=  +10000 sched_bb100=  +20.00 actual_bb100=44.64285714285714 hero_err=0 opp_err=0 dur=0.43s
seed=27242 o=0 hands= 164/500 hero_chip=  +10000 sched_bb100=  +20.00 actual_bb100=60.97560975609756 hero_err=0 opp_err=0 dur=0.36s
seed=27242 o=1 hands= 157/500 hero_chip=  +10000 sched_bb100=  +20.00 actual_bb100=63.69426751592356 hero_err=0 opp_err=0 dur=0.36s
seed=28242 o=0 hands= 158/500 hero_chip=  +10000 sched_bb100=  +20.00 actual_bb100=63.291139240506325 hero_err=0 opp_err=0 dur=0.37s
seed=28242 o=1 hands=  35/500 hero_chip=  +10000 sched_bb100=  +20.00 actual_bb100=285.7142857142857 hero_err=0 opp_err=0 dur=0.32s
seed=29242 o=0 hands= 147/500 hero_chip=  +10000 sched_bb100=  +20.00 actual_bb100=68.02721088435375 hero_err=0 opp_err=0 dur=0.44s
seed=29242 o=1 hands=  62/500 hero_chip=  +10000 sched_bb100=  +20.00 actual_bb100=161.29032258064515 hero_err=0 opp_err=0 dur=0.22s
seed=30242 o=0 hands= 500/500 hero_chip=   +6565 sched_bb100=  +13.13 actual_bb100=13.13 hero_err=0 opp_err=0 dur=0.69s
seed=30242 o=1 hands= 133/500 hero_chip=  +10000 sched_bb100=  +20.00 actual_bb100=75.18796992481202 hero_err=0 opp_err=0 dur=0.41s
seed=31242 o=0 hands= 140/500 hero_chip=  +10000 sched_bb100=  +20.00 actual_bb100=71.42857142857143 hero_err=0 opp_err=0 dur=0.37s
seed=31242 o=1 hands= 251/500 hero_chip=  +10000 sched_bb100=  +20.00 actual_bb100=39.8406374501992 hero_err=0 opp_err=0 dur=0.45s
seed=32242 o=0 hands= 183/500 hero_chip=  +10000 sched_bb100=  +20.00 actual_bb100=54.6448087431694 hero_err=0 opp_err=0 dur=0.36s
seed=32242 o=1 hands= 215/500 hero_chip=  +10000 sched_bb100=  +20.00 actual_bb100=46.51162790697675 hero_err=0 opp_err=0 dur=0.37s
seed=33242 o=0 hands=  50/500 hero_chip=  +10000 sched_bb100=  +20.00 actual_bb100=200.0 hero_err=0 opp_err=0 dur=0.17s
seed=33242 o=1 hands= 184/500 hero_chip=  +10000 sched_bb100=  +20.00 actual_bb100=54.347826086956516 hero_err=0 opp_err=0 dur=0.46s
seed=34242 o=0 hands= 128/500 hero_chip=  +10000 sched_bb100=  +20.00 actual_bb100=78.125 hero_err=0 opp_err=0 dur=0.36s
seed=34242 o=1 hands= 316/500 hero_chip=  +10000 sched_bb100=  +20.00 actual_bb100=31.645569620253163 hero_err=0 opp_err=0 dur=0.46s
seed=35242 o=0 hands= 108/500 hero_chip=  +10000 sched_bb100=  +20.00 actual_bb100=92.59259259259258 hero_err=0 opp_err=0 dur=0.33s
seed=35242 o=1 hands= 164/500 hero_chip=  +10000 sched_bb100=  +20.00 actual_bb100=60.97560975609756 hero_err=0 opp_err=0 dur=0.37s
seed=36242 o=0 hands= 171/500 hero_chip=  +10000 sched_bb100=  +20.00 actual_bb100=58.47953216374269 hero_err=0 opp_err=0 dur=0.43s
seed=36242 o=1 hands= 117/500 hero_chip=  +10000 sched_bb100=  +20.00 actual_bb100=85.47008547008548 hero_err=0 opp_err=0 dur=0.36s
seed=37242 o=0 hands= 333/500 hero_chip=  +10000 sched_bb100=  +20.00 actual_bb100=30.03003003003003 hero_err=0 opp_err=0 dur=0.61s
seed=37242 o=1 hands= 183/500 hero_chip=  +10000 sched_bb100=  +20.00 actual_bb100=54.6448087431694 hero_err=0 opp_err=0 dur=0.36s
seed=38242 o=0 hands= 221/500 hero_chip=  +10000 sched_bb100=  +20.00 actual_bb100=45.248868778280546 hero_err=0 opp_err=0 dur=0.47s
seed=38242 o=1 hands= 114/500 hero_chip=  +10000 sched_bb100=  +20.00 actual_bb100=87.71929824561404 hero_err=0 opp_err=0 dur=0.38s
seed=39242 o=0 hands= 137/500 hero_chip=  +10000 sched_bb100=  +20.00 actual_bb100=72.992700729927 hero_err=0 opp_err=0 dur=0.30s
seed=39242 o=1 hands= 291/500 hero_chip=  +10000 sched_bb100=  +20.00 actual_bb100=34.36426116838488 hero_err=0 opp_err=0 dur=0.52s
seed=40242 o=0 hands=  43/500 hero_chip=  +10000 sched_bb100=  +20.00 actual_bb100=232.55813953488374 hero_err=0 opp_err=0 dur=0.28s
seed=40242 o=1 hands= 107/500 hero_chip=  -10000 sched_bb100=  -20.00 actual_bb100=-93.45794392523364 hero_err=0 opp_err=0 dur=0.37s
seed=41242 o=0 hands= 252/500 hero_chip=  +10000 sched_bb100=  +20.00 actual_bb100=39.682539682539684 hero_err=0 opp_err=0 dur=0.48s
seed=41242 o=1 hands= 129/500 hero_chip=  +10000 sched_bb100=  +20.00 actual_bb100=77.51937984496124 hero_err=0 opp_err=0 dur=0.36s
seed=42242 o=0 hands= 121/500 hero_chip=  +10000 sched_bb100=  +20.00 actual_bb100=82.64462809917356 hero_err=0 opp_err=0 dur=0.36s
seed=42242 o=1 hands= 212/500 hero_chip=  +10000 sched_bb100=  +20.00 actual_bb100=47.16981132075472 hero_err=0 opp_err=0 dur=0.42s
seed=43242 o=0 hands= 103/500 hero_chip=  +10000 sched_bb100=  +20.00 actual_bb100=97.08737864077669 hero_err=0 opp_err=0 dur=0.35s
seed=43242 o=1 hands=  90/500 hero_chip=  +10000 sched_bb100=  +20.00 actual_bb100=111.11111111111111 hero_err=0 opp_err=0 dur=0.34s
seed=44242 o=0 hands= 370/500 hero_chip=  +10000 sched_bb100=  +20.00 actual_bb100=27.027027027027025 hero_err=0 opp_err=0 dur=0.57s
seed=44242 o=1 hands= 109/500 hero_chip=  +10000 sched_bb100=  +20.00 actual_bb100=91.74311926605503 hero_err=0 opp_err=0 dur=0.37s
seed=45242 o=0 hands=  92/500 hero_chip=  -10000 sched_bb100=  -20.00 actual_bb100=-108.69565217391303 hero_err=0 opp_err=0 dur=0.39s
seed=45242 o=1 hands=  79/500 hero_chip=  +10000 sched_bb100=  +20.00 actual_bb100=126.58227848101265 hero_err=0 opp_err=0 dur=0.28s
seed=46242 o=0 hands= 166/500 hero_chip=  +10000 sched_bb100=  +20.00 actual_bb100=60.24096385542169 hero_err=0 opp_err=0 dur=0.35s
seed=46242 o=1 hands= 229/500 hero_chip=  +10000 sched_bb100=  +20.00 actual_bb100=43.66812227074236 hero_err=0 opp_err=0 dur=0.41s
seed=47242 o=0 hands= 233/500 hero_chip=  +10000 sched_bb100=  +20.00 actual_bb100=42.918454935622314 hero_err=0 opp_err=0 dur=0.42s
seed=47242 o=1 hands= 140/500 hero_chip=  -10000 sched_bb100=  -20.00 actual_bb100=-71.42857142857143 hero_err=0 opp_err=0 dur=0.40s
seed=48242 o=0 hands=   7/500 hero_chip=  -10000 sched_bb100=  -20.00 actual_bb100=-1428.5714285714284 hero_err=0 opp_err=0 dur=0.18s
seed=48242 o=1 hands=  93/500 hero_chip=  +10000 sched_bb100=  +20.00 actual_bb100=107.5268817204301 hero_err=0 opp_err=0 dur=0.32s
seed=49242 o=0 hands=  40/500 hero_chip=  -10000 sched_bb100=  -20.00 actual_bb100=-250.0 hero_err=0 opp_err=0 dur=0.22s
seed=49242 o=1 hands=  40/500 hero_chip=  +10000 sched_bb100=  +20.00 actual_bb100=250.0 hero_err=0 opp_err=0 dur=0.23s
seed=50242 o=0 hands= 194/500 hero_chip=  +10000 sched_bb100=  +20.00 actual_bb100=51.54639175257732 hero_err=0 opp_err=0 dur=0.40s
seed=50242 o=1 hands= 200/500 hero_chip=  +10000 sched_bb100=  +20.00 actual_bb100=50.0 hero_err=0 opp_err=0 dur=0.48s
seed=51242 o=0 hands= 361/500 hero_chip=  +10000 sched_bb100=  +20.00 actual_bb100=27.70083102493075 hero_err=0 opp_err=0 dur=0.53s
seed=51242 o=1 hands= 206/500 hero_chip=  +10000 sched_bb100=  +20.00 actual_bb100=48.543689320388346 hero_err=0 opp_err=0 dur=0.37s
seed=52242 o=0 hands= 202/500 hero_chip=  +10000 sched_bb100=  +20.00 actual_bb100=49.504950495049506 hero_err=0 opp_err=0 dur=0.40s
seed=52242 o=1 hands= 204/500 hero_chip=  +10000 sched_bb100=  +20.00 actual_bb100=49.01960784313725 hero_err=0 opp_err=0 dur=0.41s
seed=53242 o=0 hands= 177/500 hero_chip=  +10000 sched_bb100=  +20.00 actual_bb100=56.497175141242934 hero_err=0 opp_err=0 dur=0.41s
seed=53242 o=1 hands= 392/500 hero_chip=  +10000 sched_bb100=  +20.00 actual_bb100=25.510204081632654 hero_err=0 opp_err=0 dur=0.60s
seed=54242 o=0 hands= 155/500 hero_chip=  +10000 sched_bb100=  +20.00 actual_bb100=64.51612903225806 hero_err=0 opp_err=0 dur=0.45s
seed=54242 o=1 hands= 155/500 hero_chip=  -10000 sched_bb100=  -20.00 actual_bb100=-64.51612903225806 hero_err=0 opp_err=0 dur=0.46s
seed=55242 o=0 hands= 199/500 hero_chip=  +10000 sched_bb100=  +20.00 actual_bb100=50.25125628140704 hero_err=0 opp_err=0 dur=0.40s
seed=55242 o=1 hands= 123/500 hero_chip=  +10000 sched_bb100=  +20.00 actual_bb100=81.30081300813008 hero_err=0 opp_err=0 dur=0.32s
seed=56242 o=0 hands= 249/500 hero_chip=  +10000 sched_bb100=  +20.00 actual_bb100=40.16064257028112 hero_err=0 opp_err=0 dur=0.45s
seed=56242 o=1 hands=  16/500 hero_chip=  +10000 sched_bb100=  +20.00 actual_bb100=625.0 hero_err=0 opp_err=0 dur=0.17s
seed=57242 o=0 hands= 161/500 hero_chip=  +10000 sched_bb100=  +20.00 actual_bb100=62.11180124223602 hero_err=0 opp_err=0 dur=0.42s
seed=57242 o=1 hands= 169/500 hero_chip=  +10000 sched_bb100=  +20.00 actual_bb100=59.171597633136095 hero_err=0 opp_err=0 dur=0.35s
seed=58242 o=0 hands= 128/500 hero_chip=  +10000 sched_bb100=  +20.00 actual_bb100=78.125 hero_err=0 opp_err=0 dur=0.35s
seed=58242 o=1 hands= 421/500 hero_chip=  +10000 sched_bb100=  +20.00 actual_bb100=23.752969121140143 hero_err=0 opp_err=0 dur=0.64s
seed=59242 o=0 hands= 137/500 hero_chip=  -10000 sched_bb100=  -20.00 actual_bb100=-72.992700729927 hero_err=0 opp_err=0 dur=0.40s
seed=59242 o=1 hands= 181/500 hero_chip=  +10000 sched_bb100=  +20.00 actual_bb100=55.248618784530386 hero_err=0 opp_err=0 dur=0.36s
seed=60242 o=0 hands= 229/500 hero_chip=  +10000 sched_bb100=  +20.00 actual_bb100=43.66812227074236 hero_err=0 opp_err=0 dur=0.45s
seed=60242 o=1 hands= 187/500 hero_chip=  +10000 sched_bb100=  +20.00 actual_bb100=53.475935828877 hero_err=0 opp_err=0 dur=0.43s
seed=61242 o=0 hands= 162/500 hero_chip=  +10000 sched_bb100=  +20.00 actual_bb100=61.72839506172839 hero_err=0 opp_err=0 dur=0.41s
seed=61242 o=1 hands= 398/500 hero_chip=  +10000 sched_bb100=  +20.00 actual_bb100=25.12562814070352 hero_err=0 opp_err=0 dur=0.70s
seed=62242 o=0 hands= 299/500 hero_chip=  +10000 sched_bb100=  +20.00 actual_bb100=33.4448160535117 hero_err=0 opp_err=0 dur=0.47s
seed=62242 o=1 hands= 101/500 hero_chip=  +10000 sched_bb100=  +20.00 actual_bb100=99.00990099009901 hero_err=0 opp_err=0 dur=0.33s
seed=63242 o=0 hands= 220/500 hero_chip=  +10000 sched_bb100=  +20.00 actual_bb100=45.45454545454545 hero_err=0 opp_err=0 dur=0.43s
seed=63242 o=1 hands=  54/500 hero_chip=  +10000 sched_bb100=  +20.00 actual_bb100=185.18518518518516 hero_err=0 opp_err=0 dur=0.18s
seed=64242 o=0 hands= 108/500 hero_chip=  +10000 sched_bb100=  +20.00 actual_bb100=92.59259259259258 hero_err=0 opp_err=0 dur=0.36s
seed=64242 o=1 hands= 314/500 hero_chip=  +10000 sched_bb100=  +20.00 actual_bb100=31.84713375796178 hero_err=0 opp_err=0 dur=0.58s
seed=65242 o=0 hands= 156/500 hero_chip=  +10000 sched_bb100=  +20.00 actual_bb100=64.1025641025641 hero_err=0 opp_err=0 dur=0.39s
seed=65242 o=1 hands= 241/500 hero_chip=  +10000 sched_bb100=  +20.00 actual_bb100=41.49377593360995 hero_err=0 opp_err=0 dur=0.44s
seed=66242 o=0 hands=  75/500 hero_chip=  +10000 sched_bb100=  +20.00 actual_bb100=133.33333333333334 hero_err=0 opp_err=0 dur=0.24s
seed=66242 o=1 hands= 272/500 hero_chip=  +10000 sched_bb100=  +20.00 actual_bb100=36.76470588235294 hero_err=0 opp_err=0 dur=0.52s
seed=67242 o=0 hands= 241/500 hero_chip=  +10000 sched_bb100=  +20.00 actual_bb100=41.49377593360995 hero_err=0 opp_err=0 dur=0.47s
seed=67242 o=1 hands= 155/500 hero_chip=  +10000 sched_bb100=  +20.00 actual_bb100=64.51612903225806 hero_err=0 opp_err=0 dur=0.41s
seed=68242 o=0 hands= 184/500 hero_chip=  +10000 sched_bb100=  +20.00 actual_bb100=54.347826086956516 hero_err=0 opp_err=0 dur=0.38s
seed=68242 o=1 hands= 216/500 hero_chip=  +10000 sched_bb100=  +20.00 actual_bb100=46.29629629629629 hero_err=0 opp_err=0 dur=0.46s
seed=69242 o=0 hands= 141/500 hero_chip=  +10000 sched_bb100=  +20.00 actual_bb100=70.92198581560284 hero_err=0 opp_err=0 dur=0.39s
seed=69242 o=1 hands= 180/500 hero_chip=  +10000 sched_bb100=  +20.00 actual_bb100=55.55555555555556 hero_err=0 opp_err=0 dur=0.41s
seed=70242 o=0 hands=  41/500 hero_chip=  +10000 sched_bb100=  +20.00 actual_bb100=243.90243902439025 hero_err=0 opp_err=0 dur=0.27s
seed=70242 o=1 hands= 232/500 hero_chip=  +10000 sched_bb100=  +20.00 actual_bb100=43.10344827586207 hero_err=0 opp_err=0 dur=0.45s
seed=71242 o=0 hands= 500/500 hero_chip=   +2652 sched_bb100=   +5.30 actual_bb100=5.304 hero_err=0 opp_err=0 dur=0.81s
seed=71242 o=1 hands= 106/500 hero_chip=  +10000 sched_bb100=  +20.00 actual_bb100=94.33962264150944 hero_err=0 opp_err=0 dur=0.36s
seed=72242 o=0 hands= 258/500 hero_chip=  -10000 sched_bb100=  -20.00 actual_bb100=-38.75968992248062 hero_err=0 opp_err=0 dur=0.53s
seed=72242 o=1 hands=   2/500 hero_chip=  +10000 sched_bb100=  +20.00 actual_bb100=5000.0 hero_err=0 opp_err=0 dur=0.17s
seed=73242 o=0 hands= 135/500 hero_chip=  +10000 sched_bb100=  +20.00 actual_bb100=74.07407407407408 hero_err=0 opp_err=0 dur=0.36s
seed=73242 o=1 hands= 270/500 hero_chip=  +10000 sched_bb100=  +20.00 actual_bb100=37.03703703703704 hero_err=0 opp_err=0 dur=0.52s
seed=74242 o=0 hands= 153/500 hero_chip=  +10000 sched_bb100=  +20.00 actual_bb100=65.359477124183 hero_err=0 opp_err=0 dur=0.39s
seed=74242 o=1 hands= 133/500 hero_chip=  +10000 sched_bb100=  +20.00 actual_bb100=75.18796992481202 hero_err=0 opp_err=0 dur=0.37s
seed=75242 o=0 hands= 325/500 hero_chip=  +10000 sched_bb100=  +20.00 actual_bb100=30.76923076923077 hero_err=0 opp_err=0 dur=0.49s
seed=75242 o=1 hands=  37/500 hero_chip=  -10000 sched_bb100=  -20.00 actual_bb100=-270.27027027027026 hero_err=0 opp_err=0 dur=0.28s
seed=76242 o=0 hands= 186/500 hero_chip=  +10000 sched_bb100=  +20.00 actual_bb100=53.76344086021505 hero_err=0 opp_err=0 dur=0.47s
seed=76242 o=1 hands= 100/500 hero_chip=  +10000 sched_bb100=  +20.00 actual_bb100=100.0 hero_err=0 opp_err=0 dur=0.29s
seed=77242 o=0 hands= 234/500 hero_chip=  +10000 sched_bb100=  +20.00 actual_bb100=42.73504273504274 hero_err=0 opp_err=0 dur=0.47s
seed=77242 o=1 hands= 443/500 hero_chip=  +10000 sched_bb100=  +20.00 actual_bb100=22.573363431151243 hero_err=0 opp_err=0 dur=0.63s
seed=78242 o=0 hands= 250/500 hero_chip=  +10000 sched_bb100=  +20.00 actual_bb100=40.0 hero_err=0 opp_err=0 dur=0.52s
seed=78242 o=1 hands= 307/500 hero_chip=  +10000 sched_bb100=  +20.00 actual_bb100=32.57328990228013 hero_err=0 opp_err=0 dur=0.51s
seed=79242 o=0 hands= 228/500 hero_chip=  +10000 sched_bb100=  +20.00 actual_bb100=43.85964912280702 hero_err=0 opp_err=0 dur=0.47s
seed=79242 o=1 hands= 180/500 hero_chip=  +10000 sched_bb100=  +20.00 actual_bb100=55.55555555555556 hero_err=0 opp_err=0 dur=0.44s

SUMMARY {"actual_to_scheduled_ratio": 0.3806, "attempted_hands": 80000, "base": 242, "ci_half_width": 1.52333125, "ci_high": 18.41075, "ci_low": 15.3640875, "early_bust_matches": 156, "early_bust_rate": 0.975, "hands_played": 30448, "hero_chip_delta": 1357989, "hero_errors": 0, "hero_p99_latency_s": 0.005563416052609682, "log_path": "/Users/farhad/Code/PokerBot/consult/artifacts/2026-05-29-away/public-drift-completeness/command_logs/h2h_TobyCoad__fullhouse_engine__main__tight_aggressive__escalate_b242.log", "match_count": 160, "mean_bb100_actual": 44.60026931161324, "mean_bb100_scheduled": 16.9748625, "opponent_errors": 0, "opponent_p99_latency_s": 0.007497583050280809, "phase": "escalate_b242", "stdout_noise": {}, "stdout_noise_examples": {}, "target_scheduled_hands": 80000, "timeboxed": false}
