H2H escalate_b242 2026-05-29T16:08:24Z
repo=TobyCoad/fullhouse-engine branch=main bot=bots/loose_passive/bot.py
hero=/Users/farhad/Code/PokerBot/submissions/v_final.zip sha256=e4b4a8f11f801ecef2eca53629241e83cc9bace8ec74004f19368375f22d9598
opponent_zip=/Users/farhad/Code/PokerBot/consult/artifacts/2026-05-29-away/public-drift-completeness/opponent_zips/TobyCoad__fullhouse_engine__main__loose_passive.zip sha256=ecad1ee3b9af001de87ecf1ded9d3750b0b7182407d5cdc85fb41adf130cf50e
target_scheduled_hands=80000 base=242 match_len=500 seed_stride=1000
seed=242 o=0 hands= 379/500 hero_chip=  -10000 sched_bb100=  -20.00 actual_bb100=-26.385224274406333 hero_err=0 opp_err=0 dur=0.70s
seed=242 o=1 hands=  30/500 hero_chip=  -10000 sched_bb100=  -20.00 actual_bb100=-333.33333333333337 hero_err=0 opp_err=0 dur=0.25s
seed=1242 o=0 hands=  75/500 hero_chip=  -10000 sched_bb100=  -20.00 actual_bb100=-133.33333333333334 hero_err=0 opp_err=0 dur=0.35s
seed=1242 o=1 hands=  32/500 hero_chip=  +10000 sched_bb100=  +20.00 actual_bb100=312.5 hero_err=0 opp_err=0 dur=0.27s
seed=2242 o=0 hands=  47/500 hero_chip=  -10000 sched_bb100=  -20.00 actual_bb100=-212.76595744680853 hero_err=0 opp_err=0 dur=0.25s
seed=2242 o=1 hands=  64/500 hero_chip=  -10000 sched_bb100=  -20.00 actual_bb100=-156.25 hero_err=0 opp_err=0 dur=0.33s
seed=3242 o=0 hands= 127/500 hero_chip=  +10000 sched_bb100=  +20.00 actual_bb100=78.74015748031496 hero_err=0 opp_err=0 dur=0.42s
seed=3242 o=1 hands=  70/500 hero_chip=  -10000 sched_bb100=  -20.00 actual_bb100=-142.85714285714286 hero_err=0 opp_err=0 dur=0.33s
seed=4242 o=0 hands=  61/500 hero_chip=  -10000 sched_bb100=  -20.00 actual_bb100=-163.9344262295082 hero_err=0 opp_err=0 dur=0.30s
seed=4242 o=1 hands=  94/500 hero_chip=  -10000 sched_bb100=  -20.00 actual_bb100=-106.38297872340426 hero_err=0 opp_err=0 dur=0.34s
seed=5242 o=0 hands= 123/500 hero_chip=  -10000 sched_bb100=  -20.00 actual_bb100=-81.30081300813008 hero_err=0 opp_err=0 dur=0.39s
seed=5242 o=1 hands=  43/500 hero_chip=  -10000 sched_bb100=  -20.00 actual_bb100=-232.55813953488374 hero_err=0 opp_err=0 dur=0.27s
seed=6242 o=0 hands= 106/500 hero_chip=  +10000 sched_bb100=  +20.00 actual_bb100=94.33962264150944 hero_err=0 opp_err=0 dur=0.35s
seed=6242 o=1 hands=  88/500 hero_chip=  -10000 sched_bb100=  -20.00 actual_bb100=-113.63636363636364 hero_err=0 opp_err=0 dur=0.34s
seed=7242 o=0 hands= 190/500 hero_chip=  -10000 sched_bb100=  -20.00 actual_bb100=-52.631578947368425 hero_err=0 opp_err=0 dur=0.53s
seed=7242 o=1 hands= 100/500 hero_chip=  -10000 sched_bb100=  -20.00 actual_bb100=-100.0 hero_err=0 opp_err=0 dur=0.38s
seed=8242 o=0 hands=  42/500 hero_chip=  -10000 sched_bb100=  -20.00 actual_bb100=-238.0952380952381 hero_err=0 opp_err=0 dur=0.24s
seed=8242 o=1 hands=  24/500 hero_chip=  -10000 sched_bb100=  -20.00 actual_bb100=-416.6666666666667 hero_err=0 opp_err=0 dur=0.19s
seed=9242 o=0 hands=  75/500 hero_chip=  -10000 sched_bb100=  -20.00 actual_bb100=-133.33333333333334 hero_err=0 opp_err=0 dur=0.34s
seed=9242 o=1 hands= 239/500 hero_chip=  -10000 sched_bb100=  -20.00 actual_bb100=-41.84100418410041 hero_err=0 opp_err=0 dur=0.59s
seed=10242 o=0 hands= 103/500 hero_chip=  +10000 sched_bb100=  +20.00 actual_bb100=97.08737864077669 hero_err=0 opp_err=0 dur=0.34s
seed=10242 o=1 hands= 106/500 hero_chip=  -10000 sched_bb100=  -20.00 actual_bb100=-94.33962264150944 hero_err=0 opp_err=0 dur=0.39s
seed=11242 o=0 hands=  61/500 hero_chip=  -10000 sched_bb100=  -20.00 actual_bb100=-163.9344262295082 hero_err=0 opp_err=0 dur=0.29s
seed=11242 o=1 hands=  88/500 hero_chip=  -10000 sched_bb100=  -20.00 actual_bb100=-113.63636363636364 hero_err=0 opp_err=0 dur=0.36s
seed=12242 o=0 hands=  48/500 hero_chip=  -10000 sched_bb100=  -20.00 actual_bb100=-208.33333333333334 hero_err=0 opp_err=0 dur=0.32s
seed=12242 o=1 hands= 132/500 hero_chip=  -10000 sched_bb100=  -20.00 actual_bb100=-75.75757575757575 hero_err=0 opp_err=0 dur=0.38s
seed=13242 o=0 hands= 171/500 hero_chip=  +10000 sched_bb100=  +20.00 actual_bb100=58.47953216374269 hero_err=0 opp_err=0 dur=0.43s
seed=13242 o=1 hands=  94/500 hero_chip=  -10000 sched_bb100=  -20.00 actual_bb100=-106.38297872340426 hero_err=0 opp_err=0 dur=0.36s
seed=14242 o=0 hands=  67/500 hero_chip=  -10000 sched_bb100=  -20.00 actual_bb100=-149.25373134328356 hero_err=0 opp_err=0 dur=0.39s
seed=14242 o=1 hands=  93/500 hero_chip=  -10000 sched_bb100=  -20.00 actual_bb100=-107.5268817204301 hero_err=0 opp_err=0 dur=0.41s
seed=15242 o=0 hands= 162/500 hero_chip=  -10000 sched_bb100=  -20.00 actual_bb100=-61.72839506172839 hero_err=0 opp_err=0 dur=0.50s
seed=15242 o=1 hands=  53/500 hero_chip=  -10000 sched_bb100=  -20.00 actual_bb100=-188.67924528301887 hero_err=0 opp_err=0 dur=0.28s
seed=16242 o=0 hands=  45/500 hero_chip=  -10000 sched_bb100=  -20.00 actual_bb100=-222.22222222222223 hero_err=0 opp_err=0 dur=0.36s
seed=16242 o=1 hands=  54/500 hero_chip=  +10000 sched_bb100=  +20.00 actual_bb100=185.18518518518516 hero_err=0 opp_err=0 dur=0.42s
seed=17242 o=0 hands=  95/500 hero_chip=  -10000 sched_bb100=  -20.00 actual_bb100=-105.26315789473685 hero_err=0 opp_err=0 dur=0.42s
seed=17242 o=1 hands=  94/500 hero_chip=  +10000 sched_bb100=  +20.00 actual_bb100=106.38297872340426 hero_err=0 opp_err=0 dur=0.41s
seed=18242 o=0 hands= 256/500 hero_chip=  -10000 sched_bb100=  -20.00 actual_bb100=-39.0625 hero_err=0 opp_err=0 dur=0.63s
seed=18242 o=1 hands=  14/500 hero_chip=  -10000 sched_bb100=  -20.00 actual_bb100=-714.2857142857142 hero_err=0 opp_err=0 dur=0.17s
seed=19242 o=0 hands=  27/500 hero_chip=  -10000 sched_bb100=  -20.00 actual_bb100=-370.3703703703703 hero_err=0 opp_err=0 dur=0.20s
seed=19242 o=1 hands=  54/500 hero_chip=  -10000 sched_bb100=  -20.00 actual_bb100=-185.18518518518516 hero_err=0 opp_err=0 dur=0.34s
seed=20242 o=0 hands=  80/500 hero_chip=  +10000 sched_bb100=  +20.00 actual_bb100=125.0 hero_err=0 opp_err=0 dur=0.28s
seed=20242 o=1 hands=  67/500 hero_chip=  +10000 sched_bb100=  +20.00 actual_bb100=149.25373134328356 hero_err=0 opp_err=0 dur=0.34s
seed=21242 o=0 hands= 145/500 hero_chip=  -10000 sched_bb100=  -20.00 actual_bb100=-68.96551724137932 hero_err=0 opp_err=0 dur=0.48s
seed=21242 o=1 hands= 137/500 hero_chip=  +10000 sched_bb100=  +20.00 actual_bb100=72.992700729927 hero_err=0 opp_err=0 dur=0.42s
seed=22242 o=0 hands= 144/500 hero_chip=  -10000 sched_bb100=  -20.00 actual_bb100=-69.44444444444444 hero_err=0 opp_err=0 dur=0.43s
seed=22242 o=1 hands= 297/500 hero_chip=  -10000 sched_bb100=  -20.00 actual_bb100=-33.67003367003367 hero_err=0 opp_err=0 dur=0.59s
seed=23242 o=0 hands= 107/500 hero_chip=  +10000 sched_bb100=  +20.00 actual_bb100=93.45794392523364 hero_err=0 opp_err=0 dur=0.40s
seed=23242 o=1 hands=  74/500 hero_chip=  -10000 sched_bb100=  -20.00 actual_bb100=-135.13513513513513 hero_err=0 opp_err=0 dur=0.37s
seed=24242 o=0 hands= 103/500 hero_chip=  -10000 sched_bb100=  -20.00 actual_bb100=-97.08737864077669 hero_err=0 opp_err=0 dur=0.39s
seed=24242 o=1 hands= 140/500 hero_chip=  -10000 sched_bb100=  -20.00 actual_bb100=-71.42857142857143 hero_err=0 opp_err=0 dur=0.44s
seed=25242 o=0 hands= 228/500 hero_chip=  -10000 sched_bb100=  -20.00 actual_bb100=-43.85964912280702 hero_err=0 opp_err=0 dur=0.52s
seed=25242 o=1 hands=  93/500 hero_chip=  +10000 sched_bb100=  +20.00 actual_bb100=107.5268817204301 hero_err=0 opp_err=0 dur=0.42s
seed=26242 o=0 hands=  49/500 hero_chip=  -10000 sched_bb100=  -20.00 actual_bb100=-204.08163265306123 hero_err=0 opp_err=0 dur=0.35s
seed=26242 o=1 hands= 137/500 hero_chip=  -10000 sched_bb100=  -20.00 actual_bb100=-72.992700729927 hero_err=0 opp_err=0 dur=0.43s
seed=27242 o=0 hands= 115/500 hero_chip=  -10000 sched_bb100=  -20.00 actual_bb100=-86.95652173913044 hero_err=0 opp_err=0 dur=0.43s
seed=27242 o=1 hands= 180/500 hero_chip=  -10000 sched_bb100=  -20.00 actual_bb100=-55.55555555555556 hero_err=0 opp_err=0 dur=0.44s
seed=28242 o=0 hands=  61/500 hero_chip=  -10000 sched_bb100=  -20.00 actual_bb100=-163.9344262295082 hero_err=0 opp_err=0 dur=0.27s
seed=28242 o=1 hands=  40/500 hero_chip=  -10000 sched_bb100=  -20.00 actual_bb100=-250.0 hero_err=0 opp_err=0 dur=0.28s
seed=29242 o=0 hands=  52/500 hero_chip=  -10000 sched_bb100=  -20.00 actual_bb100=-192.3076923076923 hero_err=0 opp_err=0 dur=0.33s
seed=29242 o=1 hands= 307/500 hero_chip=  -10000 sched_bb100=  -20.00 actual_bb100=-32.57328990228013 hero_err=0 opp_err=0 dur=0.63s
seed=30242 o=0 hands= 338/500 hero_chip=  -10000 sched_bb100=  -20.00 actual_bb100=-29.585798816568047 hero_err=0 opp_err=0 dur=0.66s
seed=30242 o=1 hands= 102/500 hero_chip=  -10000 sched_bb100=  -20.00 actual_bb100=-98.0392156862745 hero_err=0 opp_err=0 dur=0.39s
seed=31242 o=0 hands= 179/500 hero_chip=  -10000 sched_bb100=  -20.00 actual_bb100=-55.865921787709496 hero_err=0 opp_err=0 dur=0.46s
seed=31242 o=1 hands=  78/500 hero_chip=  -10000 sched_bb100=  -20.00 actual_bb100=-128.2051282051282 hero_err=0 opp_err=0 dur=0.36s
seed=32242 o=0 hands= 177/500 hero_chip=  -10000 sched_bb100=  -20.00 actual_bb100=-56.497175141242934 hero_err=0 opp_err=0 dur=0.48s
seed=32242 o=1 hands=  88/500 hero_chip=  +10000 sched_bb100=  +20.00 actual_bb100=113.63636363636364 hero_err=0 opp_err=0 dur=0.38s
seed=33242 o=0 hands=  56/500 hero_chip=  -10000 sched_bb100=  -20.00 actual_bb100=-178.57142857142856 hero_err=0 opp_err=0 dur=0.32s
seed=33242 o=1 hands=  62/500 hero_chip=  -10000 sched_bb100=  -20.00 actual_bb100=-161.29032258064515 hero_err=0 opp_err=0 dur=0.33s
seed=34242 o=0 hands= 199/500 hero_chip=  +10000 sched_bb100=  +20.00 actual_bb100=50.25125628140704 hero_err=0 opp_err=0 dur=0.55s
seed=34242 o=1 hands= 192/500 hero_chip=  -10000 sched_bb100=  -20.00 actual_bb100=-52.083333333333336 hero_err=0 opp_err=0 dur=0.50s
seed=35242 o=0 hands=  97/500 hero_chip=  +10000 sched_bb100=  +20.00 actual_bb100=103.09278350515464 hero_err=0 opp_err=0 dur=0.39s
seed=35242 o=1 hands= 129/500 hero_chip=  -10000 sched_bb100=  -20.00 actual_bb100=-77.51937984496124 hero_err=0 opp_err=0 dur=0.43s
seed=36242 o=0 hands=  53/500 hero_chip=  -10000 sched_bb100=  -20.00 actual_bb100=-188.67924528301887 hero_err=0 opp_err=0 dur=0.31s
seed=36242 o=1 hands=  78/500 hero_chip=  -10000 sched_bb100=  -20.00 actual_bb100=-128.2051282051282 hero_err=0 opp_err=0 dur=0.38s
seed=37242 o=0 hands= 110/500 hero_chip=  -10000 sched_bb100=  -20.00 actual_bb100=-90.9090909090909 hero_err=0 opp_err=0 dur=0.38s
seed=37242 o=1 hands= 292/500 hero_chip=  +10000 sched_bb100=  +20.00 actual_bb100=34.24657534246575 hero_err=0 opp_err=0 dur=0.62s
seed=38242 o=0 hands=  56/500 hero_chip=  -10000 sched_bb100=  -20.00 actual_bb100=-178.57142857142856 hero_err=0 opp_err=0 dur=0.34s
seed=38242 o=1 hands= 176/500 hero_chip=  -10000 sched_bb100=  -20.00 actual_bb100=-56.81818181818182 hero_err=0 opp_err=0 dur=0.50s
seed=39242 o=0 hands=  79/500 hero_chip=  -10000 sched_bb100=  -20.00 actual_bb100=-126.58227848101265 hero_err=0 opp_err=0 dur=0.33s
seed=39242 o=1 hands=  54/500 hero_chip=  -10000 sched_bb100=  -20.00 actual_bb100=-185.18518518518516 hero_err=0 opp_err=0 dur=0.33s
seed=40242 o=0 hands=  90/500 hero_chip=  -10000 sched_bb100=  -20.00 actual_bb100=-111.11111111111111 hero_err=0 opp_err=0 dur=0.38s
seed=40242 o=1 hands=  48/500 hero_chip=  -10000 sched_bb100=  -20.00 actual_bb100=-208.33333333333334 hero_err=0 opp_err=0 dur=0.28s
seed=41242 o=0 hands= 131/500 hero_chip=  +10000 sched_bb100=  +20.00 actual_bb100=76.33587786259541 hero_err=0 opp_err=0 dur=0.42s
seed=41242 o=1 hands=  22/500 hero_chip=  -10000 sched_bb100=  -20.00 actual_bb100=-454.54545454545456 hero_err=0 opp_err=0 dur=0.24s
seed=42242 o=0 hands= 169/500 hero_chip=  -10000 sched_bb100=  -20.00 actual_bb100=-59.171597633136095 hero_err=0 opp_err=0 dur=0.47s
seed=42242 o=1 hands= 143/500 hero_chip=  +10000 sched_bb100=  +20.00 actual_bb100=69.93006993006993 hero_err=0 opp_err=0 dur=0.42s
seed=43242 o=0 hands= 163/500 hero_chip=  +10000 sched_bb100=  +20.00 actual_bb100=61.34969325153374 hero_err=0 opp_err=0 dur=0.44s
seed=43242 o=1 hands= 221/500 hero_chip=  -10000 sched_bb100=  -20.00 actual_bb100=-45.248868778280546 hero_err=0 opp_err=0 dur=0.55s
seed=44242 o=0 hands=  66/500 hero_chip=  +10000 sched_bb100=  +20.00 actual_bb100=151.5151515151515 hero_err=0 opp_err=0 dur=0.33s
seed=44242 o=1 hands=  86/500 hero_chip=  -10000 sched_bb100=  -20.00 actual_bb100=-116.27906976744187 hero_err=0 opp_err=0 dur=0.34s
seed=45242 o=0 hands=  29/500 hero_chip=  -10000 sched_bb100=  -20.00 actual_bb100=-344.82758620689657 hero_err=0 opp_err=0 dur=0.21s
seed=45242 o=1 hands=  14/500 hero_chip=  -10000 sched_bb100=  -20.00 actual_bb100=-714.2857142857142 hero_err=0 opp_err=0 dur=0.16s
seed=46242 o=0 hands=  23/500 hero_chip=  -10000 sched_bb100=  -20.00 actual_bb100=-434.78260869565213 hero_err=0 opp_err=0 dur=0.27s
seed=46242 o=1 hands= 104/500 hero_chip=  -10000 sched_bb100=  -20.00 actual_bb100=-96.15384615384615 hero_err=0 opp_err=0 dur=0.38s
seed=47242 o=0 hands= 205/500 hero_chip=  +10000 sched_bb100=  +20.00 actual_bb100=48.78048780487805 hero_err=0 opp_err=0 dur=0.53s
seed=47242 o=1 hands=  66/500 hero_chip=  -10000 sched_bb100=  -20.00 actual_bb100=-151.5151515151515 hero_err=0 opp_err=0 dur=0.32s
seed=48242 o=0 hands=  91/500 hero_chip=  -10000 sched_bb100=  -20.00 actual_bb100=-109.89010989010988 hero_err=0 opp_err=0 dur=0.39s
seed=48242 o=1 hands= 303/500 hero_chip=  -10000 sched_bb100=  -20.00 actual_bb100=-33.00330033003301 hero_err=0 opp_err=0 dur=0.69s
seed=49242 o=0 hands= 163/500 hero_chip=  +10000 sched_bb100=  +20.00 actual_bb100=61.34969325153374 hero_err=0 opp_err=0 dur=0.47s
seed=49242 o=1 hands=  40/500 hero_chip=  +10000 sched_bb100=  +20.00 actual_bb100=250.0 hero_err=0 opp_err=0 dur=0.26s
seed=50242 o=0 hands=  67/500 hero_chip=  -10000 sched_bb100=  -20.00 actual_bb100=-149.25373134328356 hero_err=0 opp_err=0 dur=0.33s
seed=50242 o=1 hands= 248/500 hero_chip=  +10000 sched_bb100=  +20.00 actual_bb100=40.32258064516129 hero_err=0 opp_err=0 dur=0.55s
seed=51242 o=0 hands=  70/500 hero_chip=  -10000 sched_bb100=  -20.00 actual_bb100=-142.85714285714286 hero_err=0 opp_err=0 dur=0.36s
seed=51242 o=1 hands=  66/500 hero_chip=  -10000 sched_bb100=  -20.00 actual_bb100=-151.5151515151515 hero_err=0 opp_err=0 dur=0.34s
seed=52242 o=0 hands=  61/500 hero_chip=  -10000 sched_bb100=  -20.00 actual_bb100=-163.9344262295082 hero_err=0 opp_err=0 dur=0.33s
seed=52242 o=1 hands=  75/500 hero_chip=  -10000 sched_bb100=  -20.00 actual_bb100=-133.33333333333334 hero_err=0 opp_err=0 dur=0.34s
seed=53242 o=0 hands=  29/500 hero_chip=  -10000 sched_bb100=  -20.00 actual_bb100=-344.82758620689657 hero_err=0 opp_err=0 dur=0.18s
seed=53242 o=1 hands=  75/500 hero_chip=  -10000 sched_bb100=  -20.00 actual_bb100=-133.33333333333334 hero_err=0 opp_err=0 dur=0.39s
seed=54242 o=0 hands= 139/500 hero_chip=  -10000 sched_bb100=  -20.00 actual_bb100=-71.94244604316548 hero_err=0 opp_err=0 dur=0.42s
seed=54242 o=1 hands=  76/500 hero_chip=  -10000 sched_bb100=  -20.00 actual_bb100=-131.57894736842104 hero_err=0 opp_err=0 dur=0.33s
seed=55242 o=0 hands= 333/500 hero_chip=  +10000 sched_bb100=  +20.00 actual_bb100=30.03003003003003 hero_err=0 opp_err=0 dur=0.75s
seed=55242 o=1 hands= 113/500 hero_chip=  +10000 sched_bb100=  +20.00 actual_bb100=88.49557522123895 hero_err=0 opp_err=0 dur=0.39s
seed=56242 o=0 hands= 115/500 hero_chip=  -10000 sched_bb100=  -20.00 actual_bb100=-86.95652173913044 hero_err=0 opp_err=0 dur=0.41s
seed=56242 o=1 hands=  54/500 hero_chip=  -10000 sched_bb100=  -20.00 actual_bb100=-185.18518518518516 hero_err=0 opp_err=0 dur=0.32s
seed=57242 o=0 hands=  59/500 hero_chip=  -10000 sched_bb100=  -20.00 actual_bb100=-169.49152542372883 hero_err=0 opp_err=0 dur=0.32s
seed=57242 o=1 hands= 272/500 hero_chip=  -10000 sched_bb100=  -20.00 actual_bb100=-36.76470588235294 hero_err=0 opp_err=0 dur=0.63s
seed=58242 o=0 hands= 119/500 hero_chip=  +10000 sched_bb100=  +20.00 actual_bb100=84.03361344537815 hero_err=0 opp_err=0 dur=0.38s
seed=58242 o=1 hands= 102/500 hero_chip=  -10000 sched_bb100=  -20.00 actual_bb100=-98.0392156862745 hero_err=0 opp_err=0 dur=0.41s
seed=59242 o=0 hands= 131/500 hero_chip=  -10000 sched_bb100=  -20.00 actual_bb100=-76.33587786259541 hero_err=0 opp_err=0 dur=0.40s
seed=59242 o=1 hands= 108/500 hero_chip=  +10000 sched_bb100=  +20.00 actual_bb100=92.59259259259258 hero_err=0 opp_err=0 dur=0.38s
seed=60242 o=0 hands=  78/500 hero_chip=  -10000 sched_bb100=  -20.00 actual_bb100=-128.2051282051282 hero_err=0 opp_err=0 dur=0.36s
seed=60242 o=1 hands=  65/500 hero_chip=  -10000 sched_bb100=  -20.00 actual_bb100=-153.84615384615384 hero_err=0 opp_err=0 dur=0.36s
seed=61242 o=0 hands=  63/500 hero_chip=  -10000 sched_bb100=  -20.00 actual_bb100=-158.73015873015873 hero_err=0 opp_err=0 dur=0.26s
seed=61242 o=1 hands=  18/500 hero_chip=  -10000 sched_bb100=  -20.00 actual_bb100=-555.5555555555555 hero_err=0 opp_err=0 dur=0.22s
seed=62242 o=0 hands=  97/500 hero_chip=  +10000 sched_bb100=  +20.00 actual_bb100=103.09278350515464 hero_err=0 opp_err=0 dur=0.37s
seed=62242 o=1 hands=  74/500 hero_chip=  -10000 sched_bb100=  -20.00 actual_bb100=-135.13513513513513 hero_err=0 opp_err=0 dur=0.35s
seed=63242 o=0 hands=  83/500 hero_chip=  +10000 sched_bb100=  +20.00 actual_bb100=120.48192771084338 hero_err=0 opp_err=0 dur=0.35s
seed=63242 o=1 hands= 334/500 hero_chip=  -10000 sched_bb100=  -20.00 actual_bb100=-29.940119760479043 hero_err=0 opp_err=0 dur=0.67s
seed=64242 o=0 hands=  68/500 hero_chip=  -10000 sched_bb100=  -20.00 actual_bb100=-147.05882352941177 hero_err=0 opp_err=0 dur=0.35s
seed=64242 o=1 hands= 252/500 hero_chip=  -10000 sched_bb100=  -20.00 actual_bb100=-39.682539682539684 hero_err=0 opp_err=0 dur=0.58s
seed=65242 o=0 hands= 500/500 hero_chip=  +10000 sched_bb100=  +20.00 actual_bb100=20.0 hero_err=0 opp_err=0 dur=0.86s
seed=65242 o=1 hands= 230/500 hero_chip=  -10000 sched_bb100=  -20.00 actual_bb100=-43.47826086956522 hero_err=0 opp_err=0 dur=0.58s
seed=66242 o=0 hands= 213/500 hero_chip=  -10000 sched_bb100=  -20.00 actual_bb100=-46.948356807511736 hero_err=0 opp_err=0 dur=0.56s
seed=66242 o=1 hands=  12/500 hero_chip=  -10000 sched_bb100=  -20.00 actual_bb100=-833.3333333333334 hero_err=0 opp_err=0 dur=0.15s
seed=67242 o=0 hands= 215/500 hero_chip=  -10000 sched_bb100=  -20.00 actual_bb100=-46.51162790697675 hero_err=0 opp_err=0 dur=0.52s
seed=67242 o=1 hands=  42/500 hero_chip=  -10000 sched_bb100=  -20.00 actual_bb100=-238.0952380952381 hero_err=0 opp_err=0 dur=0.27s
seed=68242 o=0 hands=  77/500 hero_chip=  -10000 sched_bb100=  -20.00 actual_bb100=-129.87012987012986 hero_err=0 opp_err=0 dur=0.35s
seed=68242 o=1 hands= 114/500 hero_chip=  -10000 sched_bb100=  -20.00 actual_bb100=-87.71929824561404 hero_err=0 opp_err=0 dur=0.38s
seed=69242 o=0 hands=  83/500 hero_chip=  -10000 sched_bb100=  -20.00 actual_bb100=-120.48192771084338 hero_err=0 opp_err=0 dur=0.37s
seed=69242 o=1 hands= 305/500 hero_chip=  -10000 sched_bb100=  -20.00 actual_bb100=-32.786885245901644 hero_err=0 opp_err=0 dur=0.59s
seed=70242 o=0 hands= 125/500 hero_chip=  -10000 sched_bb100=  -20.00 actual_bb100=-80.0 hero_err=0 opp_err=0 dur=0.45s
seed=70242 o=1 hands=  28/500 hero_chip=  +10000 sched_bb100=  +20.00 actual_bb100=357.1428571428571 hero_err=0 opp_err=0 dur=0.18s
seed=71242 o=0 hands= 417/500 hero_chip=  -10000 sched_bb100=  -20.00 actual_bb100=-23.980815347721823 hero_err=0 opp_err=0 dur=0.81s
seed=71242 o=1 hands=  68/500 hero_chip=  -10000 sched_bb100=  -20.00 actual_bb100=-147.05882352941177 hero_err=0 opp_err=0 dur=0.35s
seed=72242 o=0 hands=  13/500 hero_chip=  -10000 sched_bb100=  -20.00 actual_bb100=-769.2307692307692 hero_err=0 opp_err=0 dur=0.23s
seed=72242 o=1 hands= 110/500 hero_chip=  +10000 sched_bb100=  +20.00 actual_bb100=90.9090909090909 hero_err=0 opp_err=0 dur=0.37s
seed=73242 o=0 hands=  55/500 hero_chip=  -10000 sched_bb100=  -20.00 actual_bb100=-181.8181818181818 hero_err=0 opp_err=0 dur=0.32s
seed=73242 o=1 hands=  50/500 hero_chip=  -10000 sched_bb100=  -20.00 actual_bb100=-200.0 hero_err=0 opp_err=0 dur=0.33s
seed=74242 o=0 hands=  81/500 hero_chip=  +10000 sched_bb100=  +20.00 actual_bb100=123.45679012345678 hero_err=0 opp_err=0 dur=0.39s
seed=74242 o=1 hands= 136/500 hero_chip=  -10000 sched_bb100=  -20.00 actual_bb100=-73.52941176470588 hero_err=0 opp_err=0 dur=0.44s
seed=75242 o=0 hands= 105/500 hero_chip=  -10000 sched_bb100=  -20.00 actual_bb100=-95.23809523809524 hero_err=0 opp_err=0 dur=0.40s
seed=75242 o=1 hands= 130/500 hero_chip=  -10000 sched_bb100=  -20.00 actual_bb100=-76.92307692307692 hero_err=0 opp_err=0 dur=0.42s
seed=76242 o=0 hands=  85/500 hero_chip=  -10000 sched_bb100=  -20.00 actual_bb100=-117.64705882352942 hero_err=0 opp_err=0 dur=0.35s
seed=76242 o=1 hands=  22/500 hero_chip=  -10000 sched_bb100=  -20.00 actual_bb100=-454.54545454545456 hero_err=0 opp_err=0 dur=0.19s
seed=77242 o=0 hands=  21/500 hero_chip=  -10000 sched_bb100=  -20.00 actual_bb100=-476.1904761904762 hero_err=0 opp_err=0 dur=0.19s
seed=77242 o=1 hands= 202/500 hero_chip=  -10000 sched_bb100=  -20.00 actual_bb100=-49.504950495049506 hero_err=0 opp_err=0 dur=0.50s
seed=78242 o=0 hands=  87/500 hero_chip=  -10000 sched_bb100=  -20.00 actual_bb100=-114.94252873563218 hero_err=0 opp_err=0 dur=0.35s
seed=78242 o=1 hands=  88/500 hero_chip=  -10000 sched_bb100=  -20.00 actual_bb100=-113.63636363636364 hero_err=0 opp_err=0 dur=0.38s
seed=79242 o=0 hands=  24/500 hero_chip=  -10000 sched_bb100=  -20.00 actual_bb100=-416.6666666666667 hero_err=0 opp_err=0 dur=0.19s
seed=79242 o=1 hands= 164/500 hero_chip=  +10000 sched_bb100=  +20.00 actual_bb100=60.97560975609756 hero_err=0 opp_err=0 dur=0.47s

SUMMARY {"actual_to_scheduled_ratio": 0.23, "attempted_hands": 80000, "base": 242, "ci_half_width": 2.5, "ci_high": -8.75, "ci_low": -13.75, "early_bust_matches": 159, "early_bust_rate": 0.99375, "hands_played": 18400, "hero_chip_delta": -900000, "hero_errors": 0, "hero_p99_latency_s": 0.003966708201915026, "log_path": "/Users/farhad/Code/PokerBot/consult/artifacts/2026-05-29-away/public-drift-completeness/command_logs/h2h_TobyCoad__fullhouse_engine__main__loose_passive__escalate_b242.log", "match_count": 160, "mean_bb100_actual": -48.91304347826087, "mean_bb100_scheduled": -11.25, "opponent_errors": 0, "opponent_p99_latency_s": 0.003797000041231513, "phase": "escalate_b242", "stdout_noise": {}, "stdout_noise_examples": {}, "target_scheduled_hands": 80000, "timeboxed": false}
