H2H escalate_b242 2026-05-29T16:20:48Z
repo=TobyCoad/fullhouse-engine branch=main bot=bots/tight_passive/bot.py
hero=/Users/farhad/Code/PokerBot/submissions/v_final.zip sha256=e4b4a8f11f801ecef2eca53629241e83cc9bace8ec74004f19368375f22d9598
opponent_zip=/Users/farhad/Code/PokerBot/consult/artifacts/2026-05-29-away/public-drift-completeness/opponent_zips/TobyCoad__fullhouse_engine__main__tight_passive.zip sha256=79367061aadb9156cae43841a5a7af37a4e87e3cc73eecce0a97cc3cab3dba2c
target_scheduled_hands=80000 base=242 match_len=500 seed_stride=1000
seed=242 o=0 hands= 153/500 hero_chip=  +10000 sched_bb100=  +20.00 actual_bb100=65.359477124183 hero_err=0 opp_err=0 dur=0.38s
seed=242 o=1 hands= 104/500 hero_chip=  +10000 sched_bb100=  +20.00 actual_bb100=96.15384615384615 hero_err=0 opp_err=0 dur=0.33s
seed=1242 o=0 hands= 186/500 hero_chip=  +10000 sched_bb100=  +20.00 actual_bb100=53.76344086021505 hero_err=0 opp_err=0 dur=0.39s
seed=1242 o=1 hands= 133/500 hero_chip=  +10000 sched_bb100=  +20.00 actual_bb100=75.18796992481202 hero_err=0 opp_err=0 dur=0.35s
seed=2242 o=0 hands= 172/500 hero_chip=  +10000 sched_bb100=  +20.00 actual_bb100=58.139534883720934 hero_err=0 opp_err=0 dur=0.33s
seed=2242 o=1 hands= 140/500 hero_chip=  +10000 sched_bb100=  +20.00 actual_bb100=71.42857142857143 hero_err=0 opp_err=0 dur=0.33s
seed=3242 o=0 hands= 164/500 hero_chip=  +10000 sched_bb100=  +20.00 actual_bb100=60.97560975609756 hero_err=0 opp_err=0 dur=0.34s
seed=3242 o=1 hands= 153/500 hero_chip=  +10000 sched_bb100=  +20.00 actual_bb100=65.359477124183 hero_err=0 opp_err=0 dur=0.39s
seed=4242 o=0 hands= 148/500 hero_chip=  +10000 sched_bb100=  +20.00 actual_bb100=67.56756756756756 hero_err=0 opp_err=0 dur=0.38s
seed=4242 o=1 hands= 169/500 hero_chip=  +10000 sched_bb100=  +20.00 actual_bb100=59.171597633136095 hero_err=0 opp_err=0 dur=0.35s
seed=5242 o=0 hands= 175/500 hero_chip=  +10000 sched_bb100=  +20.00 actual_bb100=57.142857142857146 hero_err=0 opp_err=0 dur=0.37s
seed=5242 o=1 hands= 234/500 hero_chip=  +10000 sched_bb100=  +20.00 actual_bb100=42.73504273504274 hero_err=0 opp_err=0 dur=0.39s
seed=6242 o=0 hands= 231/500 hero_chip=  +10000 sched_bb100=  +20.00 actual_bb100=43.290043290043286 hero_err=0 opp_err=0 dur=0.42s
seed=6242 o=1 hands= 173/500 hero_chip=  +10000 sched_bb100=  +20.00 actual_bb100=57.80346820809249 hero_err=0 opp_err=0 dur=0.34s
seed=7242 o=0 hands=  93/500 hero_chip=  +10000 sched_bb100=  +20.00 actual_bb100=107.5268817204301 hero_err=0 opp_err=0 dur=0.24s
seed=7242 o=1 hands= 149/500 hero_chip=  +10000 sched_bb100=  +20.00 actual_bb100=67.11409395973155 hero_err=0 opp_err=0 dur=0.36s
seed=8242 o=0 hands= 195/500 hero_chip=  +10000 sched_bb100=  +20.00 actual_bb100=51.282051282051285 hero_err=0 opp_err=0 dur=0.37s
seed=8242 o=1 hands= 230/500 hero_chip=  +10000 sched_bb100=  +20.00 actual_bb100=43.47826086956522 hero_err=0 opp_err=0 dur=0.38s
seed=9242 o=0 hands= 131/500 hero_chip=  +10000 sched_bb100=  +20.00 actual_bb100=76.33587786259541 hero_err=0 opp_err=0 dur=0.34s
seed=9242 o=1 hands= 132/500 hero_chip=  +10000 sched_bb100=  +20.00 actual_bb100=75.75757575757575 hero_err=0 opp_err=0 dur=0.35s
seed=10242 o=0 hands= 247/500 hero_chip=  +10000 sched_bb100=  +20.00 actual_bb100=40.48582995951417 hero_err=0 opp_err=0 dur=0.46s
seed=10242 o=1 hands= 143/500 hero_chip=  +10000 sched_bb100=  +20.00 actual_bb100=69.93006993006993 hero_err=0 opp_err=0 dur=0.35s
seed=11242 o=0 hands= 189/500 hero_chip=  +10000 sched_bb100=  +20.00 actual_bb100=52.91005291005291 hero_err=0 opp_err=0 dur=0.34s
seed=11242 o=1 hands= 134/500 hero_chip=  +10000 sched_bb100=  +20.00 actual_bb100=74.62686567164178 hero_err=0 opp_err=0 dur=0.35s
seed=12242 o=0 hands= 199/500 hero_chip=  +10000 sched_bb100=  +20.00 actual_bb100=50.25125628140704 hero_err=0 opp_err=0 dur=0.38s
seed=12242 o=1 hands= 192/500 hero_chip=  +10000 sched_bb100=  +20.00 actual_bb100=52.083333333333336 hero_err=0 opp_err=0 dur=0.35s
seed=13242 o=0 hands= 188/500 hero_chip=  +10000 sched_bb100=  +20.00 actual_bb100=53.19148936170213 hero_err=0 opp_err=0 dur=0.31s
seed=13242 o=1 hands=  93/500 hero_chip=  +10000 sched_bb100=  +20.00 actual_bb100=107.5268817204301 hero_err=0 opp_err=0 dur=0.22s
seed=14242 o=0 hands= 180/500 hero_chip=  +10000 sched_bb100=  +20.00 actual_bb100=55.55555555555556 hero_err=0 opp_err=0 dur=0.34s
seed=14242 o=1 hands= 181/500 hero_chip=  +10000 sched_bb100=  +20.00 actual_bb100=55.248618784530386 hero_err=0 opp_err=0 dur=0.41s
seed=15242 o=0 hands= 226/500 hero_chip=  +10000 sched_bb100=  +20.00 actual_bb100=44.247787610619476 hero_err=0 opp_err=0 dur=0.41s
seed=15242 o=1 hands= 205/500 hero_chip=  +10000 sched_bb100=  +20.00 actual_bb100=48.78048780487805 hero_err=0 opp_err=0 dur=0.36s
seed=16242 o=0 hands= 155/500 hero_chip=  +10000 sched_bb100=  +20.00 actual_bb100=64.51612903225806 hero_err=0 opp_err=0 dur=0.35s
seed=16242 o=1 hands= 167/500 hero_chip=  +10000 sched_bb100=  +20.00 actual_bb100=59.880239520958085 hero_err=0 opp_err=0 dur=0.40s
seed=17242 o=0 hands= 177/500 hero_chip=  +10000 sched_bb100=  +20.00 actual_bb100=56.497175141242934 hero_err=0 opp_err=0 dur=0.36s
seed=17242 o=1 hands= 175/500 hero_chip=  +10000 sched_bb100=  +20.00 actual_bb100=57.142857142857146 hero_err=0 opp_err=0 dur=0.38s
seed=18242 o=0 hands= 109/500 hero_chip=  +10000 sched_bb100=  +20.00 actual_bb100=91.74311926605503 hero_err=0 opp_err=0 dur=0.36s
seed=18242 o=1 hands= 130/500 hero_chip=  +10000 sched_bb100=  +20.00 actual_bb100=76.92307692307692 hero_err=0 opp_err=0 dur=0.34s
seed=19242 o=0 hands= 175/500 hero_chip=  +10000 sched_bb100=  +20.00 actual_bb100=57.142857142857146 hero_err=0 opp_err=0 dur=0.32s
seed=19242 o=1 hands= 138/500 hero_chip=  +10000 sched_bb100=  +20.00 actual_bb100=72.46376811594203 hero_err=0 opp_err=0 dur=0.30s
seed=20242 o=0 hands= 135/500 hero_chip=  +10000 sched_bb100=  +20.00 actual_bb100=74.07407407407408 hero_err=0 opp_err=0 dur=0.38s
seed=20242 o=1 hands= 145/500 hero_chip=  +10000 sched_bb100=  +20.00 actual_bb100=68.96551724137932 hero_err=0 opp_err=0 dur=0.38s
seed=21242 o=0 hands= 140/500 hero_chip=  +10000 sched_bb100=  +20.00 actual_bb100=71.42857142857143 hero_err=0 opp_err=0 dur=0.38s
seed=21242 o=1 hands= 138/500 hero_chip=  +10000 sched_bb100=  +20.00 actual_bb100=72.46376811594203 hero_err=0 opp_err=0 dur=0.37s
seed=22242 o=0 hands= 181/500 hero_chip=  +10000 sched_bb100=  +20.00 actual_bb100=55.248618784530386 hero_err=0 opp_err=0 dur=0.40s
seed=22242 o=1 hands= 175/500 hero_chip=  +10000 sched_bb100=  +20.00 actual_bb100=57.142857142857146 hero_err=0 opp_err=0 dur=0.37s
seed=23242 o=0 hands= 174/500 hero_chip=  +10000 sched_bb100=  +20.00 actual_bb100=57.47126436781609 hero_err=0 opp_err=0 dur=0.37s
seed=23242 o=1 hands= 134/500 hero_chip=  +10000 sched_bb100=  +20.00 actual_bb100=74.62686567164178 hero_err=0 opp_err=0 dur=0.35s
seed=24242 o=0 hands= 147/500 hero_chip=  +10000 sched_bb100=  +20.00 actual_bb100=68.02721088435375 hero_err=0 opp_err=0 dur=0.38s
seed=24242 o=1 hands= 138/500 hero_chip=  +10000 sched_bb100=  +20.00 actual_bb100=72.46376811594203 hero_err=0 opp_err=0 dur=0.33s
seed=25242 o=0 hands= 131/500 hero_chip=  +10000 sched_bb100=  +20.00 actual_bb100=76.33587786259541 hero_err=0 opp_err=0 dur=0.38s
seed=25242 o=1 hands= 150/500 hero_chip=  +10000 sched_bb100=  +20.00 actual_bb100=66.66666666666667 hero_err=0 opp_err=0 dur=0.33s
seed=26242 o=0 hands= 144/500 hero_chip=  +10000 sched_bb100=  +20.00 actual_bb100=69.44444444444444 hero_err=0 opp_err=0 dur=0.34s
seed=26242 o=1 hands= 219/500 hero_chip=  +10000 sched_bb100=  +20.00 actual_bb100=45.662100456621005 hero_err=0 opp_err=0 dur=0.39s
seed=27242 o=0 hands= 150/500 hero_chip=  +10000 sched_bb100=  +20.00 actual_bb100=66.66666666666667 hero_err=0 opp_err=0 dur=0.35s
seed=27242 o=1 hands= 144/500 hero_chip=  +10000 sched_bb100=  +20.00 actual_bb100=69.44444444444444 hero_err=0 opp_err=0 dur=0.35s
seed=28242 o=0 hands= 153/500 hero_chip=  +10000 sched_bb100=  +20.00 actual_bb100=65.359477124183 hero_err=0 opp_err=0 dur=0.39s
seed=28242 o=1 hands= 191/500 hero_chip=  +10000 sched_bb100=  +20.00 actual_bb100=52.35602094240838 hero_err=0 opp_err=0 dur=0.34s
seed=29242 o=0 hands= 166/500 hero_chip=  +10000 sched_bb100=  +20.00 actual_bb100=60.24096385542169 hero_err=0 opp_err=0 dur=0.37s
seed=29242 o=1 hands= 155/500 hero_chip=  +10000 sched_bb100=  +20.00 actual_bb100=64.51612903225806 hero_err=0 opp_err=0 dur=0.36s
seed=30242 o=0 hands= 154/500 hero_chip=  +10000 sched_bb100=  +20.00 actual_bb100=64.93506493506493 hero_err=0 opp_err=0 dur=0.35s
seed=30242 o=1 hands= 153/500 hero_chip=  +10000 sched_bb100=  +20.00 actual_bb100=65.359477124183 hero_err=0 opp_err=0 dur=0.35s
seed=31242 o=0 hands= 140/500 hero_chip=  +10000 sched_bb100=  +20.00 actual_bb100=71.42857142857143 hero_err=0 opp_err=0 dur=0.31s
seed=31242 o=1 hands= 179/500 hero_chip=  +10000 sched_bb100=  +20.00 actual_bb100=55.865921787709496 hero_err=0 opp_err=0 dur=0.37s
seed=32242 o=0 hands= 135/500 hero_chip=  +10000 sched_bb100=  +20.00 actual_bb100=74.07407407407408 hero_err=0 opp_err=0 dur=0.28s
seed=32242 o=1 hands= 176/500 hero_chip=  +10000 sched_bb100=  +20.00 actual_bb100=56.81818181818182 hero_err=0 opp_err=0 dur=0.37s
seed=33242 o=0 hands= 144/500 hero_chip=  +10000 sched_bb100=  +20.00 actual_bb100=69.44444444444444 hero_err=0 opp_err=0 dur=0.35s
seed=33242 o=1 hands= 137/500 hero_chip=  +10000 sched_bb100=  +20.00 actual_bb100=72.992700729927 hero_err=0 opp_err=0 dur=0.34s
seed=34242 o=0 hands= 202/500 hero_chip=  +10000 sched_bb100=  +20.00 actual_bb100=49.504950495049506 hero_err=0 opp_err=0 dur=0.36s
seed=34242 o=1 hands= 131/500 hero_chip=  +10000 sched_bb100=  +20.00 actual_bb100=76.33587786259541 hero_err=0 opp_err=0 dur=0.36s
seed=35242 o=0 hands= 140/500 hero_chip=  +10000 sched_bb100=  +20.00 actual_bb100=71.42857142857143 hero_err=0 opp_err=0 dur=0.35s
seed=35242 o=1 hands= 145/500 hero_chip=  +10000 sched_bb100=  +20.00 actual_bb100=68.96551724137932 hero_err=0 opp_err=0 dur=0.36s
seed=36242 o=0 hands= 171/500 hero_chip=  +10000 sched_bb100=  +20.00 actual_bb100=58.47953216374269 hero_err=0 opp_err=0 dur=0.37s
seed=36242 o=1 hands= 175/500 hero_chip=  +10000 sched_bb100=  +20.00 actual_bb100=57.142857142857146 hero_err=0 opp_err=0 dur=0.37s
seed=37242 o=0 hands= 118/500 hero_chip=  +10000 sched_bb100=  +20.00 actual_bb100=84.74576271186442 hero_err=0 opp_err=0 dur=0.32s
seed=37242 o=1 hands= 167/500 hero_chip=  +10000 sched_bb100=  +20.00 actual_bb100=59.880239520958085 hero_err=0 opp_err=0 dur=0.36s
seed=38242 o=0 hands= 148/500 hero_chip=  +10000 sched_bb100=  +20.00 actual_bb100=67.56756756756756 hero_err=0 opp_err=0 dur=0.36s
seed=38242 o=1 hands= 161/500 hero_chip=  +10000 sched_bb100=  +20.00 actual_bb100=62.11180124223602 hero_err=0 opp_err=0 dur=0.40s
seed=39242 o=0 hands= 151/500 hero_chip=  +10000 sched_bb100=  +20.00 actual_bb100=66.2251655629139 hero_err=0 opp_err=0 dur=0.34s
seed=39242 o=1 hands= 131/500 hero_chip=  +10000 sched_bb100=  +20.00 actual_bb100=76.33587786259541 hero_err=0 opp_err=0 dur=0.37s
seed=40242 o=0 hands= 142/500 hero_chip=  +10000 sched_bb100=  +20.00 actual_bb100=70.42253521126761 hero_err=0 opp_err=0 dur=0.33s
seed=40242 o=1 hands= 159/500 hero_chip=  +10000 sched_bb100=  +20.00 actual_bb100=62.893081761006286 hero_err=0 opp_err=0 dur=0.30s
seed=41242 o=0 hands= 173/500 hero_chip=  +10000 sched_bb100=  +20.00 actual_bb100=57.80346820809249 hero_err=0 opp_err=0 dur=0.40s
seed=41242 o=1 hands= 133/500 hero_chip=  +10000 sched_bb100=  +20.00 actual_bb100=75.18796992481202 hero_err=0 opp_err=0 dur=0.34s
seed=42242 o=0 hands= 142/500 hero_chip=  +10000 sched_bb100=  +20.00 actual_bb100=70.42253521126761 hero_err=0 opp_err=0 dur=0.33s
seed=42242 o=1 hands= 185/500 hero_chip=  +10000 sched_bb100=  +20.00 actual_bb100=54.05405405405405 hero_err=0 opp_err=0 dur=0.41s
seed=43242 o=0 hands= 143/500 hero_chip=  +10000 sched_bb100=  +20.00 actual_bb100=69.93006993006993 hero_err=0 opp_err=0 dur=0.39s
seed=43242 o=1 hands= 171/500 hero_chip=  +10000 sched_bb100=  +20.00 actual_bb100=58.47953216374269 hero_err=0 opp_err=0 dur=0.35s
seed=44242 o=0 hands= 130/500 hero_chip=  +10000 sched_bb100=  +20.00 actual_bb100=76.92307692307692 hero_err=0 opp_err=0 dur=0.30s
seed=44242 o=1 hands= 174/500 hero_chip=  +10000 sched_bb100=  +20.00 actual_bb100=57.47126436781609 hero_err=0 opp_err=0 dur=0.33s
seed=45242 o=0 hands= 130/500 hero_chip=  +10000 sched_bb100=  +20.00 actual_bb100=76.92307692307692 hero_err=0 opp_err=0 dur=0.34s
seed=45242 o=1 hands= 228/500 hero_chip=  +10000 sched_bb100=  +20.00 actual_bb100=43.85964912280702 hero_err=0 opp_err=0 dur=0.42s
seed=46242 o=0 hands= 136/500 hero_chip=  +10000 sched_bb100=  +20.00 actual_bb100=73.52941176470588 hero_err=0 opp_err=0 dur=0.34s
seed=46242 o=1 hands= 131/500 hero_chip=  +10000 sched_bb100=  +20.00 actual_bb100=76.33587786259541 hero_err=0 opp_err=0 dur=0.32s
seed=47242 o=0 hands= 141/500 hero_chip=  +10000 sched_bb100=  +20.00 actual_bb100=70.92198581560284 hero_err=0 opp_err=0 dur=0.37s
seed=47242 o=1 hands= 187/500 hero_chip=  +10000 sched_bb100=  +20.00 actual_bb100=53.475935828877 hero_err=0 opp_err=0 dur=0.36s
seed=48242 o=0 hands= 137/500 hero_chip=  +10000 sched_bb100=  +20.00 actual_bb100=72.992700729927 hero_err=0 opp_err=0 dur=0.34s
seed=48242 o=1 hands= 138/500 hero_chip=  +10000 sched_bb100=  +20.00 actual_bb100=72.46376811594203 hero_err=0 opp_err=0 dur=0.37s
seed=49242 o=0 hands= 150/500 hero_chip=  +10000 sched_bb100=  +20.00 actual_bb100=66.66666666666667 hero_err=0 opp_err=0 dur=0.31s
seed=49242 o=1 hands= 155/500 hero_chip=  +10000 sched_bb100=  +20.00 actual_bb100=64.51612903225806 hero_err=0 opp_err=0 dur=0.31s
seed=50242 o=0 hands= 167/500 hero_chip=  +10000 sched_bb100=  +20.00 actual_bb100=59.880239520958085 hero_err=0 opp_err=0 dur=0.42s
seed=50242 o=1 hands= 132/500 hero_chip=  +10000 sched_bb100=  +20.00 actual_bb100=75.75757575757575 hero_err=0 opp_err=0 dur=0.36s
seed=51242 o=0 hands= 201/500 hero_chip=  +10000 sched_bb100=  +20.00 actual_bb100=49.75124378109453 hero_err=0 opp_err=0 dur=0.34s
seed=51242 o=1 hands= 177/500 hero_chip=  +10000 sched_bb100=  +20.00 actual_bb100=56.497175141242934 hero_err=0 opp_err=0 dur=0.36s
seed=52242 o=0 hands= 167/500 hero_chip=  +10000 sched_bb100=  +20.00 actual_bb100=59.880239520958085 hero_err=0 opp_err=0 dur=0.34s
seed=52242 o=1 hands= 152/500 hero_chip=  +10000 sched_bb100=  +20.00 actual_bb100=65.78947368421052 hero_err=0 opp_err=0 dur=0.37s
seed=53242 o=0 hands= 148/500 hero_chip=  +10000 sched_bb100=  +20.00 actual_bb100=67.56756756756756 hero_err=0 opp_err=0 dur=0.38s
seed=53242 o=1 hands= 137/500 hero_chip=  +10000 sched_bb100=  +20.00 actual_bb100=72.992700729927 hero_err=0 opp_err=0 dur=0.37s
seed=54242 o=0 hands= 132/500 hero_chip=  +10000 sched_bb100=  +20.00 actual_bb100=75.75757575757575 hero_err=0 opp_err=0 dur=0.33s
seed=54242 o=1 hands= 207/500 hero_chip=  +10000 sched_bb100=  +20.00 actual_bb100=48.309178743961354 hero_err=0 opp_err=0 dur=0.39s
seed=55242 o=0 hands= 124/500 hero_chip=  +10000 sched_bb100=  +20.00 actual_bb100=80.64516129032258 hero_err=0 opp_err=0 dur=0.31s
seed=55242 o=1 hands= 131/500 hero_chip=  +10000 sched_bb100=  +20.00 actual_bb100=76.33587786259541 hero_err=0 opp_err=0 dur=0.33s
seed=56242 o=0 hands= 155/500 hero_chip=  +10000 sched_bb100=  +20.00 actual_bb100=64.51612903225806 hero_err=0 opp_err=0 dur=0.38s
seed=56242 o=1 hands= 218/500 hero_chip=  +10000 sched_bb100=  +20.00 actual_bb100=45.871559633027516 hero_err=0 opp_err=0 dur=0.53s
seed=57242 o=0 hands= 154/500 hero_chip=  +10000 sched_bb100=  +20.00 actual_bb100=64.93506493506493 hero_err=0 opp_err=0 dur=0.47s
seed=57242 o=1 hands= 155/500 hero_chip=  +10000 sched_bb100=  +20.00 actual_bb100=64.51612903225806 hero_err=0 opp_err=0 dur=0.33s
seed=58242 o=0 hands= 134/500 hero_chip=  +10000 sched_bb100=  +20.00 actual_bb100=74.62686567164178 hero_err=0 opp_err=0 dur=0.32s
seed=58242 o=1 hands= 207/500 hero_chip=  +10000 sched_bb100=  +20.00 actual_bb100=48.309178743961354 hero_err=0 opp_err=0 dur=0.37s
seed=59242 o=0 hands= 170/500 hero_chip=  +10000 sched_bb100=  +20.00 actual_bb100=58.82352941176471 hero_err=0 opp_err=0 dur=0.52s
seed=59242 o=1 hands= 134/500 hero_chip=  +10000 sched_bb100=  +20.00 actual_bb100=74.62686567164178 hero_err=0 opp_err=0 dur=0.44s
seed=60242 o=0 hands= 144/500 hero_chip=  +10000 sched_bb100=  +20.00 actual_bb100=69.44444444444444 hero_err=0 opp_err=0 dur=0.65s
seed=60242 o=1 hands= 139/500 hero_chip=  +10000 sched_bb100=  +20.00 actual_bb100=71.94244604316548 hero_err=0 opp_err=0 dur=0.42s
seed=61242 o=0 hands= 128/500 hero_chip=  +10000 sched_bb100=  +20.00 actual_bb100=78.125 hero_err=0 opp_err=0 dur=0.32s
seed=61242 o=1 hands= 361/500 hero_chip=  +10000 sched_bb100=  +20.00 actual_bb100=27.70083102493075 hero_err=0 opp_err=0 dur=0.74s
seed=62242 o=0 hands= 138/500 hero_chip=  +10000 sched_bb100=  +20.00 actual_bb100=72.46376811594203 hero_err=0 opp_err=0 dur=0.39s
seed=62242 o=1 hands= 209/500 hero_chip=  +10000 sched_bb100=  +20.00 actual_bb100=47.84688995215311 hero_err=0 opp_err=0 dur=0.41s
seed=63242 o=0 hands= 113/500 hero_chip=  +10000 sched_bb100=  +20.00 actual_bb100=88.49557522123895 hero_err=0 opp_err=0 dur=0.38s
seed=63242 o=1 hands= 131/500 hero_chip=  +10000 sched_bb100=  +20.00 actual_bb100=76.33587786259541 hero_err=0 opp_err=0 dur=0.39s
seed=64242 o=0 hands= 134/500 hero_chip=  +10000 sched_bb100=  +20.00 actual_bb100=74.62686567164178 hero_err=0 opp_err=0 dur=0.39s
seed=64242 o=1 hands= 150/500 hero_chip=  +10000 sched_bb100=  +20.00 actual_bb100=66.66666666666667 hero_err=0 opp_err=0 dur=0.38s
seed=65242 o=0 hands= 114/500 hero_chip=  +10000 sched_bb100=  +20.00 actual_bb100=87.71929824561404 hero_err=0 opp_err=0 dur=0.24s
seed=65242 o=1 hands= 137/500 hero_chip=  +10000 sched_bb100=  +20.00 actual_bb100=72.992700729927 hero_err=0 opp_err=0 dur=0.33s
seed=66242 o=0 hands= 183/500 hero_chip=  +10000 sched_bb100=  +20.00 actual_bb100=54.6448087431694 hero_err=0 opp_err=0 dur=0.37s
seed=66242 o=1 hands= 138/500 hero_chip=  +10000 sched_bb100=  +20.00 actual_bb100=72.46376811594203 hero_err=0 opp_err=0 dur=0.28s
seed=67242 o=0 hands= 255/500 hero_chip=  +10000 sched_bb100=  +20.00 actual_bb100=39.21568627450981 hero_err=0 opp_err=0 dur=0.41s
seed=67242 o=1 hands= 170/500 hero_chip=  +10000 sched_bb100=  +20.00 actual_bb100=58.82352941176471 hero_err=0 opp_err=0 dur=0.35s
seed=68242 o=0 hands= 147/500 hero_chip=  +10000 sched_bb100=  +20.00 actual_bb100=68.02721088435375 hero_err=0 opp_err=0 dur=0.35s
seed=68242 o=1 hands= 143/500 hero_chip=  +10000 sched_bb100=  +20.00 actual_bb100=69.93006993006993 hero_err=0 opp_err=0 dur=0.36s
seed=69242 o=0 hands= 168/500 hero_chip=  +10000 sched_bb100=  +20.00 actual_bb100=59.523809523809526 hero_err=0 opp_err=0 dur=0.39s
seed=69242 o=1 hands= 151/500 hero_chip=  +10000 sched_bb100=  +20.00 actual_bb100=66.2251655629139 hero_err=0 opp_err=0 dur=0.39s
seed=70242 o=0 hands= 126/500 hero_chip=  +10000 sched_bb100=  +20.00 actual_bb100=79.36507936507937 hero_err=0 opp_err=0 dur=0.34s
seed=70242 o=1 hands= 148/500 hero_chip=  +10000 sched_bb100=  +20.00 actual_bb100=67.56756756756756 hero_err=0 opp_err=0 dur=0.38s
seed=71242 o=0 hands= 136/500 hero_chip=  +10000 sched_bb100=  +20.00 actual_bb100=73.52941176470588 hero_err=0 opp_err=0 dur=0.28s
seed=71242 o=1 hands= 138/500 hero_chip=  +10000 sched_bb100=  +20.00 actual_bb100=72.46376811594203 hero_err=0 opp_err=0 dur=0.28s
seed=72242 o=0 hands= 133/500 hero_chip=  +10000 sched_bb100=  +20.00 actual_bb100=75.18796992481202 hero_err=0 opp_err=0 dur=0.33s
seed=72242 o=1 hands= 111/500 hero_chip=  +10000 sched_bb100=  +20.00 actual_bb100=90.09009009009009 hero_err=0 opp_err=0 dur=0.26s
seed=73242 o=0 hands= 147/500 hero_chip=  +10000 sched_bb100=  +20.00 actual_bb100=68.02721088435375 hero_err=0 opp_err=0 dur=0.31s
seed=73242 o=1 hands= 224/500 hero_chip=  +10000 sched_bb100=  +20.00 actual_bb100=44.64285714285714 hero_err=0 opp_err=0 dur=0.44s
seed=74242 o=0 hands= 135/500 hero_chip=  +10000 sched_bb100=  +20.00 actual_bb100=74.07407407407408 hero_err=0 opp_err=0 dur=0.35s
seed=74242 o=1 hands= 174/500 hero_chip=  +10000 sched_bb100=  +20.00 actual_bb100=57.47126436781609 hero_err=0 opp_err=0 dur=0.33s
seed=75242 o=0 hands= 206/500 hero_chip=  +10000 sched_bb100=  +20.00 actual_bb100=48.543689320388346 hero_err=0 opp_err=0 dur=0.42s
seed=75242 o=1 hands= 135/500 hero_chip=  +10000 sched_bb100=  +20.00 actual_bb100=74.07407407407408 hero_err=0 opp_err=0 dur=0.33s
seed=76242 o=0 hands= 169/500 hero_chip=  +10000 sched_bb100=  +20.00 actual_bb100=59.171597633136095 hero_err=0 opp_err=0 dur=0.37s
seed=76242 o=1 hands= 279/500 hero_chip=  +10000 sched_bb100=  +20.00 actual_bb100=35.842293906810035 hero_err=0 opp_err=0 dur=0.45s
seed=77242 o=0 hands= 175/500 hero_chip=  +10000 sched_bb100=  +20.00 actual_bb100=57.142857142857146 hero_err=0 opp_err=0 dur=0.32s
seed=77242 o=1 hands= 152/500 hero_chip=  +10000 sched_bb100=  +20.00 actual_bb100=65.78947368421052 hero_err=0 opp_err=0 dur=0.34s
seed=78242 o=0 hands= 116/500 hero_chip=  +10000 sched_bb100=  +20.00 actual_bb100=86.20689655172414 hero_err=0 opp_err=0 dur=0.33s
seed=78242 o=1 hands= 328/500 hero_chip=  +10000 sched_bb100=  +20.00 actual_bb100=30.48780487804878 hero_err=0 opp_err=0 dur=0.46s
seed=79242 o=0 hands= 184/500 hero_chip=  +10000 sched_bb100=  +20.00 actual_bb100=54.347826086956516 hero_err=0 opp_err=0 dur=0.36s
seed=79242 o=1 hands= 116/500 hero_chip=  +10000 sched_bb100=  +20.00 actual_bb100=86.20689655172414 hero_err=0 opp_err=0 dur=0.36s

SUMMARY {"actual_to_scheduled_ratio": 0.32135, "attempted_hands": 80000, "base": 242, "ci_half_width": 0.0, "ci_high": 20.0, "ci_low": 20.0, "early_bust_matches": 160, "early_bust_rate": 1.0, "hands_played": 25708, "hero_chip_delta": 1600000, "hero_errors": 0, "hero_p99_latency_s": 0.007505666930228472, "log_path": "/Users/farhad/Code/PokerBot/consult/artifacts/2026-05-29-away/public-drift-completeness/command_logs/h2h_TobyCoad__fullhouse_engine__main__tight_passive__escalate_b242.log", "match_count": 160, "mean_bb100_actual": 62.23743581764432, "mean_bb100_scheduled": 20.0, "opponent_errors": 0, "opponent_p99_latency_s": 0.006627125199884176, "phase": "escalate_b242", "stdout_noise": {}, "stdout_noise_examples": {}, "target_scheduled_hands": 80000, "timeboxed": false}
