H2H escalate_b242 2026-05-29T16:24:53Z
repo=stoppedtime24/fullhouse-engine branch=main bot=bots/mybot/bot.py
hero=/Users/farhad/Code/PokerBot/submissions/v_final.zip sha256=e4b4a8f11f801ecef2eca53629241e83cc9bace8ec74004f19368375f22d9598
opponent_zip=/Users/farhad/Code/PokerBot/consult/artifacts/2026-05-29-away/public-drift-completeness/opponent_zips/stoppedtime24__fullhouse_engine__main__mybot.zip sha256=819af1a971c7bf01f9200d2fed62132de1f839cb6e10d905c731e2548e670ae0
target_scheduled_hands=80000 base=242 match_len=500 seed_stride=1000
seed=242 o=0 hands= 118/500 hero_chip=  +10000 sched_bb100=  +20.00 actual_bb100=84.74576271186442 hero_err=0 opp_err=0 dur=0.85s
seed=242 o=1 hands= 182/500 hero_chip=  +10000 sched_bb100=  +20.00 actual_bb100=54.94505494505494 hero_err=0 opp_err=0 dur=1.32s
seed=1242 o=0 hands= 226/500 hero_chip=  +10000 sched_bb100=  +20.00 actual_bb100=44.247787610619476 hero_err=0 opp_err=0 dur=1.55s
seed=1242 o=1 hands= 143/500 hero_chip=  +10000 sched_bb100=  +20.00 actual_bb100=69.93006993006993 hero_err=0 opp_err=0 dur=0.96s
seed=2242 o=0 hands= 206/500 hero_chip=  -10000 sched_bb100=  -20.00 actual_bb100=-48.543689320388346 hero_err=0 opp_err=0 dur=1.54s
seed=2242 o=1 hands= 500/500 hero_chip=   +3605 sched_bb100=   +7.21 actual_bb100=7.209999999999999 hero_err=0 opp_err=0 dur=3.21s
seed=3242 o=0 hands= 268/500 hero_chip=  +10000 sched_bb100=  +20.00 actual_bb100=37.31343283582089 hero_err=0 opp_err=0 dur=1.78s
seed=3242 o=1 hands= 106/500 hero_chip=  +10000 sched_bb100=  +20.00 actual_bb100=94.33962264150944 hero_err=0 opp_err=0 dur=0.84s
seed=4242 o=0 hands= 118/500 hero_chip=  +10000 sched_bb100=  +20.00 actual_bb100=84.74576271186442 hero_err=0 opp_err=0 dur=0.88s
seed=4242 o=1 hands= 189/500 hero_chip=  +10000 sched_bb100=  +20.00 actual_bb100=52.91005291005291 hero_err=0 opp_err=0 dur=1.34s
seed=5242 o=0 hands= 336/500 hero_chip=  +10000 sched_bb100=  +20.00 actual_bb100=29.761904761904763 hero_err=0 opp_err=0 dur=2.15s
seed=5242 o=1 hands= 225/500 hero_chip=  +10000 sched_bb100=  +20.00 actual_bb100=44.44444444444444 hero_err=0 opp_err=0 dur=1.55s
seed=6242 o=0 hands= 461/500 hero_chip=  +10000 sched_bb100=  +20.00 actual_bb100=21.691973969631235 hero_err=0 opp_err=0 dur=2.99s
seed=6242 o=1 hands= 111/500 hero_chip=  +10000 sched_bb100=  +20.00 actual_bb100=90.09009009009009 hero_err=0 opp_err=0 dur=0.90s
seed=7242 o=0 hands= 184/500 hero_chip=  +10000 sched_bb100=  +20.00 actual_bb100=54.347826086956516 hero_err=0 opp_err=0 dur=1.31s
seed=7242 o=1 hands= 286/500 hero_chip=  +10000 sched_bb100=  +20.00 actual_bb100=34.96503496503497 hero_err=0 opp_err=0 dur=1.93s
seed=8242 o=0 hands=  66/500 hero_chip=  -10000 sched_bb100=  -20.00 actual_bb100=-151.5151515151515 hero_err=0 opp_err=0 dur=0.60s
seed=8242 o=1 hands= 500/500 hero_chip=    +268 sched_bb100=   +0.54 actual_bb100=0.536 hero_err=0 opp_err=0 dur=3.30s
seed=9242 o=0 hands= 124/500 hero_chip=  +10000 sched_bb100=  +20.00 actual_bb100=80.64516129032258 hero_err=0 opp_err=0 dur=0.95s
seed=9242 o=1 hands= 129/500 hero_chip=  +10000 sched_bb100=  +20.00 actual_bb100=77.51937984496124 hero_err=0 opp_err=0 dur=1.00s
seed=10242 o=0 hands= 126/500 hero_chip=  +10000 sched_bb100=  +20.00 actual_bb100=79.36507936507937 hero_err=0 opp_err=0 dur=0.91s
seed=10242 o=1 hands=  57/500 hero_chip=  -10000 sched_bb100=  -20.00 actual_bb100=-175.43859649122808 hero_err=0 opp_err=0 dur=0.63s
seed=11242 o=0 hands= 224/500 hero_chip=  +10000 sched_bb100=  +20.00 actual_bb100=44.64285714285714 hero_err=0 opp_err=0 dur=1.60s
seed=11242 o=1 hands=  72/500 hero_chip=  +10000 sched_bb100=  +20.00 actual_bb100=138.88888888888889 hero_err=0 opp_err=0 dur=0.67s
seed=12242 o=0 hands=  82/500 hero_chip=  +10000 sched_bb100=  +20.00 actual_bb100=121.95121951219512 hero_err=0 opp_err=0 dur=0.72s
seed=12242 o=1 hands= 122/500 hero_chip=  -10000 sched_bb100=  -20.00 actual_bb100=-81.9672131147541 hero_err=0 opp_err=0 dur=0.96s
seed=13242 o=0 hands= 101/500 hero_chip=  +10000 sched_bb100=  +20.00 actual_bb100=99.00990099009901 hero_err=0 opp_err=0 dur=0.83s
seed=13242 o=1 hands= 493/500 hero_chip=  +10000 sched_bb100=  +20.00 actual_bb100=20.28397565922921 hero_err=0 opp_err=0 dur=3.60s
seed=14242 o=0 hands= 176/500 hero_chip=  +10000 sched_bb100=  +20.00 actual_bb100=56.81818181818182 hero_err=0 opp_err=0 dur=1.25s
seed=14242 o=1 hands= 159/500 hero_chip=  +10000 sched_bb100=  +20.00 actual_bb100=62.893081761006286 hero_err=0 opp_err=0 dur=1.15s
seed=15242 o=0 hands= 500/500 hero_chip=   +2068 sched_bb100=   +4.14 actual_bb100=4.136 hero_err=0 opp_err=0 dur=3.39s
seed=15242 o=1 hands= 173/500 hero_chip=  +10000 sched_bb100=  +20.00 actual_bb100=57.80346820809249 hero_err=0 opp_err=0 dur=1.27s
seed=16242 o=0 hands= 190/500 hero_chip=  +10000 sched_bb100=  +20.00 actual_bb100=52.631578947368425 hero_err=0 opp_err=0 dur=1.40s
seed=16242 o=1 hands=  73/500 hero_chip=  +10000 sched_bb100=  +20.00 actual_bb100=136.986301369863 hero_err=0 opp_err=0 dur=0.64s
seed=17242 o=0 hands=  24/500 hero_chip=  -10000 sched_bb100=  -20.00 actual_bb100=-416.6666666666667 hero_err=0 opp_err=0 dur=0.47s
seed=17242 o=1 hands= 170/500 hero_chip=  +10000 sched_bb100=  +20.00 actual_bb100=58.82352941176471 hero_err=0 opp_err=0 dur=1.28s
seed=18242 o=0 hands= 311/500 hero_chip=  +10000 sched_bb100=  +20.00 actual_bb100=32.154340836012864 hero_err=0 opp_err=0 dur=2.16s
seed=18242 o=1 hands= 165/500 hero_chip=  +10000 sched_bb100=  +20.00 actual_bb100=60.60606060606061 hero_err=0 opp_err=0 dur=1.43s
seed=19242 o=0 hands= 116/500 hero_chip=  +10000 sched_bb100=  +20.00 actual_bb100=86.20689655172414 hero_err=0 opp_err=0 dur=0.93s
seed=19242 o=1 hands= 121/500 hero_chip=  +10000 sched_bb100=  +20.00 actual_bb100=82.64462809917356 hero_err=0 opp_err=0 dur=0.99s
seed=20242 o=0 hands=  48/500 hero_chip=  +10000 sched_bb100=  +20.00 actual_bb100=208.33333333333334 hero_err=0 opp_err=0 dur=0.49s
seed=20242 o=1 hands= 166/500 hero_chip=  +10000 sched_bb100=  +20.00 actual_bb100=60.24096385542169 hero_err=0 opp_err=0 dur=1.22s
seed=21242 o=0 hands= 230/500 hero_chip=  +10000 sched_bb100=  +20.00 actual_bb100=43.47826086956522 hero_err=0 opp_err=0 dur=1.70s
seed=21242 o=1 hands=  68/500 hero_chip=  +10000 sched_bb100=  +20.00 actual_bb100=147.05882352941177 hero_err=0 opp_err=0 dur=0.71s
seed=22242 o=0 hands=  74/500 hero_chip=  +10000 sched_bb100=  +20.00 actual_bb100=135.13513513513513 hero_err=0 opp_err=0 dur=0.81s
seed=22242 o=1 hands= 300/500 hero_chip=  +10000 sched_bb100=  +20.00 actual_bb100=33.333333333333336 hero_err=0 opp_err=0 dur=2.18s
seed=23242 o=0 hands= 163/500 hero_chip=  -10000 sched_bb100=  -20.00 actual_bb100=-61.34969325153374 hero_err=0 opp_err=0 dur=1.20s
seed=23242 o=1 hands= 361/500 hero_chip=  -10000 sched_bb100=  -20.00 actual_bb100=-27.70083102493075 hero_err=0 opp_err=0 dur=2.65s
seed=24242 o=0 hands=  95/500 hero_chip=  +10000 sched_bb100=  +20.00 actual_bb100=105.26315789473685 hero_err=0 opp_err=0 dur=0.78s
seed=24242 o=1 hands= 251/500 hero_chip=  +10000 sched_bb100=  +20.00 actual_bb100=39.8406374501992 hero_err=0 opp_err=0 dur=1.86s
seed=25242 o=0 hands= 152/500 hero_chip=  +10000 sched_bb100=  +20.00 actual_bb100=65.78947368421052 hero_err=0 opp_err=0 dur=1.11s
seed=25242 o=1 hands= 299/500 hero_chip=  +10000 sched_bb100=  +20.00 actual_bb100=33.4448160535117 hero_err=0 opp_err=0 dur=1.94s
seed=26242 o=0 hands= 173/500 hero_chip=  +10000 sched_bb100=  +20.00 actual_bb100=57.80346820809249 hero_err=0 opp_err=0 dur=1.24s
seed=26242 o=1 hands= 444/500 hero_chip=  +10000 sched_bb100=  +20.00 actual_bb100=22.52252252252252 hero_err=0 opp_err=0 dur=2.96s
seed=27242 o=0 hands= 155/500 hero_chip=  +10000 sched_bb100=  +20.00 actual_bb100=64.51612903225806 hero_err=0 opp_err=0 dur=1.18s
seed=27242 o=1 hands= 157/500 hero_chip=  +10000 sched_bb100=  +20.00 actual_bb100=63.69426751592356 hero_err=0 opp_err=0 dur=1.13s
seed=28242 o=0 hands=  67/500 hero_chip=  -10000 sched_bb100=  -20.00 actual_bb100=-149.25373134328356 hero_err=0 opp_err=0 dur=0.66s
seed=28242 o=1 hands= 146/500 hero_chip=  +10000 sched_bb100=  +20.00 actual_bb100=68.4931506849315 hero_err=0 opp_err=0 dur=1.06s
seed=29242 o=0 hands=  62/500 hero_chip=  -10000 sched_bb100=  -20.00 actual_bb100=-161.29032258064515 hero_err=0 opp_err=0 dur=0.67s
seed=29242 o=1 hands= 109/500 hero_chip=  +10000 sched_bb100=  +20.00 actual_bb100=91.74311926605503 hero_err=0 opp_err=0 dur=0.89s
seed=30242 o=0 hands= 498/500 hero_chip=  +10000 sched_bb100=  +20.00 actual_bb100=20.08032128514056 hero_err=0 opp_err=0 dur=3.38s
seed=30242 o=1 hands= 215/500 hero_chip=  +10000 sched_bb100=  +20.00 actual_bb100=46.51162790697675 hero_err=0 opp_err=0 dur=1.56s
seed=31242 o=0 hands= 192/500 hero_chip=  +10000 sched_bb100=  +20.00 actual_bb100=52.083333333333336 hero_err=0 opp_err=0 dur=1.33s
seed=31242 o=1 hands= 103/500 hero_chip=  +10000 sched_bb100=  +20.00 actual_bb100=97.08737864077669 hero_err=0 opp_err=0 dur=0.88s
seed=32242 o=0 hands= 158/500 hero_chip=  +10000 sched_bb100=  +20.00 actual_bb100=63.291139240506325 hero_err=0 opp_err=0 dur=1.13s
seed=32242 o=1 hands= 159/500 hero_chip=  +10000 sched_bb100=  +20.00 actual_bb100=62.893081761006286 hero_err=0 opp_err=0 dur=1.23s
seed=33242 o=0 hands= 158/500 hero_chip=  +10000 sched_bb100=  +20.00 actual_bb100=63.291139240506325 hero_err=0 opp_err=0 dur=1.18s
seed=33242 o=1 hands= 172/500 hero_chip=  +10000 sched_bb100=  +20.00 actual_bb100=58.139534883720934 hero_err=0 opp_err=0 dur=1.25s
seed=34242 o=0 hands=  75/500 hero_chip=  +10000 sched_bb100=  +20.00 actual_bb100=133.33333333333334 hero_err=0 opp_err=0 dur=0.75s
seed=34242 o=1 hands=  43/500 hero_chip=  -10000 sched_bb100=  -20.00 actual_bb100=-232.55813953488374 hero_err=0 opp_err=0 dur=0.49s
seed=35242 o=0 hands= 260/500 hero_chip=  +10000 sched_bb100=  +20.00 actual_bb100=38.46153846153846 hero_err=0 opp_err=0 dur=1.80s
seed=35242 o=1 hands=  77/500 hero_chip=  -10000 sched_bb100=  -20.00 actual_bb100=-129.87012987012986 hero_err=0 opp_err=0 dur=0.76s
seed=36242 o=0 hands= 309/500 hero_chip=  +10000 sched_bb100=  +20.00 actual_bb100=32.36245954692557 hero_err=0 opp_err=0 dur=2.32s
seed=36242 o=1 hands= 143/500 hero_chip=  -10000 sched_bb100=  -20.00 actual_bb100=-69.93006993006993 hero_err=0 opp_err=0 dur=1.13s
seed=37242 o=0 hands=  62/500 hero_chip=  -10000 sched_bb100=  -20.00 actual_bb100=-161.29032258064515 hero_err=0 opp_err=0 dur=0.70s
seed=37242 o=1 hands= 306/500 hero_chip=  +10000 sched_bb100=  +20.00 actual_bb100=32.6797385620915 hero_err=0 opp_err=0 dur=1.95s
seed=38242 o=0 hands= 175/500 hero_chip=  +10000 sched_bb100=  +20.00 actual_bb100=57.142857142857146 hero_err=0 opp_err=0 dur=1.31s
seed=38242 o=1 hands= 123/500 hero_chip=  +10000 sched_bb100=  +20.00 actual_bb100=81.30081300813008 hero_err=0 opp_err=0 dur=0.94s
seed=39242 o=0 hands= 154/500 hero_chip=  -10000 sched_bb100=  -20.00 actual_bb100=-64.93506493506493 hero_err=0 opp_err=0 dur=1.08s
seed=39242 o=1 hands= 500/500 hero_chip=   +1870 sched_bb100=   +3.74 actual_bb100=3.7399999999999998 hero_err=0 opp_err=0 dur=3.34s
seed=40242 o=0 hands= 172/500 hero_chip=  +10000 sched_bb100=  +20.00 actual_bb100=58.139534883720934 hero_err=0 opp_err=0 dur=1.23s
seed=40242 o=1 hands= 410/500 hero_chip=  +10000 sched_bb100=  +20.00 actual_bb100=24.390243902439025 hero_err=0 opp_err=0 dur=2.86s
seed=41242 o=0 hands= 236/500 hero_chip=  +10000 sched_bb100=  +20.00 actual_bb100=42.37288135593221 hero_err=0 opp_err=0 dur=1.66s
seed=41242 o=1 hands= 197/500 hero_chip=  +10000 sched_bb100=  +20.00 actual_bb100=50.76142131979695 hero_err=0 opp_err=0 dur=1.30s
seed=42242 o=0 hands= 156/500 hero_chip=  +10000 sched_bb100=  +20.00 actual_bb100=64.1025641025641 hero_err=0 opp_err=0 dur=1.17s
seed=42242 o=1 hands= 121/500 hero_chip=  -10000 sched_bb100=  -20.00 actual_bb100=-82.64462809917356 hero_err=0 opp_err=0 dur=1.01s
seed=43242 o=0 hands= 173/500 hero_chip=  +10000 sched_bb100=  +20.00 actual_bb100=57.80346820809249 hero_err=0 opp_err=0 dur=1.34s
seed=43242 o=1 hands= 425/500 hero_chip=  +10000 sched_bb100=  +20.00 actual_bb100=23.529411764705884 hero_err=0 opp_err=0 dur=2.95s
seed=44242 o=0 hands= 148/500 hero_chip=  +10000 sched_bb100=  +20.00 actual_bb100=67.56756756756756 hero_err=0 opp_err=0 dur=1.31s
seed=44242 o=1 hands= 164/500 hero_chip=  +10000 sched_bb100=  +20.00 actual_bb100=60.97560975609756 hero_err=0 opp_err=0 dur=1.25s
seed=45242 o=0 hands= 187/500 hero_chip=  +10000 sched_bb100=  +20.00 actual_bb100=53.475935828877 hero_err=0 opp_err=0 dur=1.38s
seed=45242 o=1 hands=  79/500 hero_chip=  +10000 sched_bb100=  +20.00 actual_bb100=126.58227848101265 hero_err=0 opp_err=0 dur=0.65s
seed=46242 o=0 hands= 500/500 hero_chip=   +6360 sched_bb100=  +12.72 actual_bb100=12.72 hero_err=0 opp_err=0 dur=3.29s
seed=46242 o=1 hands= 203/500 hero_chip=  +10000 sched_bb100=  +20.00 actual_bb100=49.26108374384237 hero_err=0 opp_err=0 dur=1.46s
seed=47242 o=0 hands= 138/500 hero_chip=  +10000 sched_bb100=  +20.00 actual_bb100=72.46376811594203 hero_err=0 opp_err=0 dur=1.11s
seed=47242 o=1 hands= 171/500 hero_chip=  -10000 sched_bb100=  -20.00 actual_bb100=-58.47953216374269 hero_err=0 opp_err=0 dur=1.35s
seed=48242 o=0 hands= 232/500 hero_chip=  +10000 sched_bb100=  +20.00 actual_bb100=43.10344827586207 hero_err=0 opp_err=0 dur=1.82s
seed=48242 o=1 hands=  97/500 hero_chip=  +10000 sched_bb100=  +20.00 actual_bb100=103.09278350515464 hero_err=0 opp_err=0 dur=0.87s
seed=49242 o=0 hands= 192/500 hero_chip=  +10000 sched_bb100=  +20.00 actual_bb100=52.083333333333336 hero_err=0 opp_err=0 dur=1.46s
seed=49242 o=1 hands= 197/500 hero_chip=  +10000 sched_bb100=  +20.00 actual_bb100=50.76142131979695 hero_err=0 opp_err=0 dur=1.43s
seed=50242 o=0 hands= 500/500 hero_chip=   +3054 sched_bb100=   +6.11 actual_bb100=6.108 hero_err=0 opp_err=0 dur=3.33s
seed=50242 o=1 hands=  80/500 hero_chip=  +10000 sched_bb100=  +20.00 actual_bb100=125.0 hero_err=0 opp_err=0 dur=0.74s
seed=51242 o=0 hands=  82/500 hero_chip=  +10000 sched_bb100=  +20.00 actual_bb100=121.95121951219512 hero_err=0 opp_err=0 dur=0.77s
seed=51242 o=1 hands= 138/500 hero_chip=  +10000 sched_bb100=  +20.00 actual_bb100=72.46376811594203 hero_err=0 opp_err=0 dur=1.13s
seed=52242 o=0 hands= 183/500 hero_chip=  +10000 sched_bb100=  +20.00 actual_bb100=54.6448087431694 hero_err=0 opp_err=0 dur=1.39s
seed=52242 o=1 hands= 243/500 hero_chip=  +10000 sched_bb100=  +20.00 actual_bb100=41.15226337448559 hero_err=0 opp_err=0 dur=1.80s
seed=53242 o=0 hands= 173/500 hero_chip=  +10000 sched_bb100=  +20.00 actual_bb100=57.80346820809249 hero_err=0 opp_err=0 dur=1.31s
seed=53242 o=1 hands= 173/500 hero_chip=  -10000 sched_bb100=  -20.00 actual_bb100=-57.80346820809249 hero_err=0 opp_err=0 dur=1.37s
seed=54242 o=0 hands=  46/500 hero_chip=  +10000 sched_bb100=  +20.00 actual_bb100=217.39130434782606 hero_err=0 opp_err=0 dur=0.54s
seed=54242 o=1 hands= 334/500 hero_chip=  +10000 sched_bb100=  +20.00 actual_bb100=29.940119760479043 hero_err=0 opp_err=0 dur=2.49s
seed=55242 o=0 hands= 500/500 hero_chip=   +6300 sched_bb100=  +12.60 actual_bb100=12.6 hero_err=0 opp_err=0 dur=3.42s
seed=55242 o=1 hands= 343/500 hero_chip=  +10000 sched_bb100=  +20.00 actual_bb100=29.154518950437318 hero_err=0 opp_err=0 dur=2.32s
seed=56242 o=0 hands= 176/500 hero_chip=  +10000 sched_bb100=  +20.00 actual_bb100=56.81818181818182 hero_err=0 opp_err=0 dur=1.28s
seed=56242 o=1 hands= 255/500 hero_chip=  +10000 sched_bb100=  +20.00 actual_bb100=39.21568627450981 hero_err=0 opp_err=0 dur=1.76s
seed=57242 o=0 hands= 134/500 hero_chip=  +10000 sched_bb100=  +20.00 actual_bb100=74.62686567164178 hero_err=0 opp_err=0 dur=1.02s
seed=57242 o=1 hands= 165/500 hero_chip=  +10000 sched_bb100=  +20.00 actual_bb100=60.60606060606061 hero_err=0 opp_err=0 dur=1.26s
seed=58242 o=0 hands= 136/500 hero_chip=  +10000 sched_bb100=  +20.00 actual_bb100=73.52941176470588 hero_err=0 opp_err=0 dur=1.01s
seed=58242 o=1 hands=  75/500 hero_chip=  +10000 sched_bb100=  +20.00 actual_bb100=133.33333333333334 hero_err=0 opp_err=0 dur=0.69s
seed=59242 o=0 hands= 227/500 hero_chip=  +10000 sched_bb100=  +20.00 actual_bb100=44.052863436123346 hero_err=0 opp_err=0 dur=1.65s
seed=59242 o=1 hands=  76/500 hero_chip=  +10000 sched_bb100=  +20.00 actual_bb100=131.57894736842104 hero_err=0 opp_err=0 dur=0.67s
seed=60242 o=0 hands= 156/500 hero_chip=  +10000 sched_bb100=  +20.00 actual_bb100=64.1025641025641 hero_err=0 opp_err=0 dur=1.15s
seed=60242 o=1 hands= 231/500 hero_chip=  +10000 sched_bb100=  +20.00 actual_bb100=43.290043290043286 hero_err=0 opp_err=0 dur=1.64s
seed=61242 o=0 hands= 160/500 hero_chip=  +10000 sched_bb100=  +20.00 actual_bb100=62.5 hero_err=0 opp_err=0 dur=1.18s
seed=61242 o=1 hands=  78/500 hero_chip=  +10000 sched_bb100=  +20.00 actual_bb100=128.2051282051282 hero_err=0 opp_err=0 dur=0.66s
seed=62242 o=0 hands= 106/500 hero_chip=  +10000 sched_bb100=  +20.00 actual_bb100=94.33962264150944 hero_err=0 opp_err=0 dur=0.89s
seed=62242 o=1 hands= 247/500 hero_chip=  -10000 sched_bb100=  -20.00 actual_bb100=-40.48582995951417 hero_err=0 opp_err=0 dur=1.83s
seed=63242 o=0 hands=  66/500 hero_chip=  +10000 sched_bb100=  +20.00 actual_bb100=151.5151515151515 hero_err=0 opp_err=0 dur=0.64s
seed=63242 o=1 hands= 103/500 hero_chip=  +10000 sched_bb100=  +20.00 actual_bb100=97.08737864077669 hero_err=0 opp_err=0 dur=0.87s
seed=64242 o=0 hands= 110/500 hero_chip=  +10000 sched_bb100=  +20.00 actual_bb100=90.9090909090909 hero_err=0 opp_err=0 dur=0.88s
seed=64242 o=1 hands= 229/500 hero_chip=  +10000 sched_bb100=  +20.00 actual_bb100=43.66812227074236 hero_err=0 opp_err=0 dur=1.59s
seed=65242 o=0 hands= 132/500 hero_chip=  -10000 sched_bb100=  -20.00 actual_bb100=-75.75757575757575 hero_err=0 opp_err=0 dur=0.99s
seed=65242 o=1 hands= 143/500 hero_chip=  -10000 sched_bb100=  -20.00 actual_bb100=-69.93006993006993 hero_err=0 opp_err=0 dur=1.13s
seed=66242 o=0 hands= 100/500 hero_chip=  +10000 sched_bb100=  +20.00 actual_bb100=100.0 hero_err=0 opp_err=0 dur=0.84s
seed=66242 o=1 hands= 138/500 hero_chip=  +10000 sched_bb100=  +20.00 actual_bb100=72.46376811594203 hero_err=0 opp_err=0 dur=1.04s
seed=67242 o=0 hands= 114/500 hero_chip=  -10000 sched_bb100=  -20.00 actual_bb100=-87.71929824561404 hero_err=0 opp_err=0 dur=1.01s
seed=67242 o=1 hands= 283/500 hero_chip=  -10000 sched_bb100=  -20.00 actual_bb100=-35.3356890459364 hero_err=0 opp_err=0 dur=2.19s
seed=68242 o=0 hands= 311/500 hero_chip=  +10000 sched_bb100=  +20.00 actual_bb100=32.154340836012864 hero_err=0 opp_err=0 dur=2.28s
seed=68242 o=1 hands= 113/500 hero_chip=  +10000 sched_bb100=  +20.00 actual_bb100=88.49557522123895 hero_err=0 opp_err=0 dur=0.94s
seed=69242 o=0 hands= 168/500 hero_chip=  -10000 sched_bb100=  -20.00 actual_bb100=-59.523809523809526 hero_err=0 opp_err=0 dur=1.40s
seed=69242 o=1 hands= 170/500 hero_chip=  +10000 sched_bb100=  +20.00 actual_bb100=58.82352941176471 hero_err=0 opp_err=0 dur=1.29s
seed=70242 o=0 hands= 112/500 hero_chip=  -10000 sched_bb100=  -20.00 actual_bb100=-89.28571428571428 hero_err=0 opp_err=0 dur=0.97s
seed=70242 o=1 hands=  41/500 hero_chip=  -10000 sched_bb100=  -20.00 actual_bb100=-243.90243902439025 hero_err=0 opp_err=0 dur=0.47s
seed=71242 o=0 hands= 156/500 hero_chip=  +10000 sched_bb100=  +20.00 actual_bb100=64.1025641025641 hero_err=0 opp_err=0 dur=1.18s
seed=71242 o=1 hands= 103/500 hero_chip=  +10000 sched_bb100=  +20.00 actual_bb100=97.08737864077669 hero_err=0 opp_err=0 dur=0.83s
seed=72242 o=0 hands= 500/500 hero_chip=   +2888 sched_bb100=   +5.78 actual_bb100=5.776 hero_err=0 opp_err=0 dur=3.36s
seed=72242 o=1 hands=  65/500 hero_chip=  +10000 sched_bb100=  +20.00 actual_bb100=153.84615384615384 hero_err=0 opp_err=0 dur=0.70s
seed=73242 o=0 hands= 142/500 hero_chip=  +10000 sched_bb100=  +20.00 actual_bb100=70.42253521126761 hero_err=0 opp_err=0 dur=1.14s
seed=73242 o=1 hands= 296/500 hero_chip=  +10000 sched_bb100=  +20.00 actual_bb100=33.78378378378378 hero_err=0 opp_err=0 dur=2.04s
seed=74242 o=0 hands= 311/500 hero_chip=  +10000 sched_bb100=  +20.00 actual_bb100=32.154340836012864 hero_err=0 opp_err=0 dur=2.11s
seed=74242 o=1 hands= 387/500 hero_chip=  +10000 sched_bb100=  +20.00 actual_bb100=25.839793281653748 hero_err=0 opp_err=0 dur=2.54s
seed=75242 o=0 hands= 258/500 hero_chip=  +10000 sched_bb100=  +20.00 actual_bb100=38.75968992248062 hero_err=0 opp_err=0 dur=1.79s
seed=75242 o=1 hands=  21/500 hero_chip=  +10000 sched_bb100=  +20.00 actual_bb100=476.1904761904762 hero_err=0 opp_err=0 dur=0.34s
seed=76242 o=0 hands=  57/500 hero_chip=  +10000 sched_bb100=  +20.00 actual_bb100=175.43859649122808 hero_err=0 opp_err=0 dur=0.55s
seed=76242 o=1 hands=  99/500 hero_chip=  -10000 sched_bb100=  -20.00 actual_bb100=-101.01010101010101 hero_err=0 opp_err=0 dur=0.82s
seed=77242 o=0 hands=  73/500 hero_chip=  +10000 sched_bb100=  +20.00 actual_bb100=136.986301369863 hero_err=0 opp_err=0 dur=0.64s
seed=77242 o=1 hands= 165/500 hero_chip=  -10000 sched_bb100=  -20.00 actual_bb100=-60.60606060606061 hero_err=0 opp_err=0 dur=1.22s
seed=78242 o=0 hands=  99/500 hero_chip=  +10000 sched_bb100=  +20.00 actual_bb100=101.01010101010101 hero_err=0 opp_err=0 dur=0.79s
seed=78242 o=1 hands= 284/500 hero_chip=  -10000 sched_bb100=  -20.00 actual_bb100=-35.21126760563381 hero_err=0 opp_err=0 dur=2.03s
seed=79242 o=0 hands= 350/500 hero_chip=  +10000 sched_bb100=  +20.00 actual_bb100=28.571428571428573 hero_err=0 opp_err=0 dur=2.45s
seed=79242 o=1 hands= 175/500 hero_chip=  +10000 sched_bb100=  +20.00 actual_bb100=57.142857142857146 hero_err=0 opp_err=0 dur=1.24s

SUMMARY {"actual_to_scheduled_ratio": 0.3803, "attempted_hands": 80000, "base": 242, "ci_half_width": 2.5803312500000004, "ci_high": 14.8572, "ci_low": 9.6965375, "early_bust_matches": 152, "early_bust_rate": 0.95, "hands_played": 30424, "hero_chip_delta": 986413, "hero_errors": 0, "hero_p99_latency_s": 0.0025573340244591236, "log_path": "/Users/farhad/Code/PokerBot/consult/artifacts/2026-05-29-away/public-drift-completeness/command_logs/h2h_stoppedtime24__fullhouse_engine__main__mybot__escalate_b242.log", "match_count": 160, "mean_bb100_actual": 32.422199579279514, "mean_bb100_scheduled": 12.330162499999998, "opponent_errors": 0, "opponent_p99_latency_s": 0.012181499972939491, "phase": "escalate_b242", "stdout_noise": {}, "stdout_noise_examples": {}, "target_scheduled_hands": 80000, "timeboxed": false}
