H2H escalate_b242 2026-05-29T16:13:31Z
repo=TobyCoad/fullhouse-engine branch=main bot=bots/pure_pot_odds/bot.py
hero=/Users/farhad/Code/PokerBot/submissions/v_final.zip sha256=e4b4a8f11f801ecef2eca53629241e83cc9bace8ec74004f19368375f22d9598
opponent_zip=/Users/farhad/Code/PokerBot/consult/artifacts/2026-05-29-away/public-drift-completeness/opponent_zips/TobyCoad__fullhouse_engine__main__pure_pot_odds.zip sha256=3a485e8bbba902edbab0263e8656ec86784927d459a8e6f60b58e9b421f7d559
target_scheduled_hands=80000 base=242 match_len=500 seed_stride=1000
seed=242 o=0 hands=  63/500 hero_chip=  +10000 sched_bb100=  +20.00 actual_bb100=158.73015873015873 hero_err=0 opp_err=0 dur=0.88s
seed=242 o=1 hands=  70/500 hero_chip=  -10000 sched_bb100=  -20.00 actual_bb100=-142.85714285714286 hero_err=0 opp_err=0 dur=0.92s
seed=1242 o=0 hands= 273/500 hero_chip=  +10000 sched_bb100=  +20.00 actual_bb100=36.63003663003663 hero_err=0 opp_err=0 dur=2.87s
seed=1242 o=1 hands=  76/500 hero_chip=  +10000 sched_bb100=  +20.00 actual_bb100=131.57894736842104 hero_err=0 opp_err=0 dur=0.97s
seed=2242 o=0 hands=  59/500 hero_chip=  -10000 sched_bb100=  -20.00 actual_bb100=-169.49152542372883 hero_err=0 opp_err=0 dur=0.78s
seed=2242 o=1 hands=  47/500 hero_chip=  +10000 sched_bb100=  +20.00 actual_bb100=212.76595744680853 hero_err=0 opp_err=0 dur=0.66s
seed=3242 o=0 hands=  63/500 hero_chip=  +10000 sched_bb100=  +20.00 actual_bb100=158.73015873015873 hero_err=0 opp_err=0 dur=0.84s
seed=3242 o=1 hands=  29/500 hero_chip=  -10000 sched_bb100=  -20.00 actual_bb100=-344.82758620689657 hero_err=0 opp_err=0 dur=0.52s
seed=4242 o=0 hands= 104/500 hero_chip=  -10000 sched_bb100=  -20.00 actual_bb100=-96.15384615384615 hero_err=0 opp_err=0 dur=1.30s
seed=4242 o=1 hands=  34/500 hero_chip=  +10000 sched_bb100=  +20.00 actual_bb100=294.11764705882354 hero_err=0 opp_err=0 dur=0.59s
seed=5242 o=0 hands=  71/500 hero_chip=  +10000 sched_bb100=  +20.00 actual_bb100=140.84507042253523 hero_err=0 opp_err=0 dur=0.89s
seed=5242 o=1 hands=  74/500 hero_chip=  -10000 sched_bb100=  -20.00 actual_bb100=-135.13513513513513 hero_err=0 opp_err=0 dur=1.01s
seed=6242 o=0 hands=  79/500 hero_chip=  +10000 sched_bb100=  +20.00 actual_bb100=126.58227848101265 hero_err=0 opp_err=0 dur=1.03s
seed=6242 o=1 hands=  82/500 hero_chip=  -10000 sched_bb100=  -20.00 actual_bb100=-121.95121951219512 hero_err=0 opp_err=0 dur=1.11s
seed=7242 o=0 hands= 349/500 hero_chip=  +10000 sched_bb100=  +20.00 actual_bb100=28.653295128939828 hero_err=0 opp_err=0 dur=3.84s
seed=7242 o=1 hands= 127/500 hero_chip=  -10000 sched_bb100=  -20.00 actual_bb100=-78.74015748031496 hero_err=0 opp_err=0 dur=1.52s
seed=8242 o=0 hands= 146/500 hero_chip=  +10000 sched_bb100=  +20.00 actual_bb100=68.4931506849315 hero_err=0 opp_err=0 dur=1.71s
seed=8242 o=1 hands= 176/500 hero_chip=  +10000 sched_bb100=  +20.00 actual_bb100=56.81818181818182 hero_err=0 opp_err=0 dur=1.91s
seed=9242 o=0 hands= 193/500 hero_chip=  +10000 sched_bb100=  +20.00 actual_bb100=51.81347150259067 hero_err=0 opp_err=0 dur=2.25s
seed=9242 o=1 hands=  84/500 hero_chip=  +10000 sched_bb100=  +20.00 actual_bb100=119.04761904761905 hero_err=0 opp_err=0 dur=1.02s
seed=10242 o=0 hands=  29/500 hero_chip=  +10000 sched_bb100=  +20.00 actual_bb100=344.82758620689657 hero_err=0 opp_err=0 dur=0.49s
seed=10242 o=1 hands= 124/500 hero_chip=  +10000 sched_bb100=  +20.00 actual_bb100=80.64516129032258 hero_err=0 opp_err=0 dur=1.45s
seed=11242 o=0 hands=  33/500 hero_chip=  +10000 sched_bb100=  +20.00 actual_bb100=303.030303030303 hero_err=0 opp_err=0 dur=0.58s
seed=11242 o=1 hands= 126/500 hero_chip=  -10000 sched_bb100=  -20.00 actual_bb100=-79.36507936507937 hero_err=0 opp_err=0 dur=1.55s
seed=12242 o=0 hands=  94/500 hero_chip=  -10000 sched_bb100=  -20.00 actual_bb100=-106.38297872340426 hero_err=0 opp_err=0 dur=1.24s
seed=12242 o=1 hands= 174/500 hero_chip=  +10000 sched_bb100=  +20.00 actual_bb100=57.47126436781609 hero_err=0 opp_err=0 dur=1.99s
seed=13242 o=0 hands=  98/500 hero_chip=  +10000 sched_bb100=  +20.00 actual_bb100=102.04081632653062 hero_err=0 opp_err=0 dur=1.24s
seed=13242 o=1 hands=  90/500 hero_chip=  -10000 sched_bb100=  -20.00 actual_bb100=-111.11111111111111 hero_err=0 opp_err=0 dur=1.12s
seed=14242 o=0 hands=   7/500 hero_chip=  +10000 sched_bb100=  +20.00 actual_bb100=1428.5714285714284 hero_err=0 opp_err=0 dur=0.19s
seed=14242 o=1 hands= 259/500 hero_chip=  -10000 sched_bb100=  -20.00 actual_bb100=-38.610038610038615 hero_err=0 opp_err=0 dur=2.71s
seed=15242 o=0 hands= 147/500 hero_chip=  +10000 sched_bb100=  +20.00 actual_bb100=68.02721088435375 hero_err=0 opp_err=0 dur=1.58s
seed=15242 o=1 hands= 112/500 hero_chip=  +10000 sched_bb100=  +20.00 actual_bb100=89.28571428571428 hero_err=0 opp_err=0 dur=1.24s
seed=16242 o=0 hands=  54/500 hero_chip=  -10000 sched_bb100=  -20.00 actual_bb100=-185.18518518518516 hero_err=0 opp_err=0 dur=0.69s
seed=16242 o=1 hands=  51/500 hero_chip=  +10000 sched_bb100=  +20.00 actual_bb100=196.078431372549 hero_err=0 opp_err=0 dur=0.70s
seed=17242 o=0 hands= 131/500 hero_chip=  -10000 sched_bb100=  -20.00 actual_bb100=-76.33587786259541 hero_err=0 opp_err=0 dur=1.60s
seed=17242 o=1 hands=  68/500 hero_chip=  +10000 sched_bb100=  +20.00 actual_bb100=147.05882352941177 hero_err=0 opp_err=0 dur=0.97s
seed=18242 o=0 hands=  73/500 hero_chip=  +10000 sched_bb100=  +20.00 actual_bb100=136.986301369863 hero_err=0 opp_err=0 dur=0.97s
seed=18242 o=1 hands=  47/500 hero_chip=  +10000 sched_bb100=  +20.00 actual_bb100=212.76595744680853 hero_err=0 opp_err=0 dur=0.73s
seed=19242 o=0 hands=  31/500 hero_chip=  -10000 sched_bb100=  -20.00 actual_bb100=-322.5806451612903 hero_err=0 opp_err=0 dur=0.56s
seed=19242 o=1 hands=  84/500 hero_chip=  +10000 sched_bb100=  +20.00 actual_bb100=119.04761904761905 hero_err=0 opp_err=0 dur=1.14s
seed=20242 o=0 hands= 303/500 hero_chip=  -10000 sched_bb100=  -20.00 actual_bb100=-33.00330033003301 hero_err=0 opp_err=0 dur=3.06s
seed=20242 o=1 hands=   3/500 hero_chip=  +10000 sched_bb100=  +20.00 actual_bb100=3333.3333333333335 hero_err=0 opp_err=0 dur=0.18s
seed=21242 o=0 hands=  78/500 hero_chip=  -10000 sched_bb100=  -20.00 actual_bb100=-128.2051282051282 hero_err=0 opp_err=0 dur=1.01s
seed=21242 o=1 hands=  22/500 hero_chip=  -10000 sched_bb100=  -20.00 actual_bb100=-454.54545454545456 hero_err=0 opp_err=0 dur=0.40s
seed=22242 o=0 hands= 143/500 hero_chip=  +10000 sched_bb100=  +20.00 actual_bb100=69.93006993006993 hero_err=0 opp_err=0 dur=1.60s
seed=22242 o=1 hands= 358/500 hero_chip=  +10000 sched_bb100=  +20.00 actual_bb100=27.932960893854748 hero_err=0 opp_err=0 dur=3.78s
seed=23242 o=0 hands=  35/500 hero_chip=  +10000 sched_bb100=  +20.00 actual_bb100=285.7142857142857 hero_err=0 opp_err=0 dur=0.58s
seed=23242 o=1 hands=  72/500 hero_chip=  +10000 sched_bb100=  +20.00 actual_bb100=138.88888888888889 hero_err=0 opp_err=0 dur=0.93s
seed=24242 o=0 hands= 111/500 hero_chip=  +10000 sched_bb100=  +20.00 actual_bb100=90.09009009009009 hero_err=0 opp_err=0 dur=1.27s
seed=24242 o=1 hands=  42/500 hero_chip=  -10000 sched_bb100=  -20.00 actual_bb100=-238.0952380952381 hero_err=0 opp_err=0 dur=0.65s
seed=25242 o=0 hands=  23/500 hero_chip=  -10000 sched_bb100=  -20.00 actual_bb100=-434.78260869565213 hero_err=0 opp_err=0 dur=0.48s
seed=25242 o=1 hands=  68/500 hero_chip=  +10000 sched_bb100=  +20.00 actual_bb100=147.05882352941177 hero_err=0 opp_err=0 dur=0.83s
seed=26242 o=0 hands=  61/500 hero_chip=  +10000 sched_bb100=  +20.00 actual_bb100=163.9344262295082 hero_err=0 opp_err=0 dur=0.85s
seed=26242 o=1 hands=  71/500 hero_chip=  -10000 sched_bb100=  -20.00 actual_bb100=-140.84507042253523 hero_err=0 opp_err=0 dur=0.94s
seed=27242 o=0 hands=  39/500 hero_chip=  -10000 sched_bb100=  -20.00 actual_bb100=-256.4102564102564 hero_err=0 opp_err=0 dur=0.60s
seed=27242 o=1 hands=  96/500 hero_chip=  +10000 sched_bb100=  +20.00 actual_bb100=104.16666666666667 hero_err=0 opp_err=0 dur=1.21s
seed=28242 o=0 hands=  44/500 hero_chip=  +10000 sched_bb100=  +20.00 actual_bb100=227.27272727272728 hero_err=0 opp_err=0 dur=0.75s
seed=28242 o=1 hands= 106/500 hero_chip=  -10000 sched_bb100=  -20.00 actual_bb100=-94.33962264150944 hero_err=0 opp_err=0 dur=1.26s
seed=29242 o=0 hands= 275/500 hero_chip=  -10000 sched_bb100=  -20.00 actual_bb100=-36.36363636363637 hero_err=0 opp_err=0 dur=2.92s
seed=29242 o=1 hands=  78/500 hero_chip=  +10000 sched_bb100=  +20.00 actual_bb100=128.2051282051282 hero_err=0 opp_err=0 dur=1.06s
seed=30242 o=0 hands=  17/500 hero_chip=  +10000 sched_bb100=  +20.00 actual_bb100=588.2352941176471 hero_err=0 opp_err=0 dur=0.42s
seed=30242 o=1 hands=  26/500 hero_chip=  +10000 sched_bb100=  +20.00 actual_bb100=384.6153846153846 hero_err=0 opp_err=0 dur=0.58s
seed=31242 o=0 hands=  37/500 hero_chip=  +10000 sched_bb100=  +20.00 actual_bb100=270.27027027027026 hero_err=0 opp_err=0 dur=0.66s
seed=31242 o=1 hands= 172/500 hero_chip=  +10000 sched_bb100=  +20.00 actual_bb100=58.139534883720934 hero_err=0 opp_err=0 dur=1.92s
seed=32242 o=0 hands=  83/500 hero_chip=  -10000 sched_bb100=  -20.00 actual_bb100=-120.48192771084338 hero_err=0 opp_err=0 dur=0.97s
seed=32242 o=1 hands=  72/500 hero_chip=  +10000 sched_bb100=  +20.00 actual_bb100=138.88888888888889 hero_err=0 opp_err=0 dur=0.94s
seed=33242 o=0 hands=  67/500 hero_chip=  +10000 sched_bb100=  +20.00 actual_bb100=149.25373134328356 hero_err=0 opp_err=0 dur=0.88s
seed=33242 o=1 hands= 148/500 hero_chip=  +10000 sched_bb100=  +20.00 actual_bb100=67.56756756756756 hero_err=0 opp_err=0 dur=1.65s
seed=34242 o=0 hands=  75/500 hero_chip=  +10000 sched_bb100=  +20.00 actual_bb100=133.33333333333334 hero_err=0 opp_err=0 dur=1.00s
seed=34242 o=1 hands=  79/500 hero_chip=  -10000 sched_bb100=  -20.00 actual_bb100=-126.58227848101265 hero_err=0 opp_err=0 dur=1.10s
seed=35242 o=0 hands=  56/500 hero_chip=  +10000 sched_bb100=  +20.00 actual_bb100=178.57142857142856 hero_err=0 opp_err=0 dur=0.89s
seed=35242 o=1 hands=  49/500 hero_chip=  -10000 sched_bb100=  -20.00 actual_bb100=-204.08163265306123 hero_err=0 opp_err=0 dur=0.76s
seed=36242 o=0 hands= 167/500 hero_chip=  +10000 sched_bb100=  +20.00 actual_bb100=59.880239520958085 hero_err=0 opp_err=0 dur=1.95s
seed=36242 o=1 hands= 167/500 hero_chip=  -10000 sched_bb100=  -20.00 actual_bb100=-59.880239520958085 hero_err=0 opp_err=0 dur=1.92s
seed=37242 o=0 hands=  91/500 hero_chip=  -10000 sched_bb100=  -20.00 actual_bb100=-109.89010989010988 hero_err=0 opp_err=0 dur=1.12s
seed=37242 o=1 hands= 102/500 hero_chip=  +10000 sched_bb100=  +20.00 actual_bb100=98.0392156862745 hero_err=0 opp_err=0 dur=1.32s
seed=38242 o=0 hands=  23/500 hero_chip=  +10000 sched_bb100=  +20.00 actual_bb100=434.78260869565213 hero_err=0 opp_err=0 dur=0.45s
seed=38242 o=1 hands=  10/500 hero_chip=  +10000 sched_bb100=  +20.00 actual_bb100=1000.0 hero_err=0 opp_err=0 dur=0.34s
seed=39242 o=0 hands=  51/500 hero_chip=  +10000 sched_bb100=  +20.00 actual_bb100=196.078431372549 hero_err=0 opp_err=0 dur=0.78s
seed=39242 o=1 hands=  54/500 hero_chip=  -10000 sched_bb100=  -20.00 actual_bb100=-185.18518518518516 hero_err=0 opp_err=0 dur=0.83s
seed=40242 o=0 hands=  17/500 hero_chip=  -10000 sched_bb100=  -20.00 actual_bb100=-588.2352941176471 hero_err=0 opp_err=0 dur=0.41s
seed=40242 o=1 hands= 108/500 hero_chip=  +10000 sched_bb100=  +20.00 actual_bb100=92.59259259259258 hero_err=0 opp_err=0 dur=1.26s
seed=41242 o=0 hands=  33/500 hero_chip=  +10000 sched_bb100=  +20.00 actual_bb100=303.030303030303 hero_err=0 opp_err=0 dur=0.58s
seed=41242 o=1 hands= 134/500 hero_chip=  +10000 sched_bb100=  +20.00 actual_bb100=74.62686567164178 hero_err=0 opp_err=0 dur=1.64s
seed=42242 o=0 hands= 150/500 hero_chip=  -10000 sched_bb100=  -20.00 actual_bb100=-66.66666666666667 hero_err=0 opp_err=0 dur=1.84s
seed=42242 o=1 hands=  24/500 hero_chip=  +10000 sched_bb100=  +20.00 actual_bb100=416.6666666666667 hero_err=0 opp_err=0 dur=0.51s
seed=43242 o=0 hands=  63/500 hero_chip=  -10000 sched_bb100=  -20.00 actual_bb100=-158.73015873015873 hero_err=0 opp_err=0 dur=0.83s
seed=43242 o=1 hands= 112/500 hero_chip=  -10000 sched_bb100=  -20.00 actual_bb100=-89.28571428571428 hero_err=0 opp_err=0 dur=1.39s
seed=44242 o=0 hands=  92/500 hero_chip=  +10000 sched_bb100=  +20.00 actual_bb100=108.69565217391303 hero_err=0 opp_err=0 dur=1.29s
seed=44242 o=1 hands= 139/500 hero_chip=  +10000 sched_bb100=  +20.00 actual_bb100=71.94244604316548 hero_err=0 opp_err=0 dur=1.56s
seed=45242 o=0 hands= 235/500 hero_chip=  +10000 sched_bb100=  +20.00 actual_bb100=42.5531914893617 hero_err=0 opp_err=0 dur=2.74s
seed=45242 o=1 hands= 111/500 hero_chip=  +10000 sched_bb100=  +20.00 actual_bb100=90.09009009009009 hero_err=0 opp_err=0 dur=1.39s
seed=46242 o=0 hands= 128/500 hero_chip=  +10000 sched_bb100=  +20.00 actual_bb100=78.125 hero_err=0 opp_err=0 dur=1.47s
seed=46242 o=1 hands=  74/500 hero_chip=  +10000 sched_bb100=  +20.00 actual_bb100=135.13513513513513 hero_err=0 opp_err=0 dur=1.02s
seed=47242 o=0 hands= 133/500 hero_chip=  -10000 sched_bb100=  -20.00 actual_bb100=-75.18796992481202 hero_err=0 opp_err=0 dur=1.57s
seed=47242 o=1 hands=  85/500 hero_chip=  -10000 sched_bb100=  -20.00 actual_bb100=-117.64705882352942 hero_err=0 opp_err=0 dur=1.09s
seed=48242 o=0 hands=  11/500 hero_chip=  -10000 sched_bb100=  -20.00 actual_bb100=-909.0909090909091 hero_err=0 opp_err=0 dur=0.36s
seed=48242 o=1 hands=  66/500 hero_chip=  -10000 sched_bb100=  -20.00 actual_bb100=-151.5151515151515 hero_err=0 opp_err=0 dur=0.93s
seed=49242 o=0 hands=  39/500 hero_chip=  -10000 sched_bb100=  -20.00 actual_bb100=-256.4102564102564 hero_err=0 opp_err=0 dur=0.67s
seed=49242 o=1 hands=  55/500 hero_chip=  +10000 sched_bb100=  +20.00 actual_bb100=181.8181818181818 hero_err=0 opp_err=0 dur=0.80s
seed=50242 o=0 hands= 156/500 hero_chip=  +10000 sched_bb100=  +20.00 actual_bb100=64.1025641025641 hero_err=0 opp_err=0 dur=1.86s
seed=50242 o=1 hands=  95/500 hero_chip=  +10000 sched_bb100=  +20.00 actual_bb100=105.26315789473685 hero_err=0 opp_err=0 dur=1.28s
seed=51242 o=0 hands=  69/500 hero_chip=  -10000 sched_bb100=  -20.00 actual_bb100=-144.92753623188406 hero_err=0 opp_err=0 dur=0.94s
seed=51242 o=1 hands= 132/500 hero_chip=  +10000 sched_bb100=  +20.00 actual_bb100=75.75757575757575 hero_err=0 opp_err=0 dur=1.53s
seed=52242 o=0 hands=  15/500 hero_chip=  +10000 sched_bb100=  +20.00 actual_bb100=666.6666666666667 hero_err=0 opp_err=0 dur=0.37s
seed=52242 o=1 hands=  69/500 hero_chip=  -10000 sched_bb100=  -20.00 actual_bb100=-144.92753623188406 hero_err=0 opp_err=0 dur=0.90s
seed=53242 o=0 hands=  40/500 hero_chip=  -10000 sched_bb100=  -20.00 actual_bb100=-250.0 hero_err=0 opp_err=0 dur=0.68s
seed=53242 o=1 hands= 250/500 hero_chip=  +10000 sched_bb100=  +20.00 actual_bb100=40.0 hero_err=0 opp_err=0 dur=2.64s
seed=54242 o=0 hands= 129/500 hero_chip=  +10000 sched_bb100=  +20.00 actual_bb100=77.51937984496124 hero_err=0 opp_err=0 dur=1.40s
seed=54242 o=1 hands=  62/500 hero_chip=  -10000 sched_bb100=  -20.00 actual_bb100=-161.29032258064515 hero_err=0 opp_err=0 dur=0.78s
seed=55242 o=0 hands=  87/500 hero_chip=  -10000 sched_bb100=  -20.00 actual_bb100=-114.94252873563218 hero_err=0 opp_err=0 dur=1.04s
seed=55242 o=1 hands= 121/500 hero_chip=  +10000 sched_bb100=  +20.00 actual_bb100=82.64462809917356 hero_err=0 opp_err=0 dur=1.40s
seed=56242 o=0 hands=  35/500 hero_chip=  +10000 sched_bb100=  +20.00 actual_bb100=285.7142857142857 hero_err=0 opp_err=0 dur=0.59s
seed=56242 o=1 hands=  28/500 hero_chip=  +10000 sched_bb100=  +20.00 actual_bb100=357.1428571428571 hero_err=0 opp_err=0 dur=0.44s
seed=57242 o=0 hands=  41/500 hero_chip=  -10000 sched_bb100=  -20.00 actual_bb100=-243.90243902439025 hero_err=0 opp_err=0 dur=0.59s
seed=57242 o=1 hands=  61/500 hero_chip=  +10000 sched_bb100=  +20.00 actual_bb100=163.9344262295082 hero_err=0 opp_err=0 dur=0.72s
seed=58242 o=0 hands= 291/500 hero_chip=  +10000 sched_bb100=  +20.00 actual_bb100=34.36426116838488 hero_err=0 opp_err=0 dur=2.99s
seed=58242 o=1 hands=  20/500 hero_chip=  +10000 sched_bb100=  +20.00 actual_bb100=500.0 hero_err=0 opp_err=0 dur=0.44s
seed=59242 o=0 hands=  83/500 hero_chip=  -10000 sched_bb100=  -20.00 actual_bb100=-120.48192771084338 hero_err=0 opp_err=0 dur=1.02s
seed=59242 o=1 hands=  34/500 hero_chip=  +10000 sched_bb100=  +20.00 actual_bb100=294.11764705882354 hero_err=0 opp_err=0 dur=0.54s
seed=60242 o=0 hands= 184/500 hero_chip=  +10000 sched_bb100=  +20.00 actual_bb100=54.347826086956516 hero_err=0 opp_err=0 dur=2.00s
seed=60242 o=1 hands=  52/500 hero_chip=  +10000 sched_bb100=  +20.00 actual_bb100=192.3076923076923 hero_err=0 opp_err=0 dur=0.75s
seed=61242 o=0 hands=  66/500 hero_chip=  -10000 sched_bb100=  -20.00 actual_bb100=-151.5151515151515 hero_err=0 opp_err=0 dur=0.86s
seed=61242 o=1 hands=  60/500 hero_chip=  -10000 sched_bb100=  -20.00 actual_bb100=-166.66666666666669 hero_err=0 opp_err=0 dur=0.88s
seed=62242 o=0 hands= 130/500 hero_chip=  +10000 sched_bb100=  +20.00 actual_bb100=76.92307692307692 hero_err=0 opp_err=0 dur=1.60s
seed=62242 o=1 hands=  59/500 hero_chip=  +10000 sched_bb100=  +20.00 actual_bb100=169.49152542372883 hero_err=0 opp_err=0 dur=0.83s
seed=63242 o=0 hands= 101/500 hero_chip=  +10000 sched_bb100=  +20.00 actual_bb100=99.00990099009901 hero_err=0 opp_err=0 dur=1.26s
seed=63242 o=1 hands=  56/500 hero_chip=  +10000 sched_bb100=  +20.00 actual_bb100=178.57142857142856 hero_err=0 opp_err=0 dur=0.73s
seed=64242 o=0 hands=  21/500 hero_chip=  +10000 sched_bb100=  +20.00 actual_bb100=476.1904761904762 hero_err=0 opp_err=0 dur=0.51s
seed=64242 o=1 hands=  84/500 hero_chip=  +10000 sched_bb100=  +20.00 actual_bb100=119.04761904761905 hero_err=0 opp_err=0 dur=1.10s
seed=65242 o=0 hands= 113/500 hero_chip=  +10000 sched_bb100=  +20.00 actual_bb100=88.49557522123895 hero_err=0 opp_err=0 dur=1.44s
seed=65242 o=1 hands= 102/500 hero_chip=  -10000 sched_bb100=  -20.00 actual_bb100=-98.0392156862745 hero_err=0 opp_err=0 dur=1.14s
seed=66242 o=0 hands=  41/500 hero_chip=  +10000 sched_bb100=  +20.00 actual_bb100=243.90243902439025 hero_err=0 opp_err=0 dur=0.59s
seed=66242 o=1 hands=  42/500 hero_chip=  -10000 sched_bb100=  -20.00 actual_bb100=-238.0952380952381 hero_err=0 opp_err=0 dur=0.57s
seed=67242 o=0 hands= 142/500 hero_chip=  +10000 sched_bb100=  +20.00 actual_bb100=70.42253521126761 hero_err=0 opp_err=0 dur=1.57s
seed=67242 o=1 hands=  76/500 hero_chip=  +10000 sched_bb100=  +20.00 actual_bb100=131.57894736842104 hero_err=0 opp_err=0 dur=1.01s
seed=68242 o=0 hands=  21/500 hero_chip=  -10000 sched_bb100=  -20.00 actual_bb100=-476.1904761904762 hero_err=0 opp_err=0 dur=0.38s
seed=68242 o=1 hands=  16/500 hero_chip=  +10000 sched_bb100=  +20.00 actual_bb100=625.0 hero_err=0 opp_err=0 dur=0.42s
seed=69242 o=0 hands=   6/500 hero_chip=  +10000 sched_bb100=  +20.00 actual_bb100=1666.6666666666667 hero_err=0 opp_err=0 dur=0.18s
seed=69242 o=1 hands=  75/500 hero_chip=  +10000 sched_bb100=  +20.00 actual_bb100=133.33333333333334 hero_err=0 opp_err=0 dur=0.97s
seed=70242 o=0 hands=  25/500 hero_chip=  -10000 sched_bb100=  -20.00 actual_bb100=-400.0 hero_err=0 opp_err=0 dur=0.44s
seed=70242 o=1 hands=  24/500 hero_chip=  +10000 sched_bb100=  +20.00 actual_bb100=416.6666666666667 hero_err=0 opp_err=0 dur=0.47s
seed=71242 o=0 hands=  73/500 hero_chip=  +10000 sched_bb100=  +20.00 actual_bb100=136.986301369863 hero_err=0 opp_err=0 dur=0.93s
seed=71242 o=1 hands=  50/500 hero_chip=  +10000 sched_bb100=  +20.00 actual_bb100=200.0 hero_err=0 opp_err=0 dur=0.73s
seed=72242 o=0 hands=  51/500 hero_chip=  -10000 sched_bb100=  -20.00 actual_bb100=-196.078431372549 hero_err=0 opp_err=0 dur=0.64s
seed=72242 o=1 hands=  39/500 hero_chip=  +10000 sched_bb100=  +20.00 actual_bb100=256.4102564102564 hero_err=0 opp_err=0 dur=0.60s
seed=73242 o=0 hands= 155/500 hero_chip=  -10000 sched_bb100=  -20.00 actual_bb100=-64.51612903225806 hero_err=0 opp_err=0 dur=1.78s
seed=73242 o=1 hands=  71/500 hero_chip=  +10000 sched_bb100=  +20.00 actual_bb100=140.84507042253523 hero_err=0 opp_err=0 dur=0.93s
seed=74242 o=0 hands=  30/500 hero_chip=  +10000 sched_bb100=  +20.00 actual_bb100=333.33333333333337 hero_err=0 opp_err=0 dur=0.49s
seed=74242 o=1 hands= 136/500 hero_chip=  -10000 sched_bb100=  -20.00 actual_bb100=-73.52941176470588 hero_err=0 opp_err=0 dur=1.39s
seed=75242 o=0 hands= 121/500 hero_chip=  -10000 sched_bb100=  -20.00 actual_bb100=-82.64462809917356 hero_err=0 opp_err=0 dur=1.39s
seed=75242 o=1 hands= 152/500 hero_chip=  -10000 sched_bb100=  -20.00 actual_bb100=-65.78947368421052 hero_err=0 opp_err=0 dur=1.74s
seed=76242 o=0 hands= 161/500 hero_chip=  +10000 sched_bb100=  +20.00 actual_bb100=62.11180124223602 hero_err=0 opp_err=0 dur=2.01s
seed=76242 o=1 hands= 286/500 hero_chip=  -10000 sched_bb100=  -20.00 actual_bb100=-34.96503496503497 hero_err=0 opp_err=0 dur=3.07s
seed=77242 o=0 hands=  59/500 hero_chip=  +10000 sched_bb100=  +20.00 actual_bb100=169.49152542372883 hero_err=0 opp_err=0 dur=0.83s
seed=77242 o=1 hands=  73/500 hero_chip=  -10000 sched_bb100=  -20.00 actual_bb100=-136.986301369863 hero_err=0 opp_err=0 dur=0.99s
seed=78242 o=0 hands= 107/500 hero_chip=  +10000 sched_bb100=  +20.00 actual_bb100=93.45794392523364 hero_err=0 opp_err=0 dur=1.28s
seed=78242 o=1 hands= 174/500 hero_chip=  -10000 sched_bb100=  -20.00 actual_bb100=-57.47126436781609 hero_err=0 opp_err=0 dur=1.92s
seed=79242 o=0 hands=  51/500 hero_chip=  -10000 sched_bb100=  -20.00 actual_bb100=-196.078431372549 hero_err=0 opp_err=0 dur=0.75s
seed=79242 o=1 hands=  20/500 hero_chip=  +10000 sched_bb100=  +20.00 actual_bb100=500.0 hero_err=0 opp_err=0 dur=0.45s

SUMMARY {"actual_to_scheduled_ratio": 0.1817125, "attempted_hands": 80000, "base": 242, "ci_half_width": 2.5, "ci_high": 7.5, "ci_low": 2.5, "early_bust_matches": 160, "early_bust_rate": 1.0, "hands_played": 14537, "hero_chip_delta": 400000, "hero_errors": 0, "hero_p99_latency_s": 0.001754125114530325, "log_path": "/Users/farhad/Code/PokerBot/consult/artifacts/2026-05-29-away/public-drift-completeness/command_logs/h2h_TobyCoad__fullhouse_engine__main__pure_pot_odds__escalate_b242.log", "match_count": 160, "mean_bb100_actual": 27.515993671321453, "mean_bb100_scheduled": 5.0, "opponent_errors": 0, "opponent_p99_latency_s": 0.008379083825275302, "phase": "escalate_b242", "stdout_noise": {}, "stdout_noise_examples": {}, "target_scheduled_hands": 80000, "timeboxed": false}
