H2H escalate_b242 2026-05-29T16:17:38Z
repo=TobyCoad/fullhouse-engine branch=main bot=bots/stack_pressure/bot.py
hero=/Users/farhad/Code/PokerBot/submissions/v_final.zip sha256=e4b4a8f11f801ecef2eca53629241e83cc9bace8ec74004f19368375f22d9598
opponent_zip=/Users/farhad/Code/PokerBot/consult/artifacts/2026-05-29-away/public-drift-completeness/opponent_zips/TobyCoad__fullhouse_engine__main__stack_pressure.zip sha256=25d9e82f0152b588ef36be4bf82838c15bc91cb0aa309fc1932b45ef988e21dd
target_scheduled_hands=80000 base=242 match_len=500 seed_stride=1000
seed=242 o=0 hands=  41/500 hero_chip=  -10000 sched_bb100=  -20.00 actual_bb100=-243.90243902439025 hero_err=0 opp_err=0 dur=0.55s
seed=242 o=1 hands=  30/500 hero_chip=  -10000 sched_bb100=  -20.00 actual_bb100=-333.33333333333337 hero_err=0 opp_err=0 dur=0.40s
seed=1242 o=0 hands=  32/500 hero_chip=  -10000 sched_bb100=  -20.00 actual_bb100=-312.5 hero_err=0 opp_err=0 dur=0.43s
seed=1242 o=1 hands=  44/500 hero_chip=  -10000 sched_bb100=  -20.00 actual_bb100=-227.27272727272728 hero_err=0 opp_err=0 dur=0.57s
seed=2242 o=0 hands=  42/500 hero_chip=  -10000 sched_bb100=  -20.00 actual_bb100=-238.0952380952381 hero_err=0 opp_err=0 dur=0.53s
seed=2242 o=1 hands=  40/500 hero_chip=  -10000 sched_bb100=  -20.00 actual_bb100=-250.0 hero_err=0 opp_err=0 dur=0.54s
seed=3242 o=0 hands=  38/500 hero_chip=  -10000 sched_bb100=  -20.00 actual_bb100=-263.1578947368421 hero_err=0 opp_err=0 dur=0.49s
seed=3242 o=1 hands=  31/500 hero_chip=  -10000 sched_bb100=  -20.00 actual_bb100=-322.5806451612903 hero_err=0 opp_err=0 dur=0.47s
seed=4242 o=0 hands=  55/500 hero_chip=  -10000 sched_bb100=  -20.00 actual_bb100=-181.8181818181818 hero_err=0 opp_err=0 dur=0.60s
seed=4242 o=1 hands=  57/500 hero_chip=  -10000 sched_bb100=  -20.00 actual_bb100=-175.43859649122808 hero_err=0 opp_err=0 dur=0.62s
seed=5242 o=0 hands=  56/500 hero_chip=  -10000 sched_bb100=  -20.00 actual_bb100=-178.57142857142856 hero_err=0 opp_err=0 dur=0.50s
seed=5242 o=1 hands=  42/500 hero_chip=  -10000 sched_bb100=  -20.00 actual_bb100=-238.0952380952381 hero_err=0 opp_err=0 dur=0.56s
seed=6242 o=0 hands=  53/500 hero_chip=  -10000 sched_bb100=  -20.00 actual_bb100=-188.67924528301887 hero_err=0 opp_err=0 dur=0.59s
seed=6242 o=1 hands=  23/500 hero_chip=  -10000 sched_bb100=  -20.00 actual_bb100=-434.78260869565213 hero_err=0 opp_err=0 dur=0.37s
seed=7242 o=0 hands=  51/500 hero_chip=  -10000 sched_bb100=  -20.00 actual_bb100=-196.078431372549 hero_err=0 opp_err=0 dur=0.54s
seed=7242 o=1 hands=  43/500 hero_chip=  -10000 sched_bb100=  -20.00 actual_bb100=-232.55813953488374 hero_err=0 opp_err=0 dur=0.50s
seed=8242 o=0 hands=  29/500 hero_chip=  -10000 sched_bb100=  -20.00 actual_bb100=-344.82758620689657 hero_err=0 opp_err=0 dur=0.43s
seed=8242 o=1 hands=  55/500 hero_chip=  -10000 sched_bb100=  -20.00 actual_bb100=-181.8181818181818 hero_err=0 opp_err=0 dur=0.60s
seed=9242 o=0 hands=  73/500 hero_chip=  -10000 sched_bb100=  -20.00 actual_bb100=-136.986301369863 hero_err=0 opp_err=0 dur=0.73s
seed=9242 o=1 hands=  33/500 hero_chip=  -10000 sched_bb100=  -20.00 actual_bb100=-303.030303030303 hero_err=0 opp_err=0 dur=0.43s
seed=10242 o=0 hands=  54/500 hero_chip=  -10000 sched_bb100=  -20.00 actual_bb100=-185.18518518518516 hero_err=0 opp_err=0 dur=0.76s
seed=10242 o=1 hands=  52/500 hero_chip=  -10000 sched_bb100=  -20.00 actual_bb100=-192.3076923076923 hero_err=0 opp_err=0 dur=0.72s
seed=11242 o=0 hands=  38/500 hero_chip=  -10000 sched_bb100=  -20.00 actual_bb100=-263.1578947368421 hero_err=0 opp_err=0 dur=0.53s
seed=11242 o=1 hands=  49/500 hero_chip=  -10000 sched_bb100=  -20.00 actual_bb100=-204.08163265306123 hero_err=0 opp_err=0 dur=0.68s
seed=12242 o=0 hands=  51/500 hero_chip=  -10000 sched_bb100=  -20.00 actual_bb100=-196.078431372549 hero_err=0 opp_err=0 dur=0.60s
seed=12242 o=1 hands=  52/500 hero_chip=  -10000 sched_bb100=  -20.00 actual_bb100=-192.3076923076923 hero_err=0 opp_err=0 dur=0.60s
seed=13242 o=0 hands=  53/500 hero_chip=  -10000 sched_bb100=  -20.00 actual_bb100=-188.67924528301887 hero_err=0 opp_err=0 dur=0.58s
seed=13242 o=1 hands=  55/500 hero_chip=  -10000 sched_bb100=  -20.00 actual_bb100=-181.8181818181818 hero_err=0 opp_err=0 dur=0.65s
seed=14242 o=0 hands=  47/500 hero_chip=  -10000 sched_bb100=  -20.00 actual_bb100=-212.76595744680853 hero_err=0 opp_err=0 dur=0.54s
seed=14242 o=1 hands= 143/500 hero_chip=  -10000 sched_bb100=  -20.00 actual_bb100=-69.93006993006993 hero_err=0 opp_err=0 dur=1.48s
seed=15242 o=0 hands=  25/500 hero_chip=  -10000 sched_bb100=  -20.00 actual_bb100=-400.0 hero_err=0 opp_err=0 dur=0.37s
seed=15242 o=1 hands=  60/500 hero_chip=  -10000 sched_bb100=  -20.00 actual_bb100=-166.66666666666669 hero_err=0 opp_err=0 dur=0.63s
seed=16242 o=0 hands=  32/500 hero_chip=  -10000 sched_bb100=  -20.00 actual_bb100=-312.5 hero_err=0 opp_err=0 dur=0.46s
seed=16242 o=1 hands=  28/500 hero_chip=  -10000 sched_bb100=  -20.00 actual_bb100=-357.1428571428571 hero_err=0 opp_err=0 dur=0.42s
seed=17242 o=0 hands=  37/500 hero_chip=  -10000 sched_bb100=  -20.00 actual_bb100=-270.27027027027026 hero_err=0 opp_err=0 dur=0.49s
seed=17242 o=1 hands=  30/500 hero_chip=  -10000 sched_bb100=  -20.00 actual_bb100=-333.33333333333337 hero_err=0 opp_err=0 dur=0.44s
seed=18242 o=0 hands=  47/500 hero_chip=  -10000 sched_bb100=  -20.00 actual_bb100=-212.76595744680853 hero_err=0 opp_err=0 dur=0.68s
seed=18242 o=1 hands=  45/500 hero_chip=  -10000 sched_bb100=  -20.00 actual_bb100=-222.22222222222223 hero_err=0 opp_err=0 dur=0.53s
seed=19242 o=0 hands=  23/500 hero_chip=  -10000 sched_bb100=  -20.00 actual_bb100=-434.78260869565213 hero_err=0 opp_err=0 dur=0.42s
seed=19242 o=1 hands=  46/500 hero_chip=  -10000 sched_bb100=  -20.00 actual_bb100=-217.39130434782606 hero_err=0 opp_err=0 dur=0.65s
seed=20242 o=0 hands=  56/500 hero_chip=  -10000 sched_bb100=  -20.00 actual_bb100=-178.57142857142856 hero_err=0 opp_err=0 dur=0.65s
seed=20242 o=1 hands=  90/500 hero_chip=  -10000 sched_bb100=  -20.00 actual_bb100=-111.11111111111111 hero_err=0 opp_err=0 dur=0.83s
seed=21242 o=0 hands=  66/500 hero_chip=  -10000 sched_bb100=  -20.00 actual_bb100=-151.5151515151515 hero_err=0 opp_err=0 dur=0.75s
seed=21242 o=1 hands=  48/500 hero_chip=  -10000 sched_bb100=  -20.00 actual_bb100=-208.33333333333334 hero_err=0 opp_err=0 dur=0.51s
seed=22242 o=0 hands=  41/500 hero_chip=  -10000 sched_bb100=  -20.00 actual_bb100=-243.90243902439025 hero_err=0 opp_err=0 dur=0.49s
seed=22242 o=1 hands=  43/500 hero_chip=  -10000 sched_bb100=  -20.00 actual_bb100=-232.55813953488374 hero_err=0 opp_err=0 dur=0.54s
seed=23242 o=0 hands=  40/500 hero_chip=  -10000 sched_bb100=  -20.00 actual_bb100=-250.0 hero_err=0 opp_err=0 dur=0.47s
seed=23242 o=1 hands=  39/500 hero_chip=  -10000 sched_bb100=  -20.00 actual_bb100=-256.4102564102564 hero_err=0 opp_err=0 dur=0.50s
seed=24242 o=0 hands=  37/500 hero_chip=  -10000 sched_bb100=  -20.00 actual_bb100=-270.27027027027026 hero_err=0 opp_err=0 dur=0.53s
seed=24242 o=1 hands=  39/500 hero_chip=  -10000 sched_bb100=  -20.00 actual_bb100=-256.4102564102564 hero_err=0 opp_err=0 dur=0.51s
seed=25242 o=0 hands=  34/500 hero_chip=  -10000 sched_bb100=  -20.00 actual_bb100=-294.11764705882354 hero_err=0 opp_err=0 dur=0.45s
seed=25242 o=1 hands=  49/500 hero_chip=  -10000 sched_bb100=  -20.00 actual_bb100=-204.08163265306123 hero_err=0 opp_err=0 dur=0.64s
seed=26242 o=0 hands=  48/500 hero_chip=  -10000 sched_bb100=  -20.00 actual_bb100=-208.33333333333334 hero_err=0 opp_err=0 dur=0.62s
seed=26242 o=1 hands=  50/500 hero_chip=  -10000 sched_bb100=  -20.00 actual_bb100=-200.0 hero_err=0 opp_err=0 dur=0.61s
seed=27242 o=0 hands=  57/500 hero_chip=  -10000 sched_bb100=  -20.00 actual_bb100=-175.43859649122808 hero_err=0 opp_err=0 dur=0.71s
seed=27242 o=1 hands=  40/500 hero_chip=  -10000 sched_bb100=  -20.00 actual_bb100=-250.0 hero_err=0 opp_err=0 dur=0.55s
seed=28242 o=0 hands=  83/500 hero_chip=  -10000 sched_bb100=  -20.00 actual_bb100=-120.48192771084338 hero_err=0 opp_err=0 dur=0.88s
seed=28242 o=1 hands=  62/500 hero_chip=  -10000 sched_bb100=  -20.00 actual_bb100=-161.29032258064515 hero_err=0 opp_err=0 dur=0.71s
seed=29242 o=0 hands=  29/500 hero_chip=  -10000 sched_bb100=  -20.00 actual_bb100=-344.82758620689657 hero_err=0 opp_err=0 dur=0.46s
seed=29242 o=1 hands=  46/500 hero_chip=  -10000 sched_bb100=  -20.00 actual_bb100=-217.39130434782606 hero_err=0 opp_err=0 dur=0.59s
seed=30242 o=0 hands=  41/500 hero_chip=  -10000 sched_bb100=  -20.00 actual_bb100=-243.90243902439025 hero_err=0 opp_err=0 dur=0.51s
seed=30242 o=1 hands=  30/500 hero_chip=  -10000 sched_bb100=  -20.00 actual_bb100=-333.33333333333337 hero_err=0 opp_err=0 dur=0.48s
seed=31242 o=0 hands=  84/500 hero_chip=  -10000 sched_bb100=  -20.00 actual_bb100=-119.04761904761905 hero_err=0 opp_err=0 dur=0.89s
seed=31242 o=1 hands=  30/500 hero_chip=  -10000 sched_bb100=  -20.00 actual_bb100=-333.33333333333337 hero_err=0 opp_err=0 dur=0.52s
seed=32242 o=0 hands=  67/500 hero_chip=  -10000 sched_bb100=  -20.00 actual_bb100=-149.25373134328356 hero_err=0 opp_err=0 dur=0.73s
seed=32242 o=1 hands=  49/500 hero_chip=  -10000 sched_bb100=  -20.00 actual_bb100=-204.08163265306123 hero_err=0 opp_err=0 dur=0.60s
seed=33242 o=0 hands=  41/500 hero_chip=  -10000 sched_bb100=  -20.00 actual_bb100=-243.90243902439025 hero_err=0 opp_err=0 dur=0.52s
seed=33242 o=1 hands=  28/500 hero_chip=  -10000 sched_bb100=  -20.00 actual_bb100=-357.1428571428571 hero_err=0 opp_err=0 dur=0.41s
seed=34242 o=0 hands=  48/500 hero_chip=  -10000 sched_bb100=  -20.00 actual_bb100=-208.33333333333334 hero_err=0 opp_err=0 dur=0.60s
seed=34242 o=1 hands=  27/500 hero_chip=  -10000 sched_bb100=  -20.00 actual_bb100=-370.3703703703703 hero_err=0 opp_err=0 dur=0.41s
seed=35242 o=0 hands=  45/500 hero_chip=  -10000 sched_bb100=  -20.00 actual_bb100=-222.22222222222223 hero_err=0 opp_err=0 dur=0.58s
seed=35242 o=1 hands=  76/500 hero_chip=  -10000 sched_bb100=  -20.00 actual_bb100=-131.57894736842104 hero_err=0 opp_err=0 dur=0.80s
seed=36242 o=0 hands=  45/500 hero_chip=  -10000 sched_bb100=  -20.00 actual_bb100=-222.22222222222223 hero_err=0 opp_err=0 dur=0.56s
seed=36242 o=1 hands=  52/500 hero_chip=  -10000 sched_bb100=  -20.00 actual_bb100=-192.3076923076923 hero_err=0 opp_err=0 dur=0.56s
seed=37242 o=0 hands=  33/500 hero_chip=  -10000 sched_bb100=  -20.00 actual_bb100=-303.030303030303 hero_err=0 opp_err=0 dur=0.47s
seed=37242 o=1 hands=  60/500 hero_chip=  -10000 sched_bb100=  -20.00 actual_bb100=-166.66666666666669 hero_err=0 opp_err=0 dur=0.76s
seed=38242 o=0 hands=  33/500 hero_chip=  -10000 sched_bb100=  -20.00 actual_bb100=-303.030303030303 hero_err=0 opp_err=0 dur=0.45s
seed=38242 o=1 hands=  39/500 hero_chip=  -10000 sched_bb100=  -20.00 actual_bb100=-256.4102564102564 hero_err=0 opp_err=0 dur=0.48s
seed=39242 o=0 hands=  37/500 hero_chip=  -10000 sched_bb100=  -20.00 actual_bb100=-270.27027027027026 hero_err=0 opp_err=0 dur=0.52s
seed=39242 o=1 hands=  34/500 hero_chip=  -10000 sched_bb100=  -20.00 actual_bb100=-294.11764705882354 hero_err=0 opp_err=0 dur=0.49s
seed=40242 o=0 hands=  51/500 hero_chip=  -10000 sched_bb100=  -20.00 actual_bb100=-196.078431372549 hero_err=0 opp_err=0 dur=0.67s
seed=40242 o=1 hands=  58/500 hero_chip=  -10000 sched_bb100=  -20.00 actual_bb100=-172.41379310344828 hero_err=0 opp_err=0 dur=0.68s
seed=41242 o=0 hands=  30/500 hero_chip=  -10000 sched_bb100=  -20.00 actual_bb100=-333.33333333333337 hero_err=0 opp_err=0 dur=0.47s
seed=41242 o=1 hands=  31/500 hero_chip=  -10000 sched_bb100=  -20.00 actual_bb100=-322.5806451612903 hero_err=0 opp_err=0 dur=0.53s
seed=42242 o=0 hands=  29/500 hero_chip=  -10000 sched_bb100=  -20.00 actual_bb100=-344.82758620689657 hero_err=0 opp_err=0 dur=0.42s
seed=42242 o=1 hands=  31/500 hero_chip=  -10000 sched_bb100=  -20.00 actual_bb100=-322.5806451612903 hero_err=0 opp_err=0 dur=0.51s
seed=43242 o=0 hands=  34/500 hero_chip=  -10000 sched_bb100=  -20.00 actual_bb100=-294.11764705882354 hero_err=0 opp_err=0 dur=0.49s
seed=43242 o=1 hands=  42/500 hero_chip=  -10000 sched_bb100=  -20.00 actual_bb100=-238.0952380952381 hero_err=0 opp_err=0 dur=0.51s
seed=44242 o=0 hands=  40/500 hero_chip=  -10000 sched_bb100=  -20.00 actual_bb100=-250.0 hero_err=0 opp_err=0 dur=0.51s
seed=44242 o=1 hands=  30/500 hero_chip=  -10000 sched_bb100=  -20.00 actual_bb100=-333.33333333333337 hero_err=0 opp_err=0 dur=0.45s
seed=45242 o=0 hands=  67/500 hero_chip=  -10000 sched_bb100=  -20.00 actual_bb100=-149.25373134328356 hero_err=0 opp_err=0 dur=0.72s
seed=45242 o=1 hands=  39/500 hero_chip=  -10000 sched_bb100=  -20.00 actual_bb100=-256.4102564102564 hero_err=0 opp_err=0 dur=0.48s
seed=46242 o=0 hands=  55/500 hero_chip=  -10000 sched_bb100=  -20.00 actual_bb100=-181.8181818181818 hero_err=0 opp_err=0 dur=0.58s
seed=46242 o=1 hands=  50/500 hero_chip=  -10000 sched_bb100=  -20.00 actual_bb100=-200.0 hero_err=0 opp_err=0 dur=0.65s
seed=47242 o=0 hands=  43/500 hero_chip=  -10000 sched_bb100=  -20.00 actual_bb100=-232.55813953488374 hero_err=0 opp_err=0 dur=0.50s
seed=47242 o=1 hands=  28/500 hero_chip=  -10000 sched_bb100=  -20.00 actual_bb100=-357.1428571428571 hero_err=0 opp_err=0 dur=0.47s
seed=48242 o=0 hands=  31/500 hero_chip=  -10000 sched_bb100=  -20.00 actual_bb100=-322.5806451612903 hero_err=0 opp_err=0 dur=0.43s
seed=48242 o=1 hands=  35/500 hero_chip=  -10000 sched_bb100=  -20.00 actual_bb100=-285.7142857142857 hero_err=0 opp_err=0 dur=0.51s
seed=49242 o=0 hands=  39/500 hero_chip=  -10000 sched_bb100=  -20.00 actual_bb100=-256.4102564102564 hero_err=0 opp_err=0 dur=0.54s
seed=49242 o=1 hands=  32/500 hero_chip=  -10000 sched_bb100=  -20.00 actual_bb100=-312.5 hero_err=0 opp_err=0 dur=0.42s
seed=50242 o=0 hands=  56/500 hero_chip=  -10000 sched_bb100=  -20.00 actual_bb100=-178.57142857142856 hero_err=0 opp_err=0 dur=0.65s
seed=50242 o=1 hands=  42/500 hero_chip=  -10000 sched_bb100=  -20.00 actual_bb100=-238.0952380952381 hero_err=0 opp_err=0 dur=0.52s
seed=51242 o=0 hands=  88/500 hero_chip=  -10000 sched_bb100=  -20.00 actual_bb100=-113.63636363636364 hero_err=0 opp_err=0 dur=0.97s
seed=51242 o=1 hands=  62/500 hero_chip=  -10000 sched_bb100=  -20.00 actual_bb100=-161.29032258064515 hero_err=0 opp_err=0 dur=0.64s
seed=52242 o=0 hands=  39/500 hero_chip=  -10000 sched_bb100=  -20.00 actual_bb100=-256.4102564102564 hero_err=0 opp_err=0 dur=0.55s
seed=52242 o=1 hands=  33/500 hero_chip=  -10000 sched_bb100=  -20.00 actual_bb100=-303.030303030303 hero_err=0 opp_err=0 dur=0.48s
seed=53242 o=0 hands=  48/500 hero_chip=  -10000 sched_bb100=  -20.00 actual_bb100=-208.33333333333334 hero_err=0 opp_err=0 dur=0.57s
seed=53242 o=1 hands=  92/500 hero_chip=  -10000 sched_bb100=  -20.00 actual_bb100=-108.69565217391303 hero_err=0 opp_err=0 dur=0.96s
seed=54242 o=0 hands=  78/500 hero_chip=  -10000 sched_bb100=  -20.00 actual_bb100=-128.2051282051282 hero_err=0 opp_err=0 dur=0.82s
seed=54242 o=1 hands=  44/500 hero_chip=  -10000 sched_bb100=  -20.00 actual_bb100=-227.27272727272728 hero_err=0 opp_err=0 dur=0.52s
seed=55242 o=0 hands=  38/500 hero_chip=  -10000 sched_bb100=  -20.00 actual_bb100=-263.1578947368421 hero_err=0 opp_err=0 dur=0.49s
seed=55242 o=1 hands=  40/500 hero_chip=  -10000 sched_bb100=  -20.00 actual_bb100=-250.0 hero_err=0 opp_err=0 dur=0.54s
seed=56242 o=0 hands=  16/500 hero_chip=  -10000 sched_bb100=  -20.00 actual_bb100=-625.0 hero_err=0 opp_err=0 dur=0.35s
seed=56242 o=1 hands=  40/500 hero_chip=  -10000 sched_bb100=  -20.00 actual_bb100=-250.0 hero_err=0 opp_err=0 dur=0.53s
seed=57242 o=0 hands=  35/500 hero_chip=  -10000 sched_bb100=  -20.00 actual_bb100=-285.7142857142857 hero_err=0 opp_err=0 dur=0.49s
seed=57242 o=1 hands=  40/500 hero_chip=  -10000 sched_bb100=  -20.00 actual_bb100=-250.0 hero_err=0 opp_err=0 dur=0.45s
seed=58242 o=0 hands=  43/500 hero_chip=  -10000 sched_bb100=  -20.00 actual_bb100=-232.55813953488374 hero_err=0 opp_err=0 dur=0.51s
seed=58242 o=1 hands=  39/500 hero_chip=  -10000 sched_bb100=  -20.00 actual_bb100=-256.4102564102564 hero_err=0 opp_err=0 dur=0.55s
seed=59242 o=0 hands=  33/500 hero_chip=  -10000 sched_bb100=  -20.00 actual_bb100=-303.030303030303 hero_err=0 opp_err=0 dur=0.43s
seed=59242 o=1 hands=  23/500 hero_chip=  -10000 sched_bb100=  -20.00 actual_bb100=-434.78260869565213 hero_err=0 opp_err=0 dur=0.44s
seed=60242 o=0 hands=  45/500 hero_chip=  -10000 sched_bb100=  -20.00 actual_bb100=-222.22222222222223 hero_err=0 opp_err=0 dur=0.53s
seed=60242 o=1 hands=  84/500 hero_chip=  -10000 sched_bb100=  -20.00 actual_bb100=-119.04761904761905 hero_err=0 opp_err=0 dur=0.93s
seed=61242 o=0 hands=  39/500 hero_chip=  -10000 sched_bb100=  -20.00 actual_bb100=-256.4102564102564 hero_err=0 opp_err=0 dur=0.54s
seed=61242 o=1 hands=  38/500 hero_chip=  -10000 sched_bb100=  -20.00 actual_bb100=-263.1578947368421 hero_err=0 opp_err=0 dur=0.49s
seed=62242 o=0 hands=  41/500 hero_chip=  -10000 sched_bb100=  -20.00 actual_bb100=-243.90243902439025 hero_err=0 opp_err=0 dur=0.52s
seed=62242 o=1 hands=  24/500 hero_chip=  -10000 sched_bb100=  -20.00 actual_bb100=-416.6666666666667 hero_err=0 opp_err=0 dur=0.44s
seed=63242 o=0 hands=  28/500 hero_chip=  -10000 sched_bb100=  -20.00 actual_bb100=-357.1428571428571 hero_err=0 opp_err=0 dur=0.43s
seed=63242 o=1 hands=  41/500 hero_chip=  -10000 sched_bb100=  -20.00 actual_bb100=-243.90243902439025 hero_err=0 opp_err=0 dur=0.57s
seed=64242 o=0 hands=  40/500 hero_chip=  -10000 sched_bb100=  -20.00 actual_bb100=-250.0 hero_err=0 opp_err=0 dur=0.47s
seed=64242 o=1 hands=  52/500 hero_chip=  -10000 sched_bb100=  -20.00 actual_bb100=-192.3076923076923 hero_err=0 opp_err=0 dur=0.58s
seed=65242 o=0 hands=  30/500 hero_chip=  -10000 sched_bb100=  -20.00 actual_bb100=-333.33333333333337 hero_err=0 opp_err=0 dur=0.43s
seed=65242 o=1 hands=  51/500 hero_chip=  -10000 sched_bb100=  -20.00 actual_bb100=-196.078431372549 hero_err=0 opp_err=0 dur=0.67s
seed=66242 o=0 hands=  67/500 hero_chip=  -10000 sched_bb100=  -20.00 actual_bb100=-149.25373134328356 hero_err=0 opp_err=0 dur=0.76s
seed=66242 o=1 hands=  40/500 hero_chip=  -10000 sched_bb100=  -20.00 actual_bb100=-250.0 hero_err=0 opp_err=0 dur=0.51s
seed=67242 o=0 hands=  73/500 hero_chip=  -10000 sched_bb100=  -20.00 actual_bb100=-136.986301369863 hero_err=0 opp_err=0 dur=0.83s
seed=67242 o=1 hands=  42/500 hero_chip=  -10000 sched_bb100=  -20.00 actual_bb100=-238.0952380952381 hero_err=0 opp_err=0 dur=0.54s
seed=68242 o=0 hands=  27/500 hero_chip=  -10000 sched_bb100=  -20.00 actual_bb100=-370.3703703703703 hero_err=0 opp_err=0 dur=0.43s
seed=68242 o=1 hands=  59/500 hero_chip=  -10000 sched_bb100=  -20.00 actual_bb100=-169.49152542372883 hero_err=0 opp_err=0 dur=0.61s
seed=69242 o=0 hands=  40/500 hero_chip=  -10000 sched_bb100=  -20.00 actual_bb100=-250.0 hero_err=0 opp_err=0 dur=0.45s
seed=69242 o=1 hands=  36/500 hero_chip=  -10000 sched_bb100=  -20.00 actual_bb100=-277.77777777777777 hero_err=0 opp_err=0 dur=0.49s
seed=70242 o=0 hands=  39/500 hero_chip=  -10000 sched_bb100=  -20.00 actual_bb100=-256.4102564102564 hero_err=0 opp_err=0 dur=0.49s
seed=70242 o=1 hands=  35/500 hero_chip=  -10000 sched_bb100=  -20.00 actual_bb100=-285.7142857142857 hero_err=0 opp_err=0 dur=0.48s
seed=71242 o=0 hands=  76/500 hero_chip=  -10000 sched_bb100=  -20.00 actual_bb100=-131.57894736842104 hero_err=0 opp_err=0 dur=0.85s
seed=71242 o=1 hands=  40/500 hero_chip=  -10000 sched_bb100=  -20.00 actual_bb100=-250.0 hero_err=0 opp_err=0 dur=0.58s
seed=72242 o=0 hands=  29/500 hero_chip=  -10000 sched_bb100=  -20.00 actual_bb100=-344.82758620689657 hero_err=0 opp_err=0 dur=0.39s
seed=72242 o=1 hands=  52/500 hero_chip=  -10000 sched_bb100=  -20.00 actual_bb100=-192.3076923076923 hero_err=0 opp_err=0 dur=0.64s
seed=73242 o=0 hands=  61/500 hero_chip=  -10000 sched_bb100=  -20.00 actual_bb100=-163.9344262295082 hero_err=0 opp_err=0 dur=0.74s
seed=73242 o=1 hands=  27/500 hero_chip=  -10000 sched_bb100=  -20.00 actual_bb100=-370.3703703703703 hero_err=0 opp_err=0 dur=0.45s
seed=74242 o=0 hands=  40/500 hero_chip=  -10000 sched_bb100=  -20.00 actual_bb100=-250.0 hero_err=0 opp_err=0 dur=0.58s
seed=74242 o=1 hands=  48/500 hero_chip=  -10000 sched_bb100=  -20.00 actual_bb100=-208.33333333333334 hero_err=0 opp_err=0 dur=0.55s
seed=75242 o=0 hands=  33/500 hero_chip=  -10000 sched_bb100=  -20.00 actual_bb100=-303.030303030303 hero_err=0 opp_err=0 dur=0.48s
seed=75242 o=1 hands=  25/500 hero_chip=  -10000 sched_bb100=  -20.00 actual_bb100=-400.0 hero_err=0 opp_err=0 dur=0.39s
seed=76242 o=0 hands=  43/500 hero_chip=  -10000 sched_bb100=  -20.00 actual_bb100=-232.55813953488374 hero_err=0 opp_err=0 dur=0.58s
seed=76242 o=1 hands=  36/500 hero_chip=  -10000 sched_bb100=  -20.00 actual_bb100=-277.77777777777777 hero_err=0 opp_err=0 dur=0.49s
seed=77242 o=0 hands=  40/500 hero_chip=  -10000 sched_bb100=  -20.00 actual_bb100=-250.0 hero_err=0 opp_err=0 dur=0.65s
seed=77242 o=1 hands=  59/500 hero_chip=  -10000 sched_bb100=  -20.00 actual_bb100=-169.49152542372883 hero_err=0 opp_err=0 dur=0.71s
seed=78242 o=0 hands=  31/500 hero_chip=  -10000 sched_bb100=  -20.00 actual_bb100=-322.5806451612903 hero_err=0 opp_err=0 dur=0.42s
seed=78242 o=1 hands=  34/500 hero_chip=  -10000 sched_bb100=  -20.00 actual_bb100=-294.11764705882354 hero_err=0 opp_err=0 dur=0.51s
seed=79242 o=0 hands=  29/500 hero_chip=  -10000 sched_bb100=  -20.00 actual_bb100=-344.82758620689657 hero_err=0 opp_err=0 dur=0.42s
seed=79242 o=1 hands=  53/500 hero_chip=  -10000 sched_bb100=  -20.00 actual_bb100=-188.67924528301887 hero_err=0 opp_err=0 dur=0.64s

SUMMARY {"actual_to_scheduled_ratio": 0.089775, "attempted_hands": 80000, "base": 242, "ci_half_width": 0.0, "ci_high": -20.0, "ci_low": -20.0, "early_bust_matches": 160, "early_bust_rate": 1.0, "hands_played": 7182, "hero_chip_delta": -1600000, "hero_errors": 0, "hero_p99_latency_s": 0.005531667033210397, "log_path": "/Users/farhad/Code/PokerBot/consult/artifacts/2026-05-29-away/public-drift-completeness/command_logs/h2h_TobyCoad__fullhouse_engine__main__stack_pressure__escalate_b242.log", "match_count": 160, "mean_bb100_actual": -222.77917014759123, "mean_bb100_scheduled": -20.0, "opponent_errors": 0, "opponent_p99_latency_s": 0.010325124952942133, "phase": "escalate_b242", "stdout_noise": {}, "stdout_noise_examples": {}, "target_scheduled_hands": 80000, "timeboxed": false}
