H2H escalate_b242 2026-05-29T16:06:26Z
repo=TobyCoad/fullhouse-engine branch=main bot=bots/loose_aggressive/bot.py
hero=/Users/farhad/Code/PokerBot/submissions/v_final.zip sha256=e4b4a8f11f801ecef2eca53629241e83cc9bace8ec74004f19368375f22d9598
opponent_zip=/Users/farhad/Code/PokerBot/consult/artifacts/2026-05-29-away/public-drift-completeness/opponent_zips/TobyCoad__fullhouse_engine__main__loose_aggressive.zip sha256=7502b8c67b507e0ee5d1e34235626bbba7a0c07e6154da9698a5c58232d163fd
target_scheduled_hands=80000 base=242 match_len=500 seed_stride=1000
seed=242 o=0 hands= 186/500 hero_chip=  -10000 sched_bb100=  -20.00 actual_bb100=-53.76344086021505 hero_err=0 opp_err=0 dur=1.11s
seed=242 o=1 hands=  82/500 hero_chip=  -10000 sched_bb100=  -20.00 actual_bb100=-121.95121951219512 hero_err=0 opp_err=0 dur=0.60s
seed=1242 o=0 hands=  25/500 hero_chip=  -10000 sched_bb100=  -20.00 actual_bb100=-400.0 hero_err=0 opp_err=0 dur=0.34s
seed=1242 o=1 hands=  61/500 hero_chip=  -10000 sched_bb100=  -20.00 actual_bb100=-163.9344262295082 hero_err=0 opp_err=0 dur=0.45s
seed=2242 o=0 hands=  58/500 hero_chip=  -10000 sched_bb100=  -20.00 actual_bb100=-172.41379310344828 hero_err=0 opp_err=0 dur=0.49s
seed=2242 o=1 hands= 189/500 hero_chip=  -10000 sched_bb100=  -20.00 actual_bb100=-52.91005291005291 hero_err=0 opp_err=0 dur=0.97s
seed=3242 o=0 hands=  55/500 hero_chip=  -10000 sched_bb100=  -20.00 actual_bb100=-181.8181818181818 hero_err=0 opp_err=0 dur=0.50s
seed=3242 o=1 hands=  70/500 hero_chip=  -10000 sched_bb100=  -20.00 actual_bb100=-142.85714285714286 hero_err=0 opp_err=0 dur=0.53s
seed=4242 o=0 hands=  99/500 hero_chip=  -10000 sched_bb100=  -20.00 actual_bb100=-101.01010101010101 hero_err=0 opp_err=0 dur=0.65s
seed=4242 o=1 hands=  81/500 hero_chip=  -10000 sched_bb100=  -20.00 actual_bb100=-123.45679012345678 hero_err=0 opp_err=0 dur=0.61s
seed=5242 o=0 hands= 168/500 hero_chip=  -10000 sched_bb100=  -20.00 actual_bb100=-59.523809523809526 hero_err=0 opp_err=0 dur=0.92s
seed=5242 o=1 hands=  87/500 hero_chip=  -10000 sched_bb100=  -20.00 actual_bb100=-114.94252873563218 hero_err=0 opp_err=0 dur=0.62s
seed=6242 o=0 hands= 103/500 hero_chip=  -10000 sched_bb100=  -20.00 actual_bb100=-97.08737864077669 hero_err=0 opp_err=0 dur=0.66s
seed=6242 o=1 hands=  37/500 hero_chip=  -10000 sched_bb100=  -20.00 actual_bb100=-270.27027027027026 hero_err=0 opp_err=0 dur=0.41s
seed=7242 o=0 hands= 110/500 hero_chip=  -10000 sched_bb100=  -20.00 actual_bb100=-90.9090909090909 hero_err=0 opp_err=0 dur=0.66s
seed=7242 o=1 hands= 108/500 hero_chip=  -10000 sched_bb100=  -20.00 actual_bb100=-92.59259259259258 hero_err=0 opp_err=0 dur=0.66s
seed=8242 o=0 hands=  84/500 hero_chip=  -10000 sched_bb100=  -20.00 actual_bb100=-119.04761904761905 hero_err=0 opp_err=0 dur=0.60s
seed=8242 o=1 hands= 103/500 hero_chip=  -10000 sched_bb100=  -20.00 actual_bb100=-97.08737864077669 hero_err=0 opp_err=0 dur=0.66s
seed=9242 o=0 hands= 245/500 hero_chip=  -10000 sched_bb100=  -20.00 actual_bb100=-40.816326530612244 hero_err=0 opp_err=0 dur=1.33s
seed=9242 o=1 hands= 144/500 hero_chip=  -10000 sched_bb100=  -20.00 actual_bb100=-69.44444444444444 hero_err=0 opp_err=0 dur=0.90s
seed=10242 o=0 hands= 102/500 hero_chip=  -10000 sched_bb100=  -20.00 actual_bb100=-98.0392156862745 hero_err=0 opp_err=0 dur=0.70s
seed=10242 o=1 hands= 115/500 hero_chip=  -10000 sched_bb100=  -20.00 actual_bb100=-86.95652173913044 hero_err=0 opp_err=0 dur=0.72s
seed=11242 o=0 hands= 135/500 hero_chip=  -10000 sched_bb100=  -20.00 actual_bb100=-74.07407407407408 hero_err=0 opp_err=0 dur=0.81s
seed=11242 o=1 hands=  52/500 hero_chip=  -10000 sched_bb100=  -20.00 actual_bb100=-192.3076923076923 hero_err=0 opp_err=0 dur=0.45s
seed=12242 o=0 hands=  56/500 hero_chip=  -10000 sched_bb100=  -20.00 actual_bb100=-178.57142857142856 hero_err=0 opp_err=0 dur=0.40s
seed=12242 o=1 hands= 113/500 hero_chip=  -10000 sched_bb100=  -20.00 actual_bb100=-88.49557522123895 hero_err=0 opp_err=0 dur=0.79s
seed=13242 o=0 hands= 130/500 hero_chip=  -10000 sched_bb100=  -20.00 actual_bb100=-76.92307692307692 hero_err=0 opp_err=0 dur=0.90s
seed=13242 o=1 hands=  90/500 hero_chip=  -10000 sched_bb100=  -20.00 actual_bb100=-111.11111111111111 hero_err=0 opp_err=0 dur=0.69s
seed=14242 o=0 hands= 113/500 hero_chip=  -10000 sched_bb100=  -20.00 actual_bb100=-88.49557522123895 hero_err=0 opp_err=0 dur=0.70s
seed=14242 o=1 hands=  71/500 hero_chip=  -10000 sched_bb100=  -20.00 actual_bb100=-140.84507042253523 hero_err=0 opp_err=0 dur=0.58s
seed=15242 o=0 hands= 131/500 hero_chip=  -10000 sched_bb100=  -20.00 actual_bb100=-76.33587786259541 hero_err=0 opp_err=0 dur=0.91s
seed=15242 o=1 hands=  73/500 hero_chip=  -10000 sched_bb100=  -20.00 actual_bb100=-136.986301369863 hero_err=0 opp_err=0 dur=0.55s
seed=16242 o=0 hands=  70/500 hero_chip=  -10000 sched_bb100=  -20.00 actual_bb100=-142.85714285714286 hero_err=0 opp_err=0 dur=0.58s
seed=16242 o=1 hands= 171/500 hero_chip=  -10000 sched_bb100=  -20.00 actual_bb100=-58.47953216374269 hero_err=0 opp_err=0 dur=0.97s
seed=17242 o=0 hands=  41/500 hero_chip=  -10000 sched_bb100=  -20.00 actual_bb100=-243.90243902439025 hero_err=0 opp_err=0 dur=0.43s
seed=17242 o=1 hands=   9/500 hero_chip=  +10000 sched_bb100=  +20.00 actual_bb100=1111.111111111111 hero_err=0 opp_err=0 dur=0.16s
seed=18242 o=0 hands= 142/500 hero_chip=  -10000 sched_bb100=  -20.00 actual_bb100=-70.42253521126761 hero_err=0 opp_err=0 dur=0.81s
seed=18242 o=1 hands=  92/500 hero_chip=  -10000 sched_bb100=  -20.00 actual_bb100=-108.69565217391303 hero_err=0 opp_err=0 dur=0.59s
seed=19242 o=0 hands=  65/500 hero_chip=  -10000 sched_bb100=  -20.00 actual_bb100=-153.84615384615384 hero_err=0 opp_err=0 dur=0.50s
seed=19242 o=1 hands=  91/500 hero_chip=  -10000 sched_bb100=  -20.00 actual_bb100=-109.89010989010988 hero_err=0 opp_err=0 dur=0.58s
seed=20242 o=0 hands=   3/500 hero_chip=  -10000 sched_bb100=  -20.00 actual_bb100=-3333.3333333333335 hero_err=0 opp_err=0 dur=0.13s
seed=20242 o=1 hands=  63/500 hero_chip=  -10000 sched_bb100=  -20.00 actual_bb100=-158.73015873015873 hero_err=0 opp_err=0 dur=0.47s
seed=21242 o=0 hands=  64/500 hero_chip=  -10000 sched_bb100=  -20.00 actual_bb100=-156.25 hero_err=0 opp_err=0 dur=0.47s
seed=21242 o=1 hands= 139/500 hero_chip=  -10000 sched_bb100=  -20.00 actual_bb100=-71.94244604316548 hero_err=0 opp_err=0 dur=0.79s
seed=22242 o=0 hands=  56/500 hero_chip=  -10000 sched_bb100=  -20.00 actual_bb100=-178.57142857142856 hero_err=0 opp_err=0 dur=0.44s
seed=22242 o=1 hands=  49/500 hero_chip=  +10000 sched_bb100=  +20.00 actual_bb100=204.08163265306123 hero_err=0 opp_err=0 dur=0.43s
seed=23242 o=0 hands=  99/500 hero_chip=  -10000 sched_bb100=  -20.00 actual_bb100=-101.01010101010101 hero_err=0 opp_err=0 dur=0.62s
seed=23242 o=1 hands= 180/500 hero_chip=  -10000 sched_bb100=  -20.00 actual_bb100=-55.55555555555556 hero_err=0 opp_err=0 dur=1.00s
seed=24242 o=0 hands=  52/500 hero_chip=  -10000 sched_bb100=  -20.00 actual_bb100=-192.3076923076923 hero_err=0 opp_err=0 dur=0.48s
seed=24242 o=1 hands=  57/500 hero_chip=  -10000 sched_bb100=  -20.00 actual_bb100=-175.43859649122808 hero_err=0 opp_err=0 dur=0.53s
seed=25242 o=0 hands=  57/500 hero_chip=  -10000 sched_bb100=  -20.00 actual_bb100=-175.43859649122808 hero_err=0 opp_err=0 dur=0.49s
seed=25242 o=1 hands= 158/500 hero_chip=  -10000 sched_bb100=  -20.00 actual_bb100=-63.291139240506325 hero_err=0 opp_err=0 dur=0.90s
seed=26242 o=0 hands= 214/500 hero_chip=  -10000 sched_bb100=  -20.00 actual_bb100=-46.72897196261682 hero_err=0 opp_err=0 dur=1.19s
seed=26242 o=1 hands=  92/500 hero_chip=  -10000 sched_bb100=  -20.00 actual_bb100=-108.69565217391303 hero_err=0 opp_err=0 dur=0.63s
seed=27242 o=0 hands=  76/500 hero_chip=  -10000 sched_bb100=  -20.00 actual_bb100=-131.57894736842104 hero_err=0 opp_err=0 dur=0.51s
seed=27242 o=1 hands= 101/500 hero_chip=  -10000 sched_bb100=  -20.00 actual_bb100=-99.00990099009901 hero_err=0 opp_err=0 dur=0.70s
seed=28242 o=0 hands= 108/500 hero_chip=  -10000 sched_bb100=  -20.00 actual_bb100=-92.59259259259258 hero_err=0 opp_err=0 dur=0.71s
seed=28242 o=1 hands=  77/500 hero_chip=  -10000 sched_bb100=  -20.00 actual_bb100=-129.87012987012986 hero_err=0 opp_err=0 dur=0.54s
seed=29242 o=0 hands=  64/500 hero_chip=  -10000 sched_bb100=  -20.00 actual_bb100=-156.25 hero_err=0 opp_err=0 dur=0.46s
seed=29242 o=1 hands=  57/500 hero_chip=  -10000 sched_bb100=  -20.00 actual_bb100=-175.43859649122808 hero_err=0 opp_err=0 dur=0.45s
seed=30242 o=0 hands=  26/500 hero_chip=  -10000 sched_bb100=  -20.00 actual_bb100=-384.6153846153846 hero_err=0 opp_err=0 dur=0.35s
seed=30242 o=1 hands= 123/500 hero_chip=  -10000 sched_bb100=  -20.00 actual_bb100=-81.30081300813008 hero_err=0 opp_err=0 dur=0.74s
seed=31242 o=0 hands=  51/500 hero_chip=  -10000 sched_bb100=  -20.00 actual_bb100=-196.078431372549 hero_err=0 opp_err=0 dur=0.49s
seed=31242 o=1 hands=  89/500 hero_chip=  -10000 sched_bb100=  -20.00 actual_bb100=-112.35955056179775 hero_err=0 opp_err=0 dur=0.57s
seed=32242 o=0 hands=  92/500 hero_chip=  -10000 sched_bb100=  -20.00 actual_bb100=-108.69565217391303 hero_err=0 opp_err=0 dur=0.55s
seed=32242 o=1 hands= 183/500 hero_chip=  -10000 sched_bb100=  -20.00 actual_bb100=-54.6448087431694 hero_err=0 opp_err=0 dur=1.03s
seed=33242 o=0 hands=  68/500 hero_chip=  +10000 sched_bb100=  +20.00 actual_bb100=147.05882352941177 hero_err=0 opp_err=0 dur=0.49s
seed=33242 o=1 hands=  73/500 hero_chip=  -10000 sched_bb100=  -20.00 actual_bb100=-136.986301369863 hero_err=0 opp_err=0 dur=0.54s
seed=34242 o=0 hands=  72/500 hero_chip=  -10000 sched_bb100=  -20.00 actual_bb100=-138.88888888888889 hero_err=0 opp_err=0 dur=0.54s
seed=34242 o=1 hands=  63/500 hero_chip=  -10000 sched_bb100=  -20.00 actual_bb100=-158.73015873015873 hero_err=0 opp_err=0 dur=0.45s
seed=35242 o=0 hands=  62/500 hero_chip=  -10000 sched_bb100=  -20.00 actual_bb100=-161.29032258064515 hero_err=0 opp_err=0 dur=0.49s
seed=35242 o=1 hands=  51/500 hero_chip=  -10000 sched_bb100=  -20.00 actual_bb100=-196.078431372549 hero_err=0 opp_err=0 dur=0.42s
seed=36242 o=0 hands= 151/500 hero_chip=  -10000 sched_bb100=  -20.00 actual_bb100=-66.2251655629139 hero_err=0 opp_err=0 dur=0.85s
seed=36242 o=1 hands= 103/500 hero_chip=  -10000 sched_bb100=  -20.00 actual_bb100=-97.08737864077669 hero_err=0 opp_err=0 dur=0.65s
seed=37242 o=0 hands= 380/500 hero_chip=  -10000 sched_bb100=  -20.00 actual_bb100=-26.315789473684212 hero_err=0 opp_err=0 dur=1.81s
seed=37242 o=1 hands= 107/500 hero_chip=  -10000 sched_bb100=  -20.00 actual_bb100=-93.45794392523364 hero_err=0 opp_err=0 dur=0.71s
seed=38242 o=0 hands=  94/500 hero_chip=  -10000 sched_bb100=  -20.00 actual_bb100=-106.38297872340426 hero_err=0 opp_err=0 dur=0.64s
seed=38242 o=1 hands= 209/500 hero_chip=  -10000 sched_bb100=  -20.00 actual_bb100=-47.84688995215311 hero_err=0 opp_err=0 dur=1.11s
seed=39242 o=0 hands= 181/500 hero_chip=  -10000 sched_bb100=  -20.00 actual_bb100=-55.248618784530386 hero_err=0 opp_err=0 dur=1.04s
seed=39242 o=1 hands=  65/500 hero_chip=  -10000 sched_bb100=  -20.00 actual_bb100=-153.84615384615384 hero_err=0 opp_err=0 dur=0.51s
seed=40242 o=0 hands=  46/500 hero_chip=  +10000 sched_bb100=  +20.00 actual_bb100=217.39130434782606 hero_err=0 opp_err=0 dur=0.44s
seed=40242 o=1 hands=  71/500 hero_chip=  -10000 sched_bb100=  -20.00 actual_bb100=-140.84507042253523 hero_err=0 opp_err=0 dur=0.55s
seed=41242 o=0 hands= 134/500 hero_chip=  -10000 sched_bb100=  -20.00 actual_bb100=-74.62686567164178 hero_err=0 opp_err=0 dur=0.91s
seed=41242 o=1 hands=  91/500 hero_chip=  -10000 sched_bb100=  -20.00 actual_bb100=-109.89010989010988 hero_err=0 opp_err=0 dur=0.65s
seed=42242 o=0 hands=  43/500 hero_chip=  -10000 sched_bb100=  -20.00 actual_bb100=-232.55813953488374 hero_err=0 opp_err=0 dur=0.40s
seed=42242 o=1 hands= 388/500 hero_chip=  -10000 sched_bb100=  -20.00 actual_bb100=-25.77319587628866 hero_err=0 opp_err=0 dur=1.85s
seed=43242 o=0 hands= 205/500 hero_chip=  -10000 sched_bb100=  -20.00 actual_bb100=-48.78048780487805 hero_err=0 opp_err=0 dur=1.11s
seed=43242 o=1 hands=  57/500 hero_chip=  -10000 sched_bb100=  -20.00 actual_bb100=-175.43859649122808 hero_err=0 opp_err=0 dur=0.44s
seed=44242 o=0 hands=  90/500 hero_chip=  -10000 sched_bb100=  -20.00 actual_bb100=-111.11111111111111 hero_err=0 opp_err=0 dur=0.58s
seed=44242 o=1 hands=  43/500 hero_chip=  -10000 sched_bb100=  -20.00 actual_bb100=-232.55813953488374 hero_err=0 opp_err=0 dur=0.41s
seed=45242 o=0 hands=  92/500 hero_chip=  -10000 sched_bb100=  -20.00 actual_bb100=-108.69565217391303 hero_err=0 opp_err=0 dur=0.61s
seed=45242 o=1 hands=  81/500 hero_chip=  +10000 sched_bb100=  +20.00 actual_bb100=123.45679012345678 hero_err=0 opp_err=0 dur=0.59s
seed=46242 o=0 hands= 138/500 hero_chip=  -10000 sched_bb100=  -20.00 actual_bb100=-72.46376811594203 hero_err=0 opp_err=0 dur=0.84s
seed=46242 o=1 hands=  45/500 hero_chip=  -10000 sched_bb100=  -20.00 actual_bb100=-222.22222222222223 hero_err=0 opp_err=0 dur=0.48s
seed=47242 o=0 hands= 229/500 hero_chip=  -10000 sched_bb100=  -20.00 actual_bb100=-43.66812227074236 hero_err=0 opp_err=0 dur=1.36s
seed=47242 o=1 hands=  39/500 hero_chip=  -10000 sched_bb100=  -20.00 actual_bb100=-256.4102564102564 hero_err=0 opp_err=0 dur=0.41s
seed=48242 o=0 hands=  51/500 hero_chip=  -10000 sched_bb100=  -20.00 actual_bb100=-196.078431372549 hero_err=0 opp_err=0 dur=0.45s
seed=48242 o=1 hands=  31/500 hero_chip=  +10000 sched_bb100=  +20.00 actual_bb100=322.5806451612903 hero_err=0 opp_err=0 dur=0.37s
seed=49242 o=0 hands=   8/500 hero_chip=  -10000 sched_bb100=  -20.00 actual_bb100=-1250.0 hero_err=0 opp_err=0 dur=0.20s
seed=49242 o=1 hands=  65/500 hero_chip=  -10000 sched_bb100=  -20.00 actual_bb100=-153.84615384615384 hero_err=0 opp_err=0 dur=0.53s
seed=50242 o=0 hands=  74/500 hero_chip=  -10000 sched_bb100=  -20.00 actual_bb100=-135.13513513513513 hero_err=0 opp_err=0 dur=0.59s
seed=50242 o=1 hands=  83/500 hero_chip=  -10000 sched_bb100=  -20.00 actual_bb100=-120.48192771084338 hero_err=0 opp_err=0 dur=0.55s
seed=51242 o=0 hands=  31/500 hero_chip=  +10000 sched_bb100=  +20.00 actual_bb100=322.5806451612903 hero_err=0 opp_err=0 dur=0.36s
seed=51242 o=1 hands= 127/500 hero_chip=  -10000 sched_bb100=  -20.00 actual_bb100=-78.74015748031496 hero_err=0 opp_err=0 dur=0.72s
seed=52242 o=0 hands= 134/500 hero_chip=  -10000 sched_bb100=  -20.00 actual_bb100=-74.62686567164178 hero_err=0 opp_err=0 dur=0.82s
seed=52242 o=1 hands= 135/500 hero_chip=  -10000 sched_bb100=  -20.00 actual_bb100=-74.07407407407408 hero_err=0 opp_err=0 dur=0.86s
seed=53242 o=0 hands= 132/500 hero_chip=  -10000 sched_bb100=  -20.00 actual_bb100=-75.75757575757575 hero_err=0 opp_err=0 dur=0.76s
seed=53242 o=1 hands= 115/500 hero_chip=  -10000 sched_bb100=  -20.00 actual_bb100=-86.95652173913044 hero_err=0 opp_err=0 dur=0.76s
seed=54242 o=0 hands= 162/500 hero_chip=  -10000 sched_bb100=  -20.00 actual_bb100=-61.72839506172839 hero_err=0 opp_err=0 dur=0.93s
seed=54242 o=1 hands=  45/500 hero_chip=  -10000 sched_bb100=  -20.00 actual_bb100=-222.22222222222223 hero_err=0 opp_err=0 dur=0.39s
seed=55242 o=0 hands=  61/500 hero_chip=  -10000 sched_bb100=  -20.00 actual_bb100=-163.9344262295082 hero_err=0 opp_err=0 dur=0.48s
seed=55242 o=1 hands=  53/500 hero_chip=  -10000 sched_bb100=  -20.00 actual_bb100=-188.67924528301887 hero_err=0 opp_err=0 dur=0.44s
seed=56242 o=0 hands= 224/500 hero_chip=  -10000 sched_bb100=  -20.00 actual_bb100=-44.64285714285714 hero_err=0 opp_err=0 dur=1.19s
seed=56242 o=1 hands=  94/500 hero_chip=  -10000 sched_bb100=  -20.00 actual_bb100=-106.38297872340426 hero_err=0 opp_err=0 dur=0.58s
seed=57242 o=0 hands=  87/500 hero_chip=  -10000 sched_bb100=  -20.00 actual_bb100=-114.94252873563218 hero_err=0 opp_err=0 dur=0.65s
seed=57242 o=1 hands= 166/500 hero_chip=  -10000 sched_bb100=  -20.00 actual_bb100=-60.24096385542169 hero_err=0 opp_err=0 dur=0.92s
seed=58242 o=0 hands= 158/500 hero_chip=  -10000 sched_bb100=  -20.00 actual_bb100=-63.291139240506325 hero_err=0 opp_err=0 dur=0.91s
seed=58242 o=1 hands= 103/500 hero_chip=  -10000 sched_bb100=  -20.00 actual_bb100=-97.08737864077669 hero_err=0 opp_err=0 dur=0.69s
seed=59242 o=0 hands=  17/500 hero_chip=  -10000 sched_bb100=  -20.00 actual_bb100=-588.2352941176471 hero_err=0 opp_err=0 dur=0.29s
seed=59242 o=1 hands=  61/500 hero_chip=  -10000 sched_bb100=  -20.00 actual_bb100=-163.9344262295082 hero_err=0 opp_err=0 dur=0.49s
seed=60242 o=0 hands= 127/500 hero_chip=  -10000 sched_bb100=  -20.00 actual_bb100=-78.74015748031496 hero_err=0 opp_err=0 dur=0.71s
seed=60242 o=1 hands=  13/500 hero_chip=  +10000 sched_bb100=  +20.00 actual_bb100=769.2307692307692 hero_err=0 opp_err=0 dur=0.25s
seed=61242 o=0 hands=  12/500 hero_chip=  +10000 sched_bb100=  +20.00 actual_bb100=833.3333333333334 hero_err=0 opp_err=0 dur=0.19s
seed=61242 o=1 hands=  76/500 hero_chip=  -10000 sched_bb100=  -20.00 actual_bb100=-131.57894736842104 hero_err=0 opp_err=0 dur=0.53s
seed=62242 o=0 hands=  42/500 hero_chip=  +10000 sched_bb100=  +20.00 actual_bb100=238.0952380952381 hero_err=0 opp_err=0 dur=0.40s
seed=62242 o=1 hands=  72/500 hero_chip=  -10000 sched_bb100=  -20.00 actual_bb100=-138.88888888888889 hero_err=0 opp_err=0 dur=0.48s
seed=63242 o=0 hands=  34/500 hero_chip=  -10000 sched_bb100=  -20.00 actual_bb100=-294.11764705882354 hero_err=0 opp_err=0 dur=0.37s
seed=63242 o=1 hands=  99/500 hero_chip=  -10000 sched_bb100=  -20.00 actual_bb100=-101.01010101010101 hero_err=0 opp_err=0 dur=0.63s
seed=64242 o=0 hands= 109/500 hero_chip=  -10000 sched_bb100=  -20.00 actual_bb100=-91.74311926605503 hero_err=0 opp_err=0 dur=0.69s
seed=64242 o=1 hands=  90/500 hero_chip=  -10000 sched_bb100=  -20.00 actual_bb100=-111.11111111111111 hero_err=0 opp_err=0 dur=0.74s
seed=65242 o=0 hands= 245/500 hero_chip=  -10000 sched_bb100=  -20.00 actual_bb100=-40.816326530612244 hero_err=0 opp_err=0 dur=1.33s
seed=65242 o=1 hands=  69/500 hero_chip=  -10000 sched_bb100=  -20.00 actual_bb100=-144.92753623188406 hero_err=0 opp_err=0 dur=0.52s
seed=66242 o=0 hands= 116/500 hero_chip=  -10000 sched_bb100=  -20.00 actual_bb100=-86.20689655172414 hero_err=0 opp_err=0 dur=0.72s
seed=66242 o=1 hands= 137/500 hero_chip=  -10000 sched_bb100=  -20.00 actual_bb100=-72.992700729927 hero_err=0 opp_err=0 dur=0.81s
seed=67242 o=0 hands=  43/500 hero_chip=  -10000 sched_bb100=  -20.00 actual_bb100=-232.55813953488374 hero_err=0 opp_err=0 dur=0.43s
seed=67242 o=1 hands= 189/500 hero_chip=  -10000 sched_bb100=  -20.00 actual_bb100=-52.91005291005291 hero_err=0 opp_err=0 dur=1.10s
seed=68242 o=0 hands=  77/500 hero_chip=  -10000 sched_bb100=  -20.00 actual_bb100=-129.87012987012986 hero_err=0 opp_err=0 dur=0.54s
seed=68242 o=1 hands= 117/500 hero_chip=  -10000 sched_bb100=  -20.00 actual_bb100=-85.47008547008548 hero_err=0 opp_err=0 dur=0.71s
seed=69242 o=0 hands=  98/500 hero_chip=  -10000 sched_bb100=  -20.00 actual_bb100=-102.04081632653062 hero_err=0 opp_err=0 dur=0.62s
seed=69242 o=1 hands= 105/500 hero_chip=  -10000 sched_bb100=  -20.00 actual_bb100=-95.23809523809524 hero_err=0 opp_err=0 dur=0.70s
seed=70242 o=0 hands=  39/500 hero_chip=  -10000 sched_bb100=  -20.00 actual_bb100=-256.4102564102564 hero_err=0 opp_err=0 dur=0.40s
seed=70242 o=1 hands=  35/500 hero_chip=  -10000 sched_bb100=  -20.00 actual_bb100=-285.7142857142857 hero_err=0 opp_err=0 dur=0.35s
seed=71242 o=0 hands=  57/500 hero_chip=  +10000 sched_bb100=  +20.00 actual_bb100=175.43859649122808 hero_err=0 opp_err=0 dur=0.44s
seed=71242 o=1 hands= 137/500 hero_chip=  -10000 sched_bb100=  -20.00 actual_bb100=-72.992700729927 hero_err=0 opp_err=0 dur=0.73s
seed=72242 o=0 hands= 109/500 hero_chip=  -10000 sched_bb100=  -20.00 actual_bb100=-91.74311926605503 hero_err=0 opp_err=0 dur=0.64s
seed=72242 o=1 hands=  52/500 hero_chip=  -10000 sched_bb100=  -20.00 actual_bb100=-192.3076923076923 hero_err=0 opp_err=0 dur=0.48s
seed=73242 o=0 hands=  84/500 hero_chip=  -10000 sched_bb100=  -20.00 actual_bb100=-119.04761904761905 hero_err=0 opp_err=0 dur=0.58s
seed=73242 o=1 hands= 127/500 hero_chip=  -10000 sched_bb100=  -20.00 actual_bb100=-78.74015748031496 hero_err=0 opp_err=0 dur=0.74s
seed=74242 o=0 hands= 157/500 hero_chip=  -10000 sched_bb100=  -20.00 actual_bb100=-63.69426751592356 hero_err=0 opp_err=0 dur=0.89s
seed=74242 o=1 hands= 132/500 hero_chip=  -10000 sched_bb100=  -20.00 actual_bb100=-75.75757575757575 hero_err=0 opp_err=0 dur=0.76s
seed=75242 o=0 hands=  91/500 hero_chip=  -10000 sched_bb100=  -20.00 actual_bb100=-109.89010989010988 hero_err=0 opp_err=0 dur=0.56s
seed=75242 o=1 hands=  31/500 hero_chip=  -10000 sched_bb100=  -20.00 actual_bb100=-322.5806451612903 hero_err=0 opp_err=0 dur=0.38s
seed=76242 o=0 hands=  84/500 hero_chip=  -10000 sched_bb100=  -20.00 actual_bb100=-119.04761904761905 hero_err=0 opp_err=0 dur=0.58s
seed=76242 o=1 hands=  57/500 hero_chip=  -10000 sched_bb100=  -20.00 actual_bb100=-175.43859649122808 hero_err=0 opp_err=0 dur=0.47s
seed=77242 o=0 hands= 109/500 hero_chip=  -10000 sched_bb100=  -20.00 actual_bb100=-91.74311926605503 hero_err=0 opp_err=0 dur=0.70s
seed=77242 o=1 hands=  72/500 hero_chip=  -10000 sched_bb100=  -20.00 actual_bb100=-138.88888888888889 hero_err=0 opp_err=0 dur=0.54s
seed=78242 o=0 hands=  94/500 hero_chip=  -10000 sched_bb100=  -20.00 actual_bb100=-106.38297872340426 hero_err=0 opp_err=0 dur=0.66s
seed=78242 o=1 hands= 103/500 hero_chip=  -10000 sched_bb100=  -20.00 actual_bb100=-97.08737864077669 hero_err=0 opp_err=0 dur=0.57s
seed=79242 o=0 hands=   6/500 hero_chip=  -10000 sched_bb100=  -20.00 actual_bb100=-1666.6666666666667 hero_err=0 opp_err=0 dur=0.17s
seed=79242 o=1 hands=  57/500 hero_chip=  +10000 sched_bb100=  +20.00 actual_bb100=175.43859649122808 hero_err=0 opp_err=0 dur=0.47s

SUMMARY {"actual_to_scheduled_ratio": 0.193475, "attempted_hands": 80000, "base": 242, "ci_half_width": 1.5, "ci_high": -15.5, "ci_low": -18.5, "early_bust_matches": 160, "early_bust_rate": 1.0, "hands_played": 15478, "hero_chip_delta": -1360000, "hero_errors": 0, "hero_p99_latency_s": 0.0018284169491380453, "log_path": "/Users/farhad/Code/PokerBot/consult/artifacts/2026-05-29-away/public-drift-completeness/command_logs/h2h_TobyCoad__fullhouse_engine__main__loose_aggressive__escalate_b242.log", "match_count": 160, "mean_bb100_actual": -87.86664943791187, "mean_bb100_scheduled": -17.0, "opponent_errors": 0, "opponent_p99_latency_s": 0.007425375049933791, "phase": "escalate_b242", "stdout_noise": {}, "stdout_noise_examples": {}, "target_scheduled_hands": 80000, "timeboxed": false}
